
 /----------------------------------------------------------------------------\
 |  yosys -- Yosys Open SYnthesis Suite                                       |
 |  Copyright (C) 2012 - 2026  Claire Xenia Wolf <claire@yosyshq.com>         |
 |  Distributed under an ISC-like license, type "license" to see terms        |
 \----------------------------------------------------------------------------/
 Yosys 0.67+post (git sha1 b8e7da6f40ae8f552c116bf6c359b07c6533e159, Release, AppleClang clang++ 21.0.0.21000099)

-- Running command `read_verilog ../../tag-v1.0.1-trets/rtl/ternary_weight.v ../../tag-v1.0.1-trets/rtl/ternary_dot.v xcheck_top.v; hierarchy -check -top xcheck_top; synth_xilinx -family xc7 -nodsp -noiopad -flatten; tee -o /Users/playra/dayo-crosscheck/yosys-logs-2026-10-02/ternary_tag.stat stat; write_json /Users/playra/dayo-crosscheck/yosys-logs-2026-10-02/ternary_tag.json' --

1. Executing Verilog-2005 frontend: ../../tag-v1.0.1-trets/rtl/ternary_weight.v
Parsing Verilog input from `../../tag-v1.0.1-trets/rtl/ternary_weight.v' to AST representation.
Generating RTLIL representation for module `\ternary_weight'.
Successfully finished Verilog frontend.

2. Executing Verilog-2005 frontend: ../../tag-v1.0.1-trets/rtl/ternary_dot.v
Parsing Verilog input from `../../tag-v1.0.1-trets/rtl/ternary_dot.v' to AST representation.
Generating RTLIL representation for module `\ternary_dot'.
Successfully finished Verilog frontend.

3. Executing Verilog-2005 frontend: xcheck_top.v
Parsing Verilog input from `xcheck_top.v' to AST representation.
Generating RTLIL representation for module `\xcheck_top'.
Successfully finished Verilog frontend.

4. Executing HIERARCHY pass (managing design hierarchy).

4.1. Analyzing design hierarchy..
Top module:  \xcheck_top
Used module:     \ternary_dot
Used module:         \ternary_weight
Parameter \DATA_WIDTH = 8
Parameter \ACC_WIDTH = 32

4.2. Executing AST frontend in derive mode using pre-parsed AST for module `\ternary_weight'.
Parameter \DATA_WIDTH = 8
Parameter \ACC_WIDTH = 32
Generating RTLIL representation for module `$paramod$8392c0aee371eac30cfcd917af9a6c37ac869d3e\ternary_weight'.

4.3. Analyzing design hierarchy..
Top module:  \xcheck_top
Used module:     \ternary_dot
Used module:         $paramod$8392c0aee371eac30cfcd917af9a6c37ac869d3e\ternary_weight

4.4. Analyzing design hierarchy..
Top module:  \xcheck_top
Used module:     \ternary_dot
Used module:         $paramod$8392c0aee371eac30cfcd917af9a6c37ac869d3e\ternary_weight
Removing unused module `\ternary_weight'.
Removed 1 unused modules.

5. Executing SYNTH_XILINX pass.

5.1. Executing Verilog-2005 frontend: /opt/homebrew/bin/../share/yosys/xilinx/cells_sim.v
Parsing Verilog input from `/opt/homebrew/bin/../share/yosys/xilinx/cells_sim.v' to AST representation.
Generating RTLIL representation for module `\VCC'.
Generating RTLIL representation for module `\GND'.
Generating RTLIL representation for module `\IBUF'.
Generating RTLIL representation for module `\IBUFG'.
Generating RTLIL representation for module `\OBUF'.
Generating RTLIL representation for module `\IOBUF'.
Generating RTLIL representation for module `\OBUFT'.
Generating RTLIL representation for module `\BUFG'.
Generating RTLIL representation for module `\BUFGCTRL'.
Generating RTLIL representation for module `\BUFHCE'.
Generating RTLIL representation for module `\INV'.
Generating RTLIL representation for module `\LUT1'.
Generating RTLIL representation for module `\LUT2'.
Generating RTLIL representation for module `\LUT3'.
Generating RTLIL representation for module `\LUT4'.
Generating RTLIL representation for module `\LUT5'.
Generating RTLIL representation for module `\LUT6'.
Generating RTLIL representation for module `\LUT6_2'.
Generating RTLIL representation for module `\$__ABC9_LUT7'.
Generating RTLIL representation for module `\$__ABC9_LUT8'.
Generating RTLIL representation for module `\MUXCY'.
Generating RTLIL representation for module `\MUXF5'.
Generating RTLIL representation for module `\MUXF6'.
Generating RTLIL representation for module `\MUXF7'.
Generating RTLIL representation for module `\MUXF8'.
Generating RTLIL representation for module `\MUXF9'.
Generating RTLIL representation for module `\XORCY'.
Generating RTLIL representation for module `\CARRY4'.
Generating RTLIL representation for module `\CARRY8'.
Generating RTLIL representation for module `\ORCY'.
Generating RTLIL representation for module `\MULT_AND'.
Generating RTLIL representation for module `\FDRE'.
Generating RTLIL representation for module `\FDRE_1'.
Generating RTLIL representation for module `\FDSE'.
Generating RTLIL representation for module `\FDSE_1'.
Generating RTLIL representation for module `\FDRSE'.
Generating RTLIL representation for module `\FDRSE_1'.
Generating RTLIL representation for module `\FDCE'.
Generating RTLIL representation for module `\FDCE_1'.
Generating RTLIL representation for module `\FDPE'.
Generating RTLIL representation for module `\FDPE_1'.
Generating RTLIL representation for module `\FDCPE'.
Generating RTLIL representation for module `\FDCPE_1'.
Generating RTLIL representation for module `\LDCE'.
Generating RTLIL representation for module `\LDPE'.
Generating RTLIL representation for module `\LDCPE'.
Generating RTLIL representation for module `\AND2B1L'.
Generating RTLIL representation for module `\OR2L'.
Generating RTLIL representation for module `\RAM16X1S'.
Generating RTLIL representation for module `\RAM16X1S_1'.
Generating RTLIL representation for module `\RAM32X1S'.
Generating RTLIL representation for module `\RAM32X1S_1'.
Generating RTLIL representation for module `\RAM64X1S'.
Generating RTLIL representation for module `\RAM64X1S_1'.
Generating RTLIL representation for module `\RAM128X1S'.
Generating RTLIL representation for module `\RAM128X1S_1'.
Generating RTLIL representation for module `\RAM256X1S'.
Generating RTLIL representation for module `\RAM512X1S'.
Generating RTLIL representation for module `\RAM16X2S'.
Generating RTLIL representation for module `\RAM32X2S'.
Generating RTLIL representation for module `\RAM64X2S'.
Generating RTLIL representation for module `\RAM16X4S'.
Generating RTLIL representation for module `\RAM32X4S'.
Generating RTLIL representation for module `\RAM16X8S'.
Generating RTLIL representation for module `\RAM32X8S'.
Generating RTLIL representation for module `\RAM16X1D'.
Generating RTLIL representation for module `\RAM16X1D_1'.
Generating RTLIL representation for module `\RAM32X1D'.
Generating RTLIL representation for module `\RAM32X1D_1'.
Generating RTLIL representation for module `\RAM64X1D'.
Generating RTLIL representation for module `\RAM64X1D_1'.
Generating RTLIL representation for module `\RAM128X1D'.
Generating RTLIL representation for module `\RAM256X1D'.
Generating RTLIL representation for module `\RAM32M'.
Generating RTLIL representation for module `\RAM32M16'.
Generating RTLIL representation for module `\RAM64M'.
Generating RTLIL representation for module `\RAM64M8'.
Generating RTLIL representation for module `\RAM32X16DR8'.
Generating RTLIL representation for module `\RAM64X8SW'.
Generating RTLIL representation for module `\ROM16X1'.
Generating RTLIL representation for module `\ROM32X1'.
Generating RTLIL representation for module `\ROM64X1'.
Generating RTLIL representation for module `\ROM128X1'.
Generating RTLIL representation for module `\ROM256X1'.
Generating RTLIL representation for module `\SRL16'.
Generating RTLIL representation for module `\SRL16E'.
Generating RTLIL representation for module `\SRLC16'.
Generating RTLIL representation for module `\SRLC16E'.
Generating RTLIL representation for module `\SRLC32E'.
Generating RTLIL representation for module `\CFGLUT5'.
Generating RTLIL representation for module `\MULT18X18'.
Generating RTLIL representation for module `\MULT18X18S'.
Generating RTLIL representation for module `\MULT18X18SIO'.
Generating RTLIL representation for module `\DSP48A'.
Generating RTLIL representation for module `\DSP48A1'.
Generating RTLIL representation for module `\DSP48'.
Generating RTLIL representation for module `\DSP48E1'.
Generating RTLIL representation for module `\RAMB18E1'.
Generating RTLIL representation for module `\RAMB36E1'.
Successfully finished Verilog frontend.

5.2. Executing Verilog-2005 frontend: /opt/homebrew/bin/../share/yosys/xilinx/cells_xtra.v
Parsing Verilog input from `/opt/homebrew/bin/../share/yosys/xilinx/cells_xtra.v' to AST representation.
Generating RTLIL representation for module `\RAMB4_S1'.
Generating RTLIL representation for module `\RAMB4_S2'.
Generating RTLIL representation for module `\RAMB4_S4'.
Generating RTLIL representation for module `\RAMB4_S8'.
Generating RTLIL representation for module `\RAMB4_S16'.
Generating RTLIL representation for module `\RAMB4_S1_S1'.
Generating RTLIL representation for module `\RAMB4_S1_S2'.
Generating RTLIL representation for module `\RAMB4_S1_S4'.
Generating RTLIL representation for module `\RAMB4_S1_S8'.
Generating RTLIL representation for module `\RAMB4_S1_S16'.
Generating RTLIL representation for module `\RAMB4_S2_S2'.
Generating RTLIL representation for module `\RAMB4_S2_S4'.
Generating RTLIL representation for module `\RAMB4_S2_S8'.
Generating RTLIL representation for module `\RAMB4_S2_S16'.
Generating RTLIL representation for module `\RAMB4_S4_S4'.
Generating RTLIL representation for module `\RAMB4_S4_S8'.
Generating RTLIL representation for module `\RAMB4_S4_S16'.
Generating RTLIL representation for module `\RAMB4_S8_S8'.
Generating RTLIL representation for module `\RAMB4_S8_S16'.
Generating RTLIL representation for module `\RAMB4_S16_S16'.
Generating RTLIL representation for module `\RAMB16_S1'.
Generating RTLIL representation for module `\RAMB16_S2'.
Generating RTLIL representation for module `\RAMB16_S4'.
Generating RTLIL representation for module `\RAMB16_S9'.
Generating RTLIL representation for module `\RAMB16_S18'.
Generating RTLIL representation for module `\RAMB16_S36'.
Generating RTLIL representation for module `\RAMB16_S1_S1'.
Generating RTLIL representation for module `\RAMB16_S1_S2'.
Generating RTLIL representation for module `\RAMB16_S1_S4'.
Generating RTLIL representation for module `\RAMB16_S1_S9'.
Generating RTLIL representation for module `\RAMB16_S1_S18'.
Generating RTLIL representation for module `\RAMB16_S1_S36'.
Generating RTLIL representation for module `\RAMB16_S2_S2'.
Generating RTLIL representation for module `\RAMB16_S2_S4'.
Generating RTLIL representation for module `\RAMB16_S2_S9'.
Generating RTLIL representation for module `\RAMB16_S2_S18'.
Generating RTLIL representation for module `\RAMB16_S2_S36'.
Generating RTLIL representation for module `\RAMB16_S4_S4'.
Generating RTLIL representation for module `\RAMB16_S4_S9'.
Generating RTLIL representation for module `\RAMB16_S4_S18'.
Generating RTLIL representation for module `\RAMB16_S4_S36'.
Generating RTLIL representation for module `\RAMB16_S9_S9'.
Generating RTLIL representation for module `\RAMB16_S9_S18'.
Generating RTLIL representation for module `\RAMB16_S9_S36'.
Generating RTLIL representation for module `\RAMB16_S18_S18'.
Generating RTLIL representation for module `\RAMB16_S18_S36'.
Generating RTLIL representation for module `\RAMB16_S36_S36'.
Generating RTLIL representation for module `\RAMB16BWE_S18'.
Generating RTLIL representation for module `\RAMB16BWE_S36'.
Generating RTLIL representation for module `\RAMB16BWE_S18_S9'.
Generating RTLIL representation for module `\RAMB16BWE_S18_S18'.
Generating RTLIL representation for module `\RAMB16BWE_S36_S9'.
Generating RTLIL representation for module `\RAMB16BWE_S36_S18'.
Generating RTLIL representation for module `\RAMB16BWE_S36_S36'.
Generating RTLIL representation for module `\RAMB16BWER'.
Generating RTLIL representation for module `\RAMB8BWER'.
Generating RTLIL representation for module `\FIFO16'.
Generating RTLIL representation for module `\RAMB16'.
Generating RTLIL representation for module `\RAMB32_S64_ECC'.
Generating RTLIL representation for module `\FIFO18'.
Generating RTLIL representation for module `\FIFO18_36'.
Generating RTLIL representation for module `\FIFO36'.
Generating RTLIL representation for module `\FIFO36_72'.
Generating RTLIL representation for module `\RAMB18'.
Generating RTLIL representation for module `\RAMB36'.
Generating RTLIL representation for module `\RAMB18SDP'.
Generating RTLIL representation for module `\RAMB36SDP'.
Generating RTLIL representation for module `\FIFO18E1'.
Generating RTLIL representation for module `\FIFO36E1'.
Generating RTLIL representation for module `\FIFO18E2'.
Generating RTLIL representation for module `\FIFO36E2'.
Generating RTLIL representation for module `\RAMB18E2'.
Generating RTLIL representation for module `\RAMB36E2'.
Generating RTLIL representation for module `\URAM288'.
Generating RTLIL representation for module `\URAM288_BASE'.
Generating RTLIL representation for module `\DSP48E'.
Generating RTLIL representation for module `\DSP48E2'.
Generating RTLIL representation for module `\FDDRCPE'.
Generating RTLIL representation for module `\FDDRRSE'.
Generating RTLIL representation for module `\IFDDRCPE'.
Generating RTLIL representation for module `\IFDDRRSE'.
Generating RTLIL representation for module `\OFDDRCPE'.
Generating RTLIL representation for module `\OFDDRRSE'.
Generating RTLIL representation for module `\OFDDRTCPE'.
Generating RTLIL representation for module `\OFDDRTRSE'.
Generating RTLIL representation for module `\IDDR2'.
Generating RTLIL representation for module `\ODDR2'.
Generating RTLIL representation for module `\IDDR'.
Generating RTLIL representation for module `\IDDR_2CLK'.
Generating RTLIL representation for module `\ODDR'.
Generating RTLIL representation for module `\IDELAYCTRL'.
Generating RTLIL representation for module `\IDELAY'.
Generating RTLIL representation for module `\ISERDES'.
Generating RTLIL representation for module `\OSERDES'.
Generating RTLIL representation for module `\IODELAY'.
Generating RTLIL representation for module `\ISERDES_NODELAY'.
Generating RTLIL representation for module `\IODELAYE1'.
Generating RTLIL representation for module `\ISERDESE1'.
Generating RTLIL representation for module `\OSERDESE1'.
Generating RTLIL representation for module `\IDELAYE2'.
Generating RTLIL representation for module `\ODELAYE2'.
Generating RTLIL representation for module `\ISERDESE2'.
Generating RTLIL representation for module `\OSERDESE2'.
Generating RTLIL representation for module `\PHASER_IN'.
Generating RTLIL representation for module `\PHASER_IN_PHY'.
Generating RTLIL representation for module `\PHASER_OUT'.
Generating RTLIL representation for module `\PHASER_OUT_PHY'.
Generating RTLIL representation for module `\PHASER_REF'.
Generating RTLIL representation for module `\PHY_CONTROL'.
Generating RTLIL representation for module `\IDDRE1'.
Generating RTLIL representation for module `\ODDRE1'.
Generating RTLIL representation for module `\IDELAYE3'.
Generating RTLIL representation for module `\ODELAYE3'.
Generating RTLIL representation for module `\ISERDESE3'.
Generating RTLIL representation for module `\OSERDESE3'.
Generating RTLIL representation for module `\BITSLICE_CONTROL'.
Generating RTLIL representation for module `\RIU_OR'.
Generating RTLIL representation for module `\RX_BITSLICE'.
Generating RTLIL representation for module `\RXTX_BITSLICE'.
Generating RTLIL representation for module `\TX_BITSLICE'.
Generating RTLIL representation for module `\TX_BITSLICE_TRI'.
Generating RTLIL representation for module `\IODELAY2'.
Generating RTLIL representation for module `\IODRP2'.
Generating RTLIL representation for module `\IODRP2_MCB'.
Generating RTLIL representation for module `\ISERDES2'.
Generating RTLIL representation for module `\OSERDES2'.
Generating RTLIL representation for module `\IBUF_DLY_ADJ'.
Generating RTLIL representation for module `\IBUF_IBUFDISABLE'.
Generating RTLIL representation for module `\IBUF_INTERMDISABLE'.
Generating RTLIL representation for module `\IBUF_ANALOG'.
Generating RTLIL representation for module `\IBUFE3'.
Generating RTLIL representation for module `\IBUFDS'.
Generating RTLIL representation for module `\IBUFDS_DLY_ADJ'.
Generating RTLIL representation for module `\IBUFDS_IBUFDISABLE'.
Generating RTLIL representation for module `\IBUFDS_INTERMDISABLE'.
Generating RTLIL representation for module `\IBUFDS_DIFF_OUT'.
Generating RTLIL representation for module `\IBUFDS_DIFF_OUT_IBUFDISABLE'.
Generating RTLIL representation for module `\IBUFDS_DIFF_OUT_INTERMDISABLE'.
Generating RTLIL representation for module `\IBUFDSE3'.
Generating RTLIL representation for module `\IBUFDS_DPHY'.
Generating RTLIL representation for module `\IBUFGDS'.
Generating RTLIL representation for module `\IBUFGDS_DIFF_OUT'.
Generating RTLIL representation for module `\IOBUF_DCIEN'.
Generating RTLIL representation for module `\IOBUF_INTERMDISABLE'.
Generating RTLIL representation for module `\IOBUFE3'.
Generating RTLIL representation for module `\IOBUFDS'.
Generating RTLIL representation for module `\IOBUFDS_DCIEN'.
Generating RTLIL representation for module `\IOBUFDS_INTERMDISABLE'.
Generating RTLIL representation for module `\IOBUFDS_DIFF_OUT'.
Generating RTLIL representation for module `\IOBUFDS_DIFF_OUT_DCIEN'.
Generating RTLIL representation for module `\IOBUFDS_DIFF_OUT_INTERMDISABLE'.
Generating RTLIL representation for module `\IOBUFDSE3'.
Generating RTLIL representation for module `\OBUFDS'.
Generating RTLIL representation for module `\OBUFDS_DPHY'.
Generating RTLIL representation for module `\OBUFTDS'.
Generating RTLIL representation for module `\KEEPER'.
Generating RTLIL representation for module `\PULLDOWN'.
Generating RTLIL representation for module `\PULLUP'.
Generating RTLIL representation for module `\DCIRESET'.
Generating RTLIL representation for module `\HPIO_VREF'.
Generating RTLIL representation for module `\BUFGCE'.
Generating RTLIL representation for module `\BUFGCE_1'.
Generating RTLIL representation for module `\BUFGMUX'.
Generating RTLIL representation for module `\BUFGMUX_1'.
Generating RTLIL representation for module `\BUFGMUX_CTRL'.
Generating RTLIL representation for module `\BUFGMUX_VIRTEX4'.
Generating RTLIL representation for module `\BUFG_GT'.
Generating RTLIL representation for module `\BUFG_GT_SYNC'.
Generating RTLIL representation for module `\BUFG_PS'.
Generating RTLIL representation for module `\BUFGCE_DIV'.
Generating RTLIL representation for module `\BUFH'.
Generating RTLIL representation for module `\BUFIO2'.
Generating RTLIL representation for module `\BUFIO2_2CLK'.
Generating RTLIL representation for module `\BUFIO2FB'.
Generating RTLIL representation for module `\BUFPLL'.
Generating RTLIL representation for module `\BUFPLL_MCB'.
Generating RTLIL representation for module `\BUFIO'.
Generating RTLIL representation for module `\BUFIODQS'.
Generating RTLIL representation for module `\BUFR'.
Generating RTLIL representation for module `\BUFMR'.
Generating RTLIL representation for module `\BUFMRCE'.
Generating RTLIL representation for module `\DCM'.
Generating RTLIL representation for module `\DCM_SP'.
Generating RTLIL representation for module `\DCM_CLKGEN'.
Generating RTLIL representation for module `\DCM_ADV'.
Generating RTLIL representation for module `\DCM_BASE'.
Generating RTLIL representation for module `\DCM_PS'.
Generating RTLIL representation for module `\PMCD'.
Generating RTLIL representation for module `\PLL_ADV'.
Generating RTLIL representation for module `\PLL_BASE'.
Generating RTLIL representation for module `\MMCM_ADV'.
Generating RTLIL representation for module `\MMCM_BASE'.
Generating RTLIL representation for module `\MMCME2_ADV'.
Generating RTLIL representation for module `\MMCME2_BASE'.
Generating RTLIL representation for module `\PLLE2_ADV'.
Generating RTLIL representation for module `\PLLE2_BASE'.
Generating RTLIL representation for module `\MMCME3_ADV'.
Generating RTLIL representation for module `\MMCME3_BASE'.
Generating RTLIL representation for module `\PLLE3_ADV'.
Generating RTLIL representation for module `\PLLE3_BASE'.
Generating RTLIL representation for module `\MMCME4_ADV'.
Generating RTLIL representation for module `\MMCME4_BASE'.
Generating RTLIL representation for module `\PLLE4_ADV'.
Generating RTLIL representation for module `\PLLE4_BASE'.
Generating RTLIL representation for module `\BUFT'.
Generating RTLIL representation for module `\IN_FIFO'.
Generating RTLIL representation for module `\OUT_FIFO'.
Generating RTLIL representation for module `\HARD_SYNC'.
Generating RTLIL representation for module `\STARTUP_SPARTAN3'.
Generating RTLIL representation for module `\STARTUP_SPARTAN3E'.
Generating RTLIL representation for module `\STARTUP_SPARTAN3A'.
Generating RTLIL representation for module `\STARTUP_SPARTAN6'.
Generating RTLIL representation for module `\STARTUP_VIRTEX4'.
Generating RTLIL representation for module `\STARTUP_VIRTEX5'.
Generating RTLIL representation for module `\STARTUP_VIRTEX6'.
Generating RTLIL representation for module `\STARTUPE2'.
Generating RTLIL representation for module `\STARTUPE3'.
Generating RTLIL representation for module `\CAPTURE_SPARTAN3'.
Generating RTLIL representation for module `\CAPTURE_SPARTAN3A'.
Generating RTLIL representation for module `\CAPTURE_VIRTEX4'.
Generating RTLIL representation for module `\CAPTURE_VIRTEX5'.
Generating RTLIL representation for module `\CAPTURE_VIRTEX6'.
Generating RTLIL representation for module `\CAPTUREE2'.
Generating RTLIL representation for module `\ICAP_SPARTAN3A'.
Generating RTLIL representation for module `\ICAP_SPARTAN6'.
Generating RTLIL representation for module `\ICAP_VIRTEX4'.
Generating RTLIL representation for module `\ICAP_VIRTEX5'.
Generating RTLIL representation for module `\ICAP_VIRTEX6'.
Generating RTLIL representation for module `\ICAPE2'.
Generating RTLIL representation for module `\ICAPE3'.
Generating RTLIL representation for module `\BSCAN_SPARTAN3'.
Generating RTLIL representation for module `\BSCAN_SPARTAN3A'.
Generating RTLIL representation for module `\BSCAN_SPARTAN6'.
Generating RTLIL representation for module `\BSCAN_VIRTEX4'.
Generating RTLIL representation for module `\BSCAN_VIRTEX5'.
Generating RTLIL representation for module `\BSCAN_VIRTEX6'.
Generating RTLIL representation for module `\BSCANE2'.
Generating RTLIL representation for module `\DNA_PORT'.
Generating RTLIL representation for module `\DNA_PORTE2'.
Generating RTLIL representation for module `\FRAME_ECC_VIRTEX4'.
Generating RTLIL representation for module `\FRAME_ECC_VIRTEX5'.
Generating RTLIL representation for module `\FRAME_ECC_VIRTEX6'.
Generating RTLIL representation for module `\FRAME_ECCE2'.
Generating RTLIL representation for module `\FRAME_ECCE3'.
Generating RTLIL representation for module `\FRAME_ECCE4'.
Generating RTLIL representation for module `\USR_ACCESS_VIRTEX4'.
Generating RTLIL representation for module `\USR_ACCESS_VIRTEX5'.
Generating RTLIL representation for module `\USR_ACCESS_VIRTEX6'.
Generating RTLIL representation for module `\USR_ACCESSE2'.
Generating RTLIL representation for module `\POST_CRC_INTERNAL'.
Generating RTLIL representation for module `\SUSPEND_SYNC'.
Generating RTLIL representation for module `\KEY_CLEAR'.
Generating RTLIL representation for module `\MASTER_JTAG'.
Generating RTLIL representation for module `\SPI_ACCESS'.
Generating RTLIL representation for module `\EFUSE_USR'.
Generating RTLIL representation for module `\SYSMON'.
Generating RTLIL representation for module `\XADC'.
Generating RTLIL representation for module `\SYSMONE1'.
Generating RTLIL representation for module `\SYSMONE4'.
Generating RTLIL representation for module `\GTPA1_DUAL'.
Generating RTLIL representation for module `\GT11_CUSTOM'.
Generating RTLIL representation for module `\GT11_DUAL'.
Generating RTLIL representation for module `\GT11CLK'.
Generating RTLIL representation for module `\GT11CLK_MGT'.
Generating RTLIL representation for module `\GTP_DUAL'.
Generating RTLIL representation for module `\GTX_DUAL'.
Generating RTLIL representation for module `\CRC32'.
Generating RTLIL representation for module `\CRC64'.
Generating RTLIL representation for module `\GTHE1_QUAD'.
Generating RTLIL representation for module `\GTXE1'.
Generating RTLIL representation for module `\IBUFDS_GTXE1'.
Generating RTLIL representation for module `\IBUFDS_GTHE1'.
Generating RTLIL representation for module `\GTHE2_CHANNEL'.
Generating RTLIL representation for module `\GTHE2_COMMON'.
Generating RTLIL representation for module `\GTPE2_CHANNEL'.
Generating RTLIL representation for module `\GTPE2_COMMON'.
Generating RTLIL representation for module `\GTXE2_CHANNEL'.
Generating RTLIL representation for module `\GTXE2_COMMON'.
Generating RTLIL representation for module `\IBUFDS_GTE2'.
Generating RTLIL representation for module `\GTHE3_CHANNEL'.
Generating RTLIL representation for module `\GTHE3_COMMON'.
Generating RTLIL representation for module `\GTYE3_CHANNEL'.
Generating RTLIL representation for module `\GTYE3_COMMON'.
Generating RTLIL representation for module `\IBUFDS_GTE3'.
Generating RTLIL representation for module `\OBUFDS_GTE3'.
Generating RTLIL representation for module `\OBUFDS_GTE3_ADV'.
Generating RTLIL representation for module `\GTHE4_CHANNEL'.
Generating RTLIL representation for module `\GTHE4_COMMON'.
Generating RTLIL representation for module `\GTYE4_CHANNEL'.
Generating RTLIL representation for module `\GTYE4_COMMON'.
Generating RTLIL representation for module `\IBUFDS_GTE4'.
Generating RTLIL representation for module `\OBUFDS_GTE4'.
Generating RTLIL representation for module `\OBUFDS_GTE4_ADV'.
Generating RTLIL representation for module `\GTM_DUAL'.
Generating RTLIL representation for module `\IBUFDS_GTM'.
Generating RTLIL representation for module `\OBUFDS_GTM'.
Generating RTLIL representation for module `\OBUFDS_GTM_ADV'.
Generating RTLIL representation for module `\HSDAC'.
Generating RTLIL representation for module `\HSADC'.
Generating RTLIL representation for module `\RFDAC'.
Generating RTLIL representation for module `\RFADC'.
Generating RTLIL representation for module `\PCIE_A1'.
Generating RTLIL representation for module `\PCIE_EP'.
Generating RTLIL representation for module `\PCIE_2_0'.
Generating RTLIL representation for module `\PCIE_2_1'.
Generating RTLIL representation for module `\PCIE_3_0'.
Generating RTLIL representation for module `\PCIE_3_1'.
Generating RTLIL representation for module `\PCIE40E4'.
Generating RTLIL representation for module `\PCIE4CE4'.
Generating RTLIL representation for module `\EMAC'.
Generating RTLIL representation for module `\TEMAC'.
Generating RTLIL representation for module `\TEMAC_SINGLE'.
Generating RTLIL representation for module `\CMAC'.
Generating RTLIL representation for module `\CMACE4'.
Generating RTLIL representation for module `\MCB'.
Generating RTLIL representation for module `\HBM_REF_CLK'.
Generating RTLIL representation for module `\HBM_SNGLBLI_INTF_APB'.
Generating RTLIL representation for module `\HBM_SNGLBLI_INTF_AXI'.
Generating RTLIL representation for module `\HBM_ONE_STACK_INTF'.
Generating RTLIL representation for module `\HBM_TWO_STACK_INTF'.
Generating RTLIL representation for module `\PPC405_ADV'.
Generating RTLIL representation for module `\PPC440'.
Generating RTLIL representation for module `\PS7'.
Generating RTLIL representation for module `\PS8'.
Generating RTLIL representation for module `\ILKN'.
Generating RTLIL representation for module `\ILKNE4'.
Generating RTLIL representation for module `\VCU'.
Generating RTLIL representation for module `\FE'.
Successfully finished Verilog frontend.

5.3. Executing HIERARCHY pass (managing design hierarchy).
Attribute `top' found on module `xcheck_top'. Setting top module to xcheck_top.

5.3.1. Analyzing design hierarchy..
Top module:  \xcheck_top
Used module:     \ternary_dot
Used module:         $paramod$8392c0aee371eac30cfcd917af9a6c37ac869d3e\ternary_weight

5.3.2. Analyzing design hierarchy..
Top module:  \xcheck_top
Used module:     \ternary_dot
Used module:         $paramod$8392c0aee371eac30cfcd917af9a6c37ac869d3e\ternary_weight
Removed 0 unused modules.

5.4. Executing PROC pass (convert processes to netlists).

5.4.1. Executing PROC_CLEAN pass (remove empty switches from decision trees).
Cleaned up 0 empty switches.

5.4.2. Executing PROC_RMDEAD pass (remove dead branches from decision trees).
Marked 2 switch rules as full_case in process $proc$../../tag-v1.0.1-trets/rtl/ternary_dot.v:152$16 in module ternary_dot.
Marked 1 switch rules as full_case in process $proc$../../tag-v1.0.1-trets/rtl/ternary_dot.v:143$14 in module ternary_dot.
Marked 3 switch rules as full_case in process $proc$../../tag-v1.0.1-trets/rtl/ternary_dot.v:78$6 in module ternary_dot.
Removed a total of 0 dead cases.

5.4.3. Executing PROC_PRUNE pass (remove redundant assignments in processes).
Removed 13 redundant assignments.
Promoted 1 assignment to connection.

5.4.4. Executing PROC_INIT pass (extract init attributes).

5.4.5. Executing PROC_ARST pass (detect async resets in processes).
Found async reset \rst_n in `\ternary_dot.$proc$../../tag-v1.0.1-trets/rtl/ternary_dot.v:152$16'.
Found async reset \rst_n in `\ternary_dot.$proc$../../tag-v1.0.1-trets/rtl/ternary_dot.v:143$14'.
Found async reset \rst_n in `\ternary_dot.$proc$../../tag-v1.0.1-trets/rtl/ternary_dot.v:78$6'.

5.4.6. Executing PROC_ROM pass (convert switches to ROMs).
Converted 0 switches.
<suppressed ~3 debug messages>

5.4.7. Executing PROC_MUX pass (convert decision trees to multiplexers).
Creating decoders for process `\ternary_dot.$proc$../../tag-v1.0.1-trets/rtl/ternary_dot.v:152$16'.
     1/1: $0\acc_out[31:0]
Creating decoders for process `\ternary_dot.$proc$../../tag-v1.0.1-trets/rtl/ternary_dot.v:143$14'.
     1/1: $0\vector_done_delayed[0:0]
Creating decoders for process `\ternary_dot.$proc$../../tag-v1.0.1-trets/rtl/ternary_dot.v:78$6'.
     1/15: $0\vector_done[0:0]
     2/15: $0\debug_valid_out_out[0:0]
     3/15: $0\debug_acc_out_out[31:0]
     4/15: $0\debug_weight_enc_out[1:0]
     5/15: $0\debug_activation_out[7:0]
     6/15: $0\debug_valid_in_out[0:0]
     7/15: $0\debug_valid_out[0:0]
     8/15: $0\debug_acc_out[31:0]
     9/15: $0\debug_weight_enc[1:0]
    10/15: $0\debug_activation[7:0]
    11/15: $0\debug_valid_in[0:0]
    12/15: $1\next_acc[31:0]
    13/15: $0\result_latch[31:0]
    14/15: $0\count[15:0]
    15/15: $0\acc[31:0]

5.4.8. Executing PROC_DLATCH pass (convert process syncs to latches).

5.4.9. Executing PROC_DFF pass (convert process syncs to FFs).
Creating register for signal `\ternary_dot.\acc_out' using process `\ternary_dot.$proc$../../tag-v1.0.1-trets/rtl/ternary_dot.v:152$16'.
  created $adff cell `$procdff$1150' with positive edge clock and positive level reset.
Creating register for signal `\ternary_dot.\vector_done_delayed' using process `\ternary_dot.$proc$../../tag-v1.0.1-trets/rtl/ternary_dot.v:143$14'.
  created $adff cell `$procdff$1155' with positive edge clock and positive level reset.
Creating register for signal `\ternary_dot.\debug_valid_in_out' using process `\ternary_dot.$proc$../../tag-v1.0.1-trets/rtl/ternary_dot.v:78$6'.
  created $adff cell `$procdff$1160' with positive edge clock and positive level reset.
Creating register for signal `\ternary_dot.\debug_activation_out' using process `\ternary_dot.$proc$../../tag-v1.0.1-trets/rtl/ternary_dot.v:78$6'.
  created $adff cell `$procdff$1165' with positive edge clock and positive level reset.
Creating register for signal `\ternary_dot.\debug_weight_enc_out' using process `\ternary_dot.$proc$../../tag-v1.0.1-trets/rtl/ternary_dot.v:78$6'.
  created $adff cell `$procdff$1170' with positive edge clock and positive level reset.
Creating register for signal `\ternary_dot.\debug_acc_out_out' using process `\ternary_dot.$proc$../../tag-v1.0.1-trets/rtl/ternary_dot.v:78$6'.
  created $adff cell `$procdff$1175' with positive edge clock and positive level reset.
Creating register for signal `\ternary_dot.\debug_valid_out_out' using process `\ternary_dot.$proc$../../tag-v1.0.1-trets/rtl/ternary_dot.v:78$6'.
  created $adff cell `$procdff$1180' with positive edge clock and positive level reset.
Creating register for signal `\ternary_dot.\acc' using process `\ternary_dot.$proc$../../tag-v1.0.1-trets/rtl/ternary_dot.v:78$6'.
  created $adff cell `$procdff$1185' with positive edge clock and positive level reset.
Creating register for signal `\ternary_dot.\count' using process `\ternary_dot.$proc$../../tag-v1.0.1-trets/rtl/ternary_dot.v:78$6'.
  created $adff cell `$procdff$1190' with positive edge clock and positive level reset.
Creating register for signal `\ternary_dot.\vector_done' using process `\ternary_dot.$proc$../../tag-v1.0.1-trets/rtl/ternary_dot.v:78$6'.
  created $adff cell `$procdff$1195' with positive edge clock and positive level reset.
Creating register for signal `\ternary_dot.\result_latch' using process `\ternary_dot.$proc$../../tag-v1.0.1-trets/rtl/ternary_dot.v:78$6'.
  created $adff cell `$procdff$1200' with positive edge clock and positive level reset.
Creating register for signal `\ternary_dot.\next_acc' using process `\ternary_dot.$proc$../../tag-v1.0.1-trets/rtl/ternary_dot.v:78$6'.
  created $dff cell `$procdff$1207' with positive edge clock.
Creating register for signal `\ternary_dot.\debug_valid_in' using process `\ternary_dot.$proc$../../tag-v1.0.1-trets/rtl/ternary_dot.v:78$6'.
  created $adff cell `$procdff$1212' with positive edge clock and positive level reset.
Creating register for signal `\ternary_dot.\debug_activation' using process `\ternary_dot.$proc$../../tag-v1.0.1-trets/rtl/ternary_dot.v:78$6'.
  created $adff cell `$procdff$1217' with positive edge clock and positive level reset.
Creating register for signal `\ternary_dot.\debug_weight_enc' using process `\ternary_dot.$proc$../../tag-v1.0.1-trets/rtl/ternary_dot.v:78$6'.
  created $adff cell `$procdff$1222' with positive edge clock and positive level reset.
Creating register for signal `\ternary_dot.\debug_acc_out' using process `\ternary_dot.$proc$../../tag-v1.0.1-trets/rtl/ternary_dot.v:78$6'.
  created $adff cell `$procdff$1227' with positive edge clock and positive level reset.
Creating register for signal `\ternary_dot.\debug_valid_out' using process `\ternary_dot.$proc$../../tag-v1.0.1-trets/rtl/ternary_dot.v:78$6'.
  created $adff cell `$procdff$1232' with positive edge clock and positive level reset.

5.4.10. Executing PROC_MEMWR pass (convert process memory writes to cells).

5.4.11. Executing PROC_CLEAN pass (remove empty switches from decision trees).
Found and cleaned up 1 empty switch in `\ternary_dot.$proc$../../tag-v1.0.1-trets/rtl/ternary_dot.v:152$16'.
Removing empty process `ternary_dot.$proc$../../tag-v1.0.1-trets/rtl/ternary_dot.v:152$16'.
Removing empty process `ternary_dot.$proc$../../tag-v1.0.1-trets/rtl/ternary_dot.v:143$14'.
Found and cleaned up 2 empty switches in `\ternary_dot.$proc$../../tag-v1.0.1-trets/rtl/ternary_dot.v:78$6'.
Removing empty process `ternary_dot.$proc$../../tag-v1.0.1-trets/rtl/ternary_dot.v:78$6'.
Cleaned up 3 empty switches.

5.4.12. Executing OPT_EXPR pass (perform const folding).
Optimizing module xcheck_top.
Optimizing module ternary_dot.
<suppressed ~34 debug messages>
Optimizing module $paramod$8392c0aee371eac30cfcd917af9a6c37ac869d3e\ternary_weight.
<suppressed ~1 debug messages>

5.5. Executing CHECK pass (checking for obvious problems).
Checking module xcheck_top...
Checking module ternary_dot...
Checking module $paramod$8392c0aee371eac30cfcd917af9a6c37ac869d3e\ternary_weight...
Found and reported 0 problems.

5.6. Executing FLATTEN pass (flatten design).
Deleting now unused module ternary_dot.
Deleting now unused module $paramod$8392c0aee371eac30cfcd917af9a6c37ac869d3e\ternary_weight.
<suppressed ~2 debug messages>

5.7. Executing TRIBUF pass.

5.8. Executing DEMINOUT pass (demote inout ports to input or output).

5.9. Executing OPT_EXPR pass (perform const folding).
Optimizing module xcheck_top.

5.10. Executing OPT_CLEAN pass (remove unused cells and wires).
Finding unused cells or wires in module \xcheck_top..
Removed 32 unused cells and 77 unused wires.
<suppressed ~44 debug messages>

5.11. Executing CHECK pass (checking for obvious problems).
Checking module xcheck_top...
Found and reported 0 problems.

5.12. Executing OPT pass (performing simple optimizations).

5.12.1. Executing OPT_EXPR pass (perform const folding).
Optimizing module xcheck_top.

5.12.2. Executing OPT_MERGE pass (detect identical cells).
Finding identical cells in module `\xcheck_top'.
Computing hashes of 28 cells of `\xcheck_top'.
Finding duplicate cells in `\xcheck_top'.
Removed a total of 0 cells.

5.12.3. Executing OPT_MUXTREE pass (detect dead branches in mux trees).
Running muxtree optimizer on module \xcheck_top..
  Creating internal representation of mux trees.
  Evaluating internal representation of mux trees.
  Analyzing evaluation results.
Removed 0 multiplexer ports.
<suppressed ~17 debug messages>

5.12.4. Executing OPT_REDUCE pass (consolidate $*mux and $reduce_* inputs).
  Optimizing cells in module \xcheck_top.
Performed a total of 0 changes.

5.12.5. Executing OPT_MERGE pass (detect identical cells).
Finding identical cells in module `\xcheck_top'.
Computing hashes of 28 cells of `\xcheck_top'.
Finding duplicate cells in `\xcheck_top'.
Removed a total of 0 cells.

5.12.6. Executing OPT_DFF pass (perform DFF optimizations).

5.12.7. Executing OPT_CLEAN pass (remove unused cells and wires).
Finding unused cells or wires in module \xcheck_top..

5.12.8. Executing OPT_EXPR pass (perform const folding).
Optimizing module xcheck_top.

5.12.9. Finished fast OPT passes. (There is nothing left to do.)

5.13. Executing FSM pass (extract and optimize FSM).

5.13.1. Executing FSM_DETECT pass (finding FSMs in design).

5.13.2. Executing FSM_EXTRACT pass (extracting FSM from design).

5.13.3. Executing FSM_OPT pass (simple optimizations of FSMs).

5.13.4. Executing OPT_CLEAN pass (remove unused cells and wires).
Finding unused cells or wires in module \xcheck_top..

5.13.5. Executing FSM_OPT pass (simple optimizations of FSMs).

5.13.6. Executing FSM_RECODE pass (re-assigning FSM state encoding).

5.13.7. Executing FSM_INFO pass (dumping all available information on FSM cells).

5.13.8. Executing FSM_MAP pass (mapping FSMs to basic logic).

5.14. Executing OPT pass (performing simple optimizations).

5.14.1. Executing OPT_EXPR pass (perform const folding).
Optimizing module xcheck_top.

5.14.2. Executing OPT_MERGE pass (detect identical cells).
Finding identical cells in module `\xcheck_top'.
Computing hashes of 28 cells of `\xcheck_top'.
Finding duplicate cells in `\xcheck_top'.
Removed a total of 0 cells.

5.14.3. Executing OPT_MUXTREE pass (detect dead branches in mux trees).
Running muxtree optimizer on module \xcheck_top..
  Creating internal representation of mux trees.
  Evaluating internal representation of mux trees.
  Analyzing evaluation results.
Removed 0 multiplexer ports.
<suppressed ~17 debug messages>

5.14.4. Executing OPT_REDUCE pass (consolidate $*mux and $reduce_* inputs).
  Optimizing cells in module \xcheck_top.
Performed a total of 0 changes.

5.14.5. Executing OPT_MERGE pass (detect identical cells).
Finding identical cells in module `\xcheck_top'.
Computing hashes of 28 cells of `\xcheck_top'.
Finding duplicate cells in `\xcheck_top'.
Removed a total of 0 cells.

5.14.6. Executing OPT_DFF pass (perform DFF optimizations).
Adding EN signal on $flatten\u.$procdff$1200 ($adff) from module xcheck_top (D = $flatten\u.$0\next_acc[31:0], Q = \u.result_latch).
Adding EN signal on $flatten\u.$procdff$1195 ($adff) from module xcheck_top (D = $flatten\u.$procmux$1124_Y, Q = \u.vector_done).
Adding EN signal on $flatten\u.$procdff$1190 ($adff) from module xcheck_top (D = $flatten\u.$procmux$1136_Y, Q = \u.count).
Adding EN signal on $flatten\u.$procdff$1185 ($adff) from module xcheck_top (D = $flatten\u.$procmux$1142_Y, Q = \u.acc).

5.14.7. Executing OPT_CLEAN pass (remove unused cells and wires).
Finding unused cells or wires in module \xcheck_top..
Removed 5 unused cells and 5 unused wires.
<suppressed ~6 debug messages>

5.14.8. Executing OPT_EXPR pass (perform const folding).
Optimizing module xcheck_top.

5.14.9. Rerunning OPT passes. (Maybe there is more to do..)

5.14.10. Executing OPT_MUXTREE pass (detect dead branches in mux trees).
Running muxtree optimizer on module \xcheck_top..
  Creating internal representation of mux trees.
  Evaluating internal representation of mux trees.
  Analyzing evaluation results.
Removed 0 multiplexer ports.
<suppressed ~11 debug messages>

5.14.11. Executing OPT_REDUCE pass (consolidate $*mux and $reduce_* inputs).
  Optimizing cells in module \xcheck_top.
Performed a total of 0 changes.

5.14.12. Executing OPT_MERGE pass (detect identical cells).
Finding identical cells in module `\xcheck_top'.
Computing hashes of 24 cells of `\xcheck_top'.
Finding duplicate cells in `\xcheck_top'.
Removed a total of 0 cells.

5.14.13. Executing OPT_DFF pass (perform DFF optimizations).

5.14.14. Executing OPT_CLEAN pass (remove unused cells and wires).
Finding unused cells or wires in module \xcheck_top..

5.14.15. Executing OPT_EXPR pass (perform const folding).
Optimizing module xcheck_top.

5.14.16. Finished fast OPT passes. (There is nothing left to do.)

5.15. Executing WREDUCE pass (reducing word size of cells).
Removed top 1 bits (of 2) from port B of cell xcheck_top.$flatten\u.\u_w.$eq$../../tag-v1.0.1-trets/rtl/ternary_weight.v:35$19 ($eq).
Removed top 15 bits (of 16) from port B of cell xcheck_top.$flatten\u.$sub$../../tag-v1.0.1-trets/rtl/ternary_dot.v:118$13 ($sub).
Removed top 15 bits (of 16) from port B of cell xcheck_top.$flatten\u.$eq$../../tag-v1.0.1-trets/rtl/ternary_dot.v:109$12 ($eq).

5.16. Executing PEEPOPT pass (run peephole optimizers).

5.17. Executing OPT_CLEAN pass (remove unused cells and wires).
Finding unused cells or wires in module \xcheck_top..

5.18. Executing PMUX2SHIFTX pass.

5.19. Executing SORT pass.

5.20. Executing TECHMAP pass (map to technology primitives).

5.20.1. Executing Verilog-2005 frontend: /opt/homebrew/bin/../share/yosys/cmp2lut.v
Parsing Verilog input from `/opt/homebrew/bin/../share/yosys/cmp2lut.v' to AST representation.
Generating RTLIL representation for module `\_90_lut_cmp_'.
Successfully finished Verilog frontend.

5.20.2. Executing Verilog-2005 frontend: /opt/homebrew/bin/../share/yosys/cmp2lcu.v
Parsing Verilog input from `/opt/homebrew/bin/../share/yosys/cmp2lcu.v' to AST representation.
Generating RTLIL representation for module `\_80_lcu_cmp_'.
Generating RTLIL representation for module `$__CMP2LCU'.
Successfully finished Verilog frontend.

5.20.3. Continuing TECHMAP pass.
No more expansions possible.
<suppressed ~7 debug messages>

5.21. Executing ALUMACC pass (create $alu and $macc cells).
Extracting $alu and $macc cells in module xcheck_top:
  creating $macc model for $flatten\u.$add$../../tag-v1.0.1-trets/rtl/ternary_dot.v:104$8 ($add).
  creating $macc model for $flatten\u.$sub$../../tag-v1.0.1-trets/rtl/ternary_dot.v:118$13 ($sub).
  creating $macc model for $flatten\u.\u_w.$neg$../../tag-v1.0.1-trets/rtl/ternary_weight.v:36$20 ($neg).
  creating $alu model for $macc $flatten\u.\u_w.$neg$../../tag-v1.0.1-trets/rtl/ternary_weight.v:36$20.
  creating $alu model for $macc $flatten\u.$sub$../../tag-v1.0.1-trets/rtl/ternary_dot.v:118$13.
  creating $alu model for $macc $flatten\u.$add$../../tag-v1.0.1-trets/rtl/ternary_dot.v:104$8.
  creating $alu model for $flatten\u.$eq$../../tag-v1.0.1-trets/rtl/ternary_dot.v:109$12 ($eq): merged with $flatten\u.$sub$../../tag-v1.0.1-trets/rtl/ternary_dot.v:118$13.
  creating $alu cell for $flatten\u.$add$../../tag-v1.0.1-trets/rtl/ternary_dot.v:104$8: $auto$alumacc.cc:512:replace_alu$1243
  creating $alu cell for $flatten\u.$sub$../../tag-v1.0.1-trets/rtl/ternary_dot.v:118$13, $flatten\u.$eq$../../tag-v1.0.1-trets/rtl/ternary_dot.v:109$12: $auto$alumacc.cc:512:replace_alu$1246
  creating $alu cell for $flatten\u.\u_w.$neg$../../tag-v1.0.1-trets/rtl/ternary_weight.v:36$20: $auto$alumacc.cc:512:replace_alu$1251
  created 3 $alu and 0 $macc cells.

5.22. Executing SHARE pass (SAT-based resource sharing).

5.23. Executing OPT pass (performing simple optimizations).

5.23.1. Executing OPT_EXPR pass (perform const folding).
Optimizing module xcheck_top.

5.23.2. Executing OPT_MERGE pass (detect identical cells).
Finding identical cells in module `\xcheck_top'.
Computing hashes of 24 cells of `\xcheck_top'.
Finding duplicate cells in `\xcheck_top'.
Removed a total of 0 cells.

5.23.3. Executing OPT_MUXTREE pass (detect dead branches in mux trees).
Running muxtree optimizer on module \xcheck_top..
  Creating internal representation of mux trees.
  Evaluating internal representation of mux trees.
  Analyzing evaluation results.
Removed 0 multiplexer ports.
<suppressed ~11 debug messages>

5.23.4. Executing OPT_REDUCE pass (consolidate $*mux and $reduce_* inputs).
  Optimizing cells in module \xcheck_top.
    New input vector for $reduce_and cell $auto$opt_dff.cc:337:make_patterns_logic$1237: { $flatten\u.$logic_and$../../tag-v1.0.1-trets/rtl/ternary_dot.v:108$11_Y $auto$alumacc.cc:528:replace_alu$1247 }
  Optimizing cells in module \xcheck_top.
Performed a total of 1 changes.

5.23.5. Executing OPT_MERGE pass (detect identical cells).
Finding identical cells in module `\xcheck_top'.
Computing hashes of 24 cells of `\xcheck_top'.
Finding duplicate cells in `\xcheck_top'.
Removed a total of 0 cells.

5.23.6. Executing OPT_DFF pass (perform DFF optimizations).

5.23.7. Executing OPT_CLEAN pass (remove unused cells and wires).
Finding unused cells or wires in module \xcheck_top..
Removed 0 unused cells and 1 unused wires.
<suppressed ~1 debug messages>

5.23.8. Executing OPT_EXPR pass (perform const folding).
Optimizing module xcheck_top.

5.23.9. Rerunning OPT passes. (Maybe there is more to do..)

5.23.10. Executing OPT_MUXTREE pass (detect dead branches in mux trees).
Running muxtree optimizer on module \xcheck_top..
  Creating internal representation of mux trees.
  Evaluating internal representation of mux trees.
  Analyzing evaluation results.
Removed 0 multiplexer ports.
<suppressed ~11 debug messages>

5.23.11. Executing OPT_REDUCE pass (consolidate $*mux and $reduce_* inputs).
  Optimizing cells in module \xcheck_top.
Performed a total of 0 changes.

5.23.12. Executing OPT_MERGE pass (detect identical cells).
Finding identical cells in module `\xcheck_top'.
Computing hashes of 24 cells of `\xcheck_top'.
Finding duplicate cells in `\xcheck_top'.
Removed a total of 0 cells.

5.23.13. Executing OPT_DFF pass (perform DFF optimizations).

5.23.14. Executing OPT_CLEAN pass (remove unused cells and wires).
Finding unused cells or wires in module \xcheck_top..

5.23.15. Executing OPT_EXPR pass (perform const folding).
Optimizing module xcheck_top.

5.23.16. Finished fast OPT passes. (There is nothing left to do.)

5.24. Executing MEMORY pass.

5.24.1. Executing OPT_MEM pass (optimize memories).
Performed a total of 0 transformations.

5.24.2. Executing OPT_MEM_PRIORITY pass (removing unnecessary memory write priority relations).
Performed a total of 0 transformations.

5.24.3. Executing OPT_MEM_FEEDBACK pass (finding memory read-to-write feedback paths).

5.24.4. Executing MEMORY_BMUX2ROM pass (converting muxes to ROMs).

5.24.5. Executing MEMORY_DFF pass (merging $dff cells to $memrd).

5.24.6. Executing OPT_CLEAN pass (remove unused cells and wires).
Finding unused cells or wires in module \xcheck_top..

5.24.7. Executing MEMORY_SHARE pass (consolidating $memrd/$memwr cells).

5.24.8. Executing OPT_MEM_WIDEN pass (optimize memories where all ports are wide).
Performed a total of 0 transformations.

5.24.9. Executing OPT_CLEAN pass (remove unused cells and wires).
Finding unused cells or wires in module \xcheck_top..

5.24.10. Executing MEMORY_COLLECT pass (generating $mem cells).

5.25. Executing OPT_CLEAN pass (remove unused cells and wires).
Finding unused cells or wires in module \xcheck_top..

5.26. Executing MEMORY_LIBMAP pass (mapping memories to cells).

5.27. Executing TECHMAP pass (map to technology primitives).

5.27.1. Executing Verilog-2005 frontend: /opt/homebrew/bin/../share/yosys/xilinx/lutrams_xc5v_map.v
Parsing Verilog input from `/opt/homebrew/bin/../share/yosys/xilinx/lutrams_xc5v_map.v' to AST representation.
Generating RTLIL representation for module `$__XILINX_LUTRAM_SP_'.
Generating RTLIL representation for module `$__XILINX_LUTRAM_DP_'.
Generating RTLIL representation for module `$__XILINX_LUTRAM_QP_'.
Generating RTLIL representation for module `$__XILINX_LUTRAM_OP_'.
Generating RTLIL representation for module `$__XILINX_LUTRAM_SDP_'.
Generating RTLIL representation for module `$__XILINX_LUTRAM_64X8SW_'.
Generating RTLIL representation for module `$__XILINX_LUTRAM_32X16DR8_'.
Successfully finished Verilog frontend.

5.27.2. Continuing TECHMAP pass.
No more expansions possible.
<suppressed ~9 debug messages>

5.28. Executing TECHMAP pass (map to technology primitives).

5.28.1. Executing Verilog-2005 frontend: /opt/homebrew/bin/../share/yosys/xilinx/brams_xc6v_map.v
Parsing Verilog input from `/opt/homebrew/bin/../share/yosys/xilinx/brams_xc6v_map.v' to AST representation.
Generating RTLIL representation for module `$__XILINX_BLOCKRAM_TDP_'.
Generating RTLIL representation for module `$__XILINX_BLOCKRAM_SDP_'.
Successfully finished Verilog frontend.

5.28.2. Continuing TECHMAP pass.
No more expansions possible.
<suppressed ~4 debug messages>

5.29. Executing OPT pass (performing simple optimizations).

5.29.1. Executing OPT_EXPR pass (perform const folding).
Optimizing module xcheck_top.
<suppressed ~1 debug messages>

5.29.2. Executing OPT_MERGE pass (detect identical cells).
Finding identical cells in module `\xcheck_top'.
Computing hashes of 23 cells of `\xcheck_top'.
Finding duplicate cells in `\xcheck_top'.
Removed a total of 0 cells.

5.29.3. Executing OPT_DFF pass (perform DFF optimizations).

5.29.4. Executing OPT_CLEAN pass (remove unused cells and wires).
Finding unused cells or wires in module \xcheck_top..
Removed 0 unused cells and 1 unused wires.
<suppressed ~1 debug messages>

5.29.5. Finished fast OPT passes.

5.30. Executing MEMORY_MAP pass (converting memories to logic and flip-flops).

5.31. Executing OPT pass (performing simple optimizations).

5.31.1. Executing OPT_EXPR pass (perform const folding).
Optimizing module xcheck_top.

5.31.2. Executing OPT_MERGE pass (detect identical cells).
Finding identical cells in module `\xcheck_top'.
Computing hashes of 23 cells of `\xcheck_top'.
Finding duplicate cells in `\xcheck_top'.
Removed a total of 0 cells.

5.31.3. Executing OPT_MUXTREE pass (detect dead branches in mux trees).
Running muxtree optimizer on module \xcheck_top..
  Creating internal representation of mux trees.
  Evaluating internal representation of mux trees.
  Analyzing evaluation results.
Removed 0 multiplexer ports.
<suppressed ~9 debug messages>

5.31.4. Executing OPT_REDUCE pass (consolidate $*mux and $reduce_* inputs).
  Optimizing cells in module \xcheck_top.
Performed a total of 0 changes.

5.31.5. Executing OPT_MERGE pass (detect identical cells).
Finding identical cells in module `\xcheck_top'.
Computing hashes of 23 cells of `\xcheck_top'.
Finding duplicate cells in `\xcheck_top'.
Removed a total of 0 cells.

5.31.6. Executing OPT_SHARE pass.

5.31.7. Executing OPT_DFF pass (perform DFF optimizations).

5.31.8. Executing OPT_CLEAN pass (remove unused cells and wires).
Finding unused cells or wires in module \xcheck_top..

5.31.9. Executing OPT_EXPR pass (perform const folding).
Optimizing module xcheck_top.

5.31.10. Finished fast OPT passes. (There is nothing left to do.)

5.32. Executing XILINX_SRL pass (Xilinx shift register extraction).

5.33. Executing TECHMAP pass (map to technology primitives).

5.33.1. Executing Verilog-2005 frontend: /opt/homebrew/bin/../share/yosys/techmap.v
Parsing Verilog input from `/opt/homebrew/bin/../share/yosys/techmap.v' to AST representation.
Generating RTLIL representation for module `\_90_simplemap_bool_ops'.
Generating RTLIL representation for module `\_90_simplemap_reduce_ops'.
Generating RTLIL representation for module `\_90_simplemap_logic_ops'.
Generating RTLIL representation for module `\_90_simplemap_compare_ops'.
Generating RTLIL representation for module `\_90_simplemap_various'.
Generating RTLIL representation for module `\_90_simplemap_registers'.
Generating RTLIL representation for module `\_90_shift_ops_shr_shl_sshl_sshr'.
Generating RTLIL representation for module `\_90_shift_shiftx'.
Generating RTLIL representation for module `\_90_fa'.
Generating RTLIL representation for module `\_90_lcu_brent_kung'.
Generating RTLIL representation for module `\_90_alu'.
Generating RTLIL representation for module `\_90_macc'.
Generating RTLIL representation for module `\_90_alumacc'.
Generating RTLIL representation for module `$__div_mod_u'.
Generating RTLIL representation for module `$__div_mod_trunc'.
Generating RTLIL representation for module `\_90_div'.
Generating RTLIL representation for module `\_90_mod'.
Generating RTLIL representation for module `$__div_mod_floor'.
Generating RTLIL representation for module `\_90_divfloor'.
Generating RTLIL representation for module `\_90_modfloor'.
Generating RTLIL representation for module `\_90_pow'.
Generating RTLIL representation for module `\_90_demux'.
Generating RTLIL representation for module `\_90_lut'.
Generating RTLIL representation for module `$connect'.
Generating RTLIL representation for module `$input_port'.
Successfully finished Verilog frontend.

5.33.2. Executing Verilog-2005 frontend: /opt/homebrew/bin/../share/yosys/xilinx/arith_map.v
Parsing Verilog input from `/opt/homebrew/bin/../share/yosys/xilinx/arith_map.v' to AST representation.
Generating RTLIL representation for module `\_80_xilinx_lcu'.
Generating RTLIL representation for module `\_80_xilinx_alu'.
Successfully finished Verilog frontend.

5.33.3. Continuing TECHMAP pass.
Using template $paramod$3a6867d8ca756030898b259cac785ee733a4aa0a\_80_xilinx_alu for cells of type $alu.
Using extmapper simplemap for cells of type $reduce_and.
Using template $paramod$12970f0c6773674ac918a266872d394220d95a9b\_80_xilinx_alu for cells of type $alu.
Using template $paramod$4fc821520cb3a924f2bc6fa8576a539779b37dc8\_80_xilinx_alu for cells of type $alu.
Using extmapper simplemap for cells of type $adffe.
Using extmapper simplemap for cells of type $eq.
Using extmapper simplemap for cells of type $mux.
Using extmapper simplemap for cells of type $adff.
Using extmapper simplemap for cells of type $logic_and.
Using extmapper simplemap for cells of type $logic_or.
Using extmapper simplemap for cells of type $logic_not.
Using extmapper simplemap for cells of type $pos.
Using extmapper simplemap for cells of type $not.
Using extmapper simplemap for cells of type $xor.
No more expansions possible.
<suppressed ~182 debug messages>

5.34. Executing OPT pass (performing simple optimizations).

5.34.1. Executing OPT_EXPR pass (perform const folding).
Optimizing module xcheck_top.
<suppressed ~118 debug messages>

5.34.2. Executing OPT_MERGE pass (detect identical cells).
Finding identical cells in module `\xcheck_top'.
Computing hashes of 356 cells of `\xcheck_top'.
Finding duplicate cells in `\xcheck_top'.
Computing hashes of 347 cells of `\xcheck_top'.
Finding duplicate cells in `\xcheck_top'.
Computing hashes of 343 cells of `\xcheck_top'.
Finding duplicate cells in `\xcheck_top'.
Computing hashes of 341 cells of `\xcheck_top'.
Finding duplicate cells in `\xcheck_top'.
Computing hashes of 340 cells of `\xcheck_top'.
Finding duplicate cells in `\xcheck_top'.
<suppressed ~48 debug messages>
Removed a total of 16 cells.

5.34.3. Executing OPT_DFF pass (perform DFF optimizations).

5.34.4. Executing OPT_CLEAN pass (remove unused cells and wires).
Finding unused cells or wires in module \xcheck_top..
Removed 34 unused cells and 80 unused wires.
<suppressed ~35 debug messages>

5.34.5. Finished fast OPT passes.

5.35. Executing TECHMAP pass (map to technology primitives).

5.35.1. Executing Verilog-2005 frontend: /opt/homebrew/bin/../share/yosys/techmap.v
Parsing Verilog input from `/opt/homebrew/bin/../share/yosys/techmap.v' to AST representation.
Generating RTLIL representation for module `\_90_simplemap_bool_ops'.
Generating RTLIL representation for module `\_90_simplemap_reduce_ops'.
Generating RTLIL representation for module `\_90_simplemap_logic_ops'.
Generating RTLIL representation for module `\_90_simplemap_compare_ops'.
Generating RTLIL representation for module `\_90_simplemap_various'.
Generating RTLIL representation for module `\_90_simplemap_registers'.
Generating RTLIL representation for module `\_90_shift_ops_shr_shl_sshl_sshr'.
Generating RTLIL representation for module `\_90_shift_shiftx'.
Generating RTLIL representation for module `\_90_fa'.
Generating RTLIL representation for module `\_90_lcu_brent_kung'.
Generating RTLIL representation for module `\_90_alu'.
Generating RTLIL representation for module `\_90_macc'.
Generating RTLIL representation for module `\_90_alumacc'.
Generating RTLIL representation for module `$__div_mod_u'.
Generating RTLIL representation for module `$__div_mod_trunc'.
Generating RTLIL representation for module `\_90_div'.
Generating RTLIL representation for module `\_90_mod'.
Generating RTLIL representation for module `$__div_mod_floor'.
Generating RTLIL representation for module `\_90_divfloor'.
Generating RTLIL representation for module `\_90_modfloor'.
Generating RTLIL representation for module `\_90_pow'.
Generating RTLIL representation for module `\_90_demux'.
Generating RTLIL representation for module `\_90_lut'.
Generating RTLIL representation for module `$connect'.
Generating RTLIL representation for module `$input_port'.
Successfully finished Verilog frontend.

5.35.2. Executing Verilog-2005 frontend: /opt/homebrew/bin/../share/yosys/xilinx/cells_map.v
Parsing Verilog input from `/opt/homebrew/bin/../share/yosys/xilinx/cells_map.v' to AST representation.
Generating RTLIL representation for module `$__SHREG_'.
Generating RTLIL representation for module `$__XILINX_SHREG_'.
Generating RTLIL representation for module `$__XILINX_MUXF78'.
Successfully finished Verilog frontend.

5.35.3. Continuing TECHMAP pass.
No more expansions possible.
<suppressed ~80 debug messages>

5.36. Executing DFFLEGALIZE pass (convert FFs to types supported by the target).

5.37. Executing OPT_EXPR pass (perform const folding).
Optimizing module xcheck_top.

5.38. Executing ABC pass (technology mapping using ABC).

5.38.1. Extracting gate netlist of module `\xcheck_top' to `<abc-temp-dir>/input.blif'..

5.38.1.1. Executed ABC.
Extracted 289 gates and 442 wires to a netlist network with 151 inputs and 261 outputs.
Running ABC script: <abc-temp-dir>/abc.script
ABC: ======== ABC command line "source <abc-temp-dir>/abc.script"
ABC: + read_blif <abc-temp-dir>/input.blif 
ABC: + read_lut <abc-temp-dir>/lutdefs.txt 
ABC: + strash 
ABC: + &get -n 
ABC: + &fraig -x 
ABC: + &put 
ABC: + scorr 
ABC: Warning: The network is combinational (run "fraig" or "fraig_sweep").
ABC: + dc2 
ABC: + dretime 
ABC: + strash 
ABC: + dch -f 
ABC: + if 
ABC: + mfs2 
ABC: + write_blif <abc-temp-dir>/output.blif 

5.38.1.2. Re-integrating ABC results.
ABC RESULTS:              $lut cells:      265
ABC RESULTS:        internal signals:       30
ABC RESULTS:           input signals:      151
ABC RESULTS:          output signals:      261
Removing temp directory.
Removing global temp directory.
Removed 0 unused cells and 344 unused wires.

5.39. Executing TECHMAP pass (map to technology primitives).

5.39.1. Executing Verilog-2005 frontend: /opt/homebrew/bin/../share/yosys/xilinx/ff_map.v
Parsing Verilog input from `/opt/homebrew/bin/../share/yosys/xilinx/ff_map.v' to AST representation.
Generating RTLIL representation for module `$_DFFE_NP0P_'.
Generating RTLIL representation for module `$_DFFE_PP0P_'.
Generating RTLIL representation for module `$_DFFE_NP1P_'.
Generating RTLIL representation for module `$_DFFE_PP1P_'.
Generating RTLIL representation for module `$_DFFSRE_NPPP_'.
Generating RTLIL representation for module `$_DFFSRE_PPPP_'.
Generating RTLIL representation for module `$_SDFFE_NP0P_'.
Generating RTLIL representation for module `$_SDFFE_PP0P_'.
Generating RTLIL representation for module `$_SDFFE_NP1P_'.
Generating RTLIL representation for module `$_SDFFE_PP1P_'.
Generating RTLIL representation for module `$_DLATCH_NP0_'.
Generating RTLIL representation for module `$_DLATCH_PP0_'.
Generating RTLIL representation for module `$_DLATCH_NP1_'.
Generating RTLIL representation for module `$_DLATCH_PP1_'.
Generating RTLIL representation for module `$_DLATCH_NPP_'.
Generating RTLIL representation for module `$_DLATCH_PPP_'.
Successfully finished Verilog frontend.

5.39.2. Continuing TECHMAP pass.
Using template $paramod$_DFFE_PP0P_\_TECHMAP_WIREINIT_Q_=1'x for cells of type $_DFFE_PP0P_.
Using template $paramod$_DFFE_PP1P_\_TECHMAP_WIREINIT_Q_=1'x for cells of type $_DFFE_PP1P_.
No more expansions possible.
<suppressed ~154 debug messages>

5.40. Executing XILINX_SRL pass (Xilinx shift register extraction).

5.41. Executing TECHMAP pass (map to technology primitives).

5.41.1. Executing Verilog-2005 frontend: /opt/homebrew/bin/../share/yosys/xilinx/lut_map.v
Parsing Verilog input from `/opt/homebrew/bin/../share/yosys/xilinx/lut_map.v' to AST representation.
Generating RTLIL representation for module `$lut'.
Successfully finished Verilog frontend.

5.41.2. Executing Verilog-2005 frontend: /opt/homebrew/bin/../share/yosys/xilinx/cells_map.v
Parsing Verilog input from `/opt/homebrew/bin/../share/yosys/xilinx/cells_map.v' to AST representation.
Generating RTLIL representation for module `$__SHREG_'.
Generating RTLIL representation for module `$__XILINX_SHREG_'.
Generating RTLIL representation for module `$__XILINX_MUXF78'.
Successfully finished Verilog frontend.

5.41.3. Continuing TECHMAP pass.
Using template $paramod$lut\WIDTH=32'00000000000000000000000000000001\LUT=2'01 for cells of type $lut.
Using template $paramod$e0bde73e598487237493c8a43ca52c95a3727354$lut for cells of type $lut.
Using template $paramod$lut\WIDTH=32'00000000000000000000000000000010\LUT=4'0110 for cells of type $lut.
Using template $paramod$658b9ed803f0d3d335616d3858b53e0a2522f1e8$lut for cells of type $lut.
Using template $paramod$6e238df02989b317f10820a22773676e71120644$lut for cells of type $lut.
Using template $paramod$8e224a63a74b6daf8fc2e441cb0688a65e7a4073$lut for cells of type $lut.
Using template $paramod$lut\WIDTH=32'00000000000000000000000000000010\LUT=4'1000 for cells of type $lut.
Using template $paramod$lut\WIDTH=32'00000000000000000000000000000011\LUT=8'10110000 for cells of type $lut.
Using template $paramod$251994398653c4cf8de320f1e306e535d5d2d624$lut for cells of type $lut.
Using template $paramod$2b2b3565ec13859d2b24f2fa297fa46249270140$lut for cells of type $lut.
Using template $paramod$571404c0889eaf57f492cb5e37f8acb5df5852f9$lut for cells of type $lut.
No more expansions possible.
<suppressed ~414 debug messages>

5.42. Executing XILINX_DFFOPT pass (optimize FF control signal usage).
Optimizing FFs in xcheck_top.

5.43. Executing OPT_LUT_INS pass (discard unused LUT inputs).
Optimizing LUTs in xcheck_top.

5.44. Executing CLKBUFMAP pass (inserting clock buffers).
Inserting BUFG on xcheck_top.clk[0].
Removed 0 unused cells and 1219 unused wires.

5.45. Executing HIERARCHY pass (managing design hierarchy).
Attribute `top' found on module `xcheck_top'. Setting top module to xcheck_top.

5.45.1. Analyzing design hierarchy..
Top module:  \xcheck_top

5.45.2. Analyzing design hierarchy..
Top module:  \xcheck_top
Removed 0 unused modules.

5.46. Printing statistics.

=== xcheck_top ===

        +----------Local Count, excluding submodules.
        | 
      239 wires
      711 wire bits
       30 public wires
      310 public wire bits
        7 ports
       46 port bits
      268 cells
        2   $scopeinfo
        1   BUFG
      137   INV
       64   LUT2
        1   LUT3
       14   LUT4
       49   LUT5
      129 submodules
       15   CARRY4
      113   FDCE
        1   FDPE

   Estimated number of LCs:         89

=== design hierarchy ===

        +----------Count including submodules.
        | 
      268 xcheck_top

        +----------Count including submodules.
        | 
      239 wires
      711 wire bits
       30 public wires
      310 public wire bits
        7 ports
       46 port bits
        - memories
        - memory bits
        - processes
      268 cells
        2   $scopeinfo
        1   BUFG
      137   INV
       64   LUT2
        1   LUT3
       14   LUT4
       49   LUT5
      129 submodules
       15   CARRY4
      113   FDCE
        1   FDPE

   Estimated number of LCs:         89

5.47. Executing CHECK pass (checking for obvious problems).
Checking module xcheck_top...
Found and reported 0 problems.

6. Printing statistics.

=== xcheck_top ===

        +----------Local Count, excluding submodules.
        | 
      239 wires
      711 wire bits
       30 public wires
      310 public wire bits
        7 ports
       46 port bits
      397 cells
        2   $scopeinfo
        1   BUFG
       15   CARRY4
      113   FDCE
        1   FDPE
      137   INV
       64   LUT2
        1   LUT3
       14   LUT4
       49   LUT5

7. Executing JSON backend.

End of script. Logfile hash: 85910add6b, time: 7.67s, user: 5.46s, system: 0.24s, MEM: 131.03 MB peak
Yosys 0.67+post (git sha1 b8e7da6f40ae8f552c116bf6c359b07c6533e159, Release, AppleClang clang++ 21.0.0.21000099)
Time spent: 85% 19x read_verilog (4 sec), 3% 2x write_json (0 sec), ...
