Info: Packing constants..
Info: Inserting IO buffers..
Info:     Constraining 'clk' to site 'IOB_X1Y124'
Info:     Tile 'RIOB33_X105Y123'
Info:     Constraining 'rst_n' to site 'IOB_X1Y115'
Info:     Tile 'RIOB33_X105Y115'
Info:     Constraining 'valid_in' to site 'IOB_X1Y197'
Info:     Tile 'RIOB33_X105Y197'
Info:     Constraining 'valid_out' to site 'IOB_X1Y127'
Info:     Tile 'RIOB33_X105Y127'
Info:     Constraining 'weight_enc[0]' to site 'IOB_X1Y136'
Info:     Tile 'RIOB33_X105Y135'
Info:     Constraining 'activation[7]' to site 'IOB_X0Y207'
Info:     Tile 'LIOB33_X0Y207'
Info:     Constraining 'weight_enc[1]' to site 'IOB_X1Y131'
Info:     Tile 'RIOB33_X105Y131'
Info:     Constraining 'activation[6]' to site 'IOB_X0Y217'
Info:     Tile 'LIOB33_X0Y217'
Info:     Constraining 'activation[5]' to site 'IOB_X0Y215'
Info:     Tile 'LIOB33_X0Y215'
Info:     Constraining 'activation[4]' to site 'IOB_X0Y216'
Info:     Tile 'LIOB33_X0Y215'
Info:     Constraining 'activation[3]' to site 'IOB_X0Y231'
Info:     Tile 'LIOB33_X0Y231'
Info:     Constraining 'activation[2]' to site 'IOB_X0Y232'
Info:     Tile 'LIOB33_X0Y231'
Info:     Constraining 'activation[1]' to site 'IOB_X0Y229'
Info:     Tile 'LIOB33_X0Y229'
Info:     Constraining 'activation[0]' to site 'IOB_X0Y230'
Info:     Tile 'LIOB33_X0Y229'
Info:     Constraining 'acc_out[0]' to site 'IOB_X1Y130'
Info:     Tile 'RIOB33_X105Y129'
Info:     Constraining 'acc_out[1]' to site 'IOB_X1Y113'
Info:     Tile 'RIOB33_X105Y113'
Info:     Constraining 'acc_out[2]' to site 'IOB_X1Y106'
Info:     Tile 'RIOB33_X105Y105'
Info:     Constraining 'acc_out[3]' to site 'IOB_X0Y84'
Info:     Tile 'LIOB33_X0Y83'
Info:     Constraining 'acc_out[4]' to site 'IOB_X0Y82'
Info:     Tile 'LIOB33_X0Y81'
Info:     Constraining 'acc_out[5]' to site 'IOB_X0Y81'
Info:     Tile 'LIOB33_X0Y81'
Info:     Constraining 'acc_out[6]' to site 'IOB_X0Y94'
Info:     Tile 'LIOB33_X0Y93'
Info:     Constraining 'acc_out[7]' to site 'IOB_X0Y89'
Info:     Tile 'LIOB33_X0Y89'
Info:     Constraining 'acc_out[8]' to site 'IOB_X0Y92'
Info:     Tile 'LIOB33_X0Y91'
Info:     Constraining 'acc_out[9]' to site 'IOB_X0Y97'
Info:     Tile 'LIOB33_X0Y97'
Info:     Constraining 'acc_out[10]' to site 'IOB_X0Y116'
Info:     Tile 'LIOB33_X0Y115'
Info:     Constraining 'acc_out[11]' to site 'IOB_X0Y120'
Info:     Tile 'LIOB33_X0Y119'
Info:     Constraining 'acc_out[12]' to site 'IOB_X0Y134'
Info:     Tile 'LIOB33_X0Y133'
Info:     Constraining 'acc_out[13]' to site 'IOB_X0Y133'
Info:     Tile 'LIOB33_X0Y133'
Info:     Constraining 'acc_out[14]' to site 'IOB_X1Y135'
Info:     Tile 'RIOB33_X105Y135'
Info:     Constraining 'acc_out[15]' to site 'IOB_X1Y133'
Info:     Tile 'RIOB33_X105Y133'
Info:     Constraining 'acc_out[16]' to site 'IOB_X1Y134'
Info:     Tile 'RIOB33_X105Y133'
Info:     Constraining 'acc_out[17]' to site 'IOB_X1Y129'
Info:     Tile 'RIOB33_X105Y129'
Info:     Constraining 'acc_out[18]' to site 'IOB_X1Y109'
Info:     Tile 'RIOB33_X105Y109'
Info:     Constraining 'acc_out[19]' to site 'IOB_X1Y110'
Info:     Tile 'RIOB33_X105Y109'
Info:     Constraining 'acc_out[20]' to site 'IOB_X1Y105'
Info:     Tile 'RIOB33_X105Y105'
Info:     Constraining 'acc_out[21]' to site 'IOB_X0Y83'
Info:     Tile 'LIOB33_X0Y83'
Info:     Constraining 'acc_out[22]' to site 'IOB_X0Y86'
Info:     Tile 'LIOB33_X0Y85'
Info:     Constraining 'acc_out[23]' to site 'IOB_X0Y85'
Info:     Tile 'LIOB33_X0Y85'
Info:     Constraining 'acc_out[24]' to site 'IOB_X0Y93'
Info:     Tile 'LIOB33_X0Y93'
Info:     Constraining 'acc_out[25]' to site 'IOB_X0Y91'
Info:     Tile 'LIOB33_X0Y91'
Info:     Constraining 'acc_out[26]' to site 'IOB_X0Y96'
Info:     Tile 'LIOB33_X0Y95'
Info:     Constraining 'acc_out[27]' to site 'IOB_X0Y95'
Info:     Tile 'LIOB33_X0Y95'
Info:     Constraining 'acc_out[28]' to site 'IOB_X0Y115'
Info:     Tile 'LIOB33_X0Y115'
Info:     Constraining 'acc_out[29]' to site 'IOB_X0Y119'
Info:     Tile 'LIOB33_X0Y119'
Info:     Constraining 'acc_out[30]' to site 'IOB_X0Y130'
Info:     Tile 'LIOB33_X0Y129'
Info:     Constraining 'acc_out[31]' to site 'IOB_X0Y129'
Info:     Tile 'LIOB33_X0Y129'
Info: Generating input buffer for 'clk$ibuf$'
Info: Generating input buffer for 'rst_n$ibuf$'
Info: Generating input buffer for 'valid_in$ibuf$'
Info: Generating output buffer for 'valid_out$obuf$'
Info: Generating input buffer for 'weight_enc[0]$ibuf$'
Info: Generating input buffer for 'activation[7]$ibuf$'
Info: Generating input buffer for 'weight_enc[1]$ibuf$'
Info: Generating input buffer for 'activation[6]$ibuf$'
Info: Generating input buffer for 'activation[5]$ibuf$'
Info: Generating input buffer for 'activation[4]$ibuf$'
Info: Generating input buffer for 'activation[3]$ibuf$'
Info: Generating input buffer for 'activation[2]$ibuf$'
Info: Generating input buffer for 'activation[1]$ibuf$'
Info: Generating input buffer for 'activation[0]$ibuf$'
Info: Generating output buffer for 'acc_out[0]$obuf$'
Info: Generating output buffer for 'acc_out[1]$obuf$'
Info: Generating output buffer for 'acc_out[2]$obuf$'
Info: Generating output buffer for 'acc_out[3]$obuf$'
Info: Generating output buffer for 'acc_out[4]$obuf$'
Info: Generating output buffer for 'acc_out[5]$obuf$'
Info: Generating output buffer for 'acc_out[6]$obuf$'
Info: Generating output buffer for 'acc_out[7]$obuf$'
Info: Generating output buffer for 'acc_out[8]$obuf$'
Info: Generating output buffer for 'acc_out[9]$obuf$'
Info: Generating output buffer for 'acc_out[10]$obuf$'
Info: Generating output buffer for 'acc_out[11]$obuf$'
Info: Generating output buffer for 'acc_out[12]$obuf$'
Info: Generating output buffer for 'acc_out[13]$obuf$'
Info: Generating output buffer for 'acc_out[14]$obuf$'
Info: Generating output buffer for 'acc_out[15]$obuf$'
Info: Generating output buffer for 'acc_out[16]$obuf$'
Info: Generating output buffer for 'acc_out[17]$obuf$'
Info: Generating output buffer for 'acc_out[18]$obuf$'
Info: Generating output buffer for 'acc_out[19]$obuf$'
Info: Generating output buffer for 'acc_out[20]$obuf$'
Info: Generating output buffer for 'acc_out[21]$obuf$'
Info: Generating output buffer for 'acc_out[22]$obuf$'
Info: Generating output buffer for 'acc_out[23]$obuf$'
Info: Generating output buffer for 'acc_out[24]$obuf$'
Info: Generating output buffer for 'acc_out[25]$obuf$'
Info: Generating output buffer for 'acc_out[26]$obuf$'
Info: Generating output buffer for 'acc_out[27]$obuf$'
Info: Generating output buffer for 'acc_out[28]$obuf$'
Info: Generating output buffer for 'acc_out[29]$obuf$'
Info: Generating output buffer for 'acc_out[30]$obuf$'
Info: Generating output buffer for 'acc_out[31]$obuf$'
Info:     Created 46 PAD cells from:
Info:             46x PAD
Info: Preparing clocking...
Info: Packing constants..
Info: Packing cfg...
Info: Packing PLLs...
Info: Packing Gigabit Transceivers..
Info: Packing global buffers...
Info:     Constrained BUFGCTRL '$auto$clkbufmap.cc:261:execute$3031' to bel 'BUFGCTRL_X0Y0/BUFGCTRL' based on dedicated routing
Info: Packing MUX[789]s..
Info: Packing carries (atomic CARRY4)..
Info:    Packed 14 CARRY4 cells into 3 chains (atomic).
Info: router2 PRECYINIT fix: 14 CARRY4 cells, 17 constant carry pins disconnected
Info: Packing LUTs..
Info:     Created 321 SLICE_LUTX cells from:
Info:            201x LUT1
Info:             57x LUT2
Info:              1x LUT3
Info:              6x LUT4
Info:             56x LUT5
Info: Packing DRAM..
Info:    Transformed 0 tied-low DRAM address inputs to be tied-high
Info: Packing BRAM..
Info: Packing DSPs..
Info: Packing flipflops..
Info:     Created 114 SLICE_FFX cells from:
Info:            113x FDCE
Info:              1x FDPE
Info:     local-const FF control: disconnected 0 SR(=GND) + 33 CE(=VCC) pins from global nets
Info: Constrained 81 LUTFF pairs.

Info: Annotating ports with timing budgets for target frequency 100.00 MHz
Info: Checksum: 0x5a4709d8

Info: Device utilisation:
Info: 	          SLICE_LUTX:   321/269200     0%
Info: 	           SLICE_FFX:   114/269200     0%
Info: 	              CARRY4:    14/33650     0%
Info: 	          PSEUDO_GND:     1/69165     0%
Info: 	          PSEUDO_VCC:     1/69165     0%
Info: 	               HARD0:     0/ 3960     0%
Info: 	            RAMB18E1:     0/  730     0%
Info: 	            FIFO18E1:     0/  365     0%
Info: 	        RAMBFIFO36E1:     0/  365     0%
Info: 	            RAMB36E1:     0/  365     0%
Info: 	             DSP48E1:     0/  740     0%
Info: 	                 PAD:    46/ 1062     4%
Info: 	       IOB33M_OUTBUF:     0/  240     0%
Info: 	       IOB33S_OUTBUF:     0/  240     0%
Info: 	        IOB33_OUTBUF:    33/  500     6%
Info: 	     IOB33M_INBUF_EN:     0/  240     0%
Info: 	     IOB33S_INBUF_EN:     0/  240     0%
Info: 	      IOB33_INBUF_EN:    13/  500     2%
Info: 	IOB33M_TERM_OVERRIDE:     0/  240     0%
Info: 	IOB33S_TERM_OVERRIDE:     0/  240     0%
Info: 	 IOB33_TERM_OVERRIDE:     0/  500     0%
Info: 	       PULL_OR_KEEP1:     0/  980     0%
Info: 	            IDELAYE2:     0/  500     0%
Info: 	        OLOGICE3_TFF:     0/  500     0%
Info: 	      OLOGICE3_OUTFF:     0/  500     0%
Info: 	       OLOGICE3_MISR:     0/  500     0%
Info: 	           OSERDESE2:     0/  500     0%
Info: 	        ILOGICE3_IFF:     0/  500     0%
Info: 	ILOGICE3_ZHOLD_DELAY:     0/  500     0%
Info: 	           ISERDESE2:     0/  500     0%
Info: 	                BUFR:     0/   40     0%
Info: 	               BUFIO:     0/   40     0%
Info: 	          IDELAYCTRL:     0/   10     0%
Info: 	            BUFGCTRL:     1/   32     3%
Info: 	            PCIE_2_1:     0/    1     0%
Info: 	               BSCAN:     0/    4     0%
Info: 	                BUFG:     0/   32     0%
Info: 	              BUFHCE:     0/  120     0%
Info: 	            DCIRESET:     0/    1     0%
Info: 	            DNA_PORT:     0/    1     0%
Info: 	           EFUSE_USR:     0/    1     0%
Info: 	           FRAME_ECC:     0/    1     0%
Info: 	       GTPE2_CHANNEL:     0/   16     0%
Info: 	        GTPE2_COMMON:     0/    4     0%
Info: 	         IBUFDS_GTE2:     0/    8     0%
Info: 	                ICAP:     0/    2     0%
Info: 	            INVERTER:     0/  240     0%
Info: 	          MMCME2_ADV:     0/   10     0%
Info: 	        OLOGICE2_TFF:     0/  500     0%
Info: 	      OLOGICE2_OUTFF:     0/  500     0%
Info: 	           PLLE2_ADV:     0/   10     0%
Info: 	           SELMUX2_1:     0/102950     0%
Info: 	             STARTUP:     0/    1     0%
Info: 	          USR_ACCESS:     0/    1     0%
Info: 	              BUFFER:     0/   82     0%
Info: 	        ILOGICE2_IFF:     0/  500     0%
Info: 	       OLOGICE2_MISR:     0/  500     0%

Info: HeAP congestion knobs: beta=0.400 spread_scale=2,1 alpha=0.080
Info: Placed 93 cells based on constraints.
Info: Creating initial analytic placement for 244 cells, random placement wirelen = 91110.
Info:     at initial placer iter 0, wirelen = 10125
Info:     at initial placer iter 1, wirelen = 8997
Info:     at initial placer iter 2, wirelen = 8538
Info:     at initial placer iter 3, wirelen = 8449
Info: Running main analytical placer.
Info:     at iteration #1, type ALL: wirelen solved = 8377, spread = 10830, legal = 11485; time = 0.15s
Info:     at iteration #2, type ALL: wirelen solved = 8737, spread = 10115, legal = 10218; time = 0.38s
Info: HeAP Placer Time: 2.27s
Info:   of which solving equations: 0.50s
Info:   of which spreading cells: 0.12s
Info:   of which strict legalisation: 0.06s

Info: Running simulated annealing placer for refinement.
Info:   at iteration #1: temp = 0.000000, timing cost = 67, wirelen = 10218
Info:   at iteration #5: temp = 0.000000, timing cost = 59, wirelen = 9934
Info:   at iteration #5: temp = 0.000000, timing cost = 59, wirelen = 9934 
Info: SA placement time 0.35s

Info: Max frequency for clock '$auto$clkbufmap.cc:294:execute$3033': 68.60 MHz (FAIL at 100.00 MHz)

Info: Slack histogram:
Info:  legend: * represents 1 endpoint(s)
Info:          + represents [1,1) endpoint(s)
Info: [ -4578,  -3902) |******* 
Info: [ -3902,  -3226) |** 
Info: [ -3226,  -2550) | 
Info: [ -2550,  -1874) | 
Info: [ -1874,  -1198) |***** 
Info: [ -1198,   -522) |****************** 
Info: [  -522,    154) |*************************** 
Info: [   154,    830) |***************************** 
Info: [   830,   1506) |*********** 
Info: [  1506,   2182) |******** 
Info: [  2182,   2858) |******* 
Info: [  2858,   3534) |*** 
Info: [  3534,   4210) |***** 
Info: [  4210,   4886) |******************* 
Info: [  4886,   5562) |************ 
Info: [  5562,   6238) |******* 
Info: [  6238,   6914) |****** 
Info: [  6914,   7590) |**** 
Info: [  7590,   8266) |**************** 
Info: [  8266,   8942) |********* 
Info: Checksum: 0xccf210b8
Info: Running post-placement legalisation...
Info: post-place repair: relocated 150 stranded cluster(s)/cell(s) to valid bels
Info: Routing global clocks...
Info:     routing clock '$auto$clkbufmap.cc:294:execute$3033'
Info:     routing clock 'clk$auto$IOBUF_O$'
Info: Running router2...
Info: Setting up routing resources...
Info: Running main router loop...
Info:     iter=1 wires=6913 overused=119 overuse=122 archfail=NA
Info:     iter=2 wires=6983 overused=0 overuse=0 archfail=0
Info: 1000 slowest nets by runtime:
                                                                     rst_n$auto$IOBUF_O$    114 53086.4ms
                                                                acc_out[1]$auto$IOBUF_I$      1 10093.0ms
                                  $abc$2399$auto$opt_dff.cc:336:make_patterns_logic$1193     32 7623.8ms
                                                                 valid_out$auto$IOBUF_I$     35 6547.3ms
                        $techmap2917$abc$2399$auto$blifparse.cc:557:parse_blif$2518.A[0]     50 5943.4ms
                                                                acc_out[0]$auto$IOBUF_I$      1 5366.3ms
                        $techmap2917$abc$2399$auto$blifparse.cc:557:parse_blif$2518.A[1]     50 4126.8ms
                        $techmap2917$abc$2399$auto$blifparse.cc:557:parse_blif$2518.A[3]     50 4105.1ms
                        $techmap2925$abc$2399$auto$blifparse.cc:557:parse_blif$2511.A[4]     50 3707.0ms
                        $techmap2917$abc$2399$auto$blifparse.cc:557:parse_blif$2518.A[2]     50 2787.6ms
                                                               acc_out[19]$auto$IOBUF_I$      1 2154.0ms
                                              $auto$alumacc.cc:512:replace_alu$1200.Y[5]      2 1736.8ms
                                                               acc_out[13]$auto$IOBUF_I$      1 1352.9ms
                                                                acc_out[2]$auto$IOBUF_I$      1 1110.4ms
                                                               acc_out[20]$auto$IOBUF_I$      1 1095.4ms
                                              $auto$alumacc.cc:512:replace_alu$1200.Y[4]      2 1056.8ms
                                             $auto$alumacc.cc:512:replace_alu$1200.Y[10]      2 1008.8ms
                                                             activation[3]$auto$IOBUF_O$      2 1002.8ms
                                                               acc_out[15]$auto$IOBUF_I$      1 976.8ms
                        $techmap2912$abc$2399$auto$blifparse.cc:557:parse_blif$2519.A[0]     25 926.7ms
                                                                acc_out[4]$auto$IOBUF_I$      1 911.9ms
                                               $abc$2399$auto$rtlil.cc:3501:NotGate$2194      1 891.7ms
                                              $auto$alumacc.cc:512:replace_alu$1200.Y[1]      2 848.7ms
                                             $auto$alumacc.cc:512:replace_alu$1200.Y[19]      2 807.7ms
                                             $auto$alumacc.cc:512:replace_alu$1200.Y[20]      2 770.6ms
                                                                  valid_in$auto$IOBUF_O$      1 739.5ms
                                                               acc_out[16]$auto$IOBUF_I$      1 712.8ms
                                               $abc$2399$auto$rtlil.cc:3501:NotGate$2254      1 693.8ms
                                              $auto$alumacc.cc:512:replace_alu$1200.Y[7]      2 676.9ms
                                                               acc_out[14]$auto$IOBUF_I$      1 674.9ms
                                                             activation[1]$auto$IOBUF_O$      2 666.0ms
                                                             activation[0]$auto$IOBUF_O$      2 662.0ms
                                                             weight_enc[1]$auto$IOBUF_O$      8 653.5ms
                                                               acc_out[31]$auto$IOBUF_I$      1 633.9ms
                                               $abc$2399$auto$rtlil.cc:3501:NotGate$2358      1 503.6ms
                                             $auto$alumacc.cc:512:replace_alu$1200.Y[17]      2 488.6ms
                                                               acc_out[18]$auto$IOBUF_I$      1 484.2ms
                                              $auto$alumacc.cc:512:replace_alu$1200.Y[3]      2 482.6ms
                                                             activation[7]$auto$IOBUF_O$      2 480.0ms
                                                                                 acc[22]      2 479.9ms
                                               $abc$2399$auto$rtlil.cc:3501:NotGate$2366      1 472.8ms
                                                             weight_enc[0]$auto$IOBUF_O$      8 470.7ms
                                                             activation[2]$auto$IOBUF_O$      2 450.3ms
                                               $abc$2399$auto$rtlil.cc:3501:NotGate$2318      1 430.1ms
                                                                                 acc[23]      2 425.8ms
                                             $auto$alumacc.cc:512:replace_alu$1200.Y[16]      2 407.3ms
                                             $auto$alumacc.cc:512:replace_alu$1200.Y[27]      2 404.5ms
                                                                                count[4]      3 398.5ms
                                                               acc_out[30]$auto$IOBUF_I$      1 386.7ms
                                              $auto$alumacc.cc:512:replace_alu$1200.Y[9]      2 379.8ms
                                                               acc_out[17]$auto$IOBUF_I$      1 371.1ms
                                             $auto$alumacc.cc:512:replace_alu$1200.Y[11]      2 370.5ms
                                               $abc$2399$auto$rtlil.cc:3501:NotGate$2314      1 357.1ms
                                              $auto$alumacc.cc:512:replace_alu$1200.Y[6]      2 354.2ms
                                                                acc_out[8]$auto$IOBUF_I$      1 348.0ms
                                                             activation[4]$auto$IOBUF_O$      2 347.0ms
                                               $abc$2399$auto$rtlil.cc:3501:NotGate$2298      1 340.6ms
                                                                                 acc[26]      2 335.6ms
                                               $abc$2399$auto$rtlil.cc:3501:NotGate$2230      1 319.2ms
                                             $auto$alumacc.cc:512:replace_alu$1200.Y[18]      2 308.4ms
                                             $auto$alumacc.cc:512:replace_alu$1200.Y[15]      2 303.3ms
                                                                        result_latch[30]      1 297.2ms
                                               $abc$2399$auto$rtlil.cc:3501:NotGate$2320      1 296.3ms
                                                               acc_out[12]$auto$IOBUF_I$      1 284.6ms
                                              $auto$alumacc.cc:512:replace_alu$1200.Y[0]      2 271.9ms
                                               $abc$2399$auto$rtlil.cc:3501:NotGate$2306      1 263.5ms
                                               $abc$2399$auto$rtlil.cc:3501:NotGate$2354      1 259.6ms
                                                                acc_out[5]$auto$IOBUF_I$      1 256.9ms
                                                                    $0\acc_out[31:0][21]      1 255.2ms
                                               $abc$2399$auto$rtlil.cc:3501:NotGate$2386      1 250.4ms
                                               $abc$2399$auto$rtlil.cc:3501:NotGate$2362      1 242.1ms
                                               $abc$2399$auto$rtlil.cc:3501:NotGate$2308      1 241.1ms
                                                            $abc$2399$procmux$1137_Y[10]      1 240.0ms
                                              $auto$alumacc.cc:512:replace_alu$1206.Y[0]      1 240.0ms
                                              $auto$alumacc.cc:512:replace_alu$1200.Y[2]      2 221.0ms
                                               $abc$2399$auto$rtlil.cc:3501:NotGate$2198      1 219.3ms
                                               $abc$2399$auto$rtlil.cc:3501:NotGate$2352      1 209.7ms
                                             $auto$alumacc.cc:512:replace_alu$1200.Y[25]      2 199.5ms
                                                                    $0\acc_out[31:0][18]      1 198.3ms
                                               $abc$2399$auto$rtlil.cc:3501:NotGate$2256      1 197.6ms
                                                                                  acc[3]      2 189.6ms
                                              $auto$alumacc.cc:512:replace_alu$1200.Y[8]      2 183.8ms
                                                                    $0\acc_out[31:0][20]      1 181.2ms
                                                                                count[9]      3 179.2ms
                                               $abc$2399$auto$rtlil.cc:3501:NotGate$2390      1 177.3ms
                                               $abc$2399$auto$rtlil.cc:3501:NotGate$2294      1 176.3ms
                                               $abc$2399$auto$rtlil.cc:3501:NotGate$2252      1 169.5ms
                                                               acc_out[27]$auto$IOBUF_I$      1 166.6ms
                                             $auto$alumacc.cc:512:replace_alu$1200.Y[29]      2 165.4ms
                                                               acc_out[28]$auto$IOBUF_I$      1 164.4ms
                                                             activation[5]$auto$IOBUF_O$      2 160.1ms
                                              $auto$alumacc.cc:512:replace_alu$1203.Y[6]      1 157.6ms
                                             $auto$alumacc.cc:512:replace_alu$1206.Y[15]      1 147.8ms
                                               $abc$2399$auto$rtlil.cc:3501:NotGate$2296      1 142.9ms
                                               $abc$2399$auto$rtlil.cc:3501:NotGate$2232      1 140.6ms
                                             $auto$alumacc.cc:512:replace_alu$1206.Y[12]      1 137.7ms
                                              $auto$alumacc.cc:512:replace_alu$1200.X[2]      1 133.3ms
                                                                        result_latch[24]      1 127.1ms
                                             $auto$alumacc.cc:512:replace_alu$1206.Y[14]      1 125.4ms
                                              $auto$alumacc.cc:512:replace_alu$1206.Y[8]      1 125.0ms
                                                                                 acc[25]      2 121.4ms
                                                                               count[13]      3 116.9ms
                                               $abc$2399$auto$rtlil.cc:3501:NotGate$2264      1 114.8ms
                                               $abc$2399$auto$rtlil.cc:3501:NotGate$2374      1 114.6ms
                                              $auto$alumacc.cc:512:replace_alu$1203.Y[2]      1 114.0ms
                                               $abc$2399$auto$rtlil.cc:3501:NotGate$2328      1 109.1ms
                                                                                 acc[31]      2 108.0ms
                                                                acc_out[6]$auto$IOBUF_I$      1 106.1ms
                                                                        result_latch[16]      1 103.2ms
                                                                    $0\acc_out[31:0][19]      1 95.5ms
                                                                                 acc[16]      2 94.0ms
                                             $auto$alumacc.cc:512:replace_alu$1200.Y[12]      2 91.4ms
                                               $abc$2399$auto$rtlil.cc:3501:NotGate$2270      1 90.8ms
                                                                     $0\acc_out[31:0][1]      1 90.5ms
                                                               acc_out[21]$auto$IOBUF_I$      1 89.2ms
                                             $auto$alumacc.cc:512:replace_alu$1206.Y[11]      1 89.0ms
                                               $abc$2399$auto$rtlil.cc:3501:NotGate$2290      1 88.2ms
                                               $abc$2399$auto$rtlil.cc:3501:NotGate$2326      1 87.7ms
                                                               acc_out[25]$auto$IOBUF_I$      1 85.6ms
                                                                                  acc[2]      2 85.4ms
                                                                $PACKER_GND_NET$legal$85      1 85.2ms
                                              $auto$alumacc.cc:512:replace_alu$1203.Y[7]      1 84.7ms
                                               $abc$2399$auto$rtlil.cc:3501:NotGate$2196      1 82.2ms
                                                                                 acc[27]      2 81.7ms
                                              $auto$alumacc.cc:512:replace_alu$1206.Y[1]      1 81.7ms
                                                                                  acc[9]      2 79.4ms
                                               $abc$2399$auto$rtlil.cc:3501:NotGate$2388      1 79.1ms
                                                               acc_out[11]$auto$IOBUF_I$      1 77.8ms
                                                                acc_out[7]$auto$IOBUF_I$      1 77.7ms
                                                             activation[6]$auto$IOBUF_O$      2 77.1ms
                                                               acc_out[24]$auto$IOBUF_I$      1 75.5ms
                                                                                 acc[24]      2 74.8ms
                                                               acc_out[22]$auto$IOBUF_I$      1 73.1ms
                                               $abc$2399$auto$rtlil.cc:3501:NotGate$2226      1 73.0ms
                                               $abc$2399$auto$rtlil.cc:3501:NotGate$2292      1 72.5ms
                                             $auto$alumacc.cc:512:replace_alu$1206.Y[13]      1 72.3ms
                                                                                count[2]      3 71.9ms
                                                            $abc$2399$procmux$1131_Y[10]      1 71.2ms
                                                                        result_latch[15]      1 70.9ms
                                                               acc_out[23]$auto$IOBUF_I$      1 70.8ms
                                                             $abc$2399$procmux$1131_Y[0]      1 70.4ms
                                                                        result_latch[11]      1 69.4ms
                                                            $abc$2399$procmux$1131_Y[15]      1 69.4ms
                                             $auto$alumacc.cc:512:replace_alu$1200.Y[28]      2 69.4ms
                                                                        result_latch[27]      1 69.3ms
                                               $abc$2399$auto$rtlil.cc:3501:NotGate$2206      1 68.6ms
                                               $abc$2399$auto$rtlil.cc:3501:NotGate$2316      1 67.5ms
                                                                    $0\acc_out[31:0][24]      1 66.1ms
                                                                $PACKER_GND_NET$legal$89      1 63.9ms
                                               $abc$2399$auto$rtlil.cc:3501:NotGate$2192      1 62.5ms
                                                                      count[4]$legal$105      1 62.3ms
                                             $auto$alumacc.cc:512:replace_alu$1200.Y[21]      2 62.0ms
                                                                                 acc[30]      2 60.3ms
                                                                                 acc[20]      2 59.8ms
                                                                acc_out[9]$auto$IOBUF_I$      1 58.9ms
                                                                acc_out[3]$auto$IOBUF_I$      1 56.4ms
                                               $abc$2399$auto$rtlil.cc:3501:NotGate$2208      1 56.4ms
                                               $abc$2399$auto$rtlil.cc:3501:NotGate$2304      1 55.4ms
                                               $abc$2399$auto$rtlil.cc:3501:NotGate$2398      1 55.3ms
                                               $abc$2399$auto$rtlil.cc:3501:NotGate$2302      1 53.5ms
                                                             $abc$2399$procmux$1137_Y[5]      1 53.1ms
                                                                        acc[12]$legal$39      1 53.1ms
                                             $auto$alumacc.cc:512:replace_alu$1200.Y[26]      2 52.5ms
                                               $abc$2399$auto$rtlil.cc:3501:NotGate$2348      1 52.4ms
                                             $auto$alumacc.cc:512:replace_alu$1200.Y[14]      2 52.3ms
                                               $abc$2399$auto$rtlil.cc:3501:NotGate$2350      1 51.4ms
                                               $abc$2399$auto$rtlil.cc:3501:NotGate$2228      1 51.1ms
                                                                                count[5]      3 51.0ms
                                                                        result_latch[31]      1 50.6ms
                                                                     $0\acc_out[31:0][6]      1 49.2ms
                                               $abc$2399$auto$rtlil.cc:3501:NotGate$2380      1 48.4ms
                                                                                count[3]      3 47.9ms
                                                                                count[0]      3 47.8ms
                                                            $abc$2399$procmux$1131_Y[14]      1 47.6ms
                                                                       count[0]$legal$97      1 46.9ms
                                                                     $0\acc_out[31:0][2]      1 46.9ms
                                               $abc$2399$auto$rtlil.cc:3501:NotGate$2234      1 45.3ms
                                                             $abc$2399$procmux$1131_Y[4]      1 44.7ms
                                               $abc$2399$auto$rtlil.cc:3501:NotGate$2262      1 43.8ms
                                               $abc$2399$auto$rtlil.cc:3501:NotGate$2346      1 43.1ms
                                                               acc_out[10]$auto$IOBUF_I$      1 42.8ms
                                              $auto$alumacc.cc:512:replace_alu$1200.X[4]      1 42.5ms
                                                                     count[12]$legal$121      1 42.3ms
                                                                    $0\acc_out[31:0][17]      1 42.0ms
                                                                     count[13]$legal$123      1 41.6ms
                                               $abc$2399$auto$rtlil.cc:3501:NotGate$2172      1 40.7ms
                                               $abc$2399$auto$rtlil.cc:3501:NotGate$2266      1 40.6ms
                                                               acc_out[29]$auto$IOBUF_I$      1 39.8ms
                                                                     $0\acc_out[31:0][7]      1 38.2ms
                                                             $abc$2399$procmux$1131_Y[6]      1 37.6ms
                                             $auto$alumacc.cc:512:replace_alu$1200.Y[30]      2 37.6ms
                                                            $abc$2399$procmux$1137_Y[29]      1 37.3ms
                                                                     $0\acc_out[31:0][8]      1 36.9ms
                                                                        result_latch[18]      1 36.8ms
                                                            $abc$2399$procmux$1131_Y[12]      1 36.5ms
                                                     $auto$clkbufmap.cc:294:execute$3033    114 36.1ms
                                               $abc$2399$auto$rtlil.cc:3501:NotGate$2258      1 36.1ms
                                                                     $0\acc_out[31:0][4]      1 35.8ms
                                              $auto$alumacc.cc:512:replace_alu$1203.Y[3]      1 35.3ms
                                                                                  acc[7]      2 33.1ms
                                               $abc$2399$auto$rtlil.cc:3501:NotGate$2324      1 32.9ms
                                               $abc$2399$auto$rtlil.cc:3501:NotGate$2238      1 32.0ms
                                                             $abc$2399$procmux$1137_Y[4]      1 31.6ms
                                                                        result_latch[12]      1 30.9ms
                                             $auto$alumacc.cc:512:replace_alu$1200.Y[22]      2 30.4ms
                                              $auto$alumacc.cc:512:replace_alu$1206.Y[9]      1 29.8ms
                                                                        acc[19]$legal$53      1 29.3ms
                                                            $abc$2399$procmux$1137_Y[12]      1 29.1ms
                                               $abc$2399$auto$rtlil.cc:3501:NotGate$2382      1 28.8ms
                                                                                  acc[1]      2 28.1ms
                                                             $abc$2399$procmux$1131_Y[7]      1 26.9ms
                                              $auto$alumacc.cc:512:replace_alu$1206.Y[5]      1 26.7ms
                                              $auto$alumacc.cc:512:replace_alu$1206.Y[2]      1 26.7ms
                                             $auto$alumacc.cc:512:replace_alu$1206.Y[10]      1 26.7ms
                                               $abc$2399$auto$rtlil.cc:3501:NotGate$2394      1 26.6ms
                                                             $abc$2399$procmux$1131_Y[8]      1 26.1ms
                                                                     count[11]$legal$119      1 24.7ms
                                                             $abc$2399$procmux$1131_Y[2]      1 24.1ms
                                                                     $0\acc_out[31:0][0]      1 24.1ms
                                                             $abc$2399$procmux$1137_Y[0]      1 23.9ms
                                               $abc$2399$auto$rtlil.cc:3501:NotGate$2236      1 23.9ms
                                               $abc$2399$auto$rtlil.cc:3501:NotGate$2330      1 23.5ms
                                               $abc$2399$auto$rtlil.cc:3501:NotGate$2204      1 22.7ms
                                               $abc$2399$auto$rtlil.cc:3501:NotGate$2396      1 22.5ms
                                                            $abc$2399$procmux$1131_Y[11]      1 22.4ms
                                               $abc$2399$auto$rtlil.cc:3501:NotGate$2378      1 22.0ms
                                              $auto$alumacc.cc:512:replace_alu$1206.Y[7]      1 21.9ms
                                             $auto$alumacc.cc:512:replace_alu$1200.Y[24]      2 21.9ms
                                                                $PACKER_GND_NET$legal$79      1 21.8ms
                                                                      count[9]$legal$115      1 21.8ms
                                                                        result_latch[13]      1 21.6ms
                                                                                 acc[11]      2 21.2ms
                                                                                 acc[17]      2 21.2ms
                                                                $PACKER_GND_NET$legal$87      1 20.7ms
                                                                                  acc[5]      2 20.6ms
                                               $abc$2399$auto$rtlil.cc:3501:NotGate$2332      1 20.1ms
                                                                     vector_done_delayed      1 19.9ms
                                              $auto$alumacc.cc:512:replace_alu$1200.X[5]      1 19.3ms
                                               $abc$2399$auto$rtlil.cc:3501:NotGate$2312      1 19.2ms
                                                                                 acc[19]      2 18.6ms
                                               $abc$2399$auto$rtlil.cc:3501:NotGate$2376      1 18.6ms
                                                                    $0\acc_out[31:0][28]      1 18.4ms
                                               $abc$2399$auto$rtlil.cc:3501:NotGate$2338      1 18.3ms
                                               $abc$2399$auto$rtlil.cc:3501:NotGate$2274      1 18.2ms
                                              $auto$alumacc.cc:512:replace_alu$1206.Y[6]      1 18.2ms
                                                                                 acc[29]      2 18.1ms
                                                                     $0\acc_out[31:0][5]      1 18.1ms
                                                               acc_out[26]$auto$IOBUF_I$      1 17.9ms
                                               $abc$2399$auto$rtlil.cc:3501:NotGate$2342      1 17.7ms
                                                                    $0\acc_out[31:0][13]      1 17.5ms
                                                                    $0\acc_out[31:0][30]      1 16.4ms
                                                                               count[11]      3 16.4ms
                                               $abc$2399$auto$rtlil.cc:3501:NotGate$2260      1 16.1ms
                                               $abc$2399$auto$rtlil.cc:3501:NotGate$2372      1 16.1ms
                                                            $abc$2399$procmux$1137_Y[25]      1 16.0ms
                                                                                 acc[21]      2 15.9ms
                                                                    $0\acc_out[31:0][23]      1 15.6ms
                                              $auto$alumacc.cc:512:replace_alu$1200.X[0]      1 15.4ms
                                              $auto$alumacc.cc:512:replace_alu$1200.X[1]      1 15.4ms
                                                                                  acc[6]      2 15.2ms
                                                                    $0\acc_out[31:0][25]      1 14.6ms
                                               $abc$2399$auto$rtlil.cc:3501:NotGate$2282      1 14.3ms
                                               $abc$2399$auto$rtlil.cc:3501:NotGate$2272      1 13.4ms
                                               $abc$2399$auto$rtlil.cc:3501:NotGate$2242      1 12.8ms
                                                                    $0\acc_out[31:0][14]      1 12.8ms
                                               $abc$2399$auto$rtlil.cc:3501:NotGate$2284      1 12.7ms
                                                                         acc[7]$legal$29      1 12.4ms
                                                                                 acc[10]      2 12.3ms
                                                                                count[8]      3 12.2ms
                                                                    $0\acc_out[31:0][15]      1 12.1ms
                                                                                count[6]      3 11.8ms
                                             $auto$alumacc.cc:512:replace_alu$1200.Y[13]      2 11.7ms
                                                                               count[14]      3 11.5ms
                                                                                  acc[4]      2 11.4ms
                                               $abc$2399$auto$rtlil.cc:3501:NotGate$2202      1 11.2ms
                                                                               count[12]      3 11.1ms
                                                                      count[5]$legal$107      1 11.0ms
                                                                    $0\acc_out[31:0][27]      1 10.6ms
                                               $abc$2399$auto$rtlil.cc:3501:NotGate$2180      1 10.3ms
                                               $abc$2399$auto$rtlil.cc:3501:NotGate$2214      1 10.3ms
                                                                                count[1]      3 10.3ms
                                                                                count[7]      3 10.2ms
                                                            $abc$2399$procmux$1131_Y[13]      1 10.1ms
                                                                     count[14]$legal$125      1 9.7ms
                                               $abc$2399$auto$rtlil.cc:3501:NotGate$2334      1 9.5ms
                                               $abc$2399$auto$rtlil.cc:3501:NotGate$2178      1 9.5ms
                                                                        result_latch[17]      1 9.4ms
                                                                     $0\acc_out[31:0][3]      1 9.2ms
                                                            $abc$2399$procmux$1137_Y[30]      1 9.2ms
                                               $abc$2399$auto$rtlil.cc:3501:NotGate$2248      1 9.0ms
                                                                         acc[5]$legal$23      1 8.9ms
                                                            $abc$2399$procmux$1137_Y[27]      1 8.8ms
                                                            $abc$2399$procmux$1137_Y[24]      1 8.6ms
                                                            $abc$2399$procmux$1137_Y[16]      1 8.6ms
                                                                    $0\acc_out[31:0][31]      1 8.6ms
                                                                                 acc[13]      2 8.5ms
                                               $abc$2399$auto$rtlil.cc:3501:NotGate$2300      1 8.4ms
                                                             $abc$2399$procmux$1137_Y[6]      1 8.4ms
                                                                     count[10]$legal$117      1 8.3ms
                                               $abc$2399$auto$rtlil.cc:3501:NotGate$2392      1 8.3ms
                                               $abc$2399$auto$rtlil.cc:3501:NotGate$2224      1 8.3ms
                                               $abc$2399$auto$rtlil.cc:3501:NotGate$2186      1 8.2ms
                                                            $abc$2399$procmux$1137_Y[28]      1 8.1ms
                                               $abc$2399$auto$rtlil.cc:3501:NotGate$2250      1 8.1ms
                                             $auto$alumacc.cc:512:replace_alu$1200.Y[23]      2 8.0ms
                                                            $abc$2399$procmux$1137_Y[15]      1 7.9ms
                                                                         result_latch[2]      1 7.9ms
                                               $abc$2399$auto$rtlil.cc:3501:NotGate$2240      1 7.9ms
                                                                        acc[24]$legal$63      1 7.8ms
                                                                               count[15]      3 7.8ms
                                               $abc$2399$auto$rtlil.cc:3501:NotGate$2276      1 7.7ms
                                                                    $0\acc_out[31:0][29]      1 7.6ms
                                                                               count[10]      3 7.6ms
                                               $abc$2399$auto$rtlil.cc:3501:NotGate$2368      1 7.6ms
                                                            $abc$2399$procmux$1137_Y[17]      1 7.5ms
                                                                        acc[28]$legal$71      1 7.5ms
                                                                        acc[31]$legal$77      1 7.5ms
                                               $abc$2399$auto$rtlil.cc:3501:NotGate$2176      1 7.5ms
                                               $abc$2399$auto$rtlil.cc:3501:NotGate$2364      1 7.2ms
                                                                $PACKER_GND_NET$legal$83      1 7.2ms
                                                            $abc$2399$procmux$1137_Y[19]      1 7.1ms
                                                                    $0\acc_out[31:0][26]      1 7.0ms
                                                                                  acc[0]      2 7.0ms
                                               $abc$2399$auto$rtlil.cc:3501:NotGate$2340      1 6.8ms
                                                                        acc[20]$legal$55      1 6.7ms
                                               $abc$2399$auto$rtlil.cc:3501:NotGate$2278      1 6.7ms
                                                                        result_latch[20]      1 6.5ms
                                               $abc$2399$auto$rtlil.cc:3501:NotGate$2212      1 6.4ms
                                                                         result_latch[6]      1 6.4ms
                                                            $abc$2399$procmux$1137_Y[23]      1 6.4ms
                                               $abc$2399$auto$rtlil.cc:3501:NotGate$2188      1 6.4ms
                                                                        result_latch[19]      1 6.3ms
                                                             $abc$2399$procmux$1131_Y[1]      1 6.2ms
                                               $abc$2399$auto$rtlil.cc:3501:NotGate$2344      1 6.2ms
                                                                         result_latch[0]      1 6.1ms
                                                            $abc$2399$procmux$1137_Y[14]      1 6.1ms
                                               $abc$2399$auto$rtlil.cc:3501:NotGate$2356      1 6.0ms
                                               $abc$2399$auto$rtlil.cc:3501:NotGate$2200      1 5.9ms
                                                                $PACKER_GND_NET$legal$81      1 5.7ms
                                                                                 acc[18]      2 5.7ms
                                                             $abc$2399$procmux$1137_Y[7]      1 5.7ms
                                                             $abc$2399$procmux$1131_Y[9]      1 5.6ms
                                               $abc$2399$auto$rtlil.cc:3501:NotGate$2336      1 5.6ms
                                               $abc$2399$auto$rtlil.cc:3501:NotGate$2190      1 5.5ms
                                                                         result_latch[5]      1 5.4ms
                                                                       count[0]$legal$95      1 5.4ms
                                                                                  acc[8]      2 5.3ms
                                               $abc$2399$auto$rtlil.cc:3501:NotGate$2310      1 5.2ms
                                               $abc$2399$auto$rtlil.cc:3501:NotGate$2280      1 5.0ms
                                                                                 acc[28]      2 5.0ms
                                                                        result_latch[26]      1 4.8ms
                                                                        result_latch[21]      1 4.7ms
                                                                         result_latch[3]      1 4.5ms
                                                                                 acc[12]      2 4.5ms
                                               $abc$2399$auto$rtlil.cc:3501:NotGate$2268      1 4.4ms
                                                                    $0\acc_out[31:0][12]      1 4.2ms
                                                                    $0\acc_out[31:0][16]      1 4.1ms
                                                                        acc[26]$legal$67      1 4.1ms
                                                                                 acc[15]      2 4.1ms
                                               $abc$2399$auto$rtlil.cc:3501:NotGate$2288      1 4.0ms
                                                                       clk$auto$IOBUF_O$      1 4.0ms
                                             $auto$alumacc.cc:512:replace_alu$1200.Y[31]      2 4.0ms
                                               $abc$2399$auto$rtlil.cc:3501:NotGate$2246      1 4.0ms
                                                                        acc[29]$legal$73      1 3.9ms
                                               $abc$2399$auto$rtlil.cc:3501:NotGate$2384      1 3.8ms
                                               $abc$2399$auto$rtlil.cc:3501:NotGate$2184      1 3.8ms
                                               $abc$2399$auto$rtlil.cc:3501:NotGate$2182      1 3.6ms
                                                                          acc[0]$legal$3      1 3.6ms
                                               $abc$2399$auto$rtlil.cc:3501:NotGate$2222      1 3.5ms
                                              $auto$alumacc.cc:512:replace_alu$1200.X[6]      1 3.5ms
                                               $abc$2399$auto$rtlil.cc:3501:NotGate$2174      1 3.4ms
                                               $abc$2399$auto$rtlil.cc:3501:NotGate$2218      1 3.3ms
                                               $abc$2399$auto$rtlil.cc:3501:NotGate$2322      1 3.3ms
                                                            $abc$2399$procmux$1137_Y[13]      1 3.2ms
                                               $abc$2399$auto$rtlil.cc:3501:NotGate$2286      1 3.2ms
                                                                        acc[17]$legal$49      1 3.0ms
                                                                         acc[3]$legal$15      1 2.9ms
                                               $abc$2399$auto$rtlil.cc:3501:NotGate$2216      1 2.8ms
                                                                                 acc[14]      2 2.8ms
                                                                      count[6]$legal$109      1 2.8ms
                                                                        acc[15]$legal$45      1 2.8ms
                                              $auto$alumacc.cc:512:replace_alu$1206.Y[4]      1 2.8ms
                                              $auto$alumacc.cc:512:replace_alu$1200.X[3]      1 2.7ms
                                               $abc$2399$auto$rtlil.cc:3501:NotGate$2360      1 2.6ms
                                                                     $0\acc_out[31:0][9]      1 2.6ms
                                              $auto$alumacc.cc:512:replace_alu$1206.Y[3]      1 2.5ms
                                              $auto$alumacc.cc:512:replace_alu$1203.Y[1]      1 2.5ms
                                               $abc$2399$auto$rtlil.cc:3501:NotGate$2244      1 2.3ms
                                                                         acc[2]$legal$11      1 2.3ms
                                               $abc$2399$auto$rtlil.cc:3501:NotGate$2220      1 2.2ms
                                                            $abc$2399$procmux$1137_Y[20]      1 2.2ms
                                                                         result_latch[1]      1 2.2ms
                                                                        acc[21]$legal$57      1 2.2ms
                                                                    $0\acc_out[31:0][22]      1 2.1ms
                                               $abc$2399$auto$rtlil.cc:3501:NotGate$2210      1 2.1ms
                                                                         result_latch[8]      1 2.0ms
                                                                        result_latch[28]      1 1.9ms
                                                                      count[7]$legal$111      1 1.8ms
                                                                         acc[4]$legal$19      1 1.8ms
                                                                        result_latch[14]      1 1.7ms
                                                            $abc$2399$procmux$1137_Y[21]      1 1.6ms
                                                                        acc[11]$legal$37      1 1.5ms
                                                                        acc[22]$legal$59      1 1.5ms
                                                                        acc[30]$legal$75      1 1.4ms
                                                             $abc$2399$procmux$1137_Y[8]      1 1.4ms
                                                                        result_latch[10]      1 1.2ms
                                                                      count[2]$legal$101      1 1.2ms
                                                            $abc$2399$procmux$1137_Y[22]      1 1.2ms
                                              $auto$alumacc.cc:512:replace_alu$1203.Y[0]      1 1.2ms
                                               $abc$2399$auto$rtlil.cc:3501:NotGate$2370      1 1.1ms
                                                             $abc$2399$procmux$1131_Y[3]      1 1.1ms
                                                                        acc[23]$legal$61      1 1.0ms
                                              $auto$alumacc.cc:512:replace_alu$1203.Y[4]      1 1.0ms
                                                                      count[8]$legal$113      1 1.0ms
                                                             $abc$2399$procmux$1131_Y[5]      1 1.0ms
                                                            $abc$2399$procmux$1137_Y[18]      1 1.0ms
                                              $auto$alumacc.cc:512:replace_alu$1203.Y[5]      1 0.9ms
                                                             $abc$2399$procmux$1137_Y[3]      1 0.9ms
                                                                         result_latch[9]      1 0.8ms
                                                                          acc[1]$legal$7      1 0.8ms
                                                                        result_latch[23]      1 0.8ms
                                                                         result_latch[7]      1 0.8ms
                                                                         result_latch[4]      1 0.7ms
                                                                        acc[27]$legal$69      1 0.7ms
                                                                      count[3]$legal$103      1 0.7ms
                                                                        acc[18]$legal$51      1 0.7ms
                                                                        result_latch[25]      1 0.7ms
                                                                        acc[13]$legal$41      1 0.7ms
                                                                        result_latch[22]      1 0.6ms
                                             $abc$2399$auto$rtlil.cc:3267:ReduceAnd$1210      1 0.6ms
                                                                        acc[14]$legal$43      1 0.6ms
                                                                        result_latch[29]      1 0.6ms
                                                                    $0\acc_out[31:0][10]      1 0.6ms
                                                             $abc$2399$procmux$1137_Y[2]      1 0.6ms
                                                                        acc[10]$legal$35      1 0.6ms
                                                                        acc[16]$legal$47      1 0.6ms
                                                            $abc$2399$procmux$1137_Y[26]      1 0.5ms
                                                                         acc[6]$legal$27      1 0.5ms
                                                                         acc[9]$legal$33      1 0.5ms
                                                            $abc$2399$procmux$1137_Y[31]      1 0.5ms
                                                                        acc[25]$legal$65      1 0.5ms
                                                                         acc[8]$legal$31      1 0.5ms
                                                                    $0\acc_out[31:0][11]      1 0.5ms
                                                             $abc$2399$procmux$1137_Y[9]      1 0.4ms
                                                             $abc$2399$procmux$1137_Y[1]      1 0.4ms
                                              $auto$alumacc.cc:512:replace_alu$1200.X[7]      1 0.4ms
                                                            $abc$2399$procmux$1137_Y[11]      1 0.4ms
                                            $auto$alumacc.cc:512:replace_alu$1200.CO[11]      1 0.2ms
                                            $auto$alumacc.cc:512:replace_alu$1200.CO[19]      1 0.1ms
                                             $auto$alumacc.cc:512:replace_alu$1206.CO[3]      1 0.1ms
                                                                             acc_out[12]      1 0.1ms
                                             $auto$alumacc.cc:512:replace_alu$1200.CO[7]      1 0.1ms
                                            $auto$alumacc.cc:512:replace_alu$1200.CO[23]      1 0.1ms
                                             $auto$alumacc.cc:512:replace_alu$1200.CO[3]      1 0.1ms
                                            $auto$alumacc.cc:512:replace_alu$1200.CO[27]      1 0.1ms
                                      $auto$alumacc.cc:512:replace_alu$1200.X[2]$legal$9      1 0.1ms
                                            $auto$alumacc.cc:512:replace_alu$1200.CO[15]      1 0.0ms
                                                                     count[15]$legal$127      1 0.0ms
                                            $auto$alumacc.cc:512:replace_alu$1206.CO[11]      1 0.0ms
                                                                             acc_out[31]      1 0.0ms
                                             $auto$alumacc.cc:512:replace_alu$1203.CO[3]      1 0.0ms
                                                                             acc_out[18]      1 0.0ms
                                                                               valid_out      1 0.0ms
                                                                $PACKER_GND_NET$legal$93      1 0.0ms
                                             $auto$alumacc.cc:512:replace_alu$1203.BB[7]      1 0.0ms
                                                                             acc_out[19]      1 0.0ms
                                                                              acc_out[0]      1 0.0ms
                                                                       count[1]$legal$99      1 0.0ms
                                             $auto$alumacc.cc:512:replace_alu$1206.CO[5]      0 0.0ms
                                                                $PACKER_GND_NET$legal$91      1 0.0ms
                                             $auto$alumacc.cc:512:replace_alu$1206.CO[4]      0 0.0ms
                                                                              acc_out[1]      1 0.0ms
                                             $auto$alumacc.cc:512:replace_alu$1203.BB[5]      1 0.0ms
                                             $auto$alumacc.cc:512:replace_alu$1206.CO[7]      1 0.0ms
                                                                             acc_out[14]      1 0.0ms
                                             $auto$alumacc.cc:512:replace_alu$1200.CO[9]      0 0.0ms
                                                                             acc_out[28]      1 0.0ms
                                                                              acc_out[2]      1 0.0ms
                                            $auto$alumacc.cc:512:replace_alu$1206.CO[10]      0 0.0ms
                                             $auto$alumacc.cc:512:replace_alu$1203.BB[2]      1 0.0ms
                                              $auto$alumacc.cc:512:replace_alu$1200.X[9]      1 0.0ms
                                             $auto$alumacc.cc:512:replace_alu$1200.X[13]      1 0.0ms
                                     $auto$alumacc.cc:512:replace_alu$1200.X[5]$legal$21      1 0.0ms
                                      $auto$alumacc.cc:512:replace_alu$1200.X[0]$legal$1      1 0.0ms
                                                                             acc_out[22]      1 0.0ms
                                                                             acc_out[20]      1 0.0ms
                                                                             acc_out[17]      1 0.0ms
                                                                             acc_out[16]      1 0.0ms
                                                                             acc_out[15]      1 0.0ms
                                                                             acc_out[11]      1 0.0ms
                                                                              acc_out[9]      1 0.0ms
                                                                              acc_out[8]      1 0.0ms
                                                                              acc_out[7]      1 0.0ms
                                             $auto$alumacc.cc:512:replace_alu$1203.BB[3]      1 0.0ms
                                             $auto$alumacc.cc:512:replace_alu$1203.BB[4]      1 0.0ms
                                             $auto$alumacc.cc:512:replace_alu$1206.X[15]      1 0.0ms
                                              $auto$alumacc.cc:512:replace_alu$1206.X[1]      1 0.0ms
                                              $auto$alumacc.cc:512:replace_alu$1206.X[2]      1 0.0ms
                                              $auto$alumacc.cc:512:replace_alu$1206.X[3]      1 0.0ms
                                              $auto$alumacc.cc:512:replace_alu$1206.X[5]      1 0.0ms
                                              $auto$alumacc.cc:512:replace_alu$1206.X[6]      1 0.0ms
                                              $auto$alumacc.cc:512:replace_alu$1206.X[7]      1 0.0ms
                                              $auto$alumacc.cc:512:replace_alu$1206.X[9]      1 0.0ms
                                             $auto$alumacc.cc:512:replace_alu$1206.X[11]      1 0.0ms
                                             $auto$alumacc.cc:512:replace_alu$1206.X[12]      1 0.0ms
                                             $auto$alumacc.cc:512:replace_alu$1206.X[13]      1 0.0ms
                                             $auto$alumacc.cc:512:replace_alu$1206.X[14]      1 0.0ms
                                             $auto$alumacc.cc:512:replace_alu$1200.X[19]      1 0.0ms
                                             $auto$alumacc.cc:512:replace_alu$1200.X[20]      1 0.0ms
                                             $auto$alumacc.cc:512:replace_alu$1200.X[29]      1 0.0ms
                                             $auto$alumacc.cc:512:replace_alu$1200.X[31]      1 0.0ms
                                     $auto$alumacc.cc:512:replace_alu$1200.X[6]$legal$25      1 0.0ms
                                     $auto$alumacc.cc:512:replace_alu$1200.X[4]$legal$17      1 0.0ms
                                     $auto$alumacc.cc:512:replace_alu$1200.X[3]$legal$13      1 0.0ms
                                      $auto$alumacc.cc:512:replace_alu$1200.X[1]$legal$5      1 0.0ms
                                                                         $PACKER_VCC_NET     62 0.0ms
                                                                         $PACKER_GND_NET      8 0.0ms
                                                                             acc_out[30]      1 0.0ms
                                                                             acc_out[29]      1 0.0ms
                                                                             acc_out[27]      1 0.0ms
                                                                             acc_out[26]      1 0.0ms
                                                                             acc_out[25]      1 0.0ms
                                                                             acc_out[24]      1 0.0ms
                                                                             acc_out[23]      1 0.0ms
                                                                             acc_out[21]      1 0.0ms
                                                                             acc_out[13]      1 0.0ms
                                                                             acc_out[10]      1 0.0ms
                                                                              acc_out[6]      1 0.0ms
                                                                              acc_out[5]      1 0.0ms
                                                                              acc_out[4]      1 0.0ms
                                                                              acc_out[3]      1 0.0ms
                                            $auto$alumacc.cc:512:replace_alu$1206.CO[15]      0 0.0ms
                                            $auto$alumacc.cc:512:replace_alu$1206.CO[14]      0 0.0ms
                                            $auto$alumacc.cc:512:replace_alu$1206.CO[13]      0 0.0ms
                                            $auto$alumacc.cc:512:replace_alu$1206.CO[12]      0 0.0ms
                                             $auto$alumacc.cc:512:replace_alu$1206.CO[9]      0 0.0ms
                                             $auto$alumacc.cc:512:replace_alu$1206.CO[8]      0 0.0ms
                                             $auto$alumacc.cc:512:replace_alu$1206.CO[6]      0 0.0ms
                                             $auto$alumacc.cc:512:replace_alu$1206.CO[2]      0 0.0ms
                                             $auto$alumacc.cc:512:replace_alu$1206.CO[1]      0 0.0ms
                                             $auto$alumacc.cc:512:replace_alu$1206.CO[0]      0 0.0ms
                                             $auto$alumacc.cc:512:replace_alu$1203.CO[7]      0 0.0ms
                                             $auto$alumacc.cc:512:replace_alu$1203.CO[6]      0 0.0ms
                                             $auto$alumacc.cc:512:replace_alu$1203.CO[5]      0 0.0ms
                                             $auto$alumacc.cc:512:replace_alu$1203.CO[4]      0 0.0ms
                                             $auto$alumacc.cc:512:replace_alu$1203.CO[2]      0 0.0ms
                                             $auto$alumacc.cc:512:replace_alu$1203.CO[1]      0 0.0ms
                                             $auto$alumacc.cc:512:replace_alu$1203.CO[0]      0 0.0ms
                                            $auto$alumacc.cc:512:replace_alu$1200.CO[31]      0 0.0ms
                                            $auto$alumacc.cc:512:replace_alu$1200.CO[30]      0 0.0ms
                                            $auto$alumacc.cc:512:replace_alu$1200.CO[29]      0 0.0ms
                                            $auto$alumacc.cc:512:replace_alu$1200.CO[28]      0 0.0ms
                                            $auto$alumacc.cc:512:replace_alu$1200.CO[26]      0 0.0ms
                                            $auto$alumacc.cc:512:replace_alu$1200.CO[25]      0 0.0ms
                                            $auto$alumacc.cc:512:replace_alu$1200.CO[24]      0 0.0ms
                                            $auto$alumacc.cc:512:replace_alu$1200.CO[22]      0 0.0ms
                                            $auto$alumacc.cc:512:replace_alu$1200.CO[21]      0 0.0ms
                                            $auto$alumacc.cc:512:replace_alu$1200.CO[20]      0 0.0ms
                                            $auto$alumacc.cc:512:replace_alu$1200.CO[18]      0 0.0ms
                                            $auto$alumacc.cc:512:replace_alu$1200.CO[17]      0 0.0ms
                                            $auto$alumacc.cc:512:replace_alu$1200.CO[16]      0 0.0ms
                                            $auto$alumacc.cc:512:replace_alu$1200.CO[14]      0 0.0ms
                                            $auto$alumacc.cc:512:replace_alu$1200.CO[13]      0 0.0ms
                                            $auto$alumacc.cc:512:replace_alu$1200.CO[12]      0 0.0ms
                                            $auto$alumacc.cc:512:replace_alu$1200.CO[10]      0 0.0ms
                                             $auto$alumacc.cc:512:replace_alu$1200.CO[8]      0 0.0ms
                                             $auto$alumacc.cc:512:replace_alu$1200.CO[6]      0 0.0ms
                                             $auto$alumacc.cc:512:replace_alu$1200.CO[5]      0 0.0ms
                                             $auto$alumacc.cc:512:replace_alu$1200.CO[4]      0 0.0ms
                                             $auto$alumacc.cc:512:replace_alu$1200.CO[2]      0 0.0ms
                                             $auto$alumacc.cc:512:replace_alu$1200.CO[1]      0 0.0ms
                                             $auto$alumacc.cc:512:replace_alu$1200.CO[0]      0 0.0ms
                                             $auto$alumacc.cc:512:replace_alu$1203.BB[1]      1 0.0ms
                                             $auto$alumacc.cc:512:replace_alu$1203.BB[0]      1 0.0ms
                                             $auto$alumacc.cc:512:replace_alu$1203.BB[6]      1 0.0ms
                                              $auto$alumacc.cc:512:replace_alu$1206.X[4]      1 0.0ms
                                              $auto$alumacc.cc:512:replace_alu$1206.X[8]      1 0.0ms
                                             $auto$alumacc.cc:512:replace_alu$1206.X[10]      1 0.0ms
                                             $auto$alumacc.cc:512:replace_alu$1200.X[28]      1 0.0ms
                                             $auto$alumacc.cc:512:replace_alu$1200.X[23]      1 0.0ms
                                             $auto$alumacc.cc:512:replace_alu$1200.X[18]      1 0.0ms
                                             $auto$alumacc.cc:512:replace_alu$1200.X[17]      1 0.0ms
                                             $auto$alumacc.cc:512:replace_alu$1200.X[21]      1 0.0ms
                                             $auto$alumacc.cc:512:replace_alu$1200.X[22]      1 0.0ms
                                                                           activation[0]      2 0.0ms
                                              $auto$alumacc.cc:512:replace_alu$1200.X[8]      1 0.0ms
                                             $auto$alumacc.cc:512:replace_alu$1200.X[27]      1 0.0ms
                                             $auto$alumacc.cc:512:replace_alu$1200.X[30]      1 0.0ms
                                             $auto$alumacc.cc:512:replace_alu$1200.X[25]      1 0.0ms
                                             $auto$alumacc.cc:512:replace_alu$1200.X[26]      1 0.0ms
                                             $auto$alumacc.cc:512:replace_alu$1200.X[24]      1 0.0ms
                                                                           activation[1]      2 0.0ms
                                                                           activation[2]      2 0.0ms
                                                                           activation[3]      2 0.0ms
                                                                           activation[4]      2 0.0ms
                                                                           activation[5]      2 0.0ms
                                                                           activation[6]      2 0.0ms
                                             $auto$alumacc.cc:512:replace_alu$1200.X[10]      1 0.0ms
                                             $auto$alumacc.cc:512:replace_alu$1200.X[11]      1 0.0ms
                                             $auto$alumacc.cc:512:replace_alu$1200.X[12]      1 0.0ms
                                             $auto$alumacc.cc:512:replace_alu$1200.X[14]      1 0.0ms
                                             $auto$alumacc.cc:512:replace_alu$1200.X[15]      1 0.0ms
                                                                           weight_enc[1]      2 0.0ms
                                                                           activation[7]      2 0.0ms
                                                                           weight_enc[0]      2 0.0ms
                                             $auto$alumacc.cc:512:replace_alu$1200.X[16]      1 0.0ms
                                                                                valid_in      2 0.0ms
                                                                                   rst_n      2 0.0ms
                                                                                     clk      2 0.0ms
Info: Router2 time 316.88s
Info: Routing $PACKER_VCC_NET connections...
Info:     $PACKER_VCC_NET: 62/62 sinks bridged (0 left to main router; max BFS 26)
Info: Routing $PACKER_GND_NET connections...
Info:     $PACKER_GND_NET: 8/8 sinks bridged (0 left to main router; max BFS 136)
Info: Running post-routing legalisation...

Info: Critical path report for clock '$auto$clkbufmap.cc:294:execute$3033' (posedge -> posedge):
Info: curr total
Info:  0.1  0.1  Source $auto$ff.cc:337:slice$1650.Q
Info:  4.5  4.6    Net valid_out$auto$IOBUF_I$ budget 0.000000 ns (14,132) -> (250,132)
Info:                Sink $abc$2399$auto$blifparse.cc:557:parse_blif$2510.A3
Info:  0.1  4.8  Source $abc$2399$auto$blifparse.cc:557:parse_blif$2510.O6
Info:  4.6  9.4    Net $techmap2925$abc$2399$auto$blifparse.cc:557:parse_blif$2511.A[4] budget 0.000000 ns (250,132) -> (14,134)
Info:                Sink $abc$2399$auto$blifparse.cc:557:parse_blif$2511.A5
Info:  0.1  9.5  Source $abc$2399$auto$blifparse.cc:557:parse_blif$2511.O6
Info:  3.6 13.1    Net $abc$2399$auto$opt_dff.cc:336:make_patterns_logic$1193 budget 3.184000 ns (14,134) -> (230,124)
Info:                Sink $auto$ff.cc:337:slice$1735.CE
Info:  0.1 13.2  Setup $auto$ff.cc:337:slice$1735.CE
Info: 0.4 ns logic, 12.8 ns routing

Info: Max frequency for clock '$auto$clkbufmap.cc:294:execute$3033': 75.51 MHz (FAIL at 100.00 MHz)

Info: Slack histogram:
Info:  legend: * represents 1 endpoint(s)
Info:          + represents [1,1) endpoint(s)
Info: [ -3243,  -2625) |****** 
Info: [ -2625,  -2007) |*** 
Info: [ -2007,  -1389) |** 
Info: [ -1389,   -771) |************ 
Info: [  -771,   -153) |*********************************** 
Info: [  -153,    465) |*********************** 
Info: [   465,   1083) | 
Info: [  1083,   1701) |*** 
Info: [  1701,   2319) |** 
Info: [  2319,   2937) |** 
Info: [  2937,   3555) |*** 
Info: [  3555,   4173) |******* 
Info: [  4173,   4791) |******************* 
Info: [  4791,   5409) |***************** 
Info: [  5409,   6027) |**************** 
Info: [  6027,   6645) |**** 
Info: [  6645,   7263) |*************** 
Info: [  7263,   7881) |******** 
Info: [  7881,   8499) |*************** 
Info: [  8499,   9117) |*** 
Info: Report written to runs/ternary_s2.report.json.
