Info: Packing constants..
Info: Inserting IO buffers..
Info:     Constraining 'clk' to site 'IOB_X1Y124'
Info:     Tile 'RIOB33_X105Y123'
Info:     Constraining 'rst_n' to site 'IOB_X1Y115'
Info:     Tile 'RIOB33_X105Y115'
Info:     Constraining 'valid_in' to site 'IOB_X1Y197'
Info:     Tile 'RIOB33_X105Y197'
Info:     Constraining 'valid_out' to site 'IOB_X1Y127'
Info:     Tile 'RIOB33_X105Y127'
Info:     Constraining 'weight_enc[0]' to site 'IOB_X1Y136'
Info:     Tile 'RIOB33_X105Y135'
Info:     Constraining 'activation[7]' to site 'IOB_X0Y207'
Info:     Tile 'LIOB33_X0Y207'
Info:     Constraining 'weight_enc[1]' to site 'IOB_X1Y131'
Info:     Tile 'RIOB33_X105Y131'
Info:     Constraining 'activation[6]' to site 'IOB_X0Y217'
Info:     Tile 'LIOB33_X0Y217'
Info:     Constraining 'activation[5]' to site 'IOB_X0Y215'
Info:     Tile 'LIOB33_X0Y215'
Info:     Constraining 'activation[4]' to site 'IOB_X0Y216'
Info:     Tile 'LIOB33_X0Y215'
Info:     Constraining 'activation[3]' to site 'IOB_X0Y231'
Info:     Tile 'LIOB33_X0Y231'
Info:     Constraining 'activation[2]' to site 'IOB_X0Y232'
Info:     Tile 'LIOB33_X0Y231'
Info:     Constraining 'activation[1]' to site 'IOB_X0Y229'
Info:     Tile 'LIOB33_X0Y229'
Info:     Constraining 'activation[0]' to site 'IOB_X0Y230'
Info:     Tile 'LIOB33_X0Y229'
Info:     Constraining 'acc_out[0]' to site 'IOB_X1Y130'
Info:     Tile 'RIOB33_X105Y129'
Info:     Constraining 'acc_out[1]' to site 'IOB_X1Y113'
Info:     Tile 'RIOB33_X105Y113'
Info:     Constraining 'acc_out[2]' to site 'IOB_X1Y106'
Info:     Tile 'RIOB33_X105Y105'
Info:     Constraining 'acc_out[3]' to site 'IOB_X0Y84'
Info:     Tile 'LIOB33_X0Y83'
Info:     Constraining 'acc_out[4]' to site 'IOB_X0Y82'
Info:     Tile 'LIOB33_X0Y81'
Info:     Constraining 'acc_out[5]' to site 'IOB_X0Y81'
Info:     Tile 'LIOB33_X0Y81'
Info:     Constraining 'acc_out[6]' to site 'IOB_X0Y94'
Info:     Tile 'LIOB33_X0Y93'
Info:     Constraining 'acc_out[7]' to site 'IOB_X0Y89'
Info:     Tile 'LIOB33_X0Y89'
Info:     Constraining 'acc_out[8]' to site 'IOB_X0Y92'
Info:     Tile 'LIOB33_X0Y91'
Info:     Constraining 'acc_out[9]' to site 'IOB_X0Y97'
Info:     Tile 'LIOB33_X0Y97'
Info:     Constraining 'acc_out[10]' to site 'IOB_X0Y116'
Info:     Tile 'LIOB33_X0Y115'
Info:     Constraining 'acc_out[11]' to site 'IOB_X0Y120'
Info:     Tile 'LIOB33_X0Y119'
Info:     Constraining 'acc_out[12]' to site 'IOB_X0Y134'
Info:     Tile 'LIOB33_X0Y133'
Info:     Constraining 'acc_out[13]' to site 'IOB_X0Y133'
Info:     Tile 'LIOB33_X0Y133'
Info:     Constraining 'acc_out[14]' to site 'IOB_X1Y135'
Info:     Tile 'RIOB33_X105Y135'
Info:     Constraining 'acc_out[15]' to site 'IOB_X1Y133'
Info:     Tile 'RIOB33_X105Y133'
Info:     Constraining 'acc_out[16]' to site 'IOB_X1Y134'
Info:     Tile 'RIOB33_X105Y133'
Info:     Constraining 'acc_out[17]' to site 'IOB_X1Y129'
Info:     Tile 'RIOB33_X105Y129'
Info:     Constraining 'acc_out[18]' to site 'IOB_X1Y109'
Info:     Tile 'RIOB33_X105Y109'
Info:     Constraining 'acc_out[19]' to site 'IOB_X1Y110'
Info:     Tile 'RIOB33_X105Y109'
Info:     Constraining 'acc_out[20]' to site 'IOB_X1Y105'
Info:     Tile 'RIOB33_X105Y105'
Info:     Constraining 'acc_out[21]' to site 'IOB_X0Y83'
Info:     Tile 'LIOB33_X0Y83'
Info:     Constraining 'acc_out[22]' to site 'IOB_X0Y86'
Info:     Tile 'LIOB33_X0Y85'
Info:     Constraining 'acc_out[23]' to site 'IOB_X0Y85'
Info:     Tile 'LIOB33_X0Y85'
Info:     Constraining 'acc_out[24]' to site 'IOB_X0Y93'
Info:     Tile 'LIOB33_X0Y93'
Info:     Constraining 'acc_out[25]' to site 'IOB_X0Y91'
Info:     Tile 'LIOB33_X0Y91'
Info:     Constraining 'acc_out[26]' to site 'IOB_X0Y96'
Info:     Tile 'LIOB33_X0Y95'
Info:     Constraining 'acc_out[27]' to site 'IOB_X0Y95'
Info:     Tile 'LIOB33_X0Y95'
Info:     Constraining 'acc_out[28]' to site 'IOB_X0Y115'
Info:     Tile 'LIOB33_X0Y115'
Info:     Constraining 'acc_out[29]' to site 'IOB_X0Y119'
Info:     Tile 'LIOB33_X0Y119'
Info:     Constraining 'acc_out[30]' to site 'IOB_X0Y130'
Info:     Tile 'LIOB33_X0Y129'
Info:     Constraining 'acc_out[31]' to site 'IOB_X0Y129'
Info:     Tile 'LIOB33_X0Y129'
Info: Generating input buffer for 'clk$ibuf$'
Info: Generating input buffer for 'rst_n$ibuf$'
Info: Generating input buffer for 'valid_in$ibuf$'
Info: Generating output buffer for 'valid_out$obuf$'
Info: Generating input buffer for 'weight_enc[0]$ibuf$'
Info: Generating input buffer for 'activation[7]$ibuf$'
Info: Generating input buffer for 'weight_enc[1]$ibuf$'
Info: Generating input buffer for 'activation[6]$ibuf$'
Info: Generating input buffer for 'activation[5]$ibuf$'
Info: Generating input buffer for 'activation[4]$ibuf$'
Info: Generating input buffer for 'activation[3]$ibuf$'
Info: Generating input buffer for 'activation[2]$ibuf$'
Info: Generating input buffer for 'activation[1]$ibuf$'
Info: Generating input buffer for 'activation[0]$ibuf$'
Info: Generating output buffer for 'acc_out[0]$obuf$'
Info: Generating output buffer for 'acc_out[1]$obuf$'
Info: Generating output buffer for 'acc_out[2]$obuf$'
Info: Generating output buffer for 'acc_out[3]$obuf$'
Info: Generating output buffer for 'acc_out[4]$obuf$'
Info: Generating output buffer for 'acc_out[5]$obuf$'
Info: Generating output buffer for 'acc_out[6]$obuf$'
Info: Generating output buffer for 'acc_out[7]$obuf$'
Info: Generating output buffer for 'acc_out[8]$obuf$'
Info: Generating output buffer for 'acc_out[9]$obuf$'
Info: Generating output buffer for 'acc_out[10]$obuf$'
Info: Generating output buffer for 'acc_out[11]$obuf$'
Info: Generating output buffer for 'acc_out[12]$obuf$'
Info: Generating output buffer for 'acc_out[13]$obuf$'
Info: Generating output buffer for 'acc_out[14]$obuf$'
Info: Generating output buffer for 'acc_out[15]$obuf$'
Info: Generating output buffer for 'acc_out[16]$obuf$'
Info: Generating output buffer for 'acc_out[17]$obuf$'
Info: Generating output buffer for 'acc_out[18]$obuf$'
Info: Generating output buffer for 'acc_out[19]$obuf$'
Info: Generating output buffer for 'acc_out[20]$obuf$'
Info: Generating output buffer for 'acc_out[21]$obuf$'
Info: Generating output buffer for 'acc_out[22]$obuf$'
Info: Generating output buffer for 'acc_out[23]$obuf$'
Info: Generating output buffer for 'acc_out[24]$obuf$'
Info: Generating output buffer for 'acc_out[25]$obuf$'
Info: Generating output buffer for 'acc_out[26]$obuf$'
Info: Generating output buffer for 'acc_out[27]$obuf$'
Info: Generating output buffer for 'acc_out[28]$obuf$'
Info: Generating output buffer for 'acc_out[29]$obuf$'
Info: Generating output buffer for 'acc_out[30]$obuf$'
Info: Generating output buffer for 'acc_out[31]$obuf$'
Info:     Created 46 PAD cells from:
Info:             46x PAD
Info: Preparing clocking...
Info: Packing constants..
Info: Packing cfg...
Info: Packing PLLs...
Info: Packing Gigabit Transceivers..
Info: Packing global buffers...
Info:     Constrained BUFGCTRL '$auto$clkbufmap.cc:261:execute$3031' to bel 'BUFGCTRL_X0Y0/BUFGCTRL' based on dedicated routing
Info: Packing MUX[789]s..
Info: Packing carries (atomic CARRY4)..
Info:    Packed 14 CARRY4 cells into 3 chains (atomic).
Info: router2 PRECYINIT fix: 14 CARRY4 cells, 17 constant carry pins disconnected
Info: Packing LUTs..
Info:     Created 321 SLICE_LUTX cells from:
Info:            201x LUT1
Info:             57x LUT2
Info:              1x LUT3
Info:              6x LUT4
Info:             56x LUT5
Info: Packing DRAM..
Info:    Transformed 0 tied-low DRAM address inputs to be tied-high
Info: Packing BRAM..
Info: Packing DSPs..
Info: Packing flipflops..
Info:     Created 114 SLICE_FFX cells from:
Info:            113x FDCE
Info:              1x FDPE
Info:     local-const FF control: disconnected 0 SR(=GND) + 33 CE(=VCC) pins from global nets
Info: Constrained 81 LUTFF pairs.

Info: Annotating ports with timing budgets for target frequency 100.00 MHz
Info: Checksum: 0x5a4709d8

Info: Device utilisation:
Info: 	          SLICE_LUTX:   321/269200     0%
Info: 	           SLICE_FFX:   114/269200     0%
Info: 	              CARRY4:    14/33650     0%
Info: 	          PSEUDO_GND:     1/69165     0%
Info: 	          PSEUDO_VCC:     1/69165     0%
Info: 	               HARD0:     0/ 3960     0%
Info: 	            RAMB18E1:     0/  730     0%
Info: 	            FIFO18E1:     0/  365     0%
Info: 	        RAMBFIFO36E1:     0/  365     0%
Info: 	            RAMB36E1:     0/  365     0%
Info: 	             DSP48E1:     0/  740     0%
Info: 	                 PAD:    46/ 1062     4%
Info: 	       IOB33M_OUTBUF:     0/  240     0%
Info: 	       IOB33S_OUTBUF:     0/  240     0%
Info: 	        IOB33_OUTBUF:    33/  500     6%
Info: 	     IOB33M_INBUF_EN:     0/  240     0%
Info: 	     IOB33S_INBUF_EN:     0/  240     0%
Info: 	      IOB33_INBUF_EN:    13/  500     2%
Info: 	IOB33M_TERM_OVERRIDE:     0/  240     0%
Info: 	IOB33S_TERM_OVERRIDE:     0/  240     0%
Info: 	 IOB33_TERM_OVERRIDE:     0/  500     0%
Info: 	       PULL_OR_KEEP1:     0/  980     0%
Info: 	            IDELAYE2:     0/  500     0%
Info: 	        OLOGICE3_TFF:     0/  500     0%
Info: 	      OLOGICE3_OUTFF:     0/  500     0%
Info: 	       OLOGICE3_MISR:     0/  500     0%
Info: 	           OSERDESE2:     0/  500     0%
Info: 	        ILOGICE3_IFF:     0/  500     0%
Info: 	ILOGICE3_ZHOLD_DELAY:     0/  500     0%
Info: 	           ISERDESE2:     0/  500     0%
Info: 	                BUFR:     0/   40     0%
Info: 	               BUFIO:     0/   40     0%
Info: 	          IDELAYCTRL:     0/   10     0%
Info: 	            BUFGCTRL:     1/   32     3%
Info: 	            PCIE_2_1:     0/    1     0%
Info: 	               BSCAN:     0/    4     0%
Info: 	                BUFG:     0/   32     0%
Info: 	              BUFHCE:     0/  120     0%
Info: 	            DCIRESET:     0/    1     0%
Info: 	            DNA_PORT:     0/    1     0%
Info: 	           EFUSE_USR:     0/    1     0%
Info: 	           FRAME_ECC:     0/    1     0%
Info: 	       GTPE2_CHANNEL:     0/   16     0%
Info: 	        GTPE2_COMMON:     0/    4     0%
Info: 	         IBUFDS_GTE2:     0/    8     0%
Info: 	                ICAP:     0/    2     0%
Info: 	            INVERTER:     0/  240     0%
Info: 	          MMCME2_ADV:     0/   10     0%
Info: 	        OLOGICE2_TFF:     0/  500     0%
Info: 	      OLOGICE2_OUTFF:     0/  500     0%
Info: 	           PLLE2_ADV:     0/   10     0%
Info: 	           SELMUX2_1:     0/102950     0%
Info: 	             STARTUP:     0/    1     0%
Info: 	          USR_ACCESS:     0/    1     0%
Info: 	              BUFFER:     0/   82     0%
Info: 	        ILOGICE2_IFF:     0/  500     0%
Info: 	       OLOGICE2_MISR:     0/  500     0%

Info: HeAP congestion knobs: beta=0.400 spread_scale=2,1 alpha=0.080
Info: Placed 93 cells based on constraints.
Info: Creating initial analytic placement for 244 cells, random placement wirelen = 92216.
Info:     at initial placer iter 0, wirelen = 10024
Info:     at initial placer iter 1, wirelen = 9113
Info:     at initial placer iter 2, wirelen = 8866
Info:     at initial placer iter 3, wirelen = 8630
Info: Running main analytical placer.
Info:     at iteration #1, type ALL: wirelen solved = 8664, spread = 10944, legal = 11753; time = 3.40s
Info:     at iteration #2, type ALL: wirelen solved = 8755, spread = 10282, legal = 10403; time = 8.72s
Info: HeAP Placer Time: 38.10s
Info:   of which solving equations: 6.38s
Info:   of which spreading cells: 6.11s
Info:   of which strict legalisation: 1.45s

Info: Running simulated annealing placer for refinement.
Info:   at iteration #1: temp = 0.000000, timing cost = 64, wirelen = 10403
Info:   at iteration #5: temp = 0.000000, timing cost = 52, wirelen = 10017
Info:   at iteration #6: temp = 0.000000, timing cost = 52, wirelen = 10012 
Info: SA placement time 11.75s

Info: Max frequency for clock '$auto$clkbufmap.cc:294:execute$3033': 69.24 MHz (FAIL at 100.00 MHz)

Info: Slack histogram:
Info:  legend: * represents 1 endpoint(s)
Info:          + represents [1,1) endpoint(s)
Info: [ -4443,  -3767) |**** 
Info: [ -3767,  -3091) |**** 
Info: [ -3091,  -2415) |* 
Info: [ -2415,  -1739) | 
Info: [ -1739,  -1063) |******************* 
Info: [ -1063,   -387) |**************** 
Info: [  -387,    289) |**************************************** 
Info: [   289,    965) |********* 
Info: [   965,   1641) |********** 
Info: [  1641,   2317) |******* 
Info: [  2317,   2993) |**** 
Info: [  2993,   3669) |*** 
Info: [  3669,   4345) |************* 
Info: [  4345,   5021) |************** 
Info: [  5021,   5697) |********* 
Info: [  5697,   6373) |****** 
Info: [  6373,   7049) |****** 
Info: [  7049,   7725) |************** 
Info: [  7725,   8401) |*********** 
Info: [  8401,   9077) |***** 
Info: Checksum: 0xdf06e66c
Info: Running post-placement legalisation...
Info: post-place repair: relocated 131 stranded cluster(s)/cell(s) to valid bels
Info: Routing global clocks...
Info:     routing clock '$auto$clkbufmap.cc:294:execute$3033'
Info:     routing clock 'clk$auto$IOBUF_O$'
Info: Running router2...
Info: Setting up routing resources...
Info: Running main router loop...
Info:     iter=1 wires=6883 overused=102 overuse=103 archfail=NA
Info:     iter=2 wires=6948 overused=0 overuse=0 archfail=0
Info: 1000 slowest nets by runtime:
                                                                     rst_n$auto$IOBUF_O$    114 80011.3ms
                                                               acc_out[20]$auto$IOBUF_I$      1 24980.3ms
                                                               acc_out[18]$auto$IOBUF_I$      1 22393.1ms
                                                                acc_out[0]$auto$IOBUF_I$      1 21578.6ms
                                                               acc_out[15]$auto$IOBUF_I$      1 21275.2ms
                                  $abc$2399$auto$opt_dff.cc:336:make_patterns_logic$1193     32 20921.1ms
                        $techmap2917$abc$2399$auto$blifparse.cc:557:parse_blif$2518.A[2]     50 18635.6ms
                        $techmap2925$abc$2399$auto$blifparse.cc:557:parse_blif$2511.A[4]     50 18231.7ms
                                                               acc_out[16]$auto$IOBUF_I$      1 15487.1ms
                                                                acc_out[5]$auto$IOBUF_I$      1 15040.0ms
                                                                 valid_out$auto$IOBUF_I$     35 14840.3ms
                        $techmap2917$abc$2399$auto$blifparse.cc:557:parse_blif$2518.A[3]     50 13745.9ms
                                                                acc_out[2]$auto$IOBUF_I$      1 13660.4ms
                        $techmap2917$abc$2399$auto$blifparse.cc:557:parse_blif$2518.A[1]     50 11922.1ms
                                                               acc_out[19]$auto$IOBUF_I$      1 9461.4ms
                                                                acc_out[1]$auto$IOBUF_I$      1 9006.5ms
                                                               acc_out[21]$auto$IOBUF_I$      1 8836.1ms
                                                                acc_out[4]$auto$IOBUF_I$      1 8733.8ms
                                                               acc_out[14]$auto$IOBUF_I$      1 8534.3ms
                        $techmap2917$abc$2399$auto$blifparse.cc:557:parse_blif$2518.A[0]     50 8493.0ms
                                                                acc_out[6]$auto$IOBUF_I$      1 7186.3ms
                                                               acc_out[10]$auto$IOBUF_I$      1 6347.9ms
                                                               acc_out[24]$auto$IOBUF_I$      1 6137.5ms
                                                                acc_out[3]$auto$IOBUF_I$      1 5513.6ms
                                                               acc_out[22]$auto$IOBUF_I$      1 5342.5ms
                                                               acc_out[23]$auto$IOBUF_I$      1 5259.7ms
                                               $abc$2399$auto$rtlil.cc:3501:NotGate$2228      1 5237.7ms
                                                             weight_enc[0]$auto$IOBUF_O$      8 5080.1ms
                                               $abc$2399$auto$rtlil.cc:3501:NotGate$2262      1 4899.0ms
                                                                acc_out[7]$auto$IOBUF_I$      1 3874.2ms
                                                               acc_out[25]$auto$IOBUF_I$      1 3772.1ms
                                                               acc_out[27]$auto$IOBUF_I$      1 3770.8ms
                                               $abc$2399$auto$rtlil.cc:3501:NotGate$2258      1 3677.3ms
                                               $abc$2399$auto$rtlil.cc:3501:NotGate$2256      1 3627.7ms
                                                                acc_out[9]$auto$IOBUF_I$      1 3486.1ms
                                                                acc_out[8]$auto$IOBUF_I$      1 3371.0ms
                                               $abc$2399$auto$rtlil.cc:3501:NotGate$2192      1 3284.4ms
                                                               acc_out[12]$auto$IOBUF_I$      1 3181.6ms
                                                               acc_out[28]$auto$IOBUF_I$      1 3072.5ms
                                                               acc_out[29]$auto$IOBUF_I$      1 2957.6ms
                                                               acc_out[11]$auto$IOBUF_I$      1 2930.2ms
                                                             activation[7]$auto$IOBUF_O$      2 2574.2ms
                                               $abc$2399$auto$rtlil.cc:3501:NotGate$2254      1 2546.3ms
                                               $abc$2399$auto$rtlil.cc:3501:NotGate$2196      1 2507.8ms
                                               $abc$2399$auto$rtlil.cc:3501:NotGate$2230      1 2489.7ms
                                               $abc$2399$auto$rtlil.cc:3501:NotGate$2194      1 2422.8ms
                                                               acc_out[26]$auto$IOBUF_I$      1 2191.8ms
                                                                     vector_done_delayed      1 2190.1ms
                                               $abc$2399$auto$rtlil.cc:3501:NotGate$2202      1 2186.2ms
                                               $abc$2399$auto$rtlil.cc:3501:NotGate$2264      1 2103.8ms
                                               $abc$2399$auto$rtlil.cc:3501:NotGate$2398      1 2095.7ms
                                                             weight_enc[1]$auto$IOBUF_O$      8 1944.2ms
                                                                    $0\acc_out[31:0][23]      1 1915.2ms
                                                                    $0\acc_out[31:0][15]      1 1855.0ms
                                                             activation[0]$auto$IOBUF_O$      2 1807.2ms
                                               $abc$2399$auto$rtlil.cc:3501:NotGate$2204      1 1788.5ms
                                                                    $0\acc_out[31:0][16]      1 1707.2ms
                                                               acc_out[17]$auto$IOBUF_I$      1 1651.2ms
                                               $abc$2399$auto$rtlil.cc:3501:NotGate$2330      1 1589.1ms
                                               $abc$2399$auto$rtlil.cc:3501:NotGate$2352      1 1467.8ms
                        $techmap2912$abc$2399$auto$blifparse.cc:557:parse_blif$2519.A[0]     25 1435.7ms
                                                                  valid_in$auto$IOBUF_O$      1 1316.7ms
                                               $abc$2399$auto$rtlil.cc:3501:NotGate$2378      1 1315.4ms
                                               $abc$2399$auto$rtlil.cc:3501:NotGate$2328      1 1226.2ms
                                               $abc$2399$auto$rtlil.cc:3501:NotGate$2382      1 1204.7ms
                                                                    $0\acc_out[31:0][14]      1 1203.3ms
                                               $abc$2399$auto$rtlil.cc:3501:NotGate$2278      1 1116.7ms
                                               $abc$2399$auto$rtlil.cc:3501:NotGate$2372      1 1109.3ms
                                               $abc$2399$auto$rtlil.cc:3501:NotGate$2260      1 1095.7ms
                                             $auto$alumacc.cc:512:replace_alu$1200.Y[27]      2 1040.9ms
                                               $abc$2399$auto$rtlil.cc:3501:NotGate$2332      1 1039.0ms
                                                             activation[1]$auto$IOBUF_O$      2 1028.8ms
                                                                    $0\acc_out[31:0][17]      1 1023.9ms
                                               $abc$2399$auto$rtlil.cc:3501:NotGate$2346      1 1014.6ms
                                             $auto$alumacc.cc:512:replace_alu$1200.Y[24]      2 994.5ms
                                                               acc_out[30]$auto$IOBUF_I$      1 961.9ms
                                                                     $0\acc_out[31:0][1]      1 957.0ms
                                                               acc_out[31]$auto$IOBUF_I$      1 924.3ms
                                               $abc$2399$auto$rtlil.cc:3501:NotGate$2188      1 908.8ms
                                                                    $0\acc_out[31:0][11]      1 894.0ms
                                               $abc$2399$auto$rtlil.cc:3501:NotGate$2266      1 887.4ms
                                                             activation[2]$auto$IOBUF_O$      2 816.8ms
                                               $abc$2399$auto$rtlil.cc:3501:NotGate$2342      1 802.3ms
                                               $abc$2399$auto$rtlil.cc:3501:NotGate$2292      1 772.9ms
                                              $auto$alumacc.cc:512:replace_alu$1200.Y[2]      2 740.0ms
                                               $abc$2399$auto$rtlil.cc:3501:NotGate$2200      1 729.5ms
                                                             activation[5]$auto$IOBUF_O$      2 702.4ms
                                               $abc$2399$auto$rtlil.cc:3501:NotGate$2238      1 692.1ms
                                                            $abc$2399$procmux$1137_Y[28]      1 684.8ms
                                               $abc$2399$auto$rtlil.cc:3501:NotGate$2186      1 683.8ms
                                               $abc$2399$auto$rtlil.cc:3501:NotGate$2282      1 679.5ms
                                               $abc$2399$auto$rtlil.cc:3501:NotGate$2286      1 678.3ms
                                               $abc$2399$auto$rtlil.cc:3501:NotGate$2366      1 675.1ms
                                                             activation[3]$auto$IOBUF_O$      2 668.0ms
                                               $abc$2399$auto$rtlil.cc:3501:NotGate$2276      1 665.9ms
                                               $abc$2399$auto$rtlil.cc:3501:NotGate$2284      1 661.5ms
                                               $abc$2399$auto$rtlil.cc:3501:NotGate$2226      1 659.4ms
                                               $abc$2399$auto$rtlil.cc:3501:NotGate$2198      1 655.8ms
                                               $abc$2399$auto$rtlil.cc:3501:NotGate$2242      1 653.8ms
                                               $abc$2399$auto$rtlil.cc:3501:NotGate$2232      1 646.7ms
                                                                        acc[28]$legal$71      1 646.0ms
                                                               acc_out[13]$auto$IOBUF_I$      1 638.7ms
                                             $auto$alumacc.cc:512:replace_alu$1200.Y[18]      2 629.4ms
                                                             activation[6]$auto$IOBUF_O$      2 617.6ms
                                               $abc$2399$auto$rtlil.cc:3501:NotGate$2174      1 616.9ms
                                               $abc$2399$auto$rtlil.cc:3501:NotGate$2350      1 615.8ms
                                               $abc$2399$auto$rtlil.cc:3501:NotGate$2348      1 599.8ms
                                               $abc$2399$auto$rtlil.cc:3501:NotGate$2344      1 598.6ms
                                             $auto$alumacc.cc:512:replace_alu$1200.Y[14]      2 594.4ms
                                               $abc$2399$auto$rtlil.cc:3501:NotGate$2244      1 589.5ms
                                             $auto$alumacc.cc:512:replace_alu$1200.Y[20]      2 579.4ms
                                               $abc$2399$auto$rtlil.cc:3501:NotGate$2190      1 569.5ms
                                               $abc$2399$auto$rtlil.cc:3501:NotGate$2178      1 567.6ms
                                               $abc$2399$auto$rtlil.cc:3501:NotGate$2246      1 557.2ms
                                               $abc$2399$auto$rtlil.cc:3501:NotGate$2298      1 556.1ms
                                               $abc$2399$auto$rtlil.cc:3501:NotGate$2224      1 548.7ms
                                               $abc$2399$auto$rtlil.cc:3501:NotGate$2362      1 546.1ms
                                               $abc$2399$auto$rtlil.cc:3501:NotGate$2210      1 538.7ms
                                               $abc$2399$auto$rtlil.cc:3501:NotGate$2326      1 536.7ms
                                             $auto$alumacc.cc:512:replace_alu$1200.Y[26]      2 535.1ms
                                               $abc$2399$auto$rtlil.cc:3501:NotGate$2218      1 528.3ms
                                               $abc$2399$auto$rtlil.cc:3501:NotGate$2180      1 526.0ms
                                             $auto$alumacc.cc:512:replace_alu$1200.Y[29]      2 519.1ms
                                               $abc$2399$auto$rtlil.cc:3501:NotGate$2356      1 509.6ms
                                                             activation[4]$auto$IOBUF_O$      2 507.5ms
                                               $abc$2399$auto$rtlil.cc:3501:NotGate$2374      1 501.7ms
                                               $abc$2399$auto$rtlil.cc:3501:NotGate$2182      1 490.2ms
                                               $abc$2399$auto$rtlil.cc:3501:NotGate$2250      1 486.5ms
                                                                        result_latch[14]      1 486.2ms
                                               $abc$2399$auto$rtlil.cc:3501:NotGate$2222      1 478.9ms
                                             $auto$alumacc.cc:512:replace_alu$1200.Y[22]      2 474.2ms
                                                                    $0\acc_out[31:0][20]      1 473.4ms
                                               $abc$2399$auto$rtlil.cc:3501:NotGate$2280      1 470.5ms
                                               $abc$2399$auto$rtlil.cc:3501:NotGate$2386      1 464.4ms
                                               $abc$2399$auto$rtlil.cc:3501:NotGate$2394      1 462.2ms
                                               $abc$2399$auto$rtlil.cc:3501:NotGate$2252      1 460.4ms
                                               $abc$2399$auto$rtlil.cc:3501:NotGate$2296      1 458.8ms
                                              $auto$alumacc.cc:512:replace_alu$1200.Y[4]      2 453.9ms
                                             $auto$alumacc.cc:512:replace_alu$1200.Y[17]      2 451.9ms
                                               $abc$2399$auto$rtlil.cc:3501:NotGate$2338      1 451.1ms
                                             $auto$alumacc.cc:512:replace_alu$1200.Y[25]      2 449.5ms
                                                                                  acc[0]      2 447.6ms
                                                                    $0\acc_out[31:0][13]      1 443.1ms
                                               $abc$2399$auto$rtlil.cc:3501:NotGate$2316      1 439.6ms
                                               $abc$2399$auto$rtlil.cc:3501:NotGate$2368      1 430.7ms
                                               $abc$2399$auto$rtlil.cc:3501:NotGate$2248      1 429.8ms
                                              $auto$alumacc.cc:512:replace_alu$1200.Y[0]      2 427.3ms
                                                                    $0\acc_out[31:0][24]      1 417.4ms
                                               $abc$2399$auto$rtlil.cc:3501:NotGate$2380      1 403.6ms
                                                                        result_latch[17]      1 402.3ms
                                              $auto$alumacc.cc:512:replace_alu$1200.Y[7]      2 397.5ms
                                                                        result_latch[26]      1 395.0ms
                                               $abc$2399$auto$rtlil.cc:3501:NotGate$2304      1 389.8ms
                                             $auto$alumacc.cc:512:replace_alu$1200.Y[31]      2 388.9ms
                                              $auto$alumacc.cc:512:replace_alu$1200.X[4]      1 386.8ms
                                               $abc$2399$auto$rtlil.cc:3501:NotGate$2340      1 384.9ms
                                               $abc$2399$auto$rtlil.cc:3501:NotGate$2212      1 372.1ms
                                              $auto$alumacc.cc:512:replace_alu$1200.X[1]      1 371.9ms
                                              $auto$alumacc.cc:512:replace_alu$1200.Y[1]      2 368.9ms
                                               $abc$2399$auto$rtlil.cc:3501:NotGate$2312      1 368.6ms
                                               $abc$2399$auto$rtlil.cc:3501:NotGate$2392      1 366.8ms
                                                                        acc[22]$legal$59      1 364.1ms
                                             $auto$alumacc.cc:512:replace_alu$1200.Y[28]      2 357.6ms
                                               $abc$2399$auto$rtlil.cc:3501:NotGate$2384      1 357.0ms
                                               $abc$2399$auto$rtlil.cc:3501:NotGate$2334      1 353.5ms
                                               $abc$2399$auto$rtlil.cc:3501:NotGate$2300      1 353.1ms
                                                                    $0\acc_out[31:0][18]      1 341.0ms
                                                                                 acc[31]      2 339.8ms
                                                                                 acc[22]      2 334.4ms
                                               $abc$2399$auto$rtlil.cc:3501:NotGate$2236      1 331.6ms
                                               $abc$2399$auto$rtlil.cc:3501:NotGate$2336      1 330.8ms
                                                                                 acc[14]      2 328.9ms
                                                                        result_latch[16]      1 328.6ms
                                             $auto$alumacc.cc:512:replace_alu$1200.Y[13]      2 328.0ms
                                               $abc$2399$auto$rtlil.cc:3501:NotGate$2272      1 326.3ms
                                                                    $0\acc_out[31:0][19]      1 320.2ms
                                                     $auto$clkbufmap.cc:294:execute$3033    114 316.2ms
                                               $abc$2399$auto$rtlil.cc:3501:NotGate$2274      1 314.2ms
                                                                        acc[27]$legal$69      1 306.4ms
                                             $auto$alumacc.cc:512:replace_alu$1200.Y[19]      2 306.0ms
                                               $abc$2399$auto$rtlil.cc:3501:NotGate$2364      1 303.1ms
                                               $abc$2399$auto$rtlil.cc:3501:NotGate$2176      1 302.7ms
                                               $abc$2399$auto$rtlil.cc:3501:NotGate$2390      1 302.3ms
                                                                                 acc[27]      2 300.0ms
                                                                         result_latch[4]      1 298.8ms
                                                                                  acc[1]      2 296.2ms
                                                                     $0\acc_out[31:0][8]      1 291.8ms
                                               $abc$2399$auto$rtlil.cc:3501:NotGate$2208      1 288.7ms
                                                                                  acc[6]      2 287.5ms
                                                                    $0\acc_out[31:0][28]      1 277.4ms
                                                                                count[4]      3 274.3ms
                                               $abc$2399$auto$rtlil.cc:3501:NotGate$2388      1 268.5ms
                                                             $abc$2399$procmux$1131_Y[8]      1 265.3ms
                                                                         result_latch[7]      1 263.5ms
                                              $auto$alumacc.cc:512:replace_alu$1200.Y[9]      2 261.8ms
                                              $auto$alumacc.cc:512:replace_alu$1203.Y[0]      1 259.9ms
                                               $abc$2399$auto$rtlil.cc:3501:NotGate$2206      1 257.7ms
                                               $abc$2399$auto$rtlil.cc:3501:NotGate$2302      1 256.1ms
                                                                                 acc[11]      2 255.2ms
                                             $auto$alumacc.cc:512:replace_alu$1206.Y[14]      1 253.3ms
                                                                               count[15]      3 249.4ms
                                               $abc$2399$auto$rtlil.cc:3501:NotGate$2322      1 248.3ms
                                               $abc$2399$auto$rtlil.cc:3501:NotGate$2288      1 248.0ms
                                                             $abc$2399$procmux$1137_Y[7]      1 243.8ms
                                               $abc$2399$auto$rtlil.cc:3501:NotGate$2320      1 242.3ms
                                               $abc$2399$auto$rtlil.cc:3501:NotGate$2214      1 239.6ms
                                                                    $0\acc_out[31:0][25]      1 238.8ms
                                                                        acc[30]$legal$75      1 237.2ms
                                               $abc$2399$auto$rtlil.cc:3501:NotGate$2290      1 231.9ms
                                               $abc$2399$auto$rtlil.cc:3501:NotGate$2216      1 225.6ms
                                                                                  acc[9]      2 218.4ms
                                                                        result_latch[15]      1 214.9ms
                                               $abc$2399$auto$rtlil.cc:3501:NotGate$2314      1 211.4ms
                                                                        acc[15]$legal$45      1 210.6ms
                                                                     $0\acc_out[31:0][3]      1 210.3ms
                                                                        result_latch[18]      1 209.4ms
                                                                    $0\acc_out[31:0][10]      1 207.3ms
                                                                        result_latch[22]      1 205.3ms
                                                                        result_latch[24]      1 204.8ms
                                                                        acc[26]$legal$67      1 203.6ms
                                                                        acc[11]$legal$37      1 197.3ms
                                             $auto$alumacc.cc:512:replace_alu$1200.Y[15]      2 196.5ms
                                                            $abc$2399$procmux$1137_Y[18]      1 196.0ms
                                                                                  acc[4]      2 192.0ms
                                                                        acc[14]$legal$43      1 190.7ms
                                                                     $0\acc_out[31:0][9]      1 187.5ms
                                                                                  acc[7]      2 184.9ms
                                                                                count[3]      3 180.8ms
                                                            $abc$2399$procmux$1137_Y[24]      1 178.1ms
                                                                               count[11]      3 171.4ms
                                                                                 acc[15]      2 171.2ms
                                                            $abc$2399$procmux$1131_Y[14]      1 169.3ms
                                                             $abc$2399$procmux$1131_Y[5]      1 168.1ms
                                                                         result_latch[6]      1 167.6ms
                                                                                 acc[21]      2 167.2ms
                                                                        result_latch[21]      1 166.7ms
                                                                                 acc[17]      2 165.5ms
                                                            $abc$2399$procmux$1137_Y[19]      1 165.5ms
                                                                     $0\acc_out[31:0][0]      1 164.4ms
                                                                    $0\acc_out[31:0][27]      1 163.2ms
                                                                                count[7]      3 163.0ms
                                               $abc$2399$auto$rtlil.cc:3501:NotGate$2370      1 161.0ms
                                             $auto$alumacc.cc:512:replace_alu$1200.Y[16]      2 160.3ms
                                               $abc$2399$auto$rtlil.cc:3501:NotGate$2220      1 160.1ms
                                                                     $0\acc_out[31:0][4]      1 158.4ms
                                               $abc$2399$auto$rtlil.cc:3501:NotGate$2358      1 158.2ms
                                                                         acc[5]$legal$23      1 157.1ms
                                             $auto$alumacc.cc:512:replace_alu$1200.Y[21]      2 155.4ms
                                                                        acc[16]$legal$47      1 153.9ms
                                                                         acc[6]$legal$27      1 153.5ms
                                                            $abc$2399$procmux$1137_Y[11]      1 149.9ms
                                              $auto$alumacc.cc:512:replace_alu$1200.X[6]      1 146.7ms
                                                                $PACKER_GND_NET$legal$83      1 145.3ms
                                                                        acc[23]$legal$61      1 142.7ms
                                                            $abc$2399$procmux$1137_Y[17]      1 141.7ms
                                               $abc$2399$auto$rtlil.cc:3501:NotGate$2240      1 141.2ms
                                                                    $0\acc_out[31:0][29]      1 140.8ms
                                              $auto$alumacc.cc:512:replace_alu$1200.X[0]      1 140.5ms
                                                                    $0\acc_out[31:0][22]      1 139.5ms
                                                                         result_latch[1]      1 137.2ms
                                                                     count[10]$legal$117      1 136.0ms
                                                                         result_latch[9]      1 135.5ms
                                                                $PACKER_GND_NET$legal$89      1 133.1ms
                                                                         result_latch[0]      1 132.3ms
                                                            $abc$2399$procmux$1137_Y[22]      1 131.5ms
                                                            $abc$2399$procmux$1137_Y[21]      1 129.9ms
                                                                                 acc[19]      2 129.7ms
                                                                      count[3]$legal$103      1 123.6ms
                                                                         acc[9]$legal$33      1 122.6ms
                                               $abc$2399$auto$rtlil.cc:3501:NotGate$2172      1 122.3ms
                                                                    $0\acc_out[31:0][21]      1 120.9ms
                                                                        result_latch[20]      1 119.5ms
                                                                                 acc[16]      2 119.3ms
                                                                                 acc[23]      2 118.6ms
                                                                         result_latch[8]      1 118.5ms
                                               $abc$2399$auto$rtlil.cc:3501:NotGate$2268      1 116.6ms
                                                             $abc$2399$procmux$1137_Y[8]      1 116.0ms
                                                                $PACKER_GND_NET$legal$81      1 113.8ms
                                               $abc$2399$auto$rtlil.cc:3501:NotGate$2308      1 110.5ms
                                             $abc$2399$auto$rtlil.cc:3267:ReduceAnd$1210      1 108.1ms
                                               $abc$2399$auto$rtlil.cc:3501:NotGate$2318      1 106.7ms
                                                            $abc$2399$procmux$1137_Y[26]      1 106.2ms
                                                                         result_latch[5]      1 105.8ms
                                              $auto$alumacc.cc:512:replace_alu$1200.Y[5]      2 105.8ms
                                                                     $0\acc_out[31:0][6]      1 105.3ms
                                                                                  acc[2]      2 105.3ms
                                               $abc$2399$auto$rtlil.cc:3501:NotGate$2294      1 103.9ms
                                                                     $0\acc_out[31:0][5]      1 103.8ms
                                                                         acc[3]$legal$15      1 99.3ms
                                                                                 acc[10]      2 98.2ms
                                                            $abc$2399$procmux$1131_Y[15]      1 97.7ms
                                              $auto$alumacc.cc:512:replace_alu$1203.Y[3]      1 94.4ms
                                                            $abc$2399$procmux$1137_Y[27]      1 93.2ms
                                                                         result_latch[2]      1 93.2ms
                                                                               count[10]      3 91.5ms
                                                                        acc[20]$legal$55      1 88.0ms
                                                             $abc$2399$procmux$1137_Y[4]      1 85.9ms
                                                                        result_latch[29]      1 81.7ms
                                                            $abc$2399$procmux$1137_Y[20]      1 81.3ms
                                                             $abc$2399$procmux$1137_Y[9]      1 81.2ms
                                               $abc$2399$auto$rtlil.cc:3501:NotGate$2376      1 81.1ms
                                                                          acc[0]$legal$3      1 81.0ms
                                              $auto$alumacc.cc:512:replace_alu$1200.Y[6]      2 80.9ms
                                               $abc$2399$auto$rtlil.cc:3501:NotGate$2360      1 80.4ms
                                               $abc$2399$auto$rtlil.cc:3501:NotGate$2270      1 79.8ms
                                                                     $0\acc_out[31:0][2]      1 73.6ms
                                                                        result_latch[30]      1 72.0ms
                                                                        acc[29]$legal$73      1 71.6ms
                                                                        result_latch[11]      1 69.0ms
                                                                    $0\acc_out[31:0][26]      1 65.9ms
                                                                        acc[25]$legal$65      1 65.4ms
                                                                       clk$auto$IOBUF_O$      1 64.6ms
                                                                     count[15]$legal$127      1 64.5ms
                                                                                  acc[5]      2 63.2ms
                                                                        acc[17]$legal$49      1 63.1ms
                                                                        acc[13]$legal$41      1 62.6ms
                                             $auto$alumacc.cc:512:replace_alu$1200.Y[23]      2 62.3ms
                                                            $abc$2399$procmux$1137_Y[25]      1 59.4ms
                                                                     $0\acc_out[31:0][7]      1 56.3ms
                                              $auto$alumacc.cc:512:replace_alu$1200.Y[8]      2 56.0ms
                                                                $PACKER_GND_NET$legal$79      1 55.6ms
                                                                         acc[4]$legal$19      1 54.5ms
                                                             $abc$2399$procmux$1137_Y[5]      1 54.5ms
                                                            $abc$2399$procmux$1137_Y[10]      1 54.0ms
                                                             $abc$2399$procmux$1137_Y[0]      1 53.6ms
                                             $auto$alumacc.cc:512:replace_alu$1200.Y[10]      2 52.0ms
                                               $abc$2399$auto$rtlil.cc:3501:NotGate$2234      1 51.9ms
                                                                        acc[18]$legal$51      1 51.8ms
                                                                    $0\acc_out[31:0][12]      1 51.0ms
                                               $abc$2399$auto$rtlil.cc:3501:NotGate$2306      1 50.4ms
                                              $auto$alumacc.cc:512:replace_alu$1200.X[5]      1 49.0ms
                                                                      count[5]$legal$107      1 48.9ms
                                              $auto$alumacc.cc:512:replace_alu$1203.Y[5]      1 47.7ms
                                                                                 acc[13]      2 47.0ms
                                                            $abc$2399$procmux$1137_Y[30]      1 46.6ms
                                                                        result_latch[13]      1 46.4ms
                                             $auto$alumacc.cc:512:replace_alu$1206.Y[12]      1 46.2ms
                                              $auto$alumacc.cc:512:replace_alu$1200.X[2]      1 43.1ms
                                                            $abc$2399$procmux$1137_Y[23]      1 42.7ms
                                             $auto$alumacc.cc:512:replace_alu$1200.Y[30]      2 42.5ms
                                                                          acc[1]$legal$7      1 42.0ms
                                              $auto$alumacc.cc:512:replace_alu$1200.X[3]      1 41.2ms
                                                                $PACKER_GND_NET$legal$85      1 40.5ms
                                            $auto$alumacc.cc:512:replace_alu$1200.CO[15]      1 40.0ms
                                                                        result_latch[12]      1 39.8ms
                                                                        result_latch[28]      1 39.8ms
                                               $abc$2399$auto$rtlil.cc:3501:NotGate$2310      1 39.6ms
                                                                     count[12]$legal$121      1 37.2ms
                                              $auto$alumacc.cc:512:replace_alu$1203.Y[6]      1 37.2ms
                                             $auto$alumacc.cc:512:replace_alu$1200.Y[12]      2 36.9ms
                                             $auto$alumacc.cc:512:replace_alu$1200.CO[7]      1 36.6ms
                                                                                count[5]      3 35.8ms
                                                                        acc[12]$legal$39      1 35.1ms
                                                                        result_latch[27]      1 34.4ms
                                                            $abc$2399$procmux$1137_Y[29]      1 34.3ms
                                                                      count[8]$legal$113      1 33.9ms
                                                            $abc$2399$procmux$1137_Y[16]      1 32.2ms
                                                             $abc$2399$procmux$1131_Y[7]      1 30.3ms
                                              $auto$alumacc.cc:512:replace_alu$1203.Y[7]      1 30.2ms
                                                                      count[4]$legal$105      1 29.5ms
                                                             $abc$2399$procmux$1131_Y[6]      1 29.0ms
                                                                        acc[24]$legal$63      1 28.9ms
                                                                        result_latch[23]      1 28.5ms
                                               $abc$2399$auto$rtlil.cc:3501:NotGate$2354      1 28.4ms
                                              $auto$alumacc.cc:512:replace_alu$1206.Y[7]      1 28.4ms
                                                                       count[1]$legal$99      1 27.8ms
                                                                        acc[31]$legal$77      1 27.5ms
                                                                                 acc[12]      2 26.6ms
                                                                         acc[2]$legal$11      1 25.1ms
                                                            $abc$2399$procmux$1137_Y[12]      1 24.6ms
                                                                        acc[21]$legal$57      1 24.3ms
                                               $abc$2399$auto$rtlil.cc:3501:NotGate$2324      1 23.8ms
                                                                      count[6]$legal$109      1 23.1ms
                                                            $abc$2399$procmux$1137_Y[14]      1 22.1ms
                                              $auto$alumacc.cc:512:replace_alu$1203.Y[4]      1 22.0ms
                                              $auto$alumacc.cc:512:replace_alu$1203.Y[1]      1 21.7ms
                                                                        acc[19]$legal$53      1 21.5ms
                                                                                 acc[18]      2 21.4ms
                                                                $PACKER_GND_NET$legal$93      1 18.8ms
                                                                      count[7]$legal$111      1 18.5ms
                                            $auto$alumacc.cc:512:replace_alu$1200.CO[19]      1 18.3ms
                                              $auto$alumacc.cc:512:replace_alu$1206.Y[6]      1 18.3ms
                                               $abc$2399$auto$rtlil.cc:3501:NotGate$2184      1 16.7ms
                                                                        result_latch[19]      1 16.4ms
                                                                                 acc[25]      2 16.4ms
                                                                         acc[8]$legal$31      1 15.6ms
                                                                      count[2]$legal$101      1 14.5ms
                                                                                 acc[30]      2 14.5ms
                                             $auto$alumacc.cc:512:replace_alu$1206.Y[13]      1 13.8ms
                                                             $abc$2399$procmux$1131_Y[3]      1 13.3ms
                                                                                 acc[20]      2 12.3ms
                                                                     count[11]$legal$119      1 12.3ms
                                             $auto$alumacc.cc:512:replace_alu$1200.CO[3]      1 11.7ms
                                                                                count[6]      3 11.7ms
                                              $auto$alumacc.cc:512:replace_alu$1200.Y[3]      2 11.5ms
                                              $auto$alumacc.cc:512:replace_alu$1206.Y[1]      1 11.5ms
                                              $auto$alumacc.cc:512:replace_alu$1206.Y[4]      1 11.1ms
                                               $abc$2399$auto$rtlil.cc:3501:NotGate$2396      1 10.6ms
                                                                        result_latch[31]      1 9.5ms
                                                                         result_latch[3]      1 9.0ms
                                                                        result_latch[10]      1 8.8ms
                                              $auto$alumacc.cc:512:replace_alu$1206.Y[5]      1 8.1ms
                                              $auto$alumacc.cc:512:replace_alu$1206.Y[2]      1 8.0ms
                                                                                count[2]      3 7.9ms
                                            $auto$alumacc.cc:512:replace_alu$1200.CO[27]      1 7.8ms
                                                                                count[1]      3 7.6ms
                                                             $abc$2399$procmux$1131_Y[1]      1 7.5ms
                                                                                  acc[8]      2 7.3ms
                                                                               count[14]      3 7.3ms
                                                                                 acc[29]      2 6.7ms
                                              $auto$alumacc.cc:512:replace_alu$1206.Y[3]      1 6.1ms
                                      $auto$alumacc.cc:512:replace_alu$1200.X[1]$legal$5      1 6.0ms
                                                                    $0\acc_out[31:0][31]      1 5.9ms
                                                                             acc_out[12]      1 5.5ms
                                                                       count[0]$legal$97      1 5.5ms
                                                                             acc_out[24]      1 5.4ms
                                             $auto$alumacc.cc:512:replace_alu$1200.X[19]      1 5.0ms
                                                            $abc$2399$procmux$1131_Y[13]      1 4.8ms
                                                                                count[0]      3 4.7ms
                                                             $abc$2399$procmux$1137_Y[2]      1 4.5ms
                                                             $abc$2399$procmux$1131_Y[4]      1 4.1ms
                                                             $abc$2399$procmux$1131_Y[0]      1 3.9ms
                                                             $abc$2399$procmux$1137_Y[3]      1 3.5ms
                                                                               count[12]      3 3.4ms
                                             $auto$alumacc.cc:512:replace_alu$1206.Y[10]      1 3.0ms
                                             $auto$alumacc.cc:512:replace_alu$1206.Y[15]      1 2.9ms
                                                             $abc$2399$procmux$1137_Y[6]      1 2.8ms
                                                                        result_latch[25]      1 2.8ms
                                                            $abc$2399$procmux$1131_Y[12]      1 2.7ms
                                                                                 acc[28]      2 2.6ms
                                                                                 acc[24]      2 2.5ms
                                                                                 acc[26]      2 2.4ms
                                                                                count[9]      3 2.4ms
                                              $auto$alumacc.cc:512:replace_alu$1206.Y[8]      1 2.2ms
                                             $auto$alumacc.cc:512:replace_alu$1200.Y[11]      2 2.2ms
                                                                               count[13]      3 2.0ms
                                                             $abc$2399$procmux$1131_Y[2]      1 1.8ms
                                                                     count[13]$legal$123      1 1.6ms
                                                                      count[9]$legal$115      1 1.5ms
                                              $auto$alumacc.cc:512:replace_alu$1206.Y[9]      1 1.2ms
                                                                                count[8]      3 1.1ms
                                                                                  acc[3]      2 1.1ms
                                              $auto$alumacc.cc:512:replace_alu$1206.Y[0]      1 1.1ms
                                                            $abc$2399$procmux$1131_Y[10]      1 0.9ms
                                              $auto$alumacc.cc:512:replace_alu$1203.Y[2]      1 0.8ms
                                                             $abc$2399$procmux$1131_Y[9]      1 0.8ms
                                                            $abc$2399$procmux$1137_Y[13]      1 0.7ms
                                                                $PACKER_GND_NET$legal$87      1 0.7ms
                                                             $abc$2399$procmux$1137_Y[1]      1 0.7ms
                                                            $abc$2399$procmux$1137_Y[15]      1 0.6ms
                                                                        acc[10]$legal$35      1 0.6ms
                                                            $abc$2399$procmux$1137_Y[31]      1 0.6ms
                                             $auto$alumacc.cc:512:replace_alu$1206.Y[11]      1 0.6ms
                                                                $PACKER_GND_NET$legal$91      1 0.5ms
                                                                         acc[7]$legal$29      1 0.5ms
                                                                    $0\acc_out[31:0][30]      1 0.4ms
                                                            $abc$2399$procmux$1131_Y[11]      1 0.4ms
                                                                             acc_out[31]      1 0.2ms
                                            $auto$alumacc.cc:512:replace_alu$1200.CO[11]      1 0.1ms
                                             $auto$alumacc.cc:512:replace_alu$1203.CO[3]      1 0.1ms
                                             $auto$alumacc.cc:512:replace_alu$1203.BB[3]      1 0.1ms
                                                                             acc_out[15]      1 0.1ms
                                              $auto$alumacc.cc:512:replace_alu$1206.X[3]      1 0.1ms
                                             $auto$alumacc.cc:512:replace_alu$1200.X[14]      1 0.1ms
                                                                             acc_out[19]      1 0.0ms
                                                                             acc_out[18]      1 0.0ms
                                             $auto$alumacc.cc:512:replace_alu$1206.CO[3]      1 0.0ms
                                                                             acc_out[14]      1 0.0ms
                                            $auto$alumacc.cc:512:replace_alu$1206.CO[11]      1 0.0ms
                                            $auto$alumacc.cc:512:replace_alu$1200.CO[23]      1 0.0ms
                                                                               valid_out      1 0.0ms
                                             $auto$alumacc.cc:512:replace_alu$1206.CO[7]      1 0.0ms
                                                                             acc_out[17]      1 0.0ms
                                             $auto$alumacc.cc:512:replace_alu$1203.BB[2]      1 0.0ms
                                                                              acc_out[1]      1 0.0ms
                                             $auto$alumacc.cc:512:replace_alu$1203.BB[1]      1 0.0ms
                                             $auto$alumacc.cc:512:replace_alu$1200.X[16]      1 0.0ms
                                                                             acc_out[16]      1 0.0ms
                                             $auto$alumacc.cc:512:replace_alu$1203.BB[6]      1 0.0ms
                                                                       count[0]$legal$95      1 0.0ms
                                             $auto$alumacc.cc:512:replace_alu$1206.CO[4]      0 0.0ms
                                            $auto$alumacc.cc:512:replace_alu$1200.CO[28]      0 0.0ms
                                                                     count[14]$legal$125      1 0.0ms
                                                                             acc_out[20]      1 0.0ms
                                                                              acc_out[2]      1 0.0ms
                                      $auto$alumacc.cc:512:replace_alu$1200.X[0]$legal$1      1 0.0ms
                                             $auto$alumacc.cc:512:replace_alu$1206.CO[2]      0 0.0ms
                                             $auto$alumacc.cc:512:replace_alu$1206.CO[0]      0 0.0ms
                                                                             acc_out[13]      1 0.0ms
                                            $auto$alumacc.cc:512:replace_alu$1200.CO[17]      0 0.0ms
                                            $auto$alumacc.cc:512:replace_alu$1200.CO[14]      0 0.0ms
                                             $auto$alumacc.cc:512:replace_alu$1200.CO[8]      0 0.0ms
                                             $auto$alumacc.cc:512:replace_alu$1203.BB[5]      1 0.0ms
                                              $auto$alumacc.cc:512:replace_alu$1206.X[2]      1 0.0ms
                                              $auto$alumacc.cc:512:replace_alu$1206.X[6]      1 0.0ms
                                              $auto$alumacc.cc:512:replace_alu$1200.X[9]      1 0.0ms
                                     $auto$alumacc.cc:512:replace_alu$1200.X[6]$legal$25      1 0.0ms
                                     $auto$alumacc.cc:512:replace_alu$1200.X[4]$legal$17      1 0.0ms
                                     $auto$alumacc.cc:512:replace_alu$1200.X[3]$legal$13      1 0.0ms
                                                                             acc_out[30]      1 0.0ms
                                                                             acc_out[27]      1 0.0ms
                                                                             acc_out[22]      1 0.0ms
                                                                             acc_out[21]      1 0.0ms
                                                                             acc_out[10]      1 0.0ms
                                                                              acc_out[9]      1 0.0ms
                                                                              acc_out[8]      1 0.0ms
                                                                              acc_out[7]      1 0.0ms
                                                                              acc_out[0]      1 0.0ms
                                             $auto$alumacc.cc:512:replace_alu$1206.CO[6]      0 0.0ms
                                             $auto$alumacc.cc:512:replace_alu$1203.BB[4]      1 0.0ms
                                             $auto$alumacc.cc:512:replace_alu$1203.BB[0]      1 0.0ms
                                             $auto$alumacc.cc:512:replace_alu$1203.BB[7]      1 0.0ms
                                              $auto$alumacc.cc:512:replace_alu$1206.X[1]      1 0.0ms
                                              $auto$alumacc.cc:512:replace_alu$1206.X[4]      1 0.0ms
                                              $auto$alumacc.cc:512:replace_alu$1206.X[5]      1 0.0ms
                                              $auto$alumacc.cc:512:replace_alu$1206.X[7]      1 0.0ms
                                              $auto$alumacc.cc:512:replace_alu$1206.X[9]      1 0.0ms
                                             $auto$alumacc.cc:512:replace_alu$1206.X[11]      1 0.0ms
                                             $auto$alumacc.cc:512:replace_alu$1206.X[12]      1 0.0ms
                                              $auto$alumacc.cc:512:replace_alu$1200.X[7]      1 0.0ms
                                              $auto$alumacc.cc:512:replace_alu$1200.X[8]      1 0.0ms
                                             $auto$alumacc.cc:512:replace_alu$1200.X[27]      1 0.0ms
                                             $auto$alumacc.cc:512:replace_alu$1200.X[10]      1 0.0ms
                                             $auto$alumacc.cc:512:replace_alu$1200.X[11]      1 0.0ms
                                             $auto$alumacc.cc:512:replace_alu$1200.X[12]      1 0.0ms
                                             $auto$alumacc.cc:512:replace_alu$1200.X[13]      1 0.0ms
                                             $auto$alumacc.cc:512:replace_alu$1200.X[15]      1 0.0ms
                                     $auto$alumacc.cc:512:replace_alu$1200.X[5]$legal$21      1 0.0ms
                                      $auto$alumacc.cc:512:replace_alu$1200.X[2]$legal$9      1 0.0ms
                                                                         $PACKER_VCC_NET     62 0.0ms
                                                                         $PACKER_GND_NET      8 0.0ms
                                                                             acc_out[29]      1 0.0ms
                                                                             acc_out[28]      1 0.0ms
                                                                             acc_out[26]      1 0.0ms
                                                                             acc_out[25]      1 0.0ms
                                                                             acc_out[23]      1 0.0ms
                                                                             acc_out[11]      1 0.0ms
                                                                              acc_out[6]      1 0.0ms
                                                                              acc_out[5]      1 0.0ms
                                                                              acc_out[4]      1 0.0ms
                                                                              acc_out[3]      1 0.0ms
                                            $auto$alumacc.cc:512:replace_alu$1206.CO[15]      0 0.0ms
                                            $auto$alumacc.cc:512:replace_alu$1206.CO[14]      0 0.0ms
                                            $auto$alumacc.cc:512:replace_alu$1206.CO[13]      0 0.0ms
                                            $auto$alumacc.cc:512:replace_alu$1206.CO[12]      0 0.0ms
                                            $auto$alumacc.cc:512:replace_alu$1206.CO[10]      0 0.0ms
                                             $auto$alumacc.cc:512:replace_alu$1206.CO[9]      0 0.0ms
                                             $auto$alumacc.cc:512:replace_alu$1206.CO[8]      0 0.0ms
                                             $auto$alumacc.cc:512:replace_alu$1206.CO[5]      0 0.0ms
                                             $auto$alumacc.cc:512:replace_alu$1206.CO[1]      0 0.0ms
                                             $auto$alumacc.cc:512:replace_alu$1203.CO[7]      0 0.0ms
                                             $auto$alumacc.cc:512:replace_alu$1203.CO[6]      0 0.0ms
                                             $auto$alumacc.cc:512:replace_alu$1203.CO[5]      0 0.0ms
                                             $auto$alumacc.cc:512:replace_alu$1203.CO[4]      0 0.0ms
                                             $auto$alumacc.cc:512:replace_alu$1203.CO[2]      0 0.0ms
                                             $auto$alumacc.cc:512:replace_alu$1203.CO[1]      0 0.0ms
                                             $auto$alumacc.cc:512:replace_alu$1203.CO[0]      0 0.0ms
                                            $auto$alumacc.cc:512:replace_alu$1200.CO[31]      0 0.0ms
                                            $auto$alumacc.cc:512:replace_alu$1200.CO[30]      0 0.0ms
                                            $auto$alumacc.cc:512:replace_alu$1200.CO[29]      0 0.0ms
                                            $auto$alumacc.cc:512:replace_alu$1200.CO[26]      0 0.0ms
                                            $auto$alumacc.cc:512:replace_alu$1200.CO[25]      0 0.0ms
                                            $auto$alumacc.cc:512:replace_alu$1200.CO[24]      0 0.0ms
                                            $auto$alumacc.cc:512:replace_alu$1200.CO[22]      0 0.0ms
                                            $auto$alumacc.cc:512:replace_alu$1200.CO[21]      0 0.0ms
                                            $auto$alumacc.cc:512:replace_alu$1200.CO[20]      0 0.0ms
                                            $auto$alumacc.cc:512:replace_alu$1200.CO[18]      0 0.0ms
                                            $auto$alumacc.cc:512:replace_alu$1200.CO[16]      0 0.0ms
                                            $auto$alumacc.cc:512:replace_alu$1200.CO[13]      0 0.0ms
                                            $auto$alumacc.cc:512:replace_alu$1200.CO[12]      0 0.0ms
                                            $auto$alumacc.cc:512:replace_alu$1200.CO[10]      0 0.0ms
                                             $auto$alumacc.cc:512:replace_alu$1200.CO[9]      0 0.0ms
                                             $auto$alumacc.cc:512:replace_alu$1200.CO[6]      0 0.0ms
                                             $auto$alumacc.cc:512:replace_alu$1200.CO[5]      0 0.0ms
                                             $auto$alumacc.cc:512:replace_alu$1200.CO[4]      0 0.0ms
                                             $auto$alumacc.cc:512:replace_alu$1200.CO[2]      0 0.0ms
                                             $auto$alumacc.cc:512:replace_alu$1200.CO[1]      0 0.0ms
                                             $auto$alumacc.cc:512:replace_alu$1200.CO[0]      0 0.0ms
                                             $auto$alumacc.cc:512:replace_alu$1206.X[15]      1 0.0ms
                                              $auto$alumacc.cc:512:replace_alu$1206.X[8]      1 0.0ms
                                             $auto$alumacc.cc:512:replace_alu$1206.X[10]      1 0.0ms
                                             $auto$alumacc.cc:512:replace_alu$1206.X[13]      1 0.0ms
                                             $auto$alumacc.cc:512:replace_alu$1206.X[14]      1 0.0ms
                                             $auto$alumacc.cc:512:replace_alu$1200.X[28]      1 0.0ms
                                             $auto$alumacc.cc:512:replace_alu$1200.X[23]      1 0.0ms
                                             $auto$alumacc.cc:512:replace_alu$1200.X[18]      1 0.0ms
                                             $auto$alumacc.cc:512:replace_alu$1200.X[17]      1 0.0ms
                                             $auto$alumacc.cc:512:replace_alu$1200.X[20]      1 0.0ms
                                             $auto$alumacc.cc:512:replace_alu$1200.X[21]      1 0.0ms
                                             $auto$alumacc.cc:512:replace_alu$1200.X[22]      1 0.0ms
                                                                           activation[0]      2 0.0ms
                                             $auto$alumacc.cc:512:replace_alu$1200.X[29]      1 0.0ms
                                             $auto$alumacc.cc:512:replace_alu$1200.X[30]      1 0.0ms
                                             $auto$alumacc.cc:512:replace_alu$1200.X[25]      1 0.0ms
                                             $auto$alumacc.cc:512:replace_alu$1200.X[26]      1 0.0ms
                                             $auto$alumacc.cc:512:replace_alu$1200.X[24]      1 0.0ms
                                                                           activation[1]      2 0.0ms
                                                                           activation[2]      2 0.0ms
                                             $auto$alumacc.cc:512:replace_alu$1200.X[31]      1 0.0ms
                                                                           activation[3]      2 0.0ms
                                                                           activation[4]      2 0.0ms
                                                                           activation[5]      2 0.0ms
                                                                           activation[6]      2 0.0ms
                                                                           weight_enc[1]      2 0.0ms
                                                                           activation[7]      2 0.0ms
                                                                           weight_enc[0]      2 0.0ms
                                                                                valid_in      2 0.0ms
                                                                                   rst_n      2 0.0ms
                                                                                     clk      2 0.0ms
Info: Router2 time 1093.93s
Info: Routing $PACKER_VCC_NET connections...
Info:     $PACKER_VCC_NET: 62/62 sinks bridged (0 left to main router; max BFS 26)
Info: Routing $PACKER_GND_NET connections...
Info:     $PACKER_GND_NET: 8/8 sinks bridged (0 left to main router; max BFS 157)
Info: Running post-routing legalisation...

Info: Critical path report for clock '$auto$clkbufmap.cc:294:execute$3033' (posedge -> posedge):
Info: curr total
Info:  0.1  0.1  Source $auto$ff.cc:337:slice$1650.Q
Info:  5.1  5.2    Net valid_out$auto$IOBUF_I$ budget 0.000000 ns (13,119) -> (240,131)
Info:                Sink $abc$2399$auto$blifparse.cc:557:parse_blif$2510.A4
Info:  0.1  5.3  Source $abc$2399$auto$blifparse.cc:557:parse_blif$2510.O6
Info:  4.6 10.0    Net $techmap2925$abc$2399$auto$blifparse.cc:557:parse_blif$2511.A[4] budget 0.000000 ns (240,131) -> (10,133)
Info:                Sink $abc$2399$auto$blifparse.cc:557:parse_blif$2511.A2
Info:  0.1 10.1  Source $abc$2399$auto$blifparse.cc:557:parse_blif$2511.O6
Info:  2.8 12.9    Net $abc$2399$auto$opt_dff.cc:336:make_patterns_logic$1193 budget 2.299000 ns (10,133) -> (180,133)
Info:                Sink $auto$ff.cc:337:slice$1734.CE
Info:  0.1 13.0  Setup $auto$ff.cc:337:slice$1734.CE
Info: 0.4 ns logic, 12.6 ns routing

Info: Max frequency for clock '$auto$clkbufmap.cc:294:execute$3033': 76.75 MHz (FAIL at 100.00 MHz)

Info: Slack histogram:
Info:  legend: * represents 1 endpoint(s)
Info:          + represents [1,1) endpoint(s)
Info: [ -3029,  -2422) |****** 
Info: [ -2422,  -1815) |**** 
Info: [ -1815,  -1208) |******************* 
Info: [ -1208,   -601) |************************* 
Info: [  -601,      6) |*************************** 
Info: [     6,    613) | 
Info: [   613,   1220) | 
Info: [  1220,   1827) | 
Info: [  1827,   2434) |** 
Info: [  2434,   3041) |** 
Info: [  3041,   3648) |***** 
Info: [  3648,   4255) |*************** 
Info: [  4255,   4862) |*************** 
Info: [  4862,   5469) |********************* 
Info: [  5469,   6076) |*********** 
Info: [  6076,   6683) |** 
Info: [  6683,   7290) |***** 
Info: [  7290,   7897) |********************* 
Info: [  7897,   8504) |********* 
Info: [  8504,   9111) |****** 
Info: Report written to runs/ternary_s11.report.json.
