Info: Packing constants..
Info: Inserting IO buffers..
Info:     Constraining 'clk' to site 'IOB_X1Y124'
Info:     Tile 'RIOB33_X105Y123'
Info:     Constraining 'rst_n' to site 'IOB_X1Y115'
Info:     Tile 'RIOB33_X105Y115'
Info:     Constraining 'valid_in' to site 'IOB_X1Y197'
Info:     Tile 'RIOB33_X105Y197'
Info:     Constraining 'valid_out' to site 'IOB_X1Y127'
Info:     Tile 'RIOB33_X105Y127'
Info:     Constraining 'weight_enc[0]' to site 'IOB_X1Y136'
Info:     Tile 'RIOB33_X105Y135'
Info:     Constraining 'activation[7]' to site 'IOB_X0Y207'
Info:     Tile 'LIOB33_X0Y207'
Info:     Constraining 'weight_enc[1]' to site 'IOB_X1Y131'
Info:     Tile 'RIOB33_X105Y131'
Info:     Constraining 'activation[6]' to site 'IOB_X0Y217'
Info:     Tile 'LIOB33_X0Y217'
Info:     Constraining 'activation[5]' to site 'IOB_X0Y215'
Info:     Tile 'LIOB33_X0Y215'
Info:     Constraining 'activation[4]' to site 'IOB_X0Y216'
Info:     Tile 'LIOB33_X0Y215'
Info:     Constraining 'activation[3]' to site 'IOB_X0Y231'
Info:     Tile 'LIOB33_X0Y231'
Info:     Constraining 'activation[2]' to site 'IOB_X0Y232'
Info:     Tile 'LIOB33_X0Y231'
Info:     Constraining 'activation[1]' to site 'IOB_X0Y229'
Info:     Tile 'LIOB33_X0Y229'
Info:     Constraining 'activation[0]' to site 'IOB_X0Y230'
Info:     Tile 'LIOB33_X0Y229'
Info:     Constraining 'acc_out[0]' to site 'IOB_X1Y130'
Info:     Tile 'RIOB33_X105Y129'
Info:     Constraining 'acc_out[1]' to site 'IOB_X1Y113'
Info:     Tile 'RIOB33_X105Y113'
Info:     Constraining 'acc_out[2]' to site 'IOB_X1Y106'
Info:     Tile 'RIOB33_X105Y105'
Info:     Constraining 'acc_out[3]' to site 'IOB_X0Y84'
Info:     Tile 'LIOB33_X0Y83'
Info:     Constraining 'acc_out[4]' to site 'IOB_X0Y82'
Info:     Tile 'LIOB33_X0Y81'
Info:     Constraining 'acc_out[5]' to site 'IOB_X0Y81'
Info:     Tile 'LIOB33_X0Y81'
Info:     Constraining 'acc_out[6]' to site 'IOB_X0Y94'
Info:     Tile 'LIOB33_X0Y93'
Info:     Constraining 'acc_out[7]' to site 'IOB_X0Y89'
Info:     Tile 'LIOB33_X0Y89'
Info:     Constraining 'acc_out[8]' to site 'IOB_X0Y92'
Info:     Tile 'LIOB33_X0Y91'
Info:     Constraining 'acc_out[9]' to site 'IOB_X0Y97'
Info:     Tile 'LIOB33_X0Y97'
Info:     Constraining 'acc_out[10]' to site 'IOB_X0Y116'
Info:     Tile 'LIOB33_X0Y115'
Info:     Constraining 'acc_out[11]' to site 'IOB_X0Y120'
Info:     Tile 'LIOB33_X0Y119'
Info:     Constraining 'acc_out[12]' to site 'IOB_X0Y134'
Info:     Tile 'LIOB33_X0Y133'
Info:     Constraining 'acc_out[13]' to site 'IOB_X0Y133'
Info:     Tile 'LIOB33_X0Y133'
Info:     Constraining 'acc_out[14]' to site 'IOB_X1Y135'
Info:     Tile 'RIOB33_X105Y135'
Info:     Constraining 'acc_out[15]' to site 'IOB_X1Y133'
Info:     Tile 'RIOB33_X105Y133'
Info:     Constraining 'acc_out[16]' to site 'IOB_X1Y134'
Info:     Tile 'RIOB33_X105Y133'
Info:     Constraining 'acc_out[17]' to site 'IOB_X1Y129'
Info:     Tile 'RIOB33_X105Y129'
Info:     Constraining 'acc_out[18]' to site 'IOB_X1Y109'
Info:     Tile 'RIOB33_X105Y109'
Info:     Constraining 'acc_out[19]' to site 'IOB_X1Y110'
Info:     Tile 'RIOB33_X105Y109'
Info:     Constraining 'acc_out[20]' to site 'IOB_X1Y105'
Info:     Tile 'RIOB33_X105Y105'
Info:     Constraining 'acc_out[21]' to site 'IOB_X0Y83'
Info:     Tile 'LIOB33_X0Y83'
Info:     Constraining 'acc_out[22]' to site 'IOB_X0Y86'
Info:     Tile 'LIOB33_X0Y85'
Info:     Constraining 'acc_out[23]' to site 'IOB_X0Y85'
Info:     Tile 'LIOB33_X0Y85'
Info:     Constraining 'acc_out[24]' to site 'IOB_X0Y93'
Info:     Tile 'LIOB33_X0Y93'
Info:     Constraining 'acc_out[25]' to site 'IOB_X0Y91'
Info:     Tile 'LIOB33_X0Y91'
Info:     Constraining 'acc_out[26]' to site 'IOB_X0Y96'
Info:     Tile 'LIOB33_X0Y95'
Info:     Constraining 'acc_out[27]' to site 'IOB_X0Y95'
Info:     Tile 'LIOB33_X0Y95'
Info:     Constraining 'acc_out[28]' to site 'IOB_X0Y115'
Info:     Tile 'LIOB33_X0Y115'
Info:     Constraining 'acc_out[29]' to site 'IOB_X0Y119'
Info:     Tile 'LIOB33_X0Y119'
Info:     Constraining 'acc_out[30]' to site 'IOB_X0Y130'
Info:     Tile 'LIOB33_X0Y129'
Info:     Constraining 'acc_out[31]' to site 'IOB_X0Y129'
Info:     Tile 'LIOB33_X0Y129'
Info: Generating input buffer for 'clk$ibuf$'
Info: Generating input buffer for 'rst_n$ibuf$'
Info: Generating input buffer for 'valid_in$ibuf$'
Info: Generating output buffer for 'valid_out$obuf$'
Info: Generating input buffer for 'weight_enc[0]$ibuf$'
Info: Generating input buffer for 'activation[7]$ibuf$'
Info: Generating input buffer for 'weight_enc[1]$ibuf$'
Info: Generating input buffer for 'activation[6]$ibuf$'
Info: Generating input buffer for 'activation[5]$ibuf$'
Info: Generating input buffer for 'activation[4]$ibuf$'
Info: Generating input buffer for 'activation[3]$ibuf$'
Info: Generating input buffer for 'activation[2]$ibuf$'
Info: Generating input buffer for 'activation[1]$ibuf$'
Info: Generating input buffer for 'activation[0]$ibuf$'
Info: Generating output buffer for 'acc_out[0]$obuf$'
Info: Generating output buffer for 'acc_out[1]$obuf$'
Info: Generating output buffer for 'acc_out[2]$obuf$'
Info: Generating output buffer for 'acc_out[3]$obuf$'
Info: Generating output buffer for 'acc_out[4]$obuf$'
Info: Generating output buffer for 'acc_out[5]$obuf$'
Info: Generating output buffer for 'acc_out[6]$obuf$'
Info: Generating output buffer for 'acc_out[7]$obuf$'
Info: Generating output buffer for 'acc_out[8]$obuf$'
Info: Generating output buffer for 'acc_out[9]$obuf$'
Info: Generating output buffer for 'acc_out[10]$obuf$'
Info: Generating output buffer for 'acc_out[11]$obuf$'
Info: Generating output buffer for 'acc_out[12]$obuf$'
Info: Generating output buffer for 'acc_out[13]$obuf$'
Info: Generating output buffer for 'acc_out[14]$obuf$'
Info: Generating output buffer for 'acc_out[15]$obuf$'
Info: Generating output buffer for 'acc_out[16]$obuf$'
Info: Generating output buffer for 'acc_out[17]$obuf$'
Info: Generating output buffer for 'acc_out[18]$obuf$'
Info: Generating output buffer for 'acc_out[19]$obuf$'
Info: Generating output buffer for 'acc_out[20]$obuf$'
Info: Generating output buffer for 'acc_out[21]$obuf$'
Info: Generating output buffer for 'acc_out[22]$obuf$'
Info: Generating output buffer for 'acc_out[23]$obuf$'
Info: Generating output buffer for 'acc_out[24]$obuf$'
Info: Generating output buffer for 'acc_out[25]$obuf$'
Info: Generating output buffer for 'acc_out[26]$obuf$'
Info: Generating output buffer for 'acc_out[27]$obuf$'
Info: Generating output buffer for 'acc_out[28]$obuf$'
Info: Generating output buffer for 'acc_out[29]$obuf$'
Info: Generating output buffer for 'acc_out[30]$obuf$'
Info: Generating output buffer for 'acc_out[31]$obuf$'
Info:     Created 46 PAD cells from:
Info:             46x PAD
Info: Preparing clocking...
Info: Packing constants..
Info: Packing cfg...
Info: Packing PLLs...
Info: Packing Gigabit Transceivers..
Info: Packing global buffers...
Info:     Constrained BUFGCTRL '$auto$clkbufmap.cc:261:execute$3031' to bel 'BUFGCTRL_X0Y0/BUFGCTRL' based on dedicated routing
Info: Packing MUX[789]s..
Info: Packing carries (atomic CARRY4)..
Info:    Packed 14 CARRY4 cells into 3 chains (atomic).
Info: router2 PRECYINIT fix: 14 CARRY4 cells, 17 constant carry pins disconnected
Info: Packing LUTs..
Info:     Created 321 SLICE_LUTX cells from:
Info:            201x LUT1
Info:             57x LUT2
Info:              1x LUT3
Info:              6x LUT4
Info:             56x LUT5
Info: Packing DRAM..
Info:    Transformed 0 tied-low DRAM address inputs to be tied-high
Info: Packing BRAM..
Info: Packing DSPs..
Info: Packing flipflops..
Info:     Created 114 SLICE_FFX cells from:
Info:            113x FDCE
Info:              1x FDPE
Info:     local-const FF control: disconnected 0 SR(=GND) + 33 CE(=VCC) pins from global nets
Info: Constrained 81 LUTFF pairs.

Info: Annotating ports with timing budgets for target frequency 100.00 MHz
Info: Checksum: 0x5a4709d8

Info: Device utilisation:
Info: 	          SLICE_LUTX:   321/269200     0%
Info: 	           SLICE_FFX:   114/269200     0%
Info: 	              CARRY4:    14/33650     0%
Info: 	          PSEUDO_GND:     1/69165     0%
Info: 	          PSEUDO_VCC:     1/69165     0%
Info: 	               HARD0:     0/ 3960     0%
Info: 	            RAMB18E1:     0/  730     0%
Info: 	            FIFO18E1:     0/  365     0%
Info: 	        RAMBFIFO36E1:     0/  365     0%
Info: 	            RAMB36E1:     0/  365     0%
Info: 	             DSP48E1:     0/  740     0%
Info: 	                 PAD:    46/ 1062     4%
Info: 	       IOB33M_OUTBUF:     0/  240     0%
Info: 	       IOB33S_OUTBUF:     0/  240     0%
Info: 	        IOB33_OUTBUF:    33/  500     6%
Info: 	     IOB33M_INBUF_EN:     0/  240     0%
Info: 	     IOB33S_INBUF_EN:     0/  240     0%
Info: 	      IOB33_INBUF_EN:    13/  500     2%
Info: 	IOB33M_TERM_OVERRIDE:     0/  240     0%
Info: 	IOB33S_TERM_OVERRIDE:     0/  240     0%
Info: 	 IOB33_TERM_OVERRIDE:     0/  500     0%
Info: 	       PULL_OR_KEEP1:     0/  980     0%
Info: 	            IDELAYE2:     0/  500     0%
Info: 	        OLOGICE3_TFF:     0/  500     0%
Info: 	      OLOGICE3_OUTFF:     0/  500     0%
Info: 	       OLOGICE3_MISR:     0/  500     0%
Info: 	           OSERDESE2:     0/  500     0%
Info: 	        ILOGICE3_IFF:     0/  500     0%
Info: 	ILOGICE3_ZHOLD_DELAY:     0/  500     0%
Info: 	           ISERDESE2:     0/  500     0%
Info: 	                BUFR:     0/   40     0%
Info: 	               BUFIO:     0/   40     0%
Info: 	          IDELAYCTRL:     0/   10     0%
Info: 	            BUFGCTRL:     1/   32     3%
Info: 	            PCIE_2_1:     0/    1     0%
Info: 	               BSCAN:     0/    4     0%
Info: 	                BUFG:     0/   32     0%
Info: 	              BUFHCE:     0/  120     0%
Info: 	            DCIRESET:     0/    1     0%
Info: 	            DNA_PORT:     0/    1     0%
Info: 	           EFUSE_USR:     0/    1     0%
Info: 	           FRAME_ECC:     0/    1     0%
Info: 	       GTPE2_CHANNEL:     0/   16     0%
Info: 	        GTPE2_COMMON:     0/    4     0%
Info: 	         IBUFDS_GTE2:     0/    8     0%
Info: 	                ICAP:     0/    2     0%
Info: 	            INVERTER:     0/  240     0%
Info: 	          MMCME2_ADV:     0/   10     0%
Info: 	        OLOGICE2_TFF:     0/  500     0%
Info: 	      OLOGICE2_OUTFF:     0/  500     0%
Info: 	           PLLE2_ADV:     0/   10     0%
Info: 	           SELMUX2_1:     0/102950     0%
Info: 	             STARTUP:     0/    1     0%
Info: 	          USR_ACCESS:     0/    1     0%
Info: 	              BUFFER:     0/   82     0%
Info: 	        ILOGICE2_IFF:     0/  500     0%
Info: 	       OLOGICE2_MISR:     0/  500     0%

Info: HeAP congestion knobs: beta=0.400 spread_scale=2,1 alpha=0.080
Info: Placed 93 cells based on constraints.
Info: Creating initial analytic placement for 244 cells, random placement wirelen = 94708.
Info:     at initial placer iter 0, wirelen = 11526
Info:     at initial placer iter 1, wirelen = 9270
Info:     at initial placer iter 2, wirelen = 8604
Info:     at initial placer iter 3, wirelen = 8450
Info: Running main analytical placer.
Info:     at iteration #1, type ALL: wirelen solved = 8432, spread = 10905, legal = 11617; time = 0.07s
Info:     at iteration #2, type ALL: wirelen solved = 8756, spread = 10281, legal = 10502; time = 0.18s
Info: HeAP Placer Time: 2.49s
Info:   of which solving equations: 0.08s
Info:   of which spreading cells: 0.08s
Info:   of which strict legalisation: 0.10s

Info: Running simulated annealing placer for refinement.
Info:   at iteration #1: temp = 0.000000, timing cost = 64, wirelen = 10502
Info:   at iteration #5: temp = 0.000000, timing cost = 55, wirelen = 10083
Info:   at iteration #6: temp = 0.000000, timing cost = 55, wirelen = 10079 
Info: SA placement time 0.58s

Info: Max frequency for clock '$auto$clkbufmap.cc:294:execute$3033': 68.25 MHz (FAIL at 100.00 MHz)

Info: Slack histogram:
Info:  legend: * represents 1 endpoint(s)
Info:          + represents [1,1) endpoint(s)
Info: [ -4651,  -3969) |**** 
Info: [ -3969,  -3287) |*** 
Info: [ -3287,  -2605) |** 
Info: [ -2605,  -1923) | 
Info: [ -1923,  -1241) |******** 
Info: [ -1241,   -559) |************* 
Info: [  -559,    123) |*********************************** 
Info: [   123,    805) |*********************** 
Info: [   805,   1487) |******** 
Info: [  1487,   2169) |*********** 
Info: [  2169,   2851) |***** 
Info: [  2851,   3533) |***** 
Info: [  3533,   4215) |***** 
Info: [  4215,   4897) |*************** 
Info: [  4897,   5579) |*************** 
Info: [  5579,   6261) |********* 
Info: [  6261,   6943) |***** 
Info: [  6943,   7625) |** 
Info: [  7625,   8307) |********************* 
Info: [  8307,   8989) |****** 
Info: Checksum: 0x4b5d8831
Info: Running post-placement legalisation...
Info: post-place repair: relocated 140 stranded cluster(s)/cell(s) to valid bels
Info: Routing global clocks...
Info:     routing clock '$auto$clkbufmap.cc:294:execute$3033'
Info:     routing clock 'clk$auto$IOBUF_O$'
Info: Running router2...
Info: Setting up routing resources...
Info: Running main router loop...
Info:     iter=1 wires=6897 overused=147 overuse=154 archfail=NA
Info:     iter=2 wires=7000 overused=1 overuse=1 archfail=NA
Info:     iter=3 wires=7000 overused=0 overuse=0 archfail=0
Info: 1000 slowest nets by runtime:
                                                                     rst_n$auto$IOBUF_O$    114 71293.5ms
                        $techmap2925$abc$2399$auto$blifparse.cc:557:parse_blif$2511.A[4]     50 18313.7ms
                        $techmap2917$abc$2399$auto$blifparse.cc:557:parse_blif$2518.A[0]     50 16547.6ms
                                                                 valid_out$auto$IOBUF_I$     35 16384.2ms
                        $techmap2917$abc$2399$auto$blifparse.cc:557:parse_blif$2518.A[1]     50 14087.7ms
                                                                acc_out[2]$auto$IOBUF_I$      1 13684.5ms
                        $techmap2917$abc$2399$auto$blifparse.cc:557:parse_blif$2518.A[2]     50 11849.4ms
                                                                acc_out[1]$auto$IOBUF_I$      1 11682.2ms
                                                                acc_out[0]$auto$IOBUF_I$      1 11384.1ms
                        $techmap2917$abc$2399$auto$blifparse.cc:557:parse_blif$2518.A[3]     50 11108.9ms
                                                               acc_out[20]$auto$IOBUF_I$      1 11086.8ms
                                                               acc_out[17]$auto$IOBUF_I$      1 8548.5ms
                                                               acc_out[22]$auto$IOBUF_I$      1 7626.8ms
                                                               acc_out[27]$auto$IOBUF_I$      1 7625.8ms
                                                               acc_out[19]$auto$IOBUF_I$      1 6554.5ms
                                                               acc_out[14]$auto$IOBUF_I$      1 6184.1ms
                                                               acc_out[16]$auto$IOBUF_I$      1 5887.3ms
                                                                acc_out[5]$auto$IOBUF_I$      1 5808.9ms
                                                               acc_out[23]$auto$IOBUF_I$      1 5430.6ms
                                  $abc$2399$auto$opt_dff.cc:336:make_patterns_logic$1193     32 5043.4ms
                                                               acc_out[31]$auto$IOBUF_I$      1 4945.2ms
                                                                     vector_done_delayed      1 4472.1ms
                                                                acc_out[9]$auto$IOBUF_I$      1 4387.8ms
                                                               acc_out[21]$auto$IOBUF_I$      1 4299.4ms
                                                               acc_out[18]$auto$IOBUF_I$      1 4173.5ms
                                                                acc_out[7]$auto$IOBUF_I$      1 3984.8ms
                                                                acc_out[4]$auto$IOBUF_I$      1 3895.4ms
                                                               acc_out[25]$auto$IOBUF_I$      1 3760.4ms
                                                                acc_out[6]$auto$IOBUF_I$      1 3343.2ms
                                               $abc$2399$auto$rtlil.cc:3501:NotGate$2310      1 3298.9ms
                                                                acc_out[3]$auto$IOBUF_I$      1 3200.8ms
                                                               acc_out[15]$auto$IOBUF_I$      1 3174.3ms
                                                                acc_out[8]$auto$IOBUF_I$      1 3000.9ms
                                                               acc_out[12]$auto$IOBUF_I$      1 2904.3ms
                                                             weight_enc[1]$auto$IOBUF_O$      8 2851.1ms
                                                               acc_out[28]$auto$IOBUF_I$      1 2835.8ms
                                             $auto$alumacc.cc:512:replace_alu$1200.Y[23]      2 2789.3ms
                                                                    $0\acc_out[31:0][18]      1 2606.3ms
                                                             weight_enc[0]$auto$IOBUF_O$      8 2454.3ms
                                                               acc_out[13]$auto$IOBUF_I$      1 2445.0ms
                                             $auto$alumacc.cc:512:replace_alu$1200.Y[18]      2 2321.6ms
                                                             activation[6]$auto$IOBUF_O$      2 2162.9ms
                                              $auto$alumacc.cc:512:replace_alu$1200.Y[2]      2 1988.1ms
                                             $auto$alumacc.cc:512:replace_alu$1200.Y[29]      2 1972.0ms
                                             $auto$alumacc.cc:512:replace_alu$1200.Y[15]      2 1949.2ms
                                              $auto$alumacc.cc:512:replace_alu$1200.Y[5]      2 1835.9ms
                                             $auto$alumacc.cc:512:replace_alu$1200.Y[25]      2 1794.3ms
                                                               acc_out[24]$auto$IOBUF_I$      1 1755.6ms
                                                               acc_out[29]$auto$IOBUF_I$      1 1736.7ms
                                             $auto$alumacc.cc:512:replace_alu$1200.Y[19]      2 1602.9ms
                                                             activation[3]$auto$IOBUF_O$      2 1589.9ms
                                                               acc_out[11]$auto$IOBUF_I$      1 1504.3ms
                                             $auto$alumacc.cc:512:replace_alu$1200.Y[27]      2 1477.7ms
                                               $abc$2399$auto$rtlil.cc:3501:NotGate$2344      1 1411.6ms
                                                             activation[1]$auto$IOBUF_O$      2 1373.0ms
                                              $auto$alumacc.cc:512:replace_alu$1200.Y[7]      2 1370.0ms
                                               $abc$2399$auto$rtlil.cc:3501:NotGate$2374      1 1351.5ms
                                                               acc_out[10]$auto$IOBUF_I$      1 1341.2ms
                                                               acc_out[30]$auto$IOBUF_I$      1 1302.7ms
                                               $abc$2399$auto$rtlil.cc:3501:NotGate$2336      1 1290.9ms
                                                               acc_out[26]$auto$IOBUF_I$      1 1251.2ms
                                                             activation[5]$auto$IOBUF_O$      2 1248.0ms
                                               $abc$2399$auto$rtlil.cc:3501:NotGate$2358      1 1226.6ms
                                                                  valid_in$auto$IOBUF_O$      1 1182.0ms
                                                             activation[0]$auto$IOBUF_O$      2 1114.0ms
                                               $abc$2399$auto$rtlil.cc:3501:NotGate$2176      1 1077.7ms
                                             $auto$alumacc.cc:512:replace_alu$1200.Y[14]      2 1063.2ms
                                                             activation[4]$auto$IOBUF_O$      2 1050.0ms
                                               $abc$2399$auto$rtlil.cc:3501:NotGate$2228      1 1033.5ms
                                              $auto$alumacc.cc:512:replace_alu$1200.Y[1]      2 1029.7ms
                                               $abc$2399$auto$rtlil.cc:3501:NotGate$2290      1 1010.1ms
                                               $abc$2399$auto$rtlil.cc:3501:NotGate$2316      1 999.8ms
                                             $auto$alumacc.cc:512:replace_alu$1200.Y[31]      2 999.4ms
                                               $abc$2399$auto$rtlil.cc:3501:NotGate$2196      1 997.5ms
                                                             activation[2]$auto$IOBUF_O$      2 993.2ms
                                               $abc$2399$auto$rtlil.cc:3501:NotGate$2258      1 918.8ms
                                               $abc$2399$auto$rtlil.cc:3501:NotGate$2338      1 916.2ms
                                                                    $0\acc_out[31:0][20]      1 896.5ms
                                             $auto$alumacc.cc:512:replace_alu$1200.Y[28]      2 890.4ms
                                                                                 acc[23]      2 885.0ms
                                             $auto$alumacc.cc:512:replace_alu$1200.Y[20]      2 833.4ms
                                                                                  acc[1]      2 828.9ms
                                               $abc$2399$auto$rtlil.cc:3501:NotGate$2282      1 811.7ms
                                               $abc$2399$auto$rtlil.cc:3501:NotGate$2202      1 776.9ms
                                                                                  acc[2]      2 769.3ms
                                               $abc$2399$auto$rtlil.cc:3501:NotGate$2314      1 739.5ms
                                               $abc$2399$auto$rtlil.cc:3501:NotGate$2264      1 719.7ms
                        $techmap2912$abc$2399$auto$blifparse.cc:557:parse_blif$2519.A[0]     25 718.1ms
                                                                                  acc[3]      2 714.7ms
                                                                     $0\acc_out[31:0][1]      1 711.7ms
                                               $abc$2399$auto$rtlil.cc:3501:NotGate$2298      1 708.0ms
                                               $abc$2399$auto$rtlil.cc:3501:NotGate$2236      1 704.7ms
                                                                                 acc[28]      2 668.2ms
                                               $abc$2399$auto$rtlil.cc:3501:NotGate$2354      1 656.8ms
                                             $auto$alumacc.cc:512:replace_alu$1200.Y[21]      2 649.3ms
                                               $abc$2399$auto$rtlil.cc:3501:NotGate$2294      1 639.4ms
                                               $abc$2399$auto$rtlil.cc:3501:NotGate$2238      1 636.3ms
                                             $auto$alumacc.cc:512:replace_alu$1200.Y[24]      2 620.0ms
                                                                                 acc[19]      2 610.6ms
                                               $abc$2399$auto$rtlil.cc:3501:NotGate$2192      1 603.5ms
                                                                                  acc[5]      2 603.4ms
                                               $abc$2399$auto$rtlil.cc:3501:NotGate$2194      1 591.5ms
                                               $abc$2399$auto$rtlil.cc:3501:NotGate$2306      1 585.8ms
                                               $abc$2399$auto$rtlil.cc:3501:NotGate$2312      1 585.7ms
                                             $auto$alumacc.cc:512:replace_alu$1200.Y[26]      2 581.3ms
                                               $abc$2399$auto$rtlil.cc:3501:NotGate$2324      1 576.1ms
                                                                                 acc[17]      2 574.8ms
                                                                     $0\acc_out[31:0][4]      1 568.9ms
                                              $auto$alumacc.cc:512:replace_alu$1200.Y[3]      2 559.4ms
                                               $abc$2399$auto$rtlil.cc:3501:NotGate$2398      1 558.6ms
                                               $abc$2399$auto$rtlil.cc:3501:NotGate$2224      1 547.7ms
                                               $abc$2399$auto$rtlil.cc:3501:NotGate$2346      1 545.4ms
                                                                    $0\acc_out[31:0][15]      1 537.6ms
                                               $abc$2399$auto$rtlil.cc:3501:NotGate$2362      1 524.2ms
                                                                         result_latch[4]      1 522.3ms
                                               $abc$2399$auto$rtlil.cc:3501:NotGate$2226      1 521.8ms
                                               $abc$2399$auto$rtlil.cc:3501:NotGate$2266      1 520.9ms
                                               $abc$2399$auto$rtlil.cc:3501:NotGate$2190      1 518.6ms
                                               $abc$2399$auto$rtlil.cc:3501:NotGate$2340      1 516.8ms
                                               $abc$2399$auto$rtlil.cc:3501:NotGate$2244      1 512.4ms
                                               $abc$2399$auto$rtlil.cc:3501:NotGate$2204      1 510.7ms
                                                                         result_latch[2]      1 504.8ms
                                                                    $0\acc_out[31:0][19]      1 498.8ms
                                               $abc$2399$auto$rtlil.cc:3501:NotGate$2186      1 496.1ms
                                               $abc$2399$auto$rtlil.cc:3501:NotGate$2234      1 489.1ms
                                              $auto$alumacc.cc:512:replace_alu$1200.Y[6]      2 485.6ms
                                               $abc$2399$auto$rtlil.cc:3501:NotGate$2376      1 484.5ms
                                               $abc$2399$auto$rtlil.cc:3501:NotGate$2242      1 483.5ms
                                             $auto$alumacc.cc:512:replace_alu$1200.Y[10]      2 474.7ms
                                                                                count[3]      3 468.7ms
                                                                                 acc[18]      2 467.5ms
                                               $abc$2399$auto$rtlil.cc:3501:NotGate$2334      1 459.9ms
                                               $abc$2399$auto$rtlil.cc:3501:NotGate$2220      1 453.2ms
                                               $abc$2399$auto$rtlil.cc:3501:NotGate$2232      1 434.3ms
                                               $abc$2399$auto$rtlil.cc:3501:NotGate$2262      1 429.5ms
                                             $auto$alumacc.cc:512:replace_alu$1200.Y[16]      2 424.9ms
                                                                                  acc[4]      2 424.5ms
                                               $abc$2399$auto$rtlil.cc:3501:NotGate$2230      1 424.0ms
                                              $auto$alumacc.cc:512:replace_alu$1200.Y[9]      2 423.8ms
                                               $abc$2399$auto$rtlil.cc:3501:NotGate$2366      1 417.1ms
                                               $abc$2399$auto$rtlil.cc:3501:NotGate$2332      1 409.2ms
                                               $abc$2399$auto$rtlil.cc:3501:NotGate$2184      1 402.2ms
                                               $abc$2399$auto$rtlil.cc:3501:NotGate$2200      1 401.5ms
                                              $auto$alumacc.cc:512:replace_alu$1200.Y[4]      2 400.7ms
                                                                                  acc[8]      2 398.9ms
                                               $abc$2399$auto$rtlil.cc:3501:NotGate$2326      1 396.5ms
                                               $abc$2399$auto$rtlil.cc:3501:NotGate$2284      1 394.6ms
                                                                                count[5]      3 385.5ms
                                               $abc$2399$auto$rtlil.cc:3501:NotGate$2296      1 380.1ms
                                               $abc$2399$auto$rtlil.cc:3501:NotGate$2348      1 376.8ms
                                               $abc$2399$auto$rtlil.cc:3501:NotGate$2378      1 373.9ms
                                             $auto$alumacc.cc:512:replace_alu$1200.Y[22]      2 370.9ms
                                               $abc$2399$auto$rtlil.cc:3501:NotGate$2328      1 368.2ms
                                              $auto$alumacc.cc:512:replace_alu$1203.Y[1]      1 367.8ms
                                               $abc$2399$auto$rtlil.cc:3501:NotGate$2286      1 365.9ms
                                               $abc$2399$auto$rtlil.cc:3501:NotGate$2320      1 365.2ms
                                              $auto$alumacc.cc:512:replace_alu$1200.Y[8]      2 364.6ms
                                             $auto$alumacc.cc:512:replace_alu$1206.Y[13]      1 361.4ms
                                               $abc$2399$auto$rtlil.cc:3501:NotGate$2394      1 360.6ms
                                               $abc$2399$auto$rtlil.cc:3501:NotGate$2382      1 357.1ms
                                               $abc$2399$auto$rtlil.cc:3501:NotGate$2246      1 355.9ms
                                                                         result_latch[6]      1 351.7ms
                                                                               count[14]      3 349.6ms
                                               $abc$2399$auto$rtlil.cc:3501:NotGate$2396      1 348.2ms
                                                                                 acc[22]      2 342.0ms
                                               $abc$2399$auto$rtlil.cc:3501:NotGate$2218      1 340.0ms
                                               $abc$2399$auto$rtlil.cc:3501:NotGate$2198      1 339.3ms
                                             $auto$alumacc.cc:512:replace_alu$1200.Y[11]      2 338.4ms
                                                                                count[4]      3 335.1ms
                                               $abc$2399$auto$rtlil.cc:3501:NotGate$2248      1 330.3ms
                                                                                 acc[14]      2 329.0ms
                                               $abc$2399$auto$rtlil.cc:3501:NotGate$2360      1 328.4ms
                                                                                 acc[10]      2 327.6ms
                                               $abc$2399$auto$rtlil.cc:3501:NotGate$2308      1 322.8ms
                                             $auto$alumacc.cc:512:replace_alu$1206.Y[11]      1 321.3ms
                                               $abc$2399$auto$rtlil.cc:3501:NotGate$2252      1 319.0ms
                                                                        result_latch[31]      1 316.3ms
                                                                                 acc[29]      2 314.0ms
                                                                                  acc[0]      2 306.6ms
                                               $abc$2399$auto$rtlil.cc:3501:NotGate$2342      1 304.3ms
                                                                    $0\acc_out[31:0][17]      1 303.4ms
                                              $auto$alumacc.cc:512:replace_alu$1206.Y[4]      1 303.2ms
                                                                               count[11]      3 302.9ms
                                                                                count[6]      3 288.6ms
                                               $abc$2399$auto$rtlil.cc:3501:NotGate$2384      1 285.6ms
                                               $abc$2399$auto$rtlil.cc:3501:NotGate$2300      1 284.9ms
                                              $auto$alumacc.cc:512:replace_alu$1200.X[3]      1 282.4ms
                                               $abc$2399$auto$rtlil.cc:3501:NotGate$2330      1 278.9ms
                                               $abc$2399$auto$rtlil.cc:3501:NotGate$2254      1 272.8ms
                                               $abc$2399$auto$rtlil.cc:3501:NotGate$2260      1 271.8ms
                                               $abc$2399$auto$rtlil.cc:3501:NotGate$2302      1 269.4ms
                                                                        acc[13]$legal$41      1 268.4ms
                                             $auto$alumacc.cc:512:replace_alu$1200.Y[17]      2 268.0ms
                                             $auto$alumacc.cc:512:replace_alu$1200.Y[30]      2 257.6ms
                                                             $abc$2399$procmux$1131_Y[2]      1 248.5ms
                                                                                 acc[21]      2 247.2ms
                                                             $abc$2399$procmux$1137_Y[4]      1 246.7ms
                                                                                  acc[7]      2 246.0ms
                                               $abc$2399$auto$rtlil.cc:3501:NotGate$2352      1 245.2ms
                                                                        result_latch[19]      1 243.0ms
                                               $abc$2399$auto$rtlil.cc:3501:NotGate$2180      1 242.2ms
                                                                    $0\acc_out[31:0][10]      1 241.1ms
                                                                     $0\acc_out[31:0][3]      1 240.6ms
                                               $abc$2399$auto$rtlil.cc:3501:NotGate$2392      1 239.7ms
                                               $abc$2399$auto$rtlil.cc:3501:NotGate$2278      1 236.9ms
                                                                    $0\acc_out[31:0][27]      1 228.7ms
                                              $auto$alumacc.cc:512:replace_alu$1203.Y[2]      1 227.4ms
                                               $abc$2399$auto$rtlil.cc:3501:NotGate$2216      1 226.2ms
                                                                                  acc[6]      2 226.0ms
                                              $auto$alumacc.cc:512:replace_alu$1206.Y[8]      1 223.2ms
                                              $auto$alumacc.cc:512:replace_alu$1203.Y[7]      1 221.9ms
                                                                                count[8]      3 217.5ms
                                                                        acc[30]$legal$75      1 214.7ms
                                                                         acc[5]$legal$23      1 212.5ms
                                               $abc$2399$auto$rtlil.cc:3501:NotGate$2368      1 212.0ms
                                                                      count[3]$legal$103      1 211.1ms
                                                     $auto$clkbufmap.cc:294:execute$3033    114 209.5ms
                                               $abc$2399$auto$rtlil.cc:3501:NotGate$2350      1 205.7ms
                                                                        acc[25]$legal$65      1 205.2ms
                                                            $abc$2399$procmux$1137_Y[30]      1 204.5ms
                                                                                 acc[12]      2 204.5ms
                                                                         result_latch[9]      1 204.4ms
                                               $abc$2399$auto$rtlil.cc:3501:NotGate$2288      1 202.0ms
                                             $auto$alumacc.cc:512:replace_alu$1200.Y[13]      2 201.0ms
                                                                                count[1]      3 200.2ms
                                               $abc$2399$auto$rtlil.cc:3501:NotGate$2390      1 199.0ms
                                                             activation[7]$auto$IOBUF_O$      2 197.8ms
                                                                        acc[18]$legal$51      1 196.5ms
                                               $abc$2399$auto$rtlil.cc:3501:NotGate$2174      1 196.3ms
                                               $abc$2399$auto$rtlil.cc:3501:NotGate$2270      1 193.7ms
                                              $auto$alumacc.cc:512:replace_alu$1203.Y[0]      1 191.5ms
                                                                        acc[16]$legal$47      1 187.2ms
                                                                       count[1]$legal$99      1 185.2ms
                                               $abc$2399$auto$rtlil.cc:3501:NotGate$2208      1 181.6ms
                                               $abc$2399$auto$rtlil.cc:3501:NotGate$2356      1 181.1ms
                                             $auto$alumacc.cc:512:replace_alu$1200.Y[12]      2 179.1ms
                                                                                 acc[25]      2 179.1ms
                                                                $PACKER_GND_NET$legal$89      1 177.9ms
                                                                      count[4]$legal$105      1 171.3ms
                                                                    $0\acc_out[31:0][25]      1 169.7ms
                                               $abc$2399$auto$rtlil.cc:3501:NotGate$2292      1 169.7ms
                                                                     $0\acc_out[31:0][2]      1 168.0ms
                                               $abc$2399$auto$rtlil.cc:3501:NotGate$2322      1 164.1ms
                                               $abc$2399$auto$rtlil.cc:3501:NotGate$2274      1 164.0ms
                                                                        acc[17]$legal$49      1 162.1ms
                                                                        acc[23]$legal$61      1 161.2ms
                                               $abc$2399$auto$rtlil.cc:3501:NotGate$2250      1 159.1ms
                                                                     $0\acc_out[31:0][8]      1 159.0ms
                                              $auto$alumacc.cc:512:replace_alu$1206.Y[3]      1 156.0ms
                                                                      count[7]$legal$111      1 153.9ms
                                                                    $0\acc_out[31:0][21]      1 149.2ms
                                                            $abc$2399$procmux$1137_Y[10]      1 146.6ms
                                                                     count[12]$legal$121      1 144.9ms
                                                                     count[10]$legal$117      1 143.3ms
                                                                         result_latch[1]      1 141.1ms
                                             $auto$alumacc.cc:512:replace_alu$1206.Y[10]      1 137.4ms
                                                                    $0\acc_out[31:0][16]      1 135.8ms
                                              $auto$alumacc.cc:512:replace_alu$1200.X[2]      1 133.8ms
                                              $auto$alumacc.cc:512:replace_alu$1206.Y[6]      1 132.9ms
                                                            $abc$2399$procmux$1137_Y[18]      1 132.6ms
                                                                          acc[0]$legal$3      1 130.7ms
                                                                        result_latch[24]      1 128.9ms
                                                                        result_latch[14]      1 127.9ms
                                                             $abc$2399$procmux$1137_Y[2]      1 121.6ms
                                                            $abc$2399$procmux$1137_Y[15]      1 120.6ms
                                                            $abc$2399$procmux$1131_Y[13]      1 117.1ms
                                                                    $0\acc_out[31:0][14]      1 116.5ms
                                                             $abc$2399$procmux$1131_Y[7]      1 116.4ms
                                                             $abc$2399$procmux$1137_Y[6]      1 115.7ms
                                               $abc$2399$auto$rtlil.cc:3501:NotGate$2304      1 115.6ms
                                               $abc$2399$auto$rtlil.cc:3501:NotGate$2212      1 115.6ms
                                                                        acc[26]$legal$67      1 113.9ms
                                                                        acc[21]$legal$57      1 113.7ms
                                                                        result_latch[16]      1 112.4ms
                                                                        acc[29]$legal$73      1 112.4ms
                                               $abc$2399$auto$rtlil.cc:3501:NotGate$2222      1 112.3ms
                                                                $PACKER_GND_NET$legal$83      1 108.5ms
                                                                      count[5]$legal$107      1 107.9ms
                                               $abc$2399$auto$rtlil.cc:3501:NotGate$2206      1 107.9ms
                                             $auto$alumacc.cc:512:replace_alu$1206.Y[15]      1 107.0ms
                                                                                 acc[16]      2 104.8ms
                                                             $abc$2399$procmux$1137_Y[9]      1 104.8ms
                                               $abc$2399$auto$rtlil.cc:3501:NotGate$2214      1 104.6ms
                                              $auto$alumacc.cc:512:replace_alu$1203.Y[6]      1 104.4ms
                                                                        result_latch[20]      1 100.5ms
                                              $auto$alumacc.cc:512:replace_alu$1206.Y[9]      1 98.0ms
                                                                        result_latch[15]      1 96.9ms
                                                                     $0\acc_out[31:0][9]      1 95.9ms
                                              $auto$alumacc.cc:512:replace_alu$1203.Y[5]      1 95.9ms
                                                                                 acc[30]      2 95.5ms
                                               $abc$2399$auto$rtlil.cc:3501:NotGate$2280      1 93.5ms
                                                            $abc$2399$procmux$1131_Y[15]      1 92.0ms
                                                                        acc[11]$legal$37      1 91.9ms
                                               $abc$2399$auto$rtlil.cc:3501:NotGate$2386      1 91.7ms
                                               $abc$2399$auto$rtlil.cc:3501:NotGate$2188      1 91.5ms
                                               $abc$2399$auto$rtlil.cc:3501:NotGate$2240      1 88.2ms
                                                                        acc[31]$legal$77      1 87.3ms
                                              $auto$alumacc.cc:512:replace_alu$1206.Y[2]      1 84.3ms
                                               $abc$2399$auto$rtlil.cc:3501:NotGate$2210      1 82.8ms
                                                                                count[2]      3 82.3ms
                                              $auto$alumacc.cc:512:replace_alu$1206.Y[5]      1 80.1ms
                                                                          acc[1]$legal$7      1 79.0ms
                                              $auto$alumacc.cc:512:replace_alu$1200.X[1]      1 75.1ms
                                                                                count[9]      3 73.0ms
                                              $auto$alumacc.cc:512:replace_alu$1200.X[0]      1 68.5ms
                                              $auto$alumacc.cc:512:replace_alu$1206.Y[1]      1 68.0ms
                                                                     $0\acc_out[31:0][5]      1 67.4ms
                                               $abc$2399$auto$rtlil.cc:3501:NotGate$2178      1 66.3ms
                                                                               count[12]      3 65.8ms
                                              $auto$alumacc.cc:512:replace_alu$1200.X[4]      1 65.2ms
                                               $abc$2399$auto$rtlil.cc:3501:NotGate$2380      1 64.4ms
                                                                     $0\acc_out[31:0][7]      1 64.4ms
                                                                    $0\acc_out[31:0][23]      1 63.7ms
                                                             $abc$2399$procmux$1137_Y[7]      1 63.6ms
                                                                        result_latch[18]      1 62.9ms
                                                                                 acc[20]      2 62.4ms
                                                                         result_latch[0]      1 61.2ms
                                                                        result_latch[13]      1 60.6ms
                                                                         acc[4]$legal$19      1 59.8ms
                                                                        result_latch[12]      1 59.5ms
                                                             $abc$2399$procmux$1137_Y[1]      1 59.3ms
                                                                     $0\acc_out[31:0][6]      1 59.1ms
                                                                                  acc[9]      2 58.6ms
                                                                               count[15]      3 58.3ms
                                                                        result_latch[17]      1 58.1ms
                                                             $abc$2399$procmux$1131_Y[1]      1 58.0ms
                                                                         acc[9]$legal$33      1 57.4ms
                                                             $abc$2399$procmux$1131_Y[4]      1 57.1ms
                                               $abc$2399$auto$rtlil.cc:3501:NotGate$2272      1 56.7ms
                                               $abc$2399$auto$rtlil.cc:3501:NotGate$2256      1 56.1ms
                                               $abc$2399$auto$rtlil.cc:3501:NotGate$2318      1 55.5ms
                                                            $abc$2399$procmux$1137_Y[13]      1 54.0ms
                                             $abc$2399$auto$rtlil.cc:3267:ReduceAnd$1210      1 53.7ms
                                                                         result_latch[8]      1 52.8ms
                                                                                count[0]      3 50.7ms
                                                                        acc[14]$legal$43      1 50.1ms
                                                                    $0\acc_out[31:0][29]      1 49.3ms
                                               $abc$2399$auto$rtlil.cc:3501:NotGate$2268      1 48.4ms
                                               $abc$2399$auto$rtlil.cc:3501:NotGate$2370      1 46.5ms
                                                                        acc[22]$legal$59      1 45.9ms
                                                                      count[8]$legal$113      1 45.3ms
                                                            $abc$2399$procmux$1137_Y[16]      1 42.6ms
                                                                               count[10]      3 42.5ms
                                                            $abc$2399$procmux$1137_Y[11]      1 42.5ms
                                                                    $0\acc_out[31:0][13]      1 40.8ms
                                                                         acc[7]$legal$29      1 40.1ms
                                                                $PACKER_GND_NET$legal$87      1 39.7ms
                                               $abc$2399$auto$rtlil.cc:3501:NotGate$2364      1 38.7ms
                                                             $abc$2399$procmux$1131_Y[6]      1 38.5ms
                                                                      count[2]$legal$101      1 38.0ms
                                               $abc$2399$auto$rtlil.cc:3501:NotGate$2182      1 37.5ms
                                                                                 acc[13]      2 36.6ms
                                                                $PACKER_GND_NET$legal$79      1 35.3ms
                                                                        acc[20]$legal$55      1 35.3ms
                                                                                count[7]      3 34.7ms
                                                                $PACKER_GND_NET$legal$93      1 34.4ms
                                                                                 acc[24]      2 34.0ms
                                                                             acc_out[27]      1 33.8ms
                                                                                 acc[27]      2 30.8ms
                                                                         result_latch[7]      1 30.7ms
                                                                    $0\acc_out[31:0][12]      1 30.6ms
                                                                        result_latch[25]      1 29.4ms
                                                                        result_latch[23]      1 27.9ms
                                               $abc$2399$auto$rtlil.cc:3501:NotGate$2276      1 27.4ms
                                                                    $0\acc_out[31:0][26]      1 27.1ms
                                                            $abc$2399$procmux$1137_Y[29]      1 26.6ms
                                                                        result_latch[29]      1 25.9ms
                                                                    $0\acc_out[31:0][31]      1 25.4ms
                                                                       clk$auto$IOBUF_O$      1 25.2ms
                                                                                 acc[11]      2 24.3ms
                                                                        acc[24]$legal$63      1 23.5ms
                                                            $abc$2399$procmux$1137_Y[27]      1 22.5ms
                                                                    $0\acc_out[31:0][24]      1 21.1ms
                                                                        result_latch[30]      1 20.9ms
                                               $abc$2399$auto$rtlil.cc:3501:NotGate$2372      1 20.7ms
                                               $abc$2399$auto$rtlil.cc:3501:NotGate$2172      1 20.6ms
                                                                         acc[8]$legal$31      1 19.4ms
                                                                        acc[19]$legal$53      1 19.2ms
                                                                    $0\acc_out[31:0][28]      1 19.1ms
                                                            $abc$2399$procmux$1137_Y[19]      1 19.0ms
                                                                    $0\acc_out[31:0][22]      1 18.6ms
                                                                        acc[15]$legal$45      1 18.0ms
                                                            $abc$2399$procmux$1137_Y[14]      1 17.0ms
                                                                        result_latch[26]      1 16.8ms
                                             $auto$alumacc.cc:512:replace_alu$1206.Y[14]      1 16.7ms
                                                                        result_latch[21]      1 16.3ms
                                                             $abc$2399$procmux$1131_Y[0]      1 15.6ms
                                                                         acc[3]$legal$15      1 14.9ms
                                                             $abc$2399$procmux$1131_Y[9]      1 14.4ms
                                                            $abc$2399$procmux$1137_Y[26]      1 14.0ms
                                                            $abc$2399$procmux$1137_Y[31]      1 13.4ms
                                                                              acc_out[6]      1 12.8ms
                                                             $abc$2399$procmux$1131_Y[5]      1 12.4ms
                                                                        result_latch[10]      1 12.3ms
                                               $abc$2399$auto$rtlil.cc:3501:NotGate$2388      1 12.2ms
                                                                        acc[28]$legal$71      1 12.1ms
                                                                $PACKER_GND_NET$legal$91      1 12.1ms
                                                                    $0\acc_out[31:0][11]      1 12.0ms
                                                                               count[13]      3 11.8ms
                                                             $abc$2399$procmux$1131_Y[8]      1 11.8ms
                                                                     count[13]$legal$123      1 10.1ms
                                                                                 acc[26]      2 9.8ms
                                                             $abc$2399$procmux$1131_Y[3]      1 9.6ms
                                                                      count[9]$legal$115      1 9.4ms
                                              $auto$alumacc.cc:512:replace_alu$1200.X[5]      1 8.9ms
                                                                     count[11]$legal$119      1 8.6ms
                                              $auto$alumacc.cc:512:replace_alu$1206.Y[7]      1 8.6ms
                                                            $abc$2399$procmux$1137_Y[22]      1 8.3ms
                                              $auto$alumacc.cc:512:replace_alu$1203.Y[3]      1 7.5ms
                                                            $abc$2399$procmux$1137_Y[24]      1 7.1ms
                                             $auto$alumacc.cc:512:replace_alu$1206.Y[12]      1 7.1ms
                                                                        acc[12]$legal$39      1 6.5ms
                                              $auto$alumacc.cc:512:replace_alu$1203.Y[4]      1 5.9ms
                                                                        result_latch[22]      1 5.7ms
                                                                        result_latch[27]      1 5.3ms
                                              $auto$alumacc.cc:512:replace_alu$1206.X[5]      1 5.1ms
                                                                         result_latch[5]      1 4.5ms
                                                                             acc_out[15]      1 4.5ms
                                              $auto$alumacc.cc:512:replace_alu$1206.Y[0]      1 3.7ms
                                                            $abc$2399$procmux$1137_Y[12]      1 3.6ms
                                                                    $0\acc_out[31:0][30]      1 3.2ms
                                                                             acc_out[17]      1 3.1ms
                                                                             acc_out[28]      1 3.0ms
                                                            $abc$2399$procmux$1131_Y[10]      1 2.9ms
                                                                             acc_out[26]      1 2.7ms
                                            $auto$alumacc.cc:512:replace_alu$1200.CO[27]      1 2.6ms
                                                             $abc$2399$procmux$1137_Y[5]      1 2.6ms
                                                                       count[0]$legal$97      1 2.4ms
                                             $auto$alumacc.cc:512:replace_alu$1206.CO[7]      1 2.4ms
                                                                                 acc[15]      2 2.2ms
                                                            $abc$2399$procmux$1137_Y[25]      1 2.0ms
                                                            $abc$2399$procmux$1137_Y[28]      1 2.0ms
                                              $auto$alumacc.cc:512:replace_alu$1200.X[6]      1 1.9ms
                                                                      count[6]$legal$109      1 1.8ms
                                                                        result_latch[11]      1 1.8ms
                                                                                 acc[31]      2 1.6ms
                                                            $abc$2399$procmux$1131_Y[12]      1 1.4ms
                                                            $abc$2399$procmux$1137_Y[17]      1 1.4ms
                                                            $abc$2399$procmux$1131_Y[14]      1 1.3ms
                                                            $abc$2399$procmux$1137_Y[21]      1 1.2ms
                                              $auto$alumacc.cc:512:replace_alu$1200.Y[0]      2 1.2ms
                                             $auto$alumacc.cc:512:replace_alu$1200.CO[7]      1 1.2ms
                                                                     $0\acc_out[31:0][0]      1 1.0ms
                                                             $abc$2399$procmux$1137_Y[3]      1 0.9ms
                                                            $abc$2399$procmux$1131_Y[11]      1 0.8ms
                                                                        result_latch[28]      1 0.7ms
                                                                         result_latch[3]      1 0.7ms
                                            $auto$alumacc.cc:512:replace_alu$1206.CO[11]      1 0.7ms
                                                                     count[14]$legal$125      1 0.7ms
                                                                              acc_out[1]      1 0.6ms
                                                                        acc[27]$legal$69      1 0.6ms
                                                                         acc[2]$legal$11      1 0.5ms
                                                             $abc$2399$procmux$1137_Y[8]      1 0.5ms
                                                            $abc$2399$procmux$1137_Y[23]      1 0.5ms
                                                            $abc$2399$procmux$1137_Y[20]      1 0.4ms
                                                                              acc_out[9]      1 0.4ms
                                                                              acc_out[5]      1 0.1ms
                                            $auto$alumacc.cc:512:replace_alu$1200.CO[11]      1 0.1ms
                                            $auto$alumacc.cc:512:replace_alu$1200.CO[19]      1 0.1ms
                                            $auto$alumacc.cc:512:replace_alu$1200.CO[15]      1 0.1ms
                                                                             acc_out[30]      1 0.1ms
                                                                             acc_out[20]      1 0.0ms
                                             $auto$alumacc.cc:512:replace_alu$1200.CO[3]      1 0.0ms
                                                                              acc_out[0]      1 0.0ms
                                             $auto$alumacc.cc:512:replace_alu$1203.CO[3]      1 0.0ms
                                                                              acc_out[2]      1 0.0ms
                                      $auto$alumacc.cc:512:replace_alu$1200.X[0]$legal$1      1 0.0ms
                                            $auto$alumacc.cc:512:replace_alu$1200.CO[23]      1 0.0ms
                                             $auto$alumacc.cc:512:replace_alu$1206.X[11]      1 0.0ms
                                              $auto$alumacc.cc:512:replace_alu$1206.X[1]      1 0.0ms
                                             $auto$alumacc.cc:512:replace_alu$1206.CO[3]      1 0.0ms
                                                                       count[0]$legal$95      1 0.0ms
                                            $auto$alumacc.cc:512:replace_alu$1200.CO[13]      0 0.0ms
                                                                               valid_out      1 0.0ms
                                                                         acc[6]$legal$27      1 0.0ms
                                                                     count[15]$legal$127      1 0.0ms
                                                                        acc[10]$legal$35      1 0.0ms
                                             $auto$alumacc.cc:512:replace_alu$1203.BB[3]      1 0.0ms
                                                                             acc_out[19]      1 0.0ms
                                                             $abc$2399$procmux$1137_Y[0]      1 0.0ms
                                                                             acc_out[18]      1 0.0ms
                                            $auto$alumacc.cc:512:replace_alu$1206.CO[12]      0 0.0ms
                                            $auto$alumacc.cc:512:replace_alu$1200.CO[16]      0 0.0ms
                                            $auto$alumacc.cc:512:replace_alu$1200.CO[17]      0 0.0ms
                                              $auto$alumacc.cc:512:replace_alu$1206.X[3]      1 0.0ms
                                                                $PACKER_GND_NET$legal$81      1 0.0ms
                                     $auto$alumacc.cc:512:replace_alu$1200.X[3]$legal$13      1 0.0ms
                                             $auto$alumacc.cc:512:replace_alu$1203.CO[5]      0 0.0ms
                                                                             acc_out[25]      1 0.0ms
                                            $auto$alumacc.cc:512:replace_alu$1200.CO[24]      0 0.0ms
                                      $auto$alumacc.cc:512:replace_alu$1200.X[1]$legal$5      1 0.0ms
                                                                             acc_out[14]      1 0.0ms
                                              $auto$alumacc.cc:512:replace_alu$1206.X[6]      1 0.0ms
                                             $auto$alumacc.cc:512:replace_alu$1206.CO[6]      0 0.0ms
                                             $auto$alumacc.cc:512:replace_alu$1200.CO[9]      0 0.0ms
                                             $auto$alumacc.cc:512:replace_alu$1203.BB[2]      1 0.0ms
                                              $auto$alumacc.cc:512:replace_alu$1206.X[2]      1 0.0ms
                                                                $PACKER_GND_NET$legal$85      1 0.0ms
                                                                             acc_out[12]      1 0.0ms
                                                                              acc_out[7]      1 0.0ms
                                             $auto$alumacc.cc:512:replace_alu$1203.BB[6]      1 0.0ms
                                              $auto$alumacc.cc:512:replace_alu$1206.X[7]      1 0.0ms
                                             $auto$alumacc.cc:512:replace_alu$1200.X[17]      1 0.0ms
                                              $auto$alumacc.cc:512:replace_alu$1200.X[8]      1 0.0ms
                                             $auto$alumacc.cc:512:replace_alu$1200.X[30]      1 0.0ms
                                              $auto$alumacc.cc:512:replace_alu$1200.X[9]      1 0.0ms
                                     $auto$alumacc.cc:512:replace_alu$1200.X[5]$legal$21      1 0.0ms
                                                                             acc_out[29]      1 0.0ms
                                                                             acc_out[22]      1 0.0ms
                                             $auto$alumacc.cc:512:replace_alu$1203.BB[1]      1 0.0ms
                                             $auto$alumacc.cc:512:replace_alu$1203.BB[0]      1 0.0ms
                                             $auto$alumacc.cc:512:replace_alu$1203.BB[7]      1 0.0ms
                                             $auto$alumacc.cc:512:replace_alu$1206.X[15]      1 0.0ms
                                              $auto$alumacc.cc:512:replace_alu$1206.X[4]      1 0.0ms
                                              $auto$alumacc.cc:512:replace_alu$1206.X[9]      1 0.0ms
                                             $auto$alumacc.cc:512:replace_alu$1206.X[12]      1 0.0ms
                                             $auto$alumacc.cc:512:replace_alu$1200.X[28]      1 0.0ms
                                             $auto$alumacc.cc:512:replace_alu$1200.X[25]      1 0.0ms
                                             $auto$alumacc.cc:512:replace_alu$1200.X[10]      1 0.0ms
                                             $auto$alumacc.cc:512:replace_alu$1200.X[11]      1 0.0ms
                                             $auto$alumacc.cc:512:replace_alu$1200.X[14]      1 0.0ms
                                     $auto$alumacc.cc:512:replace_alu$1200.X[6]$legal$25      1 0.0ms
                                     $auto$alumacc.cc:512:replace_alu$1200.X[4]$legal$17      1 0.0ms
                                      $auto$alumacc.cc:512:replace_alu$1200.X[2]$legal$9      1 0.0ms
                                                                         $PACKER_VCC_NET     62 0.0ms
                                                                         $PACKER_GND_NET      8 0.0ms
                                                                             acc_out[31]      1 0.0ms
                                                                             acc_out[24]      1 0.0ms
                                                                             acc_out[23]      1 0.0ms
                                                                             acc_out[21]      1 0.0ms
                                                                             acc_out[16]      1 0.0ms
                                                                             acc_out[13]      1 0.0ms
                                                                             acc_out[11]      1 0.0ms
                                                                             acc_out[10]      1 0.0ms
                                                                              acc_out[8]      1 0.0ms
                                                                              acc_out[4]      1 0.0ms
                                                                              acc_out[3]      1 0.0ms
                                            $auto$alumacc.cc:512:replace_alu$1206.CO[15]      0 0.0ms
                                            $auto$alumacc.cc:512:replace_alu$1206.CO[14]      0 0.0ms
                                            $auto$alumacc.cc:512:replace_alu$1206.CO[13]      0 0.0ms
                                            $auto$alumacc.cc:512:replace_alu$1206.CO[10]      0 0.0ms
                                             $auto$alumacc.cc:512:replace_alu$1206.CO[9]      0 0.0ms
                                             $auto$alumacc.cc:512:replace_alu$1206.CO[8]      0 0.0ms
                                             $auto$alumacc.cc:512:replace_alu$1206.CO[5]      0 0.0ms
                                             $auto$alumacc.cc:512:replace_alu$1206.CO[4]      0 0.0ms
                                             $auto$alumacc.cc:512:replace_alu$1206.CO[2]      0 0.0ms
                                             $auto$alumacc.cc:512:replace_alu$1206.CO[1]      0 0.0ms
                                             $auto$alumacc.cc:512:replace_alu$1206.CO[0]      0 0.0ms
                                             $auto$alumacc.cc:512:replace_alu$1203.CO[7]      0 0.0ms
                                             $auto$alumacc.cc:512:replace_alu$1203.CO[6]      0 0.0ms
                                             $auto$alumacc.cc:512:replace_alu$1203.CO[4]      0 0.0ms
                                             $auto$alumacc.cc:512:replace_alu$1203.CO[2]      0 0.0ms
                                             $auto$alumacc.cc:512:replace_alu$1203.CO[1]      0 0.0ms
                                             $auto$alumacc.cc:512:replace_alu$1203.CO[0]      0 0.0ms
                                            $auto$alumacc.cc:512:replace_alu$1200.CO[31]      0 0.0ms
                                            $auto$alumacc.cc:512:replace_alu$1200.CO[30]      0 0.0ms
                                            $auto$alumacc.cc:512:replace_alu$1200.CO[29]      0 0.0ms
                                            $auto$alumacc.cc:512:replace_alu$1200.CO[28]      0 0.0ms
                                            $auto$alumacc.cc:512:replace_alu$1200.CO[26]      0 0.0ms
                                            $auto$alumacc.cc:512:replace_alu$1200.CO[25]      0 0.0ms
                                            $auto$alumacc.cc:512:replace_alu$1200.CO[22]      0 0.0ms
                                            $auto$alumacc.cc:512:replace_alu$1200.CO[21]      0 0.0ms
                                            $auto$alumacc.cc:512:replace_alu$1200.CO[20]      0 0.0ms
                                            $auto$alumacc.cc:512:replace_alu$1200.CO[18]      0 0.0ms
                                            $auto$alumacc.cc:512:replace_alu$1200.CO[14]      0 0.0ms
                                            $auto$alumacc.cc:512:replace_alu$1200.CO[12]      0 0.0ms
                                            $auto$alumacc.cc:512:replace_alu$1200.CO[10]      0 0.0ms
                                             $auto$alumacc.cc:512:replace_alu$1200.CO[8]      0 0.0ms
                                             $auto$alumacc.cc:512:replace_alu$1200.CO[6]      0 0.0ms
                                             $auto$alumacc.cc:512:replace_alu$1200.CO[5]      0 0.0ms
                                             $auto$alumacc.cc:512:replace_alu$1200.CO[4]      0 0.0ms
                                             $auto$alumacc.cc:512:replace_alu$1200.CO[2]      0 0.0ms
                                             $auto$alumacc.cc:512:replace_alu$1200.CO[1]      0 0.0ms
                                             $auto$alumacc.cc:512:replace_alu$1200.CO[0]      0 0.0ms
                                             $auto$alumacc.cc:512:replace_alu$1203.BB[5]      1 0.0ms
                                             $auto$alumacc.cc:512:replace_alu$1203.BB[4]      1 0.0ms
                                              $auto$alumacc.cc:512:replace_alu$1206.X[8]      1 0.0ms
                                             $auto$alumacc.cc:512:replace_alu$1206.X[10]      1 0.0ms
                                             $auto$alumacc.cc:512:replace_alu$1206.X[13]      1 0.0ms
                                             $auto$alumacc.cc:512:replace_alu$1206.X[14]      1 0.0ms
                                             $auto$alumacc.cc:512:replace_alu$1200.X[19]      1 0.0ms
                                             $auto$alumacc.cc:512:replace_alu$1200.X[23]      1 0.0ms
                                             $auto$alumacc.cc:512:replace_alu$1200.X[18]      1 0.0ms
                                             $auto$alumacc.cc:512:replace_alu$1200.X[20]      1 0.0ms
                                             $auto$alumacc.cc:512:replace_alu$1200.X[21]      1 0.0ms
                                             $auto$alumacc.cc:512:replace_alu$1200.X[22]      1 0.0ms
                                                                           activation[0]      2 0.0ms
                                              $auto$alumacc.cc:512:replace_alu$1200.X[7]      1 0.0ms
                                             $auto$alumacc.cc:512:replace_alu$1200.X[27]      1 0.0ms
                                             $auto$alumacc.cc:512:replace_alu$1200.X[29]      1 0.0ms
                                             $auto$alumacc.cc:512:replace_alu$1200.X[26]      1 0.0ms
                                             $auto$alumacc.cc:512:replace_alu$1200.X[24]      1 0.0ms
                                                                           activation[1]      2 0.0ms
                                                                           activation[2]      2 0.0ms
                                             $auto$alumacc.cc:512:replace_alu$1200.X[31]      1 0.0ms
                                                                           activation[3]      2 0.0ms
                                                                           activation[4]      2 0.0ms
                                                                           activation[5]      2 0.0ms
                                                                           activation[6]      2 0.0ms
                                             $auto$alumacc.cc:512:replace_alu$1200.X[12]      1 0.0ms
                                             $auto$alumacc.cc:512:replace_alu$1200.X[13]      1 0.0ms
                                             $auto$alumacc.cc:512:replace_alu$1200.X[15]      1 0.0ms
                                                                           weight_enc[1]      2 0.0ms
                                                                           activation[7]      2 0.0ms
                                                                           weight_enc[0]      2 0.0ms
                                             $auto$alumacc.cc:512:replace_alu$1200.X[16]      1 0.0ms
                                                                                valid_in      2 0.0ms
                                                                                   rst_n      2 0.0ms
                                                                                     clk      2 0.0ms
Info: Router2 time 934.20s
Info: Routing $PACKER_VCC_NET connections...
Info:     $PACKER_VCC_NET: 62/62 sinks bridged (0 left to main router; max BFS 26)
Info: Routing $PACKER_GND_NET connections...
Info:     $PACKER_GND_NET: 8/8 sinks bridged (0 left to main router; max BFS 539)
Info: Running post-routing legalisation...

Info: Critical path report for clock '$auto$clkbufmap.cc:294:execute$3033' (posedge -> posedge):
Info: curr total
Info:  0.1  0.1  Source $auto$ff.cc:337:slice$1650.Q
Info:  4.5  4.6    Net valid_out$auto$IOBUF_I$ budget 0.000000 ns (13,135) -> (250,135)
Info:                Sink $abc$2399$auto$blifparse.cc:557:parse_blif$2510.A3
Info:  0.1  4.8  Source $abc$2399$auto$blifparse.cc:557:parse_blif$2510.O6
Info:  4.9  9.6    Net $techmap2925$abc$2399$auto$blifparse.cc:557:parse_blif$2511.A[4] budget 0.000000 ns (250,135) -> (10,138)
Info:                Sink $abc$2399$auto$blifparse.cc:557:parse_blif$2511.A2
Info:  0.1  9.8  Source $abc$2399$auto$blifparse.cc:557:parse_blif$2511.O6
Info:  4.6 14.4    Net $abc$2399$auto$opt_dff.cc:336:make_patterns_logic$1193 budget 3.184000 ns (10,138) -> (214,127)
Info:                Sink $auto$ff.cc:337:slice$1735.CE
Info:  0.1 14.5  Setup $auto$ff.cc:337:slice$1735.CE
Info: 0.4 ns logic, 14.0 ns routing

Info: Max frequency for clock '$auto$clkbufmap.cc:294:execute$3033': 68.99 MHz (FAIL at 100.00 MHz)

Info: Slack histogram:
Info:  legend: * represents 1 endpoint(s)
Info:          + represents [1,1) endpoint(s)
Info: [ -4495,  -3821) |****** 
Info: [ -3821,  -3147) |* 
Info: [ -3147,  -2473) |** 
Info: [ -2473,  -1799) | 
Info: [ -1799,  -1125) |********* 
Info: [ -1125,   -451) |***************************** 
Info: [  -451,    223) |********************************** 
Info: [   223,    897) | 
Info: [   897,   1571) |** 
Info: [  1571,   2245) |* 
Info: [  2245,   2919) |** 
Info: [  2919,   3593) |*** 
Info: [  3593,   4267) |************** 
Info: [  4267,   4941) |***************** 
Info: [  4941,   5615) |**************** 
Info: [  5615,   6289) |************** 
Info: [  6289,   6963) |******* 
Info: [  6963,   7637) |*********** 
Info: [  7637,   8311) |******************** 
Info: [  8311,   8985) |******* 
Info: Report written to runs/ternary_s3.report.json.
