Info: Packing constants..
Info: Inserting IO buffers..
Info:     Constraining 'clk' to site 'IOB_X1Y124'
Info:     Tile 'RIOB33_X105Y123'
Info:     Constraining 'rst_n' to site 'IOB_X1Y115'
Info:     Tile 'RIOB33_X105Y115'
Info:     Constraining 'valid_in' to site 'IOB_X1Y197'
Info:     Tile 'RIOB33_X105Y197'
Info:     Constraining 'valid_out' to site 'IOB_X1Y127'
Info:     Tile 'RIOB33_X105Y127'
Info:     Constraining 'weight_enc[0]' to site 'IOB_X1Y136'
Info:     Tile 'RIOB33_X105Y135'
Info:     Constraining 'activation[7]' to site 'IOB_X0Y207'
Info:     Tile 'LIOB33_X0Y207'
Info:     Constraining 'weight_enc[1]' to site 'IOB_X1Y131'
Info:     Tile 'RIOB33_X105Y131'
Info:     Constraining 'activation[6]' to site 'IOB_X0Y217'
Info:     Tile 'LIOB33_X0Y217'
Info:     Constraining 'activation[5]' to site 'IOB_X0Y215'
Info:     Tile 'LIOB33_X0Y215'
Info:     Constraining 'activation[4]' to site 'IOB_X0Y216'
Info:     Tile 'LIOB33_X0Y215'
Info:     Constraining 'activation[3]' to site 'IOB_X0Y231'
Info:     Tile 'LIOB33_X0Y231'
Info:     Constraining 'activation[2]' to site 'IOB_X0Y232'
Info:     Tile 'LIOB33_X0Y231'
Info:     Constraining 'activation[1]' to site 'IOB_X0Y229'
Info:     Tile 'LIOB33_X0Y229'
Info:     Constraining 'activation[0]' to site 'IOB_X0Y230'
Info:     Tile 'LIOB33_X0Y229'
Info:     Constraining 'acc_out[0]' to site 'IOB_X1Y130'
Info:     Tile 'RIOB33_X105Y129'
Info:     Constraining 'acc_out[1]' to site 'IOB_X1Y113'
Info:     Tile 'RIOB33_X105Y113'
Info:     Constraining 'acc_out[2]' to site 'IOB_X1Y106'
Info:     Tile 'RIOB33_X105Y105'
Info:     Constraining 'acc_out[3]' to site 'IOB_X0Y84'
Info:     Tile 'LIOB33_X0Y83'
Info:     Constraining 'acc_out[4]' to site 'IOB_X0Y82'
Info:     Tile 'LIOB33_X0Y81'
Info:     Constraining 'acc_out[5]' to site 'IOB_X0Y81'
Info:     Tile 'LIOB33_X0Y81'
Info:     Constraining 'acc_out[6]' to site 'IOB_X0Y94'
Info:     Tile 'LIOB33_X0Y93'
Info:     Constraining 'acc_out[7]' to site 'IOB_X0Y89'
Info:     Tile 'LIOB33_X0Y89'
Info:     Constraining 'acc_out[8]' to site 'IOB_X0Y92'
Info:     Tile 'LIOB33_X0Y91'
Info:     Constraining 'acc_out[9]' to site 'IOB_X0Y97'
Info:     Tile 'LIOB33_X0Y97'
Info:     Constraining 'acc_out[10]' to site 'IOB_X0Y116'
Info:     Tile 'LIOB33_X0Y115'
Info:     Constraining 'acc_out[11]' to site 'IOB_X0Y120'
Info:     Tile 'LIOB33_X0Y119'
Info:     Constraining 'acc_out[12]' to site 'IOB_X0Y134'
Info:     Tile 'LIOB33_X0Y133'
Info:     Constraining 'acc_out[13]' to site 'IOB_X0Y133'
Info:     Tile 'LIOB33_X0Y133'
Info:     Constraining 'acc_out[14]' to site 'IOB_X1Y135'
Info:     Tile 'RIOB33_X105Y135'
Info:     Constraining 'acc_out[15]' to site 'IOB_X1Y133'
Info:     Tile 'RIOB33_X105Y133'
Info:     Constraining 'acc_out[16]' to site 'IOB_X1Y134'
Info:     Tile 'RIOB33_X105Y133'
Info:     Constraining 'acc_out[17]' to site 'IOB_X1Y129'
Info:     Tile 'RIOB33_X105Y129'
Info:     Constraining 'acc_out[18]' to site 'IOB_X1Y109'
Info:     Tile 'RIOB33_X105Y109'
Info:     Constraining 'acc_out[19]' to site 'IOB_X1Y110'
Info:     Tile 'RIOB33_X105Y109'
Info:     Constraining 'acc_out[20]' to site 'IOB_X1Y105'
Info:     Tile 'RIOB33_X105Y105'
Info:     Constraining 'acc_out[21]' to site 'IOB_X0Y83'
Info:     Tile 'LIOB33_X0Y83'
Info:     Constraining 'acc_out[22]' to site 'IOB_X0Y86'
Info:     Tile 'LIOB33_X0Y85'
Info:     Constraining 'acc_out[23]' to site 'IOB_X0Y85'
Info:     Tile 'LIOB33_X0Y85'
Info:     Constraining 'acc_out[24]' to site 'IOB_X0Y93'
Info:     Tile 'LIOB33_X0Y93'
Info:     Constraining 'acc_out[25]' to site 'IOB_X0Y91'
Info:     Tile 'LIOB33_X0Y91'
Info:     Constraining 'acc_out[26]' to site 'IOB_X0Y96'
Info:     Tile 'LIOB33_X0Y95'
Info:     Constraining 'acc_out[27]' to site 'IOB_X0Y95'
Info:     Tile 'LIOB33_X0Y95'
Info:     Constraining 'acc_out[28]' to site 'IOB_X0Y115'
Info:     Tile 'LIOB33_X0Y115'
Info:     Constraining 'acc_out[29]' to site 'IOB_X0Y119'
Info:     Tile 'LIOB33_X0Y119'
Info:     Constraining 'acc_out[30]' to site 'IOB_X0Y130'
Info:     Tile 'LIOB33_X0Y129'
Info:     Constraining 'acc_out[31]' to site 'IOB_X0Y129'
Info:     Tile 'LIOB33_X0Y129'
Info: Generating input buffer for 'clk$ibuf$'
Info: Generating input buffer for 'rst_n$ibuf$'
Info: Generating input buffer for 'valid_in$ibuf$'
Info: Generating output buffer for 'valid_out$obuf$'
Info: Generating input buffer for 'weight_enc[0]$ibuf$'
Info: Generating input buffer for 'activation[7]$ibuf$'
Info: Generating input buffer for 'weight_enc[1]$ibuf$'
Info: Generating input buffer for 'activation[6]$ibuf$'
Info: Generating input buffer for 'activation[5]$ibuf$'
Info: Generating input buffer for 'activation[4]$ibuf$'
Info: Generating input buffer for 'activation[3]$ibuf$'
Info: Generating input buffer for 'activation[2]$ibuf$'
Info: Generating input buffer for 'activation[1]$ibuf$'
Info: Generating input buffer for 'activation[0]$ibuf$'
Info: Generating output buffer for 'acc_out[0]$obuf$'
Info: Generating output buffer for 'acc_out[1]$obuf$'
Info: Generating output buffer for 'acc_out[2]$obuf$'
Info: Generating output buffer for 'acc_out[3]$obuf$'
Info: Generating output buffer for 'acc_out[4]$obuf$'
Info: Generating output buffer for 'acc_out[5]$obuf$'
Info: Generating output buffer for 'acc_out[6]$obuf$'
Info: Generating output buffer for 'acc_out[7]$obuf$'
Info: Generating output buffer for 'acc_out[8]$obuf$'
Info: Generating output buffer for 'acc_out[9]$obuf$'
Info: Generating output buffer for 'acc_out[10]$obuf$'
Info: Generating output buffer for 'acc_out[11]$obuf$'
Info: Generating output buffer for 'acc_out[12]$obuf$'
Info: Generating output buffer for 'acc_out[13]$obuf$'
Info: Generating output buffer for 'acc_out[14]$obuf$'
Info: Generating output buffer for 'acc_out[15]$obuf$'
Info: Generating output buffer for 'acc_out[16]$obuf$'
Info: Generating output buffer for 'acc_out[17]$obuf$'
Info: Generating output buffer for 'acc_out[18]$obuf$'
Info: Generating output buffer for 'acc_out[19]$obuf$'
Info: Generating output buffer for 'acc_out[20]$obuf$'
Info: Generating output buffer for 'acc_out[21]$obuf$'
Info: Generating output buffer for 'acc_out[22]$obuf$'
Info: Generating output buffer for 'acc_out[23]$obuf$'
Info: Generating output buffer for 'acc_out[24]$obuf$'
Info: Generating output buffer for 'acc_out[25]$obuf$'
Info: Generating output buffer for 'acc_out[26]$obuf$'
Info: Generating output buffer for 'acc_out[27]$obuf$'
Info: Generating output buffer for 'acc_out[28]$obuf$'
Info: Generating output buffer for 'acc_out[29]$obuf$'
Info: Generating output buffer for 'acc_out[30]$obuf$'
Info: Generating output buffer for 'acc_out[31]$obuf$'
Info:     Created 46 PAD cells from:
Info:             46x PAD
Info: Preparing clocking...
Info: Packing constants..
Info: Packing cfg...
Info: Packing PLLs...
Info: Packing Gigabit Transceivers..
Info: Packing global buffers...
Info:     Constrained BUFGCTRL '$auto$clkbufmap.cc:261:execute$3031' to bel 'BUFGCTRL_X0Y0/BUFGCTRL' based on dedicated routing
Info: Packing MUX[789]s..
Info: Packing carries (atomic CARRY4)..
Info:    Packed 14 CARRY4 cells into 3 chains (atomic).
Info: router2 PRECYINIT fix: 14 CARRY4 cells, 17 constant carry pins disconnected
Info: Packing LUTs..
Info:     Created 321 SLICE_LUTX cells from:
Info:            201x LUT1
Info:             57x LUT2
Info:              1x LUT3
Info:              6x LUT4
Info:             56x LUT5
Info: Packing DRAM..
Info:    Transformed 0 tied-low DRAM address inputs to be tied-high
Info: Packing BRAM..
Info: Packing DSPs..
Info: Packing flipflops..
Info:     Created 114 SLICE_FFX cells from:
Info:            113x FDCE
Info:              1x FDPE
Info:     local-const FF control: disconnected 0 SR(=GND) + 33 CE(=VCC) pins from global nets
Info: Constrained 81 LUTFF pairs.

Info: Annotating ports with timing budgets for target frequency 100.00 MHz
Info: Checksum: 0x5a4709d8

Info: Device utilisation:
Info: 	          SLICE_LUTX:   321/269200     0%
Info: 	           SLICE_FFX:   114/269200     0%
Info: 	              CARRY4:    14/33650     0%
Info: 	          PSEUDO_GND:     1/69165     0%
Info: 	          PSEUDO_VCC:     1/69165     0%
Info: 	               HARD0:     0/ 3960     0%
Info: 	            RAMB18E1:     0/  730     0%
Info: 	            FIFO18E1:     0/  365     0%
Info: 	        RAMBFIFO36E1:     0/  365     0%
Info: 	            RAMB36E1:     0/  365     0%
Info: 	             DSP48E1:     0/  740     0%
Info: 	                 PAD:    46/ 1062     4%
Info: 	       IOB33M_OUTBUF:     0/  240     0%
Info: 	       IOB33S_OUTBUF:     0/  240     0%
Info: 	        IOB33_OUTBUF:    33/  500     6%
Info: 	     IOB33M_INBUF_EN:     0/  240     0%
Info: 	     IOB33S_INBUF_EN:     0/  240     0%
Info: 	      IOB33_INBUF_EN:    13/  500     2%
Info: 	IOB33M_TERM_OVERRIDE:     0/  240     0%
Info: 	IOB33S_TERM_OVERRIDE:     0/  240     0%
Info: 	 IOB33_TERM_OVERRIDE:     0/  500     0%
Info: 	       PULL_OR_KEEP1:     0/  980     0%
Info: 	            IDELAYE2:     0/  500     0%
Info: 	        OLOGICE3_TFF:     0/  500     0%
Info: 	      OLOGICE3_OUTFF:     0/  500     0%
Info: 	       OLOGICE3_MISR:     0/  500     0%
Info: 	           OSERDESE2:     0/  500     0%
Info: 	        ILOGICE3_IFF:     0/  500     0%
Info: 	ILOGICE3_ZHOLD_DELAY:     0/  500     0%
Info: 	           ISERDESE2:     0/  500     0%
Info: 	                BUFR:     0/   40     0%
Info: 	               BUFIO:     0/   40     0%
Info: 	          IDELAYCTRL:     0/   10     0%
Info: 	            BUFGCTRL:     1/   32     3%
Info: 	            PCIE_2_1:     0/    1     0%
Info: 	               BSCAN:     0/    4     0%
Info: 	                BUFG:     0/   32     0%
Info: 	              BUFHCE:     0/  120     0%
Info: 	            DCIRESET:     0/    1     0%
Info: 	            DNA_PORT:     0/    1     0%
Info: 	           EFUSE_USR:     0/    1     0%
Info: 	           FRAME_ECC:     0/    1     0%
Info: 	       GTPE2_CHANNEL:     0/   16     0%
Info: 	        GTPE2_COMMON:     0/    4     0%
Info: 	         IBUFDS_GTE2:     0/    8     0%
Info: 	                ICAP:     0/    2     0%
Info: 	            INVERTER:     0/  240     0%
Info: 	          MMCME2_ADV:     0/   10     0%
Info: 	        OLOGICE2_TFF:     0/  500     0%
Info: 	      OLOGICE2_OUTFF:     0/  500     0%
Info: 	           PLLE2_ADV:     0/   10     0%
Info: 	           SELMUX2_1:     0/102950     0%
Info: 	             STARTUP:     0/    1     0%
Info: 	          USR_ACCESS:     0/    1     0%
Info: 	              BUFFER:     0/   82     0%
Info: 	        ILOGICE2_IFF:     0/  500     0%
Info: 	       OLOGICE2_MISR:     0/  500     0%

Info: HeAP congestion knobs: beta=0.400 spread_scale=2,1 alpha=0.080
Info: Placed 93 cells based on constraints.
Info: Creating initial analytic placement for 244 cells, random placement wirelen = 87223.
Info:     at initial placer iter 0, wirelen = 10426
Info:     at initial placer iter 1, wirelen = 9062
Info:     at initial placer iter 2, wirelen = 8450
Info:     at initial placer iter 3, wirelen = 8332
Info: Running main analytical placer.
Info:     at iteration #1, type ALL: wirelen solved = 8362, spread = 10926, legal = 11523; time = 1.53s
Info:     at iteration #2, type ALL: wirelen solved = 8663, spread = 9986, legal = 10132; time = 1.64s
Info: HeAP Placer Time: 27.35s
Info:   of which solving equations: 3.64s
Info:   of which spreading cells: 1.40s
Info:   of which strict legalisation: 0.20s

Info: Running simulated annealing placer for refinement.
Info:   at iteration #1: temp = 0.000000, timing cost = 68, wirelen = 10132
Info:   at iteration #5: temp = 0.000000, timing cost = 60, wirelen = 9901
Info:   at iteration #6: temp = 0.000000, timing cost = 60, wirelen = 9899 
Info: SA placement time 8.57s

Info: Max frequency for clock '$auto$clkbufmap.cc:294:execute$3033': 70.11 MHz (FAIL at 100.00 MHz)

Info: Slack histogram:
Info:  legend: * represents 1 endpoint(s)
Info:          + represents [1,1) endpoint(s)
Info: [ -4263,  -3603) |**** 
Info: [ -3603,  -2943) |***** 
Info: [ -2943,  -2283) | 
Info: [ -2283,  -1623) | 
Info: [ -1623,   -963) |****************** 
Info: [  -963,   -303) |*********** 
Info: [  -303,    357) |************************************************ 
Info: [   357,   1017) |***** 
Info: [  1017,   1677) |************ 
Info: [  1677,   2337) |******** 
Info: [  2337,   2997) |*** 
Info: [  2997,   3657) |**** 
Info: [  3657,   4317) |***** 
Info: [  4317,   4977) |************** 
Info: [  4977,   5637) |***************** 
Info: [  5637,   6297) |******* 
Info: [  6297,   6957) |**** 
Info: [  6957,   7617) |*** 
Info: [  7617,   8277) |******************* 
Info: [  8277,   8937) |******** 
Info: Checksum: 0x7bce228d
Info: Running post-placement legalisation...
Info: post-place repair: relocated 143 stranded cluster(s)/cell(s) to valid bels
Info: Routing global clocks...
Info:     routing clock '$auto$clkbufmap.cc:294:execute$3033'
Info:     routing clock 'clk$auto$IOBUF_O$'
Info: Running router2...
Info: Setting up routing resources...
Info: Running main router loop...
Info:     iter=1 wires=6880 overused=116 overuse=116 archfail=NA
Info:     iter=2 wires=6951 overused=0 overuse=0 archfail=0
Info: 1000 slowest nets by runtime:
                                                                     rst_n$auto$IOBUF_O$    114 63355.9ms
                                                               acc_out[19]$auto$IOBUF_I$      1 23748.9ms
                                                                 valid_out$auto$IOBUF_I$     35 21638.4ms
                                  $abc$2399$auto$opt_dff.cc:336:make_patterns_logic$1193     32 18175.2ms
                                                               acc_out[14]$auto$IOBUF_I$      1 17485.0ms
                                                               acc_out[20]$auto$IOBUF_I$      1 16182.8ms
                        $techmap2917$abc$2399$auto$blifparse.cc:557:parse_blif$2518.A[2]     50 15816.7ms
                                                               acc_out[18]$auto$IOBUF_I$      1 13806.8ms
                        $techmap2917$abc$2399$auto$blifparse.cc:557:parse_blif$2518.A[3]     50 13265.0ms
                                                               acc_out[17]$auto$IOBUF_I$      1 12981.8ms
                                                                acc_out[4]$auto$IOBUF_I$      1 12292.4ms
                                                               acc_out[16]$auto$IOBUF_I$      1 11947.9ms
                        $techmap2917$abc$2399$auto$blifparse.cc:557:parse_blif$2518.A[0]     50 11451.4ms
                                                                acc_out[2]$auto$IOBUF_I$      1 11086.1ms
                        $techmap2925$abc$2399$auto$blifparse.cc:557:parse_blif$2511.A[4]     50 10481.9ms
                                                                acc_out[3]$auto$IOBUF_I$      1 8908.3ms
                                                               acc_out[22]$auto$IOBUF_I$      1 7948.2ms
                                                               acc_out[27]$auto$IOBUF_I$      1 7913.1ms
                        $techmap2917$abc$2399$auto$blifparse.cc:557:parse_blif$2518.A[1]     50 7088.7ms
                                                                acc_out[0]$auto$IOBUF_I$      1 6766.4ms
                                                               acc_out[24]$auto$IOBUF_I$      1 6758.5ms
                                                                acc_out[9]$auto$IOBUF_I$      1 6718.7ms
                                                               acc_out[21]$auto$IOBUF_I$      1 6296.3ms
                                                                acc_out[7]$auto$IOBUF_I$      1 6167.2ms
                                                               acc_out[23]$auto$IOBUF_I$      1 6093.6ms
                                                               acc_out[15]$auto$IOBUF_I$      1 5208.3ms
                                               $abc$2399$auto$rtlil.cc:3501:NotGate$2228      1 5146.1ms
                                                               acc_out[25]$auto$IOBUF_I$      1 4515.3ms
                                                               acc_out[11]$auto$IOBUF_I$      1 4275.3ms
                                                               acc_out[28]$auto$IOBUF_I$      1 4154.2ms
                                                                acc_out[1]$auto$IOBUF_I$      1 3734.6ms
                                                                acc_out[8]$auto$IOBUF_I$      1 3506.3ms
                                                                acc_out[5]$auto$IOBUF_I$      1 3433.4ms
                                                               acc_out[29]$auto$IOBUF_I$      1 3314.4ms
                                             $auto$alumacc.cc:512:replace_alu$1200.Y[19]      2 3007.3ms
                                                                acc_out[6]$auto$IOBUF_I$      1 2941.8ms
                                                               acc_out[10]$auto$IOBUF_I$      1 2624.1ms
                                               $abc$2399$auto$rtlil.cc:3501:NotGate$2352      1 2576.2ms
                                                               acc_out[26]$auto$IOBUF_I$      1 2361.3ms
                                             $auto$alumacc.cc:512:replace_alu$1200.Y[20]      2 2148.0ms
                                               $abc$2399$auto$rtlil.cc:3501:NotGate$2192      1 2097.5ms
                                               $abc$2399$auto$rtlil.cc:3501:NotGate$2260      1 2065.3ms
                                               $abc$2399$auto$rtlil.cc:3501:NotGate$2232      1 2051.2ms
                                                             weight_enc[1]$auto$IOBUF_O$      8 2044.0ms
                                                             activation[6]$auto$IOBUF_O$      2 1927.5ms
                                               $abc$2399$auto$rtlil.cc:3501:NotGate$2348      1 1766.2ms
                                              $auto$alumacc.cc:512:replace_alu$1200.Y[9]      2 1731.8ms
                                                               acc_out[13]$auto$IOBUF_I$      1 1624.8ms
                                              $auto$alumacc.cc:512:replace_alu$1200.Y[8]      2 1565.7ms
                                             $auto$alumacc.cc:512:replace_alu$1200.Y[25]      2 1560.5ms
                                              $auto$alumacc.cc:512:replace_alu$1200.Y[2]      2 1557.1ms
                                                               acc_out[31]$auto$IOBUF_I$      1 1544.1ms
                                                             activation[5]$auto$IOBUF_O$      2 1454.0ms
                                               $abc$2399$auto$rtlil.cc:3501:NotGate$2198      1 1444.5ms
                                               $abc$2399$auto$rtlil.cc:3501:NotGate$2346      1 1443.1ms
                                               $abc$2399$auto$rtlil.cc:3501:NotGate$2328      1 1403.4ms
                                              $auto$alumacc.cc:512:replace_alu$1200.X[6]      1 1393.3ms
                                                             activation[0]$auto$IOBUF_O$      2 1381.4ms
                                               $abc$2399$auto$rtlil.cc:3501:NotGate$2204      1 1371.6ms
                                               $abc$2399$auto$rtlil.cc:3501:NotGate$2200      1 1341.1ms
                                               $abc$2399$auto$rtlil.cc:3501:NotGate$2182      1 1314.7ms
                                              $auto$alumacc.cc:512:replace_alu$1200.Y[1]      2 1311.4ms
                                                                    $0\acc_out[31:0][21]      1 1237.7ms
                                                                     vector_done_delayed      1 1231.2ms
                                               $abc$2399$auto$rtlil.cc:3501:NotGate$2382      1 1227.1ms
                                               $abc$2399$auto$rtlil.cc:3501:NotGate$2276      1 1218.1ms
                                               $abc$2399$auto$rtlil.cc:3501:NotGate$2212      1 1141.4ms
                                                             activation[3]$auto$IOBUF_O$      2 1125.9ms
                                               $abc$2399$auto$rtlil.cc:3501:NotGate$2254      1 1112.3ms
                                             $auto$alumacc.cc:512:replace_alu$1200.Y[29]      2 1097.9ms
                                              $auto$alumacc.cc:512:replace_alu$1200.Y[7]      2 1086.9ms
                                               $abc$2399$auto$rtlil.cc:3501:NotGate$2222      1 1058.0ms
                                                               acc_out[12]$auto$IOBUF_I$      1 1035.9ms
                                               $abc$2399$auto$rtlil.cc:3501:NotGate$2286      1 1012.7ms
                                               $abc$2399$auto$rtlil.cc:3501:NotGate$2284      1 1006.4ms
                                                                  valid_in$auto$IOBUF_O$      1 1004.1ms
                                                            $abc$2399$procmux$1137_Y[20]      1 1001.4ms
                                               $abc$2399$auto$rtlil.cc:3501:NotGate$2262      1 998.1ms
                                               $abc$2399$auto$rtlil.cc:3501:NotGate$2292      1 988.3ms
                                               $abc$2399$auto$rtlil.cc:3501:NotGate$2384      1 973.1ms
                                               $abc$2399$auto$rtlil.cc:3501:NotGate$2350      1 962.1ms
                                                               acc_out[30]$auto$IOBUF_I$      1 961.6ms
                                                            $abc$2399$procmux$1137_Y[29]      1 960.8ms
                                               $abc$2399$auto$rtlil.cc:3501:NotGate$2258      1 960.5ms
                                               $abc$2399$auto$rtlil.cc:3501:NotGate$2216      1 949.3ms
                                               $abc$2399$auto$rtlil.cc:3501:NotGate$2264      1 947.0ms
                                               $abc$2399$auto$rtlil.cc:3501:NotGate$2386      1 943.4ms
                                               $abc$2399$auto$rtlil.cc:3501:NotGate$2244      1 939.1ms
                                               $abc$2399$auto$rtlil.cc:3501:NotGate$2340      1 931.9ms
                                             $auto$alumacc.cc:512:replace_alu$1200.Y[18]      2 920.8ms
                                               $abc$2399$auto$rtlil.cc:3501:NotGate$2248      1 912.9ms
                                                                    $0\acc_out[31:0][17]      1 905.7ms
                                               $abc$2399$auto$rtlil.cc:3501:NotGate$2266      1 904.2ms
                                                                                  acc[1]      2 883.6ms
                                                                                 acc[17]      2 874.4ms
                                                                                count[0]      3 870.0ms
                                                                        result_latch[24]      1 867.7ms
                                                                         result_latch[9]      1 860.3ms
                        $techmap2912$abc$2399$auto$blifparse.cc:557:parse_blif$2519.A[0]     25 859.2ms
                                                                     $0\acc_out[31:0][5]      1 856.7ms
                                             $auto$alumacc.cc:512:replace_alu$1200.Y[14]      2 844.5ms
                                               $abc$2399$auto$rtlil.cc:3501:NotGate$2230      1 826.4ms
                                               $abc$2399$auto$rtlil.cc:3501:NotGate$2270      1 822.4ms
                                               $abc$2399$auto$rtlil.cc:3501:NotGate$2240      1 815.5ms
                                             $auto$alumacc.cc:512:replace_alu$1200.Y[11]      2 811.7ms
                                             $auto$alumacc.cc:512:replace_alu$1200.Y[28]      2 806.7ms
                                               $abc$2399$auto$rtlil.cc:3501:NotGate$2178      1 796.1ms
                                              $auto$alumacc.cc:512:replace_alu$1200.X[5]      1 795.1ms
                                               $abc$2399$auto$rtlil.cc:3501:NotGate$2298      1 794.1ms
                                                                     $0\acc_out[31:0][3]      1 788.4ms
                                              $auto$alumacc.cc:512:replace_alu$1200.Y[6]      2 782.4ms
                                               $abc$2399$auto$rtlil.cc:3501:NotGate$2364      1 761.2ms
                                               $abc$2399$auto$rtlil.cc:3501:NotGate$2196      1 753.1ms
                                               $abc$2399$auto$rtlil.cc:3501:NotGate$2366      1 743.3ms
                                               $abc$2399$auto$rtlil.cc:3501:NotGate$2334      1 742.8ms
                                             $auto$alumacc.cc:512:replace_alu$1200.Y[15]      2 729.3ms
                                               $abc$2399$auto$rtlil.cc:3501:NotGate$2190      1 714.8ms
                                               $abc$2399$auto$rtlil.cc:3501:NotGate$2290      1 713.6ms
                                                                        result_latch[22]      1 709.4ms
                                                             activation[7]$auto$IOBUF_O$      2 691.8ms
                                               $abc$2399$auto$rtlil.cc:3501:NotGate$2206      1 671.8ms
                                               $abc$2399$auto$rtlil.cc:3501:NotGate$2326      1 660.2ms
                                               $abc$2399$auto$rtlil.cc:3501:NotGate$2336      1 659.4ms
                                               $abc$2399$auto$rtlil.cc:3501:NotGate$2250      1 651.1ms
                                             $auto$alumacc.cc:512:replace_alu$1200.Y[16]      2 643.3ms
                                             $auto$alumacc.cc:512:replace_alu$1200.Y[12]      2 642.0ms
                                               $abc$2399$auto$rtlil.cc:3501:NotGate$2224      1 632.7ms
                                                                    $0\acc_out[31:0][22]      1 631.1ms
                                               $abc$2399$auto$rtlil.cc:3501:NotGate$2274      1 631.1ms
                                               $abc$2399$auto$rtlil.cc:3501:NotGate$2280      1 626.8ms
                                               $abc$2399$auto$rtlil.cc:3501:NotGate$2226      1 623.3ms
                                                                                  acc[4]      2 622.1ms
                                               $abc$2399$auto$rtlil.cc:3501:NotGate$2332      1 615.2ms
                                                                    $0\acc_out[31:0][15]      1 613.6ms
                                                                        result_latch[26]      1 608.1ms
                                                                    $0\acc_out[31:0][20]      1 596.8ms
                                               $abc$2399$auto$rtlil.cc:3501:NotGate$2246      1 592.1ms
                                                            $abc$2399$procmux$1137_Y[12]      1 591.8ms
                                               $abc$2399$auto$rtlil.cc:3501:NotGate$2378      1 585.8ms
                                               $abc$2399$auto$rtlil.cc:3501:NotGate$2252      1 584.4ms
                                               $abc$2399$auto$rtlil.cc:3501:NotGate$2210      1 583.3ms
                                               $abc$2399$auto$rtlil.cc:3501:NotGate$2304      1 577.4ms
                                               $abc$2399$auto$rtlil.cc:3501:NotGate$2186      1 570.7ms
                                                                    $0\acc_out[31:0][12]      1 568.9ms
                                                                         result_latch[1]      1 564.3ms
                                                                         result_latch[4]      1 562.6ms
                                               $abc$2399$auto$rtlil.cc:3501:NotGate$2242      1 557.2ms
                                             $auto$alumacc.cc:512:replace_alu$1200.Y[24]      2 556.1ms
                                             $auto$alumacc.cc:512:replace_alu$1200.Y[22]      2 552.1ms
                                                             activation[2]$auto$IOBUF_O$      2 550.6ms
                                               $abc$2399$auto$rtlil.cc:3501:NotGate$2256      1 549.6ms
                                                                                 acc[19]      2 549.2ms
                                                                        result_latch[11]      1 539.4ms
                                               $abc$2399$auto$rtlil.cc:3501:NotGate$2312      1 538.7ms
                                                             $abc$2399$procmux$1137_Y[4]      1 531.3ms
                                                                    $0\acc_out[31:0][28]      1 523.5ms
                                                                                  acc[7]      2 516.0ms
                                               $abc$2399$auto$rtlil.cc:3501:NotGate$2344      1 511.8ms
                                               $abc$2399$auto$rtlil.cc:3501:NotGate$2236      1 509.7ms
                                                                     count[14]$legal$125      1 501.2ms
                                                                        result_latch[23]      1 500.5ms
                                             $auto$alumacc.cc:512:replace_alu$1200.Y[10]      2 497.5ms
                                              $auto$alumacc.cc:512:replace_alu$1200.Y[5]      2 490.8ms
                                               $abc$2399$auto$rtlil.cc:3501:NotGate$2202      1 490.3ms
                                             $auto$alumacc.cc:512:replace_alu$1200.Y[17]      2 485.2ms
                                                            $abc$2399$procmux$1137_Y[30]      1 484.0ms
                                               $abc$2399$auto$rtlil.cc:3501:NotGate$2310      1 471.6ms
                                                                               count[15]      3 466.4ms
                                                                         result_latch[6]      1 451.8ms
                                               $abc$2399$auto$rtlil.cc:3501:NotGate$2318      1 445.5ms
                                                                                 acc[21]      2 442.8ms
                                                                        acc[11]$legal$37      1 442.5ms
                                                                                count[7]      3 438.4ms
                                                                    $0\acc_out[31:0][16]      1 437.2ms
                                                                                 acc[30]      2 435.3ms
                                                                    $0\acc_out[31:0][27]      1 433.1ms
                                               $abc$2399$auto$rtlil.cc:3501:NotGate$2306      1 429.0ms
                                               $abc$2399$auto$rtlil.cc:3501:NotGate$2324      1 424.4ms
                                                             weight_enc[0]$auto$IOBUF_O$      8 421.7ms
                                                                                  acc[3]      2 417.9ms
                                               $abc$2399$auto$rtlil.cc:3501:NotGate$2180      1 409.4ms
                                               $abc$2399$auto$rtlil.cc:3501:NotGate$2174      1 408.6ms
                                                                                count[2]      3 404.2ms
                                                                        result_latch[28]      1 404.0ms
                                               $abc$2399$auto$rtlil.cc:3501:NotGate$2300      1 402.0ms
                                                                         result_latch[7]      1 397.4ms
                                               $abc$2399$auto$rtlil.cc:3501:NotGate$2208      1 396.1ms
                                             $auto$alumacc.cc:512:replace_alu$1200.Y[26]      2 392.9ms
                                                                                count[6]      3 390.3ms
                                               $abc$2399$auto$rtlil.cc:3501:NotGate$2330      1 389.7ms
                                               $abc$2399$auto$rtlil.cc:3501:NotGate$2308      1 383.5ms
                                              $auto$alumacc.cc:512:replace_alu$1200.Y[4]      2 381.5ms
                                             $auto$alumacc.cc:512:replace_alu$1200.Y[30]      2 377.0ms
                                                                        result_latch[13]      1 373.8ms
                                               $abc$2399$auto$rtlil.cc:3501:NotGate$2194      1 370.6ms
                                                                         result_latch[0]      1 366.0ms
                                                                                count[5]      3 359.7ms
                                                                        result_latch[16]      1 359.2ms
                                                                         result_latch[2]      1 352.7ms
                                               $abc$2399$auto$rtlil.cc:3501:NotGate$2370      1 346.9ms
                                               $abc$2399$auto$rtlil.cc:3501:NotGate$2398      1 346.7ms
                                                                    $0\acc_out[31:0][23]      1 345.8ms
                                               $abc$2399$auto$rtlil.cc:3501:NotGate$2396      1 344.1ms
                                              $auto$alumacc.cc:512:replace_alu$1206.Y[2]      1 342.8ms
                                                                     $0\acc_out[31:0][9]      1 340.4ms
                                              $auto$alumacc.cc:512:replace_alu$1203.Y[0]      1 340.0ms
                                                                         acc[6]$legal$27      1 338.7ms
                                                                                 acc[25]      2 334.6ms
                                              $auto$alumacc.cc:512:replace_alu$1203.Y[6]      1 333.5ms
                                                                                 acc[24]      2 330.3ms
                                                                                 acc[27]      2 328.1ms
                                               $abc$2399$auto$rtlil.cc:3501:NotGate$2394      1 326.6ms
                                                                    $0\acc_out[31:0][14]      1 326.0ms
                                               $abc$2399$auto$rtlil.cc:3501:NotGate$2288      1 315.2ms
                                                             activation[4]$auto$IOBUF_O$      2 314.1ms
                                             $auto$alumacc.cc:512:replace_alu$1200.Y[27]      2 306.1ms
                                                                               count[11]      3 306.1ms
                                                                        acc[30]$legal$75      1 303.4ms
                                              $auto$alumacc.cc:512:replace_alu$1203.Y[4]      1 302.0ms
                                               $abc$2399$auto$rtlil.cc:3501:NotGate$2272      1 299.2ms
                                              $auto$alumacc.cc:512:replace_alu$1200.Y[0]      2 299.0ms
                                                            $abc$2399$procmux$1131_Y[13]      1 295.3ms
                                                                        acc[26]$legal$67      1 293.1ms
                                                                                  acc[2]      2 290.7ms
                                              $auto$alumacc.cc:512:replace_alu$1203.Y[1]      1 290.1ms
                                                                                count[1]      3 289.2ms
                                                                                count[8]      3 282.7ms
                                                            $abc$2399$procmux$1137_Y[11]      1 279.0ms
                                                            $abc$2399$procmux$1137_Y[24]      1 279.0ms
                                             $auto$alumacc.cc:512:replace_alu$1206.Y[14]      1 279.0ms
                                               $abc$2399$auto$rtlil.cc:3501:NotGate$2238      1 276.3ms
                                                                        acc[24]$legal$63      1 274.8ms
                                                                         result_latch[3]      1 269.0ms
                                               $abc$2399$auto$rtlil.cc:3501:NotGate$2278      1 267.9ms
                                                                        acc[17]$legal$49      1 267.4ms
                                               $abc$2399$auto$rtlil.cc:3501:NotGate$2282      1 265.4ms
                                                                                 acc[22]      2 264.7ms
                                                     $auto$clkbufmap.cc:294:execute$3033    114 264.6ms
                                               $abc$2399$auto$rtlil.cc:3501:NotGate$2214      1 264.4ms
                                                                $PACKER_GND_NET$legal$81      1 263.1ms
                                                                                 acc[29]      2 260.2ms
                                               $abc$2399$auto$rtlil.cc:3501:NotGate$2176      1 258.9ms
                                                                               count[10]      3 255.2ms
                                                            $abc$2399$procmux$1137_Y[31]      1 250.5ms
                                                             $abc$2399$procmux$1131_Y[4]      1 247.9ms
                                                                                  acc[9]      2 247.0ms
                                                                                  acc[5]      2 244.3ms
                                                             activation[1]$auto$IOBUF_O$      2 244.3ms
                                               $abc$2399$auto$rtlil.cc:3501:NotGate$2218      1 243.4ms
                                               $abc$2399$auto$rtlil.cc:3501:NotGate$2338      1 242.7ms
                                                                        acc[16]$legal$47      1 240.9ms
                                                                     $0\acc_out[31:0][6]      1 236.7ms
                                                             $abc$2399$procmux$1137_Y[8]      1 235.4ms
                                              $auto$alumacc.cc:512:replace_alu$1206.Y[7]      1 231.2ms
                                                                        acc[28]$legal$71      1 228.7ms
                                               $abc$2399$auto$rtlil.cc:3501:NotGate$2188      1 228.0ms
                                              $auto$alumacc.cc:512:replace_alu$1200.Y[3]      2 226.8ms
                                              $auto$alumacc.cc:512:replace_alu$1200.X[1]      1 226.7ms
                                                                    $0\acc_out[31:0][10]      1 220.8ms
                                                                        result_latch[30]      1 219.2ms
                                                                    $0\acc_out[31:0][26]      1 216.2ms
                                                                     $0\acc_out[31:0][8]      1 215.4ms
                                              $auto$alumacc.cc:512:replace_alu$1206.Y[4]      1 213.7ms
                                                                        acc[21]$legal$57      1 211.8ms
                                                                        result_latch[29]      1 211.5ms
                                                                                  acc[6]      2 210.6ms
                                                                                 acc[11]      2 210.4ms
                                                                               count[14]      3 209.9ms
                                               $abc$2399$auto$rtlil.cc:3501:NotGate$2296      1 208.5ms
                                                                $PACKER_GND_NET$legal$87      1 208.4ms
                                                                        result_latch[14]      1 206.7ms
                                                                     $0\acc_out[31:0][0]      1 202.9ms
                                                                        acc[22]$legal$59      1 201.3ms
                                                                     $0\acc_out[31:0][4]      1 189.3ms
                                                                        result_latch[17]      1 188.2ms
                                               $abc$2399$auto$rtlil.cc:3501:NotGate$2392      1 185.6ms
                                             $auto$alumacc.cc:512:replace_alu$1206.Y[11]      1 185.5ms
                                               $abc$2399$auto$rtlil.cc:3501:NotGate$2220      1 184.4ms
                                                                        result_latch[15]      1 183.7ms
                                             $abc$2399$auto$rtlil.cc:3267:ReduceAnd$1210      1 182.6ms
                                               $abc$2399$auto$rtlil.cc:3501:NotGate$2268      1 182.3ms
                                                                                 acc[14]      2 179.7ms
                                                                                 acc[10]      2 178.4ms
                                                                         acc[2]$legal$11      1 177.0ms
                                                                        acc[12]$legal$39      1 175.2ms
                                                                         acc[5]$legal$23      1 174.9ms
                                                             $abc$2399$procmux$1137_Y[9]      1 174.7ms
                                               $abc$2399$auto$rtlil.cc:3501:NotGate$2184      1 174.2ms
                                                             $abc$2399$procmux$1131_Y[0]      1 173.4ms
                                                                                  acc[0]      2 172.9ms
                                                            $abc$2399$procmux$1131_Y[10]      1 170.2ms
                                             $auto$alumacc.cc:512:replace_alu$1200.CO[7]      1 166.6ms
                                                                     $0\acc_out[31:0][2]      1 166.0ms
                                                             $abc$2399$procmux$1137_Y[3]      1 162.0ms
                                                            $abc$2399$procmux$1131_Y[11]      1 161.5ms
                                                                         acc[8]$legal$31      1 160.1ms
                                              $auto$alumacc.cc:512:replace_alu$1203.Y[2]      1 159.8ms
                                               $abc$2399$auto$rtlil.cc:3501:NotGate$2374      1 159.2ms
                                                                    $0\acc_out[31:0][19]      1 158.1ms
                                                                      count[6]$legal$109      1 157.3ms
                                                                                 acc[23]      2 156.2ms
                                                             $abc$2399$procmux$1137_Y[7]      1 150.0ms
                                                                        result_latch[19]      1 149.8ms
                                              $auto$alumacc.cc:512:replace_alu$1203.Y[3]      1 149.2ms
                                                             $abc$2399$procmux$1131_Y[2]      1 146.4ms
                                               $abc$2399$auto$rtlil.cc:3501:NotGate$2358      1 143.9ms
                                               $abc$2399$auto$rtlil.cc:3501:NotGate$2380      1 141.3ms
                                                                       clk$auto$IOBUF_O$      1 138.7ms
                                                            $abc$2399$procmux$1137_Y[15]      1 138.6ms
                                                                         acc[3]$legal$15      1 134.8ms
                                             $auto$alumacc.cc:512:replace_alu$1206.Y[13]      1 134.4ms
                                              $auto$alumacc.cc:512:replace_alu$1200.X[0]      1 134.3ms
                                                                                  acc[8]      2 132.0ms
                                                                    $0\acc_out[31:0][13]      1 131.1ms
                                                                                 acc[16]      2 129.5ms
                                                                                 acc[20]      2 128.4ms
                                                                        acc[25]$legal$65      1 128.1ms
                                                                        result_latch[20]      1 127.3ms
                                               $abc$2399$auto$rtlil.cc:3501:NotGate$2360      1 127.0ms
                                                                $PACKER_GND_NET$legal$93      1 127.0ms
                                              $auto$alumacc.cc:512:replace_alu$1200.X[2]      1 126.7ms
                                               $abc$2399$auto$rtlil.cc:3501:NotGate$2320      1 126.7ms
                                                                    $0\acc_out[31:0][18]      1 125.5ms
                                                                     count[13]$legal$123      1 125.3ms
                                              $auto$alumacc.cc:512:replace_alu$1206.Y[9]      1 125.2ms
                                                                        result_latch[31]      1 125.2ms
                                                                        acc[14]$legal$43      1 120.0ms
                                             $auto$alumacc.cc:512:replace_alu$1200.Y[23]      2 111.7ms
                                                                         acc[4]$legal$19      1 110.4ms
                                                                    $0\acc_out[31:0][11]      1 109.5ms
                                                            $abc$2399$procmux$1137_Y[17]      1 109.3ms
                                                            $abc$2399$procmux$1137_Y[14]      1 105.7ms
                                            $auto$alumacc.cc:512:replace_alu$1200.CO[11]      1 104.4ms
                                               $abc$2399$auto$rtlil.cc:3501:NotGate$2390      1 103.8ms
                                               $abc$2399$auto$rtlil.cc:3501:NotGate$2356      1 100.8ms
                                             $auto$alumacc.cc:512:replace_alu$1200.Y[31]      2 99.9ms
                                               $abc$2399$auto$rtlil.cc:3501:NotGate$2172      1 95.3ms
                                               $abc$2399$auto$rtlil.cc:3501:NotGate$2314      1 94.8ms
                                               $abc$2399$auto$rtlil.cc:3501:NotGate$2368      1 93.0ms
                                                                      count[5]$legal$107      1 92.6ms
                                                                $PACKER_GND_NET$legal$91      1 91.4ms
                                                                                 acc[28]      2 91.2ms
                                                             $abc$2399$procmux$1131_Y[9]      1 87.1ms
                                                                                count[3]      3 86.8ms
                                                            $abc$2399$procmux$1137_Y[18]      1 86.3ms
                                                             $abc$2399$procmux$1137_Y[2]      1 85.7ms
                                                            $abc$2399$procmux$1137_Y[16]      1 85.2ms
                                                                $PACKER_GND_NET$legal$83      1 82.4ms
                                                            $abc$2399$procmux$1137_Y[27]      1 81.0ms
                                                             $abc$2399$procmux$1137_Y[5]      1 75.8ms
                                               $abc$2399$auto$rtlil.cc:3501:NotGate$2372      1 75.0ms
                                                                    $0\acc_out[31:0][30]      1 74.5ms
                                               $abc$2399$auto$rtlil.cc:3501:NotGate$2294      1 71.7ms
                                                                        acc[27]$legal$69      1 70.2ms
                                               $abc$2399$auto$rtlil.cc:3501:NotGate$2376      1 69.9ms
                                                                     $0\acc_out[31:0][7]      1 69.0ms
                                                                        result_latch[18]      1 68.7ms
                                             $auto$alumacc.cc:512:replace_alu$1200.Y[21]      2 66.6ms
                                            $auto$alumacc.cc:512:replace_alu$1200.CO[27]      1 66.6ms
                                                                                count[4]      3 64.0ms
                                               $abc$2399$auto$rtlil.cc:3501:NotGate$2342      1 63.7ms
                                                                        acc[23]$legal$61      1 63.3ms
                                               $abc$2399$auto$rtlil.cc:3501:NotGate$2302      1 62.6ms
                                                             $abc$2399$procmux$1131_Y[6]      1 62.3ms
                                                                     $0\acc_out[31:0][1]      1 62.0ms
                                                                    $0\acc_out[31:0][29]      1 61.6ms
                                               $abc$2399$auto$rtlil.cc:3501:NotGate$2322      1 61.4ms
                                             $auto$alumacc.cc:512:replace_alu$1200.X[18]      1 59.2ms
                                               $abc$2399$auto$rtlil.cc:3501:NotGate$2362      1 55.7ms
                                              $auto$alumacc.cc:512:replace_alu$1203.Y[7]      1 55.6ms
                                                                    $0\acc_out[31:0][25]      1 53.5ms
                                                                        acc[10]$legal$35      1 53.4ms
                                                                        result_latch[12]      1 46.3ms
                                                                $PACKER_GND_NET$legal$89      1 45.5ms
                                                            $abc$2399$procmux$1137_Y[19]      1 44.7ms
                                              $auto$alumacc.cc:512:replace_alu$1203.Y[5]      1 43.4ms
                                                                    $0\acc_out[31:0][24]      1 42.7ms
                                                                                count[9]      3 41.3ms
                                                            $abc$2399$procmux$1137_Y[28]      1 40.2ms
                                               $abc$2399$auto$rtlil.cc:3501:NotGate$2316      1 40.1ms
                                                            $abc$2399$procmux$1137_Y[10]      1 39.6ms
                                                                                 acc[12]      2 39.1ms
                                                            $abc$2399$procmux$1137_Y[23]      1 38.8ms
                                               $abc$2399$auto$rtlil.cc:3501:NotGate$2388      1 37.2ms
                                              $auto$alumacc.cc:512:replace_alu$1206.Y[3]      1 36.9ms
                                                                             acc_out[12]      1 36.8ms
                                                             $abc$2399$procmux$1131_Y[7]      1 36.6ms
                                            $auto$alumacc.cc:512:replace_alu$1200.CO[19]      1 35.5ms
                                                                             acc_out[17]      1 34.7ms
                                                                      count[8]$legal$113      1 34.7ms
                                               $abc$2399$auto$rtlil.cc:3501:NotGate$2354      1 33.7ms
                                              $auto$alumacc.cc:512:replace_alu$1200.X[4]      1 32.2ms
                                                             $abc$2399$procmux$1137_Y[0]      1 32.1ms
                                                                                 acc[13]      2 29.2ms
                                                                                 acc[26]      2 29.0ms
                                                            $abc$2399$procmux$1131_Y[15]      1 27.6ms
                                                                         acc[7]$legal$29      1 27.4ms
                                                                        result_latch[10]      1 27.1ms
                                                                      count[2]$legal$101      1 26.8ms
                                             $auto$alumacc.cc:512:replace_alu$1203.CO[4]      0 25.6ms
                                                                        result_latch[25]      1 25.2ms
                                                                     count[12]$legal$121      1 24.6ms
                                              $auto$alumacc.cc:512:replace_alu$1206.Y[5]      1 24.1ms
                                                            $abc$2399$procmux$1131_Y[14]      1 24.0ms
                                                             $abc$2399$procmux$1131_Y[3]      1 22.8ms
                                                                        result_latch[27]      1 22.1ms
                                                            $abc$2399$procmux$1137_Y[21]      1 21.8ms
                                              $auto$alumacc.cc:512:replace_alu$1206.Y[8]      1 21.3ms
                                                                $PACKER_GND_NET$legal$79      1 20.9ms
                                              $auto$alumacc.cc:512:replace_alu$1200.X[3]      1 20.8ms
                                                            $abc$2399$procmux$1137_Y[26]      1 19.6ms
                                                             $abc$2399$procmux$1137_Y[1]      1 19.2ms
                                                                        result_latch[21]      1 19.2ms
                                                                         result_latch[5]      1 18.2ms
                                                                                 acc[15]      2 17.6ms
                                            $auto$alumacc.cc:512:replace_alu$1200.CO[15]      1 17.6ms
                                                                                 acc[18]      2 17.3ms
                                              $auto$alumacc.cc:512:replace_alu$1206.Y[6]      1 17.0ms
                                             $auto$alumacc.cc:512:replace_alu$1206.Y[12]      1 15.8ms
                                                             $abc$2399$procmux$1131_Y[5]      1 15.6ms
                                                                      count[7]$legal$111      1 14.8ms
                                                                      count[4]$legal$105      1 13.1ms
                                                            $abc$2399$procmux$1137_Y[22]      1 13.0ms
                                                                          acc[0]$legal$3      1 12.9ms
                                                                             acc_out[30]      1 11.7ms
                                                                      count[9]$legal$115      1 11.1ms
                                                                               count[13]      3 11.0ms
                                                                         result_latch[8]      1 10.2ms
                                                                               valid_out      1 8.7ms
                                                                $PACKER_GND_NET$legal$85      1 8.7ms
                                            $auto$alumacc.cc:512:replace_alu$1206.CO[11]      1 8.6ms
                                                                               count[12]      3 8.3ms
                                                                        acc[29]$legal$73      1 7.6ms
                                                            $abc$2399$procmux$1137_Y[25]      1 7.4ms
                                                                       count[0]$legal$97      1 6.7ms
                                                             $abc$2399$procmux$1131_Y[8]      1 6.5ms
                                                                        acc[20]$legal$55      1 6.5ms
                                                                       count[1]$legal$99      1 5.6ms
                                                                             acc_out[20]      1 4.2ms
                                                                         acc[9]$legal$33      1 3.7ms
                                                                             acc_out[19]      1 3.3ms
                                             $auto$alumacc.cc:512:replace_alu$1206.Y[15]      1 3.1ms
                                                                          acc[1]$legal$7      1 3.1ms
                                               $abc$2399$auto$rtlil.cc:3501:NotGate$2234      1 2.0ms
                                             $auto$alumacc.cc:512:replace_alu$1200.Y[13]      2 2.0ms
                                                                      count[3]$legal$103      1 1.9ms
                                                                        acc[18]$legal$51      1 1.9ms
                                                                     count[15]$legal$127      1 1.4ms
                                              $auto$alumacc.cc:512:replace_alu$1206.Y[1]      1 1.1ms
                                                                                 acc[31]      2 1.0ms
                                                                        acc[19]$legal$53      1 1.0ms
                                                                        acc[31]$legal$77      1 0.9ms
                                                                        acc[15]$legal$45      1 0.9ms
                                             $auto$alumacc.cc:512:replace_alu$1206.Y[10]      1 0.8ms
                                                             $abc$2399$procmux$1137_Y[6]      1 0.8ms
                                                             $abc$2399$procmux$1131_Y[1]      1 0.8ms
                                              $auto$alumacc.cc:512:replace_alu$1206.Y[0]      1 0.7ms
                                                                        acc[13]$legal$41      1 0.6ms
                                                                     count[10]$legal$117      1 0.6ms
                                                                     count[11]$legal$119      1 0.6ms
                                                                    $0\acc_out[31:0][31]      1 0.4ms
                                             $auto$alumacc.cc:512:replace_alu$1200.CO[3]      1 0.4ms
                                                            $abc$2399$procmux$1137_Y[13]      1 0.3ms
                                             $auto$alumacc.cc:512:replace_alu$1203.CO[3]      1 0.3ms
                                              $auto$alumacc.cc:512:replace_alu$1200.X[9]      1 0.3ms
                                             $auto$alumacc.cc:512:replace_alu$1200.X[14]      1 0.2ms
                                     $auto$alumacc.cc:512:replace_alu$1200.X[4]$legal$17      1 0.1ms
                                              $auto$alumacc.cc:512:replace_alu$1200.X[8]      1 0.1ms
                                                                              acc_out[0]      1 0.1ms
                                                                              acc_out[1]      1 0.0ms
                                             $auto$alumacc.cc:512:replace_alu$1206.CO[3]      1 0.0ms
                                            $auto$alumacc.cc:512:replace_alu$1200.CO[23]      1 0.0ms
                                                                             acc_out[18]      1 0.0ms
                                      $auto$alumacc.cc:512:replace_alu$1200.X[1]$legal$5      1 0.0ms
                                                                       count[0]$legal$95      1 0.0ms
                                             $auto$alumacc.cc:512:replace_alu$1203.BB[2]      1 0.0ms
                                              $auto$alumacc.cc:512:replace_alu$1206.X[1]      1 0.0ms
                                                                             acc_out[16]      1 0.0ms
                                            $auto$alumacc.cc:512:replace_alu$1206.CO[14]      0 0.0ms
                                                                             acc_out[15]      1 0.0ms
                                             $auto$alumacc.cc:512:replace_alu$1206.CO[6]      0 0.0ms
                                             $auto$alumacc.cc:512:replace_alu$1200.X[19]      1 0.0ms
                                     $auto$alumacc.cc:512:replace_alu$1200.X[3]$legal$13      1 0.0ms
                                             $auto$alumacc.cc:512:replace_alu$1203.CO[6]      0 0.0ms
                                                            $abc$2399$procmux$1131_Y[12]      1 0.0ms
                                             $auto$alumacc.cc:512:replace_alu$1206.CO[9]      0 0.0ms
                                             $auto$alumacc.cc:512:replace_alu$1203.BB[7]      1 0.0ms
                                                                             acc_out[14]      1 0.0ms
                                             $auto$alumacc.cc:512:replace_alu$1200.X[23]      1 0.0ms
                                             $auto$alumacc.cc:512:replace_alu$1203.BB[5]      1 0.0ms
                                              $auto$alumacc.cc:512:replace_alu$1206.X[5]      1 0.0ms
                                             $auto$alumacc.cc:512:replace_alu$1206.CO[7]      1 0.0ms
                                              $auto$alumacc.cc:512:replace_alu$1206.X[2]      1 0.0ms
                                             $auto$alumacc.cc:512:replace_alu$1206.X[13]      1 0.0ms
                                                                              acc_out[2]      1 0.0ms
                                            $auto$alumacc.cc:512:replace_alu$1200.CO[28]      0 0.0ms
                                            $auto$alumacc.cc:512:replace_alu$1200.CO[17]      0 0.0ms
                                                                             acc_out[22]      1 0.0ms
                                                                             acc_out[13]      1 0.0ms
                                             $auto$alumacc.cc:512:replace_alu$1200.CO[9]      0 0.0ms
                                             $auto$alumacc.cc:512:replace_alu$1203.BB[4]      1 0.0ms
                                             $auto$alumacc.cc:512:replace_alu$1203.BB[6]      1 0.0ms
                                             $auto$alumacc.cc:512:replace_alu$1206.X[15]      1 0.0ms
                                             $auto$alumacc.cc:512:replace_alu$1200.X[29]      1 0.0ms
                                      $auto$alumacc.cc:512:replace_alu$1200.X[0]$legal$1      1 0.0ms
                                                                             acc_out[24]      1 0.0ms
                                                                              acc_out[3]      1 0.0ms
                                             $auto$alumacc.cc:512:replace_alu$1203.BB[1]      1 0.0ms
                                             $auto$alumacc.cc:512:replace_alu$1203.BB[3]      1 0.0ms
                                             $auto$alumacc.cc:512:replace_alu$1203.BB[0]      1 0.0ms
                                              $auto$alumacc.cc:512:replace_alu$1206.X[3]      1 0.0ms
                                              $auto$alumacc.cc:512:replace_alu$1206.X[4]      1 0.0ms
                                              $auto$alumacc.cc:512:replace_alu$1206.X[9]      1 0.0ms
                                             $auto$alumacc.cc:512:replace_alu$1206.X[10]      1 0.0ms
                                             $auto$alumacc.cc:512:replace_alu$1206.X[11]      1 0.0ms
                                             $auto$alumacc.cc:512:replace_alu$1206.X[14]      1 0.0ms
                                             $auto$alumacc.cc:512:replace_alu$1200.X[28]      1 0.0ms
                                             $auto$alumacc.cc:512:replace_alu$1200.X[20]      1 0.0ms
                                              $auto$alumacc.cc:512:replace_alu$1200.X[7]      1 0.0ms
                                             $auto$alumacc.cc:512:replace_alu$1200.X[30]      1 0.0ms
                                             $auto$alumacc.cc:512:replace_alu$1200.X[25]      1 0.0ms
                                             $auto$alumacc.cc:512:replace_alu$1200.X[31]      1 0.0ms
                                     $auto$alumacc.cc:512:replace_alu$1200.X[6]$legal$25      1 0.0ms
                                     $auto$alumacc.cc:512:replace_alu$1200.X[5]$legal$21      1 0.0ms
                                      $auto$alumacc.cc:512:replace_alu$1200.X[2]$legal$9      1 0.0ms
                                                                         $PACKER_VCC_NET     62 0.0ms
                                                                         $PACKER_GND_NET      8 0.0ms
                                                                             acc_out[31]      1 0.0ms
                                                                             acc_out[29]      1 0.0ms
                                                                             acc_out[28]      1 0.0ms
                                                                             acc_out[27]      1 0.0ms
                                                                             acc_out[26]      1 0.0ms
                                                                             acc_out[25]      1 0.0ms
                                                                             acc_out[23]      1 0.0ms
                                                                             acc_out[21]      1 0.0ms
                                                                             acc_out[11]      1 0.0ms
                                                                             acc_out[10]      1 0.0ms
                                                                              acc_out[9]      1 0.0ms
                                                                              acc_out[8]      1 0.0ms
                                                                              acc_out[7]      1 0.0ms
                                                                              acc_out[6]      1 0.0ms
                                                                              acc_out[5]      1 0.0ms
                                                                              acc_out[4]      1 0.0ms
                                            $auto$alumacc.cc:512:replace_alu$1206.CO[15]      0 0.0ms
                                            $auto$alumacc.cc:512:replace_alu$1206.CO[13]      0 0.0ms
                                            $auto$alumacc.cc:512:replace_alu$1206.CO[12]      0 0.0ms
                                            $auto$alumacc.cc:512:replace_alu$1206.CO[10]      0 0.0ms
                                             $auto$alumacc.cc:512:replace_alu$1206.CO[8]      0 0.0ms
                                             $auto$alumacc.cc:512:replace_alu$1206.CO[5]      0 0.0ms
                                             $auto$alumacc.cc:512:replace_alu$1206.CO[4]      0 0.0ms
                                             $auto$alumacc.cc:512:replace_alu$1206.CO[2]      0 0.0ms
                                             $auto$alumacc.cc:512:replace_alu$1206.CO[1]      0 0.0ms
                                             $auto$alumacc.cc:512:replace_alu$1206.CO[0]      0 0.0ms
                                             $auto$alumacc.cc:512:replace_alu$1203.CO[7]      0 0.0ms
                                             $auto$alumacc.cc:512:replace_alu$1203.CO[5]      0 0.0ms
                                             $auto$alumacc.cc:512:replace_alu$1203.CO[2]      0 0.0ms
                                             $auto$alumacc.cc:512:replace_alu$1203.CO[1]      0 0.0ms
                                             $auto$alumacc.cc:512:replace_alu$1203.CO[0]      0 0.0ms
                                            $auto$alumacc.cc:512:replace_alu$1200.CO[31]      0 0.0ms
                                            $auto$alumacc.cc:512:replace_alu$1200.CO[30]      0 0.0ms
                                            $auto$alumacc.cc:512:replace_alu$1200.CO[29]      0 0.0ms
                                            $auto$alumacc.cc:512:replace_alu$1200.CO[26]      0 0.0ms
                                            $auto$alumacc.cc:512:replace_alu$1200.CO[25]      0 0.0ms
                                            $auto$alumacc.cc:512:replace_alu$1200.CO[24]      0 0.0ms
                                            $auto$alumacc.cc:512:replace_alu$1200.CO[22]      0 0.0ms
                                            $auto$alumacc.cc:512:replace_alu$1200.CO[21]      0 0.0ms
                                            $auto$alumacc.cc:512:replace_alu$1200.CO[20]      0 0.0ms
                                            $auto$alumacc.cc:512:replace_alu$1200.CO[18]      0 0.0ms
                                            $auto$alumacc.cc:512:replace_alu$1200.CO[16]      0 0.0ms
                                            $auto$alumacc.cc:512:replace_alu$1200.CO[14]      0 0.0ms
                                            $auto$alumacc.cc:512:replace_alu$1200.CO[13]      0 0.0ms
                                            $auto$alumacc.cc:512:replace_alu$1200.CO[12]      0 0.0ms
                                            $auto$alumacc.cc:512:replace_alu$1200.CO[10]      0 0.0ms
                                             $auto$alumacc.cc:512:replace_alu$1200.CO[8]      0 0.0ms
                                             $auto$alumacc.cc:512:replace_alu$1200.CO[6]      0 0.0ms
                                             $auto$alumacc.cc:512:replace_alu$1200.CO[5]      0 0.0ms
                                             $auto$alumacc.cc:512:replace_alu$1200.CO[4]      0 0.0ms
                                             $auto$alumacc.cc:512:replace_alu$1200.CO[2]      0 0.0ms
                                             $auto$alumacc.cc:512:replace_alu$1200.CO[1]      0 0.0ms
                                             $auto$alumacc.cc:512:replace_alu$1200.CO[0]      0 0.0ms
                                              $auto$alumacc.cc:512:replace_alu$1206.X[6]      1 0.0ms
                                              $auto$alumacc.cc:512:replace_alu$1206.X[7]      1 0.0ms
                                              $auto$alumacc.cc:512:replace_alu$1206.X[8]      1 0.0ms
                                             $auto$alumacc.cc:512:replace_alu$1206.X[12]      1 0.0ms
                                             $auto$alumacc.cc:512:replace_alu$1200.X[17]      1 0.0ms
                                             $auto$alumacc.cc:512:replace_alu$1200.X[21]      1 0.0ms
                                             $auto$alumacc.cc:512:replace_alu$1200.X[22]      1 0.0ms
                                                                           activation[0]      2 0.0ms
                                             $auto$alumacc.cc:512:replace_alu$1200.X[27]      1 0.0ms
                                             $auto$alumacc.cc:512:replace_alu$1200.X[26]      1 0.0ms
                                             $auto$alumacc.cc:512:replace_alu$1200.X[24]      1 0.0ms
                                                                           activation[1]      2 0.0ms
                                                                           activation[2]      2 0.0ms
                                                                           activation[3]      2 0.0ms
                                                                           activation[4]      2 0.0ms
                                                                           activation[5]      2 0.0ms
                                                                           activation[6]      2 0.0ms
                                             $auto$alumacc.cc:512:replace_alu$1200.X[10]      1 0.0ms
                                             $auto$alumacc.cc:512:replace_alu$1200.X[11]      1 0.0ms
                                             $auto$alumacc.cc:512:replace_alu$1200.X[12]      1 0.0ms
                                             $auto$alumacc.cc:512:replace_alu$1200.X[13]      1 0.0ms
                                             $auto$alumacc.cc:512:replace_alu$1200.X[15]      1 0.0ms
                                                                           weight_enc[1]      2 0.0ms
                                                                           activation[7]      2 0.0ms
                                                                           weight_enc[0]      2 0.0ms
                                             $auto$alumacc.cc:512:replace_alu$1200.X[16]      1 0.0ms
                                                                                valid_in      2 0.0ms
                                                                                   rst_n      2 0.0ms
                                                                                     clk      2 0.0ms
Info: Router2 time 1099.20s
Info: Routing $PACKER_VCC_NET connections...
Info:     $PACKER_VCC_NET: 62/62 sinks bridged (0 left to main router; max BFS 26)
Info: Routing $PACKER_GND_NET connections...
Info:     $PACKER_GND_NET: 8/8 sinks bridged (0 left to main router; max BFS 150)
Info: Running post-routing legalisation...

Info: Critical path report for clock '$auto$clkbufmap.cc:294:execute$3033' (posedge -> posedge):
Info: curr total
Info:  0.1  0.1  Source $auto$ff.cc:337:slice$1650.Q
Info:  4.8  4.9    Net valid_out$auto$IOBUF_I$ budget 0.000000 ns (14,132) -> (250,129)
Info:                Sink $abc$2399$auto$blifparse.cc:557:parse_blif$2510.A5
Info:  0.1  5.0  Source $abc$2399$auto$blifparse.cc:557:parse_blif$2510.O6
Info:  4.5  9.6    Net $techmap2925$abc$2399$auto$blifparse.cc:557:parse_blif$2511.A[4] budget 0.000000 ns (250,129) -> (13,129)
Info:                Sink $abc$2399$auto$blifparse.cc:557:parse_blif$2511.A2
Info:  0.1  9.7  Source $abc$2399$auto$blifparse.cc:557:parse_blif$2511.O6
Info:  3.3 13.0    Net $abc$2399$auto$opt_dff.cc:336:make_patterns_logic$1193 budget 3.029000 ns (13,129) -> (193,142)
Info:                Sink $auto$ff.cc:337:slice$1739.CE
Info:  0.1 13.1  Setup $auto$ff.cc:337:slice$1739.CE
Info: 0.4 ns logic, 12.7 ns routing

Info: Max frequency for clock '$auto$clkbufmap.cc:294:execute$3033': 76.23 MHz (FAIL at 100.00 MHz)

Info: Slack histogram:
Info:  legend: * represents 1 endpoint(s)
Info:          + represents [1,1) endpoint(s)
Info: [ -3119,  -2516) |***** 
Info: [ -2516,  -1913) |**** 
Info: [ -1913,  -1310) |******* 
Info: [ -1310,   -707) |*************** 
Info: [  -707,   -104) |**************************************** 
Info: [  -104,    499) |********** 
Info: [   499,   1102) | 
Info: [  1102,   1705) | 
Info: [  1705,   2308) |** 
Info: [  2308,   2911) |**** 
Info: [  2911,   3514) |*** 
Info: [  3514,   4117) |**** 
Info: [  4117,   4720) |********************* 
Info: [  4720,   5323) |************* 
Info: [  5323,   5926) |**************** 
Info: [  5926,   6529) |******* 
Info: [  6529,   7132) |********* 
Info: [  7132,   7735) |********** 
Info: [  7735,   8338) |***************** 
Info: [  8338,   8941) |******** 
Info: Report written to runs/ternary_s10.report.json.
