Info: Packing constants..
Info: Inserting IO buffers..
Info:     Constraining 'clk' to site 'IOB_X1Y124'
Info:     Tile 'RIOB33_X105Y123'
Info:     Constraining 'rst_n' to site 'IOB_X1Y115'
Info:     Tile 'RIOB33_X105Y115'
Info:     Constraining 'valid_in' to site 'IOB_X1Y197'
Info:     Tile 'RIOB33_X105Y197'
Info:     Constraining 'valid_out' to site 'IOB_X1Y127'
Info:     Tile 'RIOB33_X105Y127'
Info:     Constraining 'weight_enc[0]' to site 'IOB_X1Y136'
Info:     Tile 'RIOB33_X105Y135'
Info:     Constraining 'activation[7]' to site 'IOB_X0Y207'
Info:     Tile 'LIOB33_X0Y207'
Info:     Constraining 'weight_enc[1]' to site 'IOB_X1Y131'
Info:     Tile 'RIOB33_X105Y131'
Info:     Constraining 'activation[6]' to site 'IOB_X0Y217'
Info:     Tile 'LIOB33_X0Y217'
Info:     Constraining 'activation[5]' to site 'IOB_X0Y215'
Info:     Tile 'LIOB33_X0Y215'
Info:     Constraining 'activation[4]' to site 'IOB_X0Y216'
Info:     Tile 'LIOB33_X0Y215'
Info:     Constraining 'activation[3]' to site 'IOB_X0Y231'
Info:     Tile 'LIOB33_X0Y231'
Info:     Constraining 'activation[2]' to site 'IOB_X0Y232'
Info:     Tile 'LIOB33_X0Y231'
Info:     Constraining 'activation[1]' to site 'IOB_X0Y229'
Info:     Tile 'LIOB33_X0Y229'
Info:     Constraining 'activation[0]' to site 'IOB_X0Y230'
Info:     Tile 'LIOB33_X0Y229'
Info:     Constraining 'acc_out[0]' to site 'IOB_X1Y130'
Info:     Tile 'RIOB33_X105Y129'
Info:     Constraining 'acc_out[1]' to site 'IOB_X1Y113'
Info:     Tile 'RIOB33_X105Y113'
Info:     Constraining 'acc_out[2]' to site 'IOB_X1Y106'
Info:     Tile 'RIOB33_X105Y105'
Info:     Constraining 'acc_out[3]' to site 'IOB_X0Y84'
Info:     Tile 'LIOB33_X0Y83'
Info:     Constraining 'acc_out[4]' to site 'IOB_X0Y82'
Info:     Tile 'LIOB33_X0Y81'
Info:     Constraining 'acc_out[5]' to site 'IOB_X0Y81'
Info:     Tile 'LIOB33_X0Y81'
Info:     Constraining 'acc_out[6]' to site 'IOB_X0Y94'
Info:     Tile 'LIOB33_X0Y93'
Info:     Constraining 'acc_out[7]' to site 'IOB_X0Y89'
Info:     Tile 'LIOB33_X0Y89'
Info:     Constraining 'acc_out[8]' to site 'IOB_X0Y92'
Info:     Tile 'LIOB33_X0Y91'
Info:     Constraining 'acc_out[9]' to site 'IOB_X0Y97'
Info:     Tile 'LIOB33_X0Y97'
Info:     Constraining 'acc_out[10]' to site 'IOB_X0Y116'
Info:     Tile 'LIOB33_X0Y115'
Info:     Constraining 'acc_out[11]' to site 'IOB_X0Y120'
Info:     Tile 'LIOB33_X0Y119'
Info:     Constraining 'acc_out[12]' to site 'IOB_X0Y134'
Info:     Tile 'LIOB33_X0Y133'
Info:     Constraining 'acc_out[13]' to site 'IOB_X0Y133'
Info:     Tile 'LIOB33_X0Y133'
Info:     Constraining 'acc_out[14]' to site 'IOB_X1Y135'
Info:     Tile 'RIOB33_X105Y135'
Info:     Constraining 'acc_out[15]' to site 'IOB_X1Y133'
Info:     Tile 'RIOB33_X105Y133'
Info:     Constraining 'acc_out[16]' to site 'IOB_X1Y134'
Info:     Tile 'RIOB33_X105Y133'
Info:     Constraining 'acc_out[17]' to site 'IOB_X1Y129'
Info:     Tile 'RIOB33_X105Y129'
Info:     Constraining 'acc_out[18]' to site 'IOB_X1Y109'
Info:     Tile 'RIOB33_X105Y109'
Info:     Constraining 'acc_out[19]' to site 'IOB_X1Y110'
Info:     Tile 'RIOB33_X105Y109'
Info:     Constraining 'acc_out[20]' to site 'IOB_X1Y105'
Info:     Tile 'RIOB33_X105Y105'
Info:     Constraining 'acc_out[21]' to site 'IOB_X0Y83'
Info:     Tile 'LIOB33_X0Y83'
Info:     Constraining 'acc_out[22]' to site 'IOB_X0Y86'
Info:     Tile 'LIOB33_X0Y85'
Info:     Constraining 'acc_out[23]' to site 'IOB_X0Y85'
Info:     Tile 'LIOB33_X0Y85'
Info:     Constraining 'acc_out[24]' to site 'IOB_X0Y93'
Info:     Tile 'LIOB33_X0Y93'
Info:     Constraining 'acc_out[25]' to site 'IOB_X0Y91'
Info:     Tile 'LIOB33_X0Y91'
Info:     Constraining 'acc_out[26]' to site 'IOB_X0Y96'
Info:     Tile 'LIOB33_X0Y95'
Info:     Constraining 'acc_out[27]' to site 'IOB_X0Y95'
Info:     Tile 'LIOB33_X0Y95'
Info:     Constraining 'acc_out[28]' to site 'IOB_X0Y115'
Info:     Tile 'LIOB33_X0Y115'
Info:     Constraining 'acc_out[29]' to site 'IOB_X0Y119'
Info:     Tile 'LIOB33_X0Y119'
Info:     Constraining 'acc_out[30]' to site 'IOB_X0Y130'
Info:     Tile 'LIOB33_X0Y129'
Info:     Constraining 'acc_out[31]' to site 'IOB_X0Y129'
Info:     Tile 'LIOB33_X0Y129'
Info: Generating input buffer for 'clk$ibuf$'
Info: Generating input buffer for 'rst_n$ibuf$'
Info: Generating input buffer for 'valid_in$ibuf$'
Info: Generating output buffer for 'valid_out$obuf$'
Info: Generating input buffer for 'weight_enc[0]$ibuf$'
Info: Generating input buffer for 'activation[7]$ibuf$'
Info: Generating input buffer for 'weight_enc[1]$ibuf$'
Info: Generating input buffer for 'activation[6]$ibuf$'
Info: Generating input buffer for 'activation[5]$ibuf$'
Info: Generating input buffer for 'activation[4]$ibuf$'
Info: Generating input buffer for 'activation[3]$ibuf$'
Info: Generating input buffer for 'activation[2]$ibuf$'
Info: Generating input buffer for 'activation[1]$ibuf$'
Info: Generating input buffer for 'activation[0]$ibuf$'
Info: Generating output buffer for 'acc_out[0]$obuf$'
Info: Generating output buffer for 'acc_out[1]$obuf$'
Info: Generating output buffer for 'acc_out[2]$obuf$'
Info: Generating output buffer for 'acc_out[3]$obuf$'
Info: Generating output buffer for 'acc_out[4]$obuf$'
Info: Generating output buffer for 'acc_out[5]$obuf$'
Info: Generating output buffer for 'acc_out[6]$obuf$'
Info: Generating output buffer for 'acc_out[7]$obuf$'
Info: Generating output buffer for 'acc_out[8]$obuf$'
Info: Generating output buffer for 'acc_out[9]$obuf$'
Info: Generating output buffer for 'acc_out[10]$obuf$'
Info: Generating output buffer for 'acc_out[11]$obuf$'
Info: Generating output buffer for 'acc_out[12]$obuf$'
Info: Generating output buffer for 'acc_out[13]$obuf$'
Info: Generating output buffer for 'acc_out[14]$obuf$'
Info: Generating output buffer for 'acc_out[15]$obuf$'
Info: Generating output buffer for 'acc_out[16]$obuf$'
Info: Generating output buffer for 'acc_out[17]$obuf$'
Info: Generating output buffer for 'acc_out[18]$obuf$'
Info: Generating output buffer for 'acc_out[19]$obuf$'
Info: Generating output buffer for 'acc_out[20]$obuf$'
Info: Generating output buffer for 'acc_out[21]$obuf$'
Info: Generating output buffer for 'acc_out[22]$obuf$'
Info: Generating output buffer for 'acc_out[23]$obuf$'
Info: Generating output buffer for 'acc_out[24]$obuf$'
Info: Generating output buffer for 'acc_out[25]$obuf$'
Info: Generating output buffer for 'acc_out[26]$obuf$'
Info: Generating output buffer for 'acc_out[27]$obuf$'
Info: Generating output buffer for 'acc_out[28]$obuf$'
Info: Generating output buffer for 'acc_out[29]$obuf$'
Info: Generating output buffer for 'acc_out[30]$obuf$'
Info: Generating output buffer for 'acc_out[31]$obuf$'
Info:     Created 46 PAD cells from:
Info:             46x PAD
Info: Preparing clocking...
Info: Packing constants..
Info: Packing cfg...
Info: Packing PLLs...
Info: Packing Gigabit Transceivers..
Info: Packing global buffers...
Info:     Constrained BUFGCTRL '$auto$clkbufmap.cc:261:execute$3031' to bel 'BUFGCTRL_X0Y0/BUFGCTRL' based on dedicated routing
Info: Packing MUX[789]s..
Info: Packing carries (atomic CARRY4)..
Info:    Packed 14 CARRY4 cells into 3 chains (atomic).
Info: router2 PRECYINIT fix: 14 CARRY4 cells, 17 constant carry pins disconnected
Info: Packing LUTs..
Info:     Created 321 SLICE_LUTX cells from:
Info:            201x LUT1
Info:             57x LUT2
Info:              1x LUT3
Info:              6x LUT4
Info:             56x LUT5
Info: Packing DRAM..
Info:    Transformed 0 tied-low DRAM address inputs to be tied-high
Info: Packing BRAM..
Info: Packing DSPs..
Info: Packing flipflops..
Info:     Created 114 SLICE_FFX cells from:
Info:            113x FDCE
Info:              1x FDPE
Info:     local-const FF control: disconnected 0 SR(=GND) + 33 CE(=VCC) pins from global nets
Info: Constrained 81 LUTFF pairs.

Info: Annotating ports with timing budgets for target frequency 100.00 MHz
Info: Checksum: 0x5a4709d8

Info: Device utilisation:
Info: 	          SLICE_LUTX:   321/269200     0%
Info: 	           SLICE_FFX:   114/269200     0%
Info: 	              CARRY4:    14/33650     0%
Info: 	          PSEUDO_GND:     1/69165     0%
Info: 	          PSEUDO_VCC:     1/69165     0%
Info: 	               HARD0:     0/ 3960     0%
Info: 	            RAMB18E1:     0/  730     0%
Info: 	            FIFO18E1:     0/  365     0%
Info: 	        RAMBFIFO36E1:     0/  365     0%
Info: 	            RAMB36E1:     0/  365     0%
Info: 	             DSP48E1:     0/  740     0%
Info: 	                 PAD:    46/ 1062     4%
Info: 	       IOB33M_OUTBUF:     0/  240     0%
Info: 	       IOB33S_OUTBUF:     0/  240     0%
Info: 	        IOB33_OUTBUF:    33/  500     6%
Info: 	     IOB33M_INBUF_EN:     0/  240     0%
Info: 	     IOB33S_INBUF_EN:     0/  240     0%
Info: 	      IOB33_INBUF_EN:    13/  500     2%
Info: 	IOB33M_TERM_OVERRIDE:     0/  240     0%
Info: 	IOB33S_TERM_OVERRIDE:     0/  240     0%
Info: 	 IOB33_TERM_OVERRIDE:     0/  500     0%
Info: 	       PULL_OR_KEEP1:     0/  980     0%
Info: 	            IDELAYE2:     0/  500     0%
Info: 	        OLOGICE3_TFF:     0/  500     0%
Info: 	      OLOGICE3_OUTFF:     0/  500     0%
Info: 	       OLOGICE3_MISR:     0/  500     0%
Info: 	           OSERDESE2:     0/  500     0%
Info: 	        ILOGICE3_IFF:     0/  500     0%
Info: 	ILOGICE3_ZHOLD_DELAY:     0/  500     0%
Info: 	           ISERDESE2:     0/  500     0%
Info: 	                BUFR:     0/   40     0%
Info: 	               BUFIO:     0/   40     0%
Info: 	          IDELAYCTRL:     0/   10     0%
Info: 	            BUFGCTRL:     1/   32     3%
Info: 	            PCIE_2_1:     0/    1     0%
Info: 	               BSCAN:     0/    4     0%
Info: 	                BUFG:     0/   32     0%
Info: 	              BUFHCE:     0/  120     0%
Info: 	            DCIRESET:     0/    1     0%
Info: 	            DNA_PORT:     0/    1     0%
Info: 	           EFUSE_USR:     0/    1     0%
Info: 	           FRAME_ECC:     0/    1     0%
Info: 	       GTPE2_CHANNEL:     0/   16     0%
Info: 	        GTPE2_COMMON:     0/    4     0%
Info: 	         IBUFDS_GTE2:     0/    8     0%
Info: 	                ICAP:     0/    2     0%
Info: 	            INVERTER:     0/  240     0%
Info: 	          MMCME2_ADV:     0/   10     0%
Info: 	        OLOGICE2_TFF:     0/  500     0%
Info: 	      OLOGICE2_OUTFF:     0/  500     0%
Info: 	           PLLE2_ADV:     0/   10     0%
Info: 	           SELMUX2_1:     0/102950     0%
Info: 	             STARTUP:     0/    1     0%
Info: 	          USR_ACCESS:     0/    1     0%
Info: 	              BUFFER:     0/   82     0%
Info: 	        ILOGICE2_IFF:     0/  500     0%
Info: 	       OLOGICE2_MISR:     0/  500     0%

Info: HeAP congestion knobs: beta=0.400 spread_scale=2,1 alpha=0.080
Info: Placed 93 cells based on constraints.
Info: Creating initial analytic placement for 244 cells, random placement wirelen = 85873.
Info:     at initial placer iter 0, wirelen = 10906
Info:     at initial placer iter 1, wirelen = 9288
Info:     at initial placer iter 2, wirelen = 8780
Info:     at initial placer iter 3, wirelen = 8656
Info: Running main analytical placer.
Info:     at iteration #1, type ALL: wirelen solved = 8736, spread = 11815, legal = 11417; time = 0.13s
Info:     at iteration #2, type ALL: wirelen solved = 9035, spread = 10296, legal = 10577; time = 0.18s
Info: HeAP Placer Time: 2.53s
Info:   of which solving equations: 0.38s
Info:   of which spreading cells: 0.14s
Info:   of which strict legalisation: 0.02s

Info: Running simulated annealing placer for refinement.
Info:   at iteration #1: temp = 0.000000, timing cost = 86, wirelen = 10577
Info:   at iteration #4: temp = 0.000000, timing cost = 62, wirelen = 10025 
Info: SA placement time 0.61s

Info: Max frequency for clock '$auto$clkbufmap.cc:294:execute$3033': 62.40 MHz (FAIL at 100.00 MHz)

Info: Slack histogram:
Info:  legend: * represents 1 endpoint(s)
Info:          + represents [1,1) endpoint(s)
Info: [ -6026,  -5271) |*** 
Info: [ -5271,  -4516) |****** 
Info: [ -4516,  -3761) | 
Info: [ -3761,  -3006) |************** 
Info: [ -3006,  -2251) |********* 
Info: [ -2251,  -1496) |**************** 
Info: [ -1496,   -741) |********************************* 
Info: [  -741,     14) |** 
Info: [    14,    769) |* 
Info: [   769,   1524) |****** 
Info: [  1524,   2279) |**************** 
Info: [  2279,   3034) |***** 
Info: [  3034,   3789) |****** 
Info: [  3789,   4544) |********* 
Info: [  4544,   5299) |**************** 
Info: [  5299,   6054) |************* 
Info: [  6054,   6809) |********* 
Info: [  6809,   7564) |******* 
Info: [  7564,   8319) |******************* 
Info: [  8319,   9074) |***** 
Info: Checksum: 0xfa0ba309
Info: Running post-placement legalisation...
Info: post-place repair: relocated 146 stranded cluster(s)/cell(s) to valid bels
Info: Routing global clocks...
Info:     routing clock '$auto$clkbufmap.cc:294:execute$3033'
Info:     routing clock 'clk$auto$IOBUF_O$'
Info: Running router2...
Info: Setting up routing resources...
Info: Running main router loop...
Info:     iter=1 wires=6949 overused=103 overuse=106 archfail=NA
Info:     iter=2 wires=6996 overused=0 overuse=0 archfail=0
Info: 1000 slowest nets by runtime:
                                                                     rst_n$auto$IOBUF_O$    114 103261.4ms
                                  $abc$2399$auto$opt_dff.cc:336:make_patterns_logic$1193     32 23741.7ms
                        $techmap2917$abc$2399$auto$blifparse.cc:557:parse_blif$2518.A[2]     50 16556.5ms
                        $techmap2925$abc$2399$auto$blifparse.cc:557:parse_blif$2511.A[4]     50 14882.2ms
                                                               acc_out[21]$auto$IOBUF_I$      1 14783.6ms
                                                               acc_out[20]$auto$IOBUF_I$      1 14406.5ms
                                                                 valid_out$auto$IOBUF_I$     35 12462.1ms
                        $techmap2917$abc$2399$auto$blifparse.cc:557:parse_blif$2518.A[0]     50 12008.0ms
                                                                acc_out[0]$auto$IOBUF_I$      1 11920.3ms
                        $techmap2917$abc$2399$auto$blifparse.cc:557:parse_blif$2518.A[1]     50 10554.7ms
                                                               acc_out[14]$auto$IOBUF_I$      1 9907.3ms
                        $techmap2917$abc$2399$auto$blifparse.cc:557:parse_blif$2518.A[3]     50 8333.6ms
                                                               acc_out[16]$auto$IOBUF_I$      1 8098.2ms
                                                                     vector_done_delayed      1 7711.9ms
                                                               acc_out[22]$auto$IOBUF_I$      1 6390.1ms
                                                                acc_out[5]$auto$IOBUF_I$      1 6356.3ms
                                                                acc_out[2]$auto$IOBUF_I$      1 6278.6ms
                                                                acc_out[7]$auto$IOBUF_I$      1 5962.9ms
                                                                acc_out[4]$auto$IOBUF_I$      1 5615.3ms
                                                                acc_out[1]$auto$IOBUF_I$      1 5279.5ms
                                                             weight_enc[1]$auto$IOBUF_O$      8 4953.7ms
                                                                acc_out[3]$auto$IOBUF_I$      1 4737.1ms
                                                               acc_out[17]$auto$IOBUF_I$      1 4597.9ms
                                                                    $0\acc_out[31:0][19]      1 4493.7ms
                                                               acc_out[18]$auto$IOBUF_I$      1 4230.7ms
                                                               acc_out[19]$auto$IOBUF_I$      1 3734.9ms
                                                               acc_out[27]$auto$IOBUF_I$      1 3542.7ms
                                                               acc_out[24]$auto$IOBUF_I$      1 3255.3ms
                                               $abc$2399$auto$rtlil.cc:3501:NotGate$2292      1 2919.1ms
                                                               acc_out[11]$auto$IOBUF_I$      1 2778.3ms
                                                               acc_out[23]$auto$IOBUF_I$      1 2758.3ms
                                                               acc_out[25]$auto$IOBUF_I$      1 2671.4ms
                                                                acc_out[6]$auto$IOBUF_I$      1 2657.8ms
                                               $abc$2399$auto$rtlil.cc:3501:NotGate$2230      1 2578.8ms
                                                               acc_out[12]$auto$IOBUF_I$      1 2322.2ms
                                                               acc_out[28]$auto$IOBUF_I$      1 2287.6ms
                                                                                  acc[1]      2 2195.1ms
                                                               acc_out[30]$auto$IOBUF_I$      1 2128.6ms
                                                               acc_out[10]$auto$IOBUF_I$      1 2108.9ms
                                                               acc_out[15]$auto$IOBUF_I$      1 2019.8ms
                                                                acc_out[8]$auto$IOBUF_I$      1 2004.1ms
                                                                     $0\acc_out[31:0][1]      1 1984.8ms
                                                               acc_out[26]$auto$IOBUF_I$      1 1946.2ms
                                               $abc$2399$auto$rtlil.cc:3501:NotGate$2398      1 1906.7ms
                                                                acc_out[9]$auto$IOBUF_I$      1 1880.2ms
                                                               acc_out[13]$auto$IOBUF_I$      1 1832.5ms
                                              $auto$alumacc.cc:512:replace_alu$1200.Y[1]      2 1827.1ms
                                                             weight_enc[0]$auto$IOBUF_O$      8 1794.5ms
                                               $abc$2399$auto$rtlil.cc:3501:NotGate$2344      1 1733.1ms
                                                               acc_out[31]$auto$IOBUF_I$      1 1729.6ms
                                               $abc$2399$auto$rtlil.cc:3501:NotGate$2346      1 1717.0ms
                                                                                  acc[3]      2 1623.0ms
                                                               acc_out[29]$auto$IOBUF_I$      1 1610.2ms
                                             $auto$alumacc.cc:512:replace_alu$1200.Y[29]      2 1585.9ms
                                             $auto$alumacc.cc:512:replace_alu$1200.Y[20]      2 1445.1ms
                                               $abc$2399$auto$rtlil.cc:3501:NotGate$2256      1 1442.9ms
                                             $auto$alumacc.cc:512:replace_alu$1200.Y[17]      2 1392.6ms
                                               $abc$2399$auto$rtlil.cc:3501:NotGate$2372      1 1238.6ms
                                               $abc$2399$auto$rtlil.cc:3501:NotGate$2228      1 1208.8ms
                                               $abc$2399$auto$rtlil.cc:3501:NotGate$2204      1 1203.4ms
                                                                  valid_in$auto$IOBUF_O$      1 1195.8ms
                                                                                  acc[6]      2 1112.9ms
                                               $abc$2399$auto$rtlil.cc:3501:NotGate$2308      1 1101.1ms
                                             $auto$alumacc.cc:512:replace_alu$1200.Y[14]      2 1087.9ms
                                                                     $0\acc_out[31:0][8]      1 1079.0ms
                                              $auto$alumacc.cc:512:replace_alu$1200.Y[4]      2 1050.8ms
                                                             activation[4]$auto$IOBUF_O$      2 1046.0ms
                                               $abc$2399$auto$rtlil.cc:3501:NotGate$2280      1 1033.9ms
                                               $abc$2399$auto$rtlil.cc:3501:NotGate$2254      1 1031.6ms
                                               $abc$2399$auto$rtlil.cc:3501:NotGate$2232      1 1017.2ms
                                             $auto$alumacc.cc:512:replace_alu$1200.Y[22]      2 1004.5ms
                                              $auto$alumacc.cc:512:replace_alu$1200.Y[2]      2 1003.7ms
                                                             activation[0]$auto$IOBUF_O$      2 957.1ms
                                               $abc$2399$auto$rtlil.cc:3501:NotGate$2288      1 952.6ms
                                               $abc$2399$auto$rtlil.cc:3501:NotGate$2180      1 949.9ms
                                             $auto$alumacc.cc:512:replace_alu$1200.Y[16]      2 937.4ms
                                                             activation[5]$auto$IOBUF_O$      2 912.9ms
                                              $auto$alumacc.cc:512:replace_alu$1200.Y[8]      2 895.8ms
                                                                    $0\acc_out[31:0][20]      1 894.2ms
                                             $auto$alumacc.cc:512:replace_alu$1200.Y[15]      2 853.6ms
                                                                                  acc[8]      2 846.8ms
                                                                                count[7]      3 829.5ms
                                             $auto$alumacc.cc:512:replace_alu$1200.Y[28]      2 821.0ms
                                               $abc$2399$auto$rtlil.cc:3501:NotGate$2390      1 815.2ms
                                                                         result_latch[0]      1 771.0ms
                                             $auto$alumacc.cc:512:replace_alu$1200.Y[27]      2 768.6ms
                                               $abc$2399$auto$rtlil.cc:3501:NotGate$2374      1 767.5ms
                                              $auto$alumacc.cc:512:replace_alu$1206.Y[9]      1 742.5ms
                                               $abc$2399$auto$rtlil.cc:3501:NotGate$2244      1 718.9ms
                                                             activation[7]$auto$IOBUF_O$      2 718.2ms
                                             $auto$alumacc.cc:512:replace_alu$1200.Y[18]      2 717.6ms
                                                                                  acc[5]      2 706.8ms
                                               $abc$2399$auto$rtlil.cc:3501:NotGate$2252      1 705.8ms
                                             $auto$alumacc.cc:512:replace_alu$1200.Y[10]      2 703.5ms
                                               $abc$2399$auto$rtlil.cc:3501:NotGate$2338      1 699.4ms
                                               $abc$2399$auto$rtlil.cc:3501:NotGate$2316      1 692.0ms
                                               $abc$2399$auto$rtlil.cc:3501:NotGate$2300      1 679.6ms
                                               $abc$2399$auto$rtlil.cc:3501:NotGate$2318      1 674.6ms
                                                                                  acc[7]      2 672.0ms
                                               $abc$2399$auto$rtlil.cc:3501:NotGate$2314      1 665.1ms
                                               $abc$2399$auto$rtlil.cc:3501:NotGate$2264      1 661.0ms
                                                                        result_latch[20]      1 658.4ms
                                             $auto$alumacc.cc:512:replace_alu$1200.Y[30]      2 650.0ms
                                                                                count[0]      3 641.2ms
                                                             activation[3]$auto$IOBUF_O$      2 639.6ms
                                               $abc$2399$auto$rtlil.cc:3501:NotGate$2240      1 630.1ms
                                               $abc$2399$auto$rtlil.cc:3501:NotGate$2312      1 624.3ms
                                                                    $0\acc_out[31:0][17]      1 608.3ms
                                               $abc$2399$auto$rtlil.cc:3501:NotGate$2364      1 607.8ms
                                               $abc$2399$auto$rtlil.cc:3501:NotGate$2322      1 605.2ms
                                               $abc$2399$auto$rtlil.cc:3501:NotGate$2302      1 601.8ms
                                                                    $0\acc_out[31:0][18]      1 601.6ms
                                               $abc$2399$auto$rtlil.cc:3501:NotGate$2210      1 592.7ms
                                             $auto$alumacc.cc:512:replace_alu$1200.Y[23]      2 591.7ms
                                                                    $0\acc_out[31:0][14]      1 591.2ms
                                               $abc$2399$auto$rtlil.cc:3501:NotGate$2192      1 589.3ms
                                                                                 acc[19]      2 587.9ms
                                             $auto$alumacc.cc:512:replace_alu$1200.Y[21]      2 587.2ms
                                                                     $0\acc_out[31:0][2]      1 579.9ms
                                               $abc$2399$auto$rtlil.cc:3501:NotGate$2340      1 566.7ms
                                               $abc$2399$auto$rtlil.cc:3501:NotGate$2258      1 561.3ms
                                               $abc$2399$auto$rtlil.cc:3501:NotGate$2352      1 560.6ms
                                               $abc$2399$auto$rtlil.cc:3501:NotGate$2242      1 555.2ms
                                               $abc$2399$auto$rtlil.cc:3501:NotGate$2334      1 549.0ms
                                               $abc$2399$auto$rtlil.cc:3501:NotGate$2386      1 541.3ms
                                                                                count[4]      3 541.2ms
                                               $abc$2399$auto$rtlil.cc:3501:NotGate$2238      1 540.7ms
                                               $abc$2399$auto$rtlil.cc:3501:NotGate$2366      1 538.1ms
                                                                    $0\acc_out[31:0][23]      1 536.5ms
                                               $abc$2399$auto$rtlil.cc:3501:NotGate$2278      1 534.4ms
                                               $abc$2399$auto$rtlil.cc:3501:NotGate$2194      1 533.3ms
                                               $abc$2399$auto$rtlil.cc:3501:NotGate$2236      1 524.5ms
                                               $abc$2399$auto$rtlil.cc:3501:NotGate$2184      1 523.9ms
                                               $abc$2399$auto$rtlil.cc:3501:NotGate$2214      1 523.2ms
                                               $abc$2399$auto$rtlil.cc:3501:NotGate$2178      1 519.1ms
                                               $abc$2399$auto$rtlil.cc:3501:NotGate$2222      1 506.2ms
                                               $abc$2399$auto$rtlil.cc:3501:NotGate$2336      1 499.6ms
                                                                     $0\acc_out[31:0][0]      1 497.2ms
                                               $abc$2399$auto$rtlil.cc:3501:NotGate$2276      1 495.2ms
                                                                                 acc[20]      2 492.3ms
                                               $abc$2399$auto$rtlil.cc:3501:NotGate$2348      1 486.0ms
                                               $abc$2399$auto$rtlil.cc:3501:NotGate$2342      1 485.2ms
                                                                                 acc[23]      2 477.2ms
                                                                                 acc[16]      2 469.8ms
                                                                                 acc[22]      2 467.4ms
                                               $abc$2399$auto$rtlil.cc:3501:NotGate$2198      1 458.0ms
                                               $abc$2399$auto$rtlil.cc:3501:NotGate$2350      1 455.9ms
                                               $abc$2399$auto$rtlil.cc:3501:NotGate$2294      1 452.1ms
                                               $abc$2399$auto$rtlil.cc:3501:NotGate$2182      1 450.4ms
                                                                                 acc[26]      2 450.1ms
                                                            $abc$2399$procmux$1137_Y[15]      1 437.6ms
                                               $abc$2399$auto$rtlil.cc:3501:NotGate$2330      1 433.6ms
                                               $abc$2399$auto$rtlil.cc:3501:NotGate$2296      1 424.9ms
                                              $auto$alumacc.cc:512:replace_alu$1200.X[1]      1 423.2ms
                                             $auto$alumacc.cc:512:replace_alu$1200.Y[19]      2 422.3ms
                                                            $abc$2399$procmux$1137_Y[28]      1 420.3ms
                                                                       count[0]$legal$97      1 412.9ms
                                               $abc$2399$auto$rtlil.cc:3501:NotGate$2380      1 412.5ms
                                                                                count[3]      3 411.0ms
                                               $abc$2399$auto$rtlil.cc:3501:NotGate$2260      1 404.3ms
                                                             activation[2]$auto$IOBUF_O$      2 403.6ms
                                               $abc$2399$auto$rtlil.cc:3501:NotGate$2392      1 400.6ms
                                               $abc$2399$auto$rtlil.cc:3501:NotGate$2190      1 397.2ms
                                               $abc$2399$auto$rtlil.cc:3501:NotGate$2262      1 392.7ms
                                               $abc$2399$auto$rtlil.cc:3501:NotGate$2388      1 392.1ms
                                               $abc$2399$auto$rtlil.cc:3501:NotGate$2384      1 389.2ms
                                                                        result_latch[19]      1 388.8ms
                                               $abc$2399$auto$rtlil.cc:3501:NotGate$2282      1 388.3ms
                                               $abc$2399$auto$rtlil.cc:3501:NotGate$2284      1 387.9ms
                                              $auto$alumacc.cc:512:replace_alu$1206.Y[5]      1 384.5ms
                                              $auto$alumacc.cc:512:replace_alu$1206.Y[4]      1 379.0ms
                                             $auto$alumacc.cc:512:replace_alu$1200.Y[12]      2 378.2ms
                                               $abc$2399$auto$rtlil.cc:3501:NotGate$2320      1 375.0ms
                                               $abc$2399$auto$rtlil.cc:3501:NotGate$2248      1 372.8ms
                                                                               count[10]      3 361.3ms
                                               $abc$2399$auto$rtlil.cc:3501:NotGate$2332      1 360.4ms
                                                                                  acc[0]      2 359.8ms
                                               $abc$2399$auto$rtlil.cc:3501:NotGate$2378      1 358.0ms
                                             $auto$alumacc.cc:512:replace_alu$1200.Y[26]      2 349.0ms
                                                                                 acc[24]      2 344.6ms
                                               $abc$2399$auto$rtlil.cc:3501:NotGate$2220      1 339.1ms
                                                                                  acc[9]      2 336.8ms
                                               $abc$2399$auto$rtlil.cc:3501:NotGate$2376      1 329.7ms
                                                                                 acc[12]      2 327.5ms
                                               $abc$2399$auto$rtlil.cc:3501:NotGate$2186      1 325.7ms
                                               $abc$2399$auto$rtlil.cc:3501:NotGate$2326      1 319.5ms
                                                                         result_latch[1]      1 317.8ms
                                                                                 acc[25]      2 317.0ms
                                                                         result_latch[3]      1 314.9ms
                                              $auto$alumacc.cc:512:replace_alu$1200.Y[9]      2 314.9ms
                                                                        result_latch[18]      1 312.9ms
                                               $abc$2399$auto$rtlil.cc:3501:NotGate$2304      1 312.1ms
                                                                      count[3]$legal$103      1 312.0ms
                                             $auto$alumacc.cc:512:replace_alu$1206.Y[12]      1 311.8ms
                                               $abc$2399$auto$rtlil.cc:3501:NotGate$2298      1 308.3ms
                                             $auto$alumacc.cc:512:replace_alu$1200.Y[31]      2 307.4ms
                                                                                 acc[30]      2 303.9ms
                                              $auto$alumacc.cc:512:replace_alu$1206.Y[3]      1 298.5ms
                                               $abc$2399$auto$rtlil.cc:3501:NotGate$2356      1 290.3ms
                                                                         result_latch[2]      1 283.8ms
                                               $abc$2399$auto$rtlil.cc:3501:NotGate$2310      1 282.7ms
                                               $abc$2399$auto$rtlil.cc:3501:NotGate$2290      1 276.9ms
                                                             $abc$2399$procmux$1131_Y[3]      1 275.1ms
                                                             activation[1]$auto$IOBUF_O$      2 271.1ms
                                               $abc$2399$auto$rtlil.cc:3501:NotGate$2216      1 266.9ms
                                              $auto$alumacc.cc:512:replace_alu$1203.Y[2]      1 265.0ms
                                                             activation[6]$auto$IOBUF_O$      2 260.8ms
                                                                     $0\acc_out[31:0][5]      1 260.6ms
                                               $abc$2399$auto$rtlil.cc:3501:NotGate$2196      1 260.5ms
                                               $abc$2399$auto$rtlil.cc:3501:NotGate$2328      1 259.6ms
                                                            $abc$2399$procmux$1137_Y[14]      1 257.5ms
                                             $auto$alumacc.cc:512:replace_alu$1200.Y[11]      2 255.9ms
                                               $abc$2399$auto$rtlil.cc:3501:NotGate$2382      1 254.3ms
                                                     $auto$clkbufmap.cc:294:execute$3033    114 249.9ms
                                               $abc$2399$auto$rtlil.cc:3501:NotGate$2362      1 248.6ms
                                               $abc$2399$auto$rtlil.cc:3501:NotGate$2396      1 247.7ms
                                                                        acc[22]$legal$59      1 247.6ms
                                               $abc$2399$auto$rtlil.cc:3501:NotGate$2212      1 245.2ms
                                               $abc$2399$auto$rtlil.cc:3501:NotGate$2358      1 244.8ms
                                              $auto$alumacc.cc:512:replace_alu$1206.Y[1]      1 243.3ms
                                                                                  acc[2]      2 241.3ms
                                             $auto$alumacc.cc:512:replace_alu$1200.Y[13]      2 233.3ms
                                               $abc$2399$auto$rtlil.cc:3501:NotGate$2202      1 232.7ms
                                                            $abc$2399$procmux$1137_Y[16]      1 231.4ms
                                                                    $0\acc_out[31:0][28]      1 227.7ms
                                                                                count[1]      3 223.4ms
                                              $auto$alumacc.cc:512:replace_alu$1200.Y[6]      2 223.2ms
                        $techmap2912$abc$2399$auto$blifparse.cc:557:parse_blif$2519.A[0]     25 222.6ms
                                                                                count[8]      3 222.3ms
                                                                                count[6]      3 220.7ms
                                                             $abc$2399$procmux$1131_Y[1]      1 220.7ms
                                               $abc$2399$auto$rtlil.cc:3501:NotGate$2272      1 220.4ms
                                               $abc$2399$auto$rtlil.cc:3501:NotGate$2172      1 218.3ms
                                                                    $0\acc_out[31:0][16]      1 216.6ms
                                                                                 acc[15]      2 215.4ms
                                               $abc$2399$auto$rtlil.cc:3501:NotGate$2246      1 210.2ms
                                               $abc$2399$auto$rtlil.cc:3501:NotGate$2360      1 209.9ms
                                                                                 acc[21]      2 207.5ms
                                                                         acc[2]$legal$11      1 207.2ms
                                              $auto$alumacc.cc:512:replace_alu$1200.Y[3]      2 198.8ms
                                                            $abc$2399$procmux$1137_Y[18]      1 197.8ms
                                                                          acc[0]$legal$3      1 195.6ms
                                                                        result_latch[23]      1 193.3ms
                                               $abc$2399$auto$rtlil.cc:3501:NotGate$2250      1 191.8ms
                                                                    $0\acc_out[31:0][26]      1 183.1ms
                                              $auto$alumacc.cc:512:replace_alu$1200.X[0]      1 182.9ms
                                              $auto$alumacc.cc:512:replace_alu$1200.Y[7]      2 182.5ms
                                             $auto$alumacc.cc:512:replace_alu$1206.Y[11]      1 182.0ms
                                                                       count[1]$legal$99      1 179.9ms
                                              $auto$alumacc.cc:512:replace_alu$1206.Y[0]      1 179.4ms
                                                                         acc[9]$legal$33      1 177.3ms
                                                                        result_latch[15]      1 175.2ms
                                               $abc$2399$auto$rtlil.cc:3501:NotGate$2234      1 174.1ms
                                                                         result_latch[4]      1 173.7ms
                                                             $abc$2399$procmux$1137_Y[0]      1 169.1ms
                                                                        acc[19]$legal$53      1 167.7ms
                                                            $abc$2399$procmux$1137_Y[10]      1 165.6ms
                                                            $abc$2399$procmux$1137_Y[25]      1 164.2ms
                                                            $abc$2399$procmux$1137_Y[31]      1 163.5ms
                                                                        acc[31]$legal$77      1 162.8ms
                                                                    $0\acc_out[31:0][15]      1 160.4ms
                                               $abc$2399$auto$rtlil.cc:3501:NotGate$2176      1 159.8ms
                                                                $PACKER_GND_NET$legal$93      1 158.2ms
                                               $abc$2399$auto$rtlil.cc:3501:NotGate$2218      1 157.8ms
                                               $abc$2399$auto$rtlil.cc:3501:NotGate$2268      1 156.0ms
                                                                     count[12]$legal$121      1 154.8ms
                                                                               count[13]      3 154.7ms
                                              $auto$alumacc.cc:512:replace_alu$1200.X[5]      1 154.2ms
                                                                     count[13]$legal$123      1 152.1ms
                                                            $abc$2399$procmux$1137_Y[17]      1 151.4ms
                                                                    $0\acc_out[31:0][22]      1 149.9ms
                                                             $abc$2399$procmux$1131_Y[8]      1 147.1ms
                                                                     $0\acc_out[31:0][6]      1 146.0ms
                                                                                 acc[17]      2 144.8ms
                                                            $abc$2399$procmux$1131_Y[12]      1 143.3ms
                                               $abc$2399$auto$rtlil.cc:3501:NotGate$2270      1 143.3ms
                                                                        result_latch[28]      1 141.7ms
                                               $abc$2399$auto$rtlil.cc:3501:NotGate$2266      1 136.8ms
                                                                     $0\acc_out[31:0][9]      1 136.3ms
                                                                $PACKER_GND_NET$legal$91      1 135.8ms
                                              $auto$alumacc.cc:512:replace_alu$1200.X[3]      1 134.0ms
                                                                         acc[7]$legal$29      1 133.9ms
                                               $abc$2399$auto$rtlil.cc:3501:NotGate$2188      1 132.6ms
                                                                     count[10]$legal$117      1 129.2ms
                                               $abc$2399$auto$rtlil.cc:3501:NotGate$2200      1 127.4ms
                                                                                 acc[18]      2 127.0ms
                                                            $abc$2399$procmux$1137_Y[20]      1 126.5ms
                                                                     $0\acc_out[31:0][7]      1 126.0ms
                                                            $abc$2399$procmux$1137_Y[26]      1 124.9ms
                                                                        acc[10]$legal$35      1 124.8ms
                                                                                count[5]      3 123.7ms
                                               $abc$2399$auto$rtlil.cc:3501:NotGate$2224      1 122.9ms
                                                             $abc$2399$procmux$1137_Y[7]      1 121.7ms
                                                                                 acc[29]      2 112.1ms
                                                                        result_latch[11]      1 110.9ms
                                                                                count[2]      3 110.5ms
                                                                               count[11]      3 108.0ms
                                                             $abc$2399$procmux$1137_Y[8]      1 107.7ms
                                               $abc$2399$auto$rtlil.cc:3501:NotGate$2274      1 107.7ms
                                                                $PACKER_GND_NET$legal$87      1 106.7ms
                                                                        acc[11]$legal$37      1 106.3ms
                                                                    $0\acc_out[31:0][25]      1 105.2ms
                                              $auto$alumacc.cc:512:replace_alu$1203.Y[0]      1 103.9ms
                                                                         result_latch[8]      1 101.7ms
                                             $auto$alumacc.cc:512:replace_alu$1200.Y[25]      2 100.4ms
                                                                        result_latch[26]      1 99.4ms
                                                             $abc$2399$procmux$1131_Y[0]      1 98.1ms
                                              $auto$alumacc.cc:512:replace_alu$1206.Y[7]      1 96.5ms
                                               $abc$2399$auto$rtlil.cc:3501:NotGate$2306      1 96.0ms
                                               $abc$2399$auto$rtlil.cc:3501:NotGate$2370      1 94.3ms
                                                                                 acc[14]      2 93.2ms
                                                                        result_latch[17]      1 93.0ms
                                                                         result_latch[9]      1 92.6ms
                                                                                 acc[31]      2 92.6ms
                                                            $abc$2399$procmux$1137_Y[23]      1 92.3ms
                                               $abc$2399$auto$rtlil.cc:3501:NotGate$2354      1 89.6ms
                                               $abc$2399$auto$rtlil.cc:3501:NotGate$2174      1 86.8ms
                                                            $abc$2399$procmux$1137_Y[22]      1 86.7ms
                                                                    $0\acc_out[31:0][24]      1 85.6ms
                                                                        result_latch[27]      1 85.2ms
                                               $abc$2399$auto$rtlil.cc:3501:NotGate$2324      1 85.0ms
                                                                    $0\acc_out[31:0][29]      1 83.3ms
                                                                      count[4]$legal$105      1 82.8ms
                                                                    $0\acc_out[31:0][27]      1 78.9ms
                                                                        result_latch[14]      1 78.3ms
                                                                        result_latch[16]      1 77.9ms
                                                                         result_latch[6]      1 76.4ms
                                                            $abc$2399$procmux$1131_Y[11]      1 75.6ms
                                                                        acc[26]$legal$67      1 73.9ms
                                               $abc$2399$auto$rtlil.cc:3501:NotGate$2286      1 73.2ms
                                              $auto$alumacc.cc:512:replace_alu$1200.Y[0]      2 68.8ms
                                                                        acc[14]$legal$43      1 63.5ms
                                                                                  acc[4]      2 63.3ms
                                                            $abc$2399$procmux$1137_Y[30]      1 63.2ms
                                               $abc$2399$auto$rtlil.cc:3501:NotGate$2394      1 62.9ms
                                              $auto$alumacc.cc:512:replace_alu$1206.Y[8]      1 62.6ms
                                                                        result_latch[30]      1 62.1ms
                                                                    $0\acc_out[31:0][12]      1 60.4ms
                                                            $abc$2399$procmux$1137_Y[11]      1 59.1ms
                                                            $abc$2399$procmux$1131_Y[15]      1 58.5ms
                                              $auto$alumacc.cc:512:replace_alu$1203.Y[3]      1 58.3ms
                                                             $abc$2399$procmux$1137_Y[5]      1 57.8ms
                                                                     $0\acc_out[31:0][4]      1 57.2ms
                                                                    $0\acc_out[31:0][11]      1 55.3ms
                                                                      count[5]$legal$107      1 54.4ms
                                                                    $0\acc_out[31:0][21]      1 51.3ms
                                                                $PACKER_GND_NET$legal$83      1 51.0ms
                                               $abc$2399$auto$rtlil.cc:3501:NotGate$2226      1 50.9ms
                                                                                 acc[10]      2 49.2ms
                                             $auto$alumacc.cc:512:replace_alu$1206.Y[15]      1 48.9ms
                                                            $abc$2399$procmux$1137_Y[19]      1 48.5ms
                                                                      count[2]$legal$101      1 47.6ms
                                                             $abc$2399$procmux$1131_Y[4]      1 47.4ms
                                                                               count[12]      3 47.1ms
                                               $abc$2399$auto$rtlil.cc:3501:NotGate$2208      1 46.8ms
                                              $auto$alumacc.cc:512:replace_alu$1203.Y[1]      1 46.5ms
                                                                        acc[30]$legal$75      1 46.4ms
                                              $auto$alumacc.cc:512:replace_alu$1200.X[4]      1 46.1ms
                                                             $abc$2399$procmux$1137_Y[3]      1 45.6ms
                                                            $abc$2399$procmux$1137_Y[29]      1 45.0ms
                                                                        result_latch[21]      1 44.9ms
                                                                        acc[27]$legal$69      1 44.1ms
                                              $auto$alumacc.cc:512:replace_alu$1200.Y[5]      2 43.6ms
                                                                     count[11]$legal$119      1 42.0ms
                                                                      count[9]$legal$115      1 41.3ms
                                                                         result_latch[7]      1 39.3ms
                                                                                 acc[27]      2 38.1ms
                                                                        result_latch[13]      1 37.1ms
                                                                                 acc[13]      2 36.3ms
                                                                        acc[13]$legal$41      1 35.4ms
                                              $auto$alumacc.cc:512:replace_alu$1200.X[2]      1 34.7ms
                                             $auto$alumacc.cc:512:replace_alu$1206.Y[13]      1 34.6ms
                                                                               count[14]      3 33.5ms
                                                                    $0\acc_out[31:0][30]      1 33.5ms
                                                             $abc$2399$procmux$1131_Y[9]      1 32.6ms
                                                                                 acc[28]      2 31.1ms
                                                                $PACKER_GND_NET$legal$85      1 31.1ms
                                                                        result_latch[24]      1 30.6ms
                                                                                count[9]      3 28.4ms
                                                            $abc$2399$procmux$1131_Y[13]      1 27.6ms
                                                            $abc$2399$procmux$1137_Y[27]      1 26.5ms
                                                                             acc_out[14]      1 26.4ms
                                                                        result_latch[25]      1 24.8ms
                                                            $abc$2399$procmux$1131_Y[10]      1 23.8ms
                                                                             acc_out[30]      1 23.3ms
                                                            $abc$2399$procmux$1137_Y[24]      1 23.2ms
                                                                             acc_out[12]      1 22.7ms
                                               $abc$2399$auto$rtlil.cc:3501:NotGate$2206      1 22.7ms
                                                                        result_latch[29]      1 22.5ms
                                                                        acc[29]$legal$73      1 22.4ms
                                              $auto$alumacc.cc:512:replace_alu$1206.Y[2]      1 20.1ms
                                                                     $0\acc_out[31:0][3]      1 20.1ms
                                                                        acc[21]$legal$57      1 20.0ms
                                                                    $0\acc_out[31:0][31]      1 19.2ms
                                                             $abc$2399$procmux$1131_Y[5]      1 19.1ms
                                              $auto$alumacc.cc:512:replace_alu$1200.X[6]      1 18.8ms
                                                                          acc[1]$legal$7      1 17.7ms
                                                                        result_latch[22]      1 17.7ms
                                               $abc$2399$auto$rtlil.cc:3501:NotGate$2368      1 17.5ms
                                                            $abc$2399$procmux$1137_Y[13]      1 16.7ms
                                             $auto$alumacc.cc:512:replace_alu$1200.Y[24]      2 15.5ms
                                                             $abc$2399$procmux$1137_Y[9]      1 15.1ms
                                                            $abc$2399$procmux$1131_Y[14]      1 14.4ms
                                             $auto$alumacc.cc:512:replace_alu$1206.Y[14]      1 14.3ms
                                                                       clk$auto$IOBUF_O$      1 14.0ms
                                              $auto$alumacc.cc:512:replace_alu$1203.Y[7]      1 11.8ms
                                                                        acc[25]$legal$65      1 11.7ms
                                                                        result_latch[12]      1 11.2ms
                                                             $abc$2399$procmux$1137_Y[1]      1 11.0ms
                                                            $abc$2399$procmux$1137_Y[21]      1 10.5ms
                                                                         acc[5]$legal$23      1 10.2ms
                                              $auto$alumacc.cc:512:replace_alu$1203.Y[5]      1 9.6ms
                                                                        result_latch[10]      1 9.0ms
                                                                         acc[6]$legal$27      1 7.2ms
                                                             $abc$2399$procmux$1137_Y[6]      1 6.8ms
                                             $auto$alumacc.cc:512:replace_alu$1206.Y[10]      1 5.9ms
                                                             $abc$2399$procmux$1137_Y[2]      1 5.9ms
                                                                        acc[28]$legal$71      1 5.0ms
                                                                        acc[16]$legal$47      1 4.5ms
                                                                               count[15]      3 4.5ms
                                             $auto$alumacc.cc:512:replace_alu$1200.CO[3]      1 4.4ms
                                                                      count[8]$legal$113      1 3.9ms
                                                                      count[7]$legal$111      1 3.9ms
                                                                         acc[4]$legal$19      1 3.7ms
                                             $abc$2399$auto$rtlil.cc:3267:ReduceAnd$1210      1 3.5ms
                                              $auto$alumacc.cc:512:replace_alu$1203.Y[4]      1 3.4ms
                                              $auto$alumacc.cc:512:replace_alu$1206.X[7]      1 3.1ms
                                            $auto$alumacc.cc:512:replace_alu$1200.CO[15]      1 3.0ms
                                              $auto$alumacc.cc:512:replace_alu$1203.Y[6]      1 2.8ms
                                              $auto$alumacc.cc:512:replace_alu$1206.Y[6]      1 2.7ms
                                                                        acc[12]$legal$39      1 2.5ms
                                                                         result_latch[5]      1 2.2ms
                                                             $abc$2399$procmux$1137_Y[4]      1 2.1ms
                                                                        acc[18]$legal$51      1 2.0ms
                                                             $abc$2399$procmux$1131_Y[7]      1 1.8ms
                                                                        acc[20]$legal$55      1 1.8ms
                                                                        acc[23]$legal$61      1 1.7ms
                                                             $abc$2399$procmux$1131_Y[2]      1 1.7ms
                                                                    $0\acc_out[31:0][13]      1 1.6ms
                                            $auto$alumacc.cc:512:replace_alu$1200.CO[24]      0 1.5ms
                                                                $PACKER_GND_NET$legal$79      1 1.5ms
                                                                        acc[24]$legal$63      1 1.5ms
                                                                         acc[3]$legal$15      1 1.4ms
                                                                        acc[15]$legal$45      1 1.3ms
                                                                     count[15]$legal$127      1 1.3ms
                                            $auto$alumacc.cc:512:replace_alu$1200.CO[11]      1 1.2ms
                                                                      count[6]$legal$109      1 1.1ms
                                                                $PACKER_GND_NET$legal$81      1 1.1ms
                                                                        acc[17]$legal$49      1 1.1ms
                                                                                 acc[11]      2 1.0ms
                                                                    $0\acc_out[31:0][10]      1 0.8ms
                                                                     count[14]$legal$125      1 0.8ms
                                                                        result_latch[31]      1 0.8ms
                                                             $abc$2399$procmux$1131_Y[6]      1 0.8ms
                                                            $abc$2399$procmux$1137_Y[12]      1 0.7ms
                                                                $PACKER_GND_NET$legal$89      1 0.6ms
                                             $auto$alumacc.cc:512:replace_alu$1206.CO[3]      1 0.6ms
                                            $auto$alumacc.cc:512:replace_alu$1200.CO[27]      1 0.1ms
                                            $auto$alumacc.cc:512:replace_alu$1200.CO[19]      1 0.1ms
                                            $auto$alumacc.cc:512:replace_alu$1200.CO[23]      1 0.1ms
                                                                              acc_out[2]      1 0.0ms
                                             $auto$alumacc.cc:512:replace_alu$1203.CO[3]      1 0.0ms
                                             $auto$alumacc.cc:512:replace_alu$1200.CO[7]      1 0.0ms
                                                                             acc_out[18]      1 0.0ms
                                                                               valid_out      1 0.0ms
                                                                              acc_out[1]      1 0.0ms
                                              $auto$alumacc.cc:512:replace_alu$1206.X[2]      1 0.0ms
                                                                             acc_out[28]      1 0.0ms
                                                                             acc_out[19]      1 0.0ms
                                                                         acc[8]$legal$31      1 0.0ms
                                             $auto$alumacc.cc:512:replace_alu$1200.X[21]      1 0.0ms
                                                                             acc_out[16]      1 0.0ms
                                                                             acc_out[15]      1 0.0ms
                                             $auto$alumacc.cc:512:replace_alu$1206.CO[4]      0 0.0ms
                                                                             acc_out[26]      1 0.0ms
                                            $auto$alumacc.cc:512:replace_alu$1206.CO[11]      1 0.0ms
                                             $auto$alumacc.cc:512:replace_alu$1203.BB[3]      1 0.0ms
                                             $auto$alumacc.cc:512:replace_alu$1200.X[16]      1 0.0ms
                                                                       count[0]$legal$95      1 0.0ms
                                              $auto$alumacc.cc:512:replace_alu$1206.X[6]      1 0.0ms
                                      $auto$alumacc.cc:512:replace_alu$1200.X[1]$legal$5      1 0.0ms
                                      $auto$alumacc.cc:512:replace_alu$1200.X[0]$legal$1      1 0.0ms
                                                                             acc_out[20]      1 0.0ms
                                                                             acc_out[17]      1 0.0ms
                                            $auto$alumacc.cc:512:replace_alu$1200.CO[29]      0 0.0ms
                                            $auto$alumacc.cc:512:replace_alu$1200.CO[25]      0 0.0ms
                                            $auto$alumacc.cc:512:replace_alu$1200.CO[21]      0 0.0ms
                                             $auto$alumacc.cc:512:replace_alu$1203.CO[5]      0 0.0ms
                                            $auto$alumacc.cc:512:replace_alu$1200.CO[12]      0 0.0ms
                                            $auto$alumacc.cc:512:replace_alu$1206.CO[10]      0 0.0ms
                                             $auto$alumacc.cc:512:replace_alu$1206.CO[7]      1 0.0ms
                                             $auto$alumacc.cc:512:replace_alu$1200.X[23]      1 0.0ms
                                                                             acc_out[11]      1 0.0ms
                                                                              acc_out[0]      1 0.0ms
                                     $auto$alumacc.cc:512:replace_alu$1200.X[3]$legal$13      1 0.0ms
                                             $auto$alumacc.cc:512:replace_alu$1206.CO[0]      0 0.0ms
                                             $auto$alumacc.cc:512:replace_alu$1203.BB[5]      1 0.0ms
                                             $auto$alumacc.cc:512:replace_alu$1203.BB[1]      1 0.0ms
                                             $auto$alumacc.cc:512:replace_alu$1203.BB[2]      1 0.0ms
                                             $auto$alumacc.cc:512:replace_alu$1203.BB[0]      1 0.0ms
                                             $auto$alumacc.cc:512:replace_alu$1203.BB[7]      1 0.0ms
                                             $auto$alumacc.cc:512:replace_alu$1206.X[15]      1 0.0ms
                                              $auto$alumacc.cc:512:replace_alu$1206.X[5]      1 0.0ms
                                             $auto$alumacc.cc:512:replace_alu$1200.X[28]      1 0.0ms
                                                                             acc_out[27]      1 0.0ms
                                                                             acc_out[24]      1 0.0ms
                                                                             acc_out[23]      1 0.0ms
                                                                             acc_out[13]      1 0.0ms
                                                                              acc_out[8]      1 0.0ms
                                                                              acc_out[3]      1 0.0ms
                                             $auto$alumacc.cc:512:replace_alu$1203.BB[4]      1 0.0ms
                                             $auto$alumacc.cc:512:replace_alu$1203.BB[6]      1 0.0ms
                                              $auto$alumacc.cc:512:replace_alu$1206.X[1]      1 0.0ms
                                              $auto$alumacc.cc:512:replace_alu$1206.X[3]      1 0.0ms
                                              $auto$alumacc.cc:512:replace_alu$1206.X[4]      1 0.0ms
                                              $auto$alumacc.cc:512:replace_alu$1206.X[8]      1 0.0ms
                                             $auto$alumacc.cc:512:replace_alu$1206.X[11]      1 0.0ms
                                             $auto$alumacc.cc:512:replace_alu$1206.X[13]      1 0.0ms
                                             $auto$alumacc.cc:512:replace_alu$1206.X[14]      1 0.0ms
                                              $auto$alumacc.cc:512:replace_alu$1200.X[7]      1 0.0ms
                                             $auto$alumacc.cc:512:replace_alu$1200.X[29]      1 0.0ms
                                             $auto$alumacc.cc:512:replace_alu$1200.X[25]      1 0.0ms
                                             $auto$alumacc.cc:512:replace_alu$1200.X[10]      1 0.0ms
                                             $auto$alumacc.cc:512:replace_alu$1200.X[13]      1 0.0ms
                                     $auto$alumacc.cc:512:replace_alu$1200.X[6]$legal$25      1 0.0ms
                                     $auto$alumacc.cc:512:replace_alu$1200.X[5]$legal$21      1 0.0ms
                                     $auto$alumacc.cc:512:replace_alu$1200.X[4]$legal$17      1 0.0ms
                                      $auto$alumacc.cc:512:replace_alu$1200.X[2]$legal$9      1 0.0ms
                                                                         $PACKER_VCC_NET     62 0.0ms
                                                                         $PACKER_GND_NET      8 0.0ms
                                                                             acc_out[31]      1 0.0ms
                                                                             acc_out[29]      1 0.0ms
                                                                             acc_out[25]      1 0.0ms
                                                                             acc_out[22]      1 0.0ms
                                                                             acc_out[21]      1 0.0ms
                                                                             acc_out[10]      1 0.0ms
                                                                              acc_out[9]      1 0.0ms
                                                                              acc_out[7]      1 0.0ms
                                                                              acc_out[6]      1 0.0ms
                                                                              acc_out[5]      1 0.0ms
                                                                              acc_out[4]      1 0.0ms
                                            $auto$alumacc.cc:512:replace_alu$1206.CO[15]      0 0.0ms
                                            $auto$alumacc.cc:512:replace_alu$1206.CO[14]      0 0.0ms
                                            $auto$alumacc.cc:512:replace_alu$1206.CO[13]      0 0.0ms
                                            $auto$alumacc.cc:512:replace_alu$1206.CO[12]      0 0.0ms
                                             $auto$alumacc.cc:512:replace_alu$1206.CO[9]      0 0.0ms
                                             $auto$alumacc.cc:512:replace_alu$1206.CO[8]      0 0.0ms
                                             $auto$alumacc.cc:512:replace_alu$1206.CO[6]      0 0.0ms
                                             $auto$alumacc.cc:512:replace_alu$1206.CO[5]      0 0.0ms
                                             $auto$alumacc.cc:512:replace_alu$1206.CO[2]      0 0.0ms
                                             $auto$alumacc.cc:512:replace_alu$1206.CO[1]      0 0.0ms
                                             $auto$alumacc.cc:512:replace_alu$1203.CO[7]      0 0.0ms
                                             $auto$alumacc.cc:512:replace_alu$1203.CO[6]      0 0.0ms
                                             $auto$alumacc.cc:512:replace_alu$1203.CO[4]      0 0.0ms
                                             $auto$alumacc.cc:512:replace_alu$1203.CO[2]      0 0.0ms
                                             $auto$alumacc.cc:512:replace_alu$1203.CO[1]      0 0.0ms
                                             $auto$alumacc.cc:512:replace_alu$1203.CO[0]      0 0.0ms
                                            $auto$alumacc.cc:512:replace_alu$1200.CO[31]      0 0.0ms
                                            $auto$alumacc.cc:512:replace_alu$1200.CO[30]      0 0.0ms
                                            $auto$alumacc.cc:512:replace_alu$1200.CO[28]      0 0.0ms
                                            $auto$alumacc.cc:512:replace_alu$1200.CO[26]      0 0.0ms
                                            $auto$alumacc.cc:512:replace_alu$1200.CO[22]      0 0.0ms
                                            $auto$alumacc.cc:512:replace_alu$1200.CO[20]      0 0.0ms
                                            $auto$alumacc.cc:512:replace_alu$1200.CO[18]      0 0.0ms
                                            $auto$alumacc.cc:512:replace_alu$1200.CO[17]      0 0.0ms
                                            $auto$alumacc.cc:512:replace_alu$1200.CO[16]      0 0.0ms
                                            $auto$alumacc.cc:512:replace_alu$1200.CO[14]      0 0.0ms
                                            $auto$alumacc.cc:512:replace_alu$1200.CO[13]      0 0.0ms
                                            $auto$alumacc.cc:512:replace_alu$1200.CO[10]      0 0.0ms
                                             $auto$alumacc.cc:512:replace_alu$1200.CO[9]      0 0.0ms
                                             $auto$alumacc.cc:512:replace_alu$1200.CO[8]      0 0.0ms
                                             $auto$alumacc.cc:512:replace_alu$1200.CO[6]      0 0.0ms
                                             $auto$alumacc.cc:512:replace_alu$1200.CO[5]      0 0.0ms
                                             $auto$alumacc.cc:512:replace_alu$1200.CO[4]      0 0.0ms
                                             $auto$alumacc.cc:512:replace_alu$1200.CO[2]      0 0.0ms
                                             $auto$alumacc.cc:512:replace_alu$1200.CO[1]      0 0.0ms
                                             $auto$alumacc.cc:512:replace_alu$1200.CO[0]      0 0.0ms
                                              $auto$alumacc.cc:512:replace_alu$1206.X[9]      1 0.0ms
                                             $auto$alumacc.cc:512:replace_alu$1206.X[10]      1 0.0ms
                                             $auto$alumacc.cc:512:replace_alu$1206.X[12]      1 0.0ms
                                             $auto$alumacc.cc:512:replace_alu$1200.X[19]      1 0.0ms
                                             $auto$alumacc.cc:512:replace_alu$1200.X[18]      1 0.0ms
                                             $auto$alumacc.cc:512:replace_alu$1200.X[17]      1 0.0ms
                                             $auto$alumacc.cc:512:replace_alu$1200.X[20]      1 0.0ms
                                             $auto$alumacc.cc:512:replace_alu$1200.X[22]      1 0.0ms
                                                                           activation[0]      2 0.0ms
                                              $auto$alumacc.cc:512:replace_alu$1200.X[8]      1 0.0ms
                                             $auto$alumacc.cc:512:replace_alu$1200.X[27]      1 0.0ms
                                             $auto$alumacc.cc:512:replace_alu$1200.X[30]      1 0.0ms
                                             $auto$alumacc.cc:512:replace_alu$1200.X[26]      1 0.0ms
                                             $auto$alumacc.cc:512:replace_alu$1200.X[24]      1 0.0ms
                                                                           activation[1]      2 0.0ms
                                                                           activation[2]      2 0.0ms
                                             $auto$alumacc.cc:512:replace_alu$1200.X[31]      1 0.0ms
                                                                           activation[3]      2 0.0ms
                                                                           activation[4]      2 0.0ms
                                                                           activation[5]      2 0.0ms
                                                                           activation[6]      2 0.0ms
                                              $auto$alumacc.cc:512:replace_alu$1200.X[9]      1 0.0ms
                                             $auto$alumacc.cc:512:replace_alu$1200.X[11]      1 0.0ms
                                             $auto$alumacc.cc:512:replace_alu$1200.X[12]      1 0.0ms
                                             $auto$alumacc.cc:512:replace_alu$1200.X[14]      1 0.0ms
                                             $auto$alumacc.cc:512:replace_alu$1200.X[15]      1 0.0ms
                                                                           weight_enc[1]      2 0.0ms
                                                                           activation[7]      2 0.0ms
                                                                           weight_enc[0]      2 0.0ms
                                                                                valid_in      2 0.0ms
                                                                                   rst_n      2 0.0ms
                                                                                     clk      2 0.0ms
Info: Router2 time 935.86s
Info: Routing $PACKER_VCC_NET connections...
Info:     $PACKER_VCC_NET: 62/62 sinks bridged (0 left to main router; max BFS 26)
Info: Routing $PACKER_GND_NET connections...
Info:     $PACKER_GND_NET: 8/8 sinks bridged (0 left to main router; max BFS 159)
Info: Running post-routing legalisation...

Info: Critical path report for clock '$auto$clkbufmap.cc:294:execute$3033' (posedge -> posedge):
Info: curr total
Info:  0.1  0.1  Source $auto$ff.cc:337:slice$1650.Q
Info:  5.5  5.6    Net valid_out$auto$IOBUF_I$ budget 0.000000 ns (13,120) -> (250,101)
Info:                Sink $abc$2399$auto$blifparse.cc:557:parse_blif$2510.A3
Info:  0.1  5.7  Source $abc$2399$auto$blifparse.cc:557:parse_blif$2510.O6
Info:  5.5 11.2    Net $techmap2925$abc$2399$auto$blifparse.cc:557:parse_blif$2511.A[4] budget 0.000000 ns (250,101) -> (17,123)
Info:                Sink $abc$2399$auto$blifparse.cc:557:parse_blif$2511.A4
Info:  0.1 11.3  Source $abc$2399$auto$blifparse.cc:557:parse_blif$2511.O6
Info:  4.5 15.9    Net $abc$2399$auto$opt_dff.cc:336:make_patterns_logic$1193 budget 2.594000 ns (17,123) -> (198,141)
Info:                Sink $auto$ff.cc:337:slice$1738.CE
Info:  0.1 16.0  Setup $auto$ff.cc:337:slice$1738.CE
Info: 0.4 ns logic, 15.5 ns routing

Info: Max frequency for clock '$auto$clkbufmap.cc:294:execute$3033': 62.68 MHz (FAIL at 100.00 MHz)

Info: Slack histogram:
Info:  legend: * represents 1 endpoint(s)
Info:          + represents [1,1) endpoint(s)
Info: [ -5955,  -5203) |****** 
Info: [ -5203,  -4451) |** 
Info: [ -4451,  -3699) |* 
Info: [ -3699,  -2947) |*********** 
Info: [ -2947,  -2195) |************ 
Info: [ -2195,  -1443) | 
Info: [ -1443,   -691) |****** 
Info: [  -691,     61) |*********************************** 
Info: [    61,    813) |******** 
Info: [   813,   1565) | 
Info: [  1565,   2317) |*** 
Info: [  2317,   3069) |*** 
Info: [  3069,   3821) |*** 
Info: [  3821,   4573) |*********************** 
Info: [  4573,   5325) |**************** 
Info: [  5325,   6077) |****************** 
Info: [  6077,   6829) |***** 
Info: [  6829,   7581) |******************** 
Info: [  7581,   8333) |***************** 
Info: [  8333,   9085) |****** 
Info: Report written to runs/ternary_s5.report.json.
