Info: Packing constants..
Info: Inserting IO buffers..
Info:     Constraining 'clk' to site 'IOB_X1Y124'
Info:     Tile 'RIOB33_X105Y123'
Info:     Constraining 'rst_n' to site 'IOB_X1Y115'
Info:     Tile 'RIOB33_X105Y115'
Info:     Constraining 'valid_in' to site 'IOB_X1Y197'
Info:     Tile 'RIOB33_X105Y197'
Info:     Constraining 'valid_out' to site 'IOB_X1Y127'
Info:     Tile 'RIOB33_X105Y127'
Info:     Constraining 'weight_enc[0]' to site 'IOB_X1Y136'
Info:     Tile 'RIOB33_X105Y135'
Info:     Constraining 'activation[7]' to site 'IOB_X0Y207'
Info:     Tile 'LIOB33_X0Y207'
Info:     Constraining 'weight_enc[1]' to site 'IOB_X1Y131'
Info:     Tile 'RIOB33_X105Y131'
Info:     Constraining 'activation[6]' to site 'IOB_X0Y217'
Info:     Tile 'LIOB33_X0Y217'
Info:     Constraining 'activation[5]' to site 'IOB_X0Y215'
Info:     Tile 'LIOB33_X0Y215'
Info:     Constraining 'activation[4]' to site 'IOB_X0Y216'
Info:     Tile 'LIOB33_X0Y215'
Info:     Constraining 'activation[3]' to site 'IOB_X0Y231'
Info:     Tile 'LIOB33_X0Y231'
Info:     Constraining 'activation[2]' to site 'IOB_X0Y232'
Info:     Tile 'LIOB33_X0Y231'
Info:     Constraining 'activation[1]' to site 'IOB_X0Y229'
Info:     Tile 'LIOB33_X0Y229'
Info:     Constraining 'activation[0]' to site 'IOB_X0Y230'
Info:     Tile 'LIOB33_X0Y229'
Info:     Constraining 'acc_out[0]' to site 'IOB_X1Y130'
Info:     Tile 'RIOB33_X105Y129'
Info:     Constraining 'acc_out[1]' to site 'IOB_X1Y113'
Info:     Tile 'RIOB33_X105Y113'
Info:     Constraining 'acc_out[2]' to site 'IOB_X1Y106'
Info:     Tile 'RIOB33_X105Y105'
Info:     Constraining 'acc_out[3]' to site 'IOB_X0Y84'
Info:     Tile 'LIOB33_X0Y83'
Info:     Constraining 'acc_out[4]' to site 'IOB_X0Y82'
Info:     Tile 'LIOB33_X0Y81'
Info:     Constraining 'acc_out[5]' to site 'IOB_X0Y81'
Info:     Tile 'LIOB33_X0Y81'
Info:     Constraining 'acc_out[6]' to site 'IOB_X0Y94'
Info:     Tile 'LIOB33_X0Y93'
Info:     Constraining 'acc_out[7]' to site 'IOB_X0Y89'
Info:     Tile 'LIOB33_X0Y89'
Info:     Constraining 'acc_out[8]' to site 'IOB_X0Y92'
Info:     Tile 'LIOB33_X0Y91'
Info:     Constraining 'acc_out[9]' to site 'IOB_X0Y97'
Info:     Tile 'LIOB33_X0Y97'
Info:     Constraining 'acc_out[10]' to site 'IOB_X0Y116'
Info:     Tile 'LIOB33_X0Y115'
Info:     Constraining 'acc_out[11]' to site 'IOB_X0Y120'
Info:     Tile 'LIOB33_X0Y119'
Info:     Constraining 'acc_out[12]' to site 'IOB_X0Y134'
Info:     Tile 'LIOB33_X0Y133'
Info:     Constraining 'acc_out[13]' to site 'IOB_X0Y133'
Info:     Tile 'LIOB33_X0Y133'
Info:     Constraining 'acc_out[14]' to site 'IOB_X1Y135'
Info:     Tile 'RIOB33_X105Y135'
Info:     Constraining 'acc_out[15]' to site 'IOB_X1Y133'
Info:     Tile 'RIOB33_X105Y133'
Info:     Constraining 'acc_out[16]' to site 'IOB_X1Y134'
Info:     Tile 'RIOB33_X105Y133'
Info:     Constraining 'acc_out[17]' to site 'IOB_X1Y129'
Info:     Tile 'RIOB33_X105Y129'
Info:     Constraining 'acc_out[18]' to site 'IOB_X1Y109'
Info:     Tile 'RIOB33_X105Y109'
Info:     Constraining 'acc_out[19]' to site 'IOB_X1Y110'
Info:     Tile 'RIOB33_X105Y109'
Info:     Constraining 'acc_out[20]' to site 'IOB_X1Y105'
Info:     Tile 'RIOB33_X105Y105'
Info:     Constraining 'acc_out[21]' to site 'IOB_X0Y83'
Info:     Tile 'LIOB33_X0Y83'
Info:     Constraining 'acc_out[22]' to site 'IOB_X0Y86'
Info:     Tile 'LIOB33_X0Y85'
Info:     Constraining 'acc_out[23]' to site 'IOB_X0Y85'
Info:     Tile 'LIOB33_X0Y85'
Info:     Constraining 'acc_out[24]' to site 'IOB_X0Y93'
Info:     Tile 'LIOB33_X0Y93'
Info:     Constraining 'acc_out[25]' to site 'IOB_X0Y91'
Info:     Tile 'LIOB33_X0Y91'
Info:     Constraining 'acc_out[26]' to site 'IOB_X0Y96'
Info:     Tile 'LIOB33_X0Y95'
Info:     Constraining 'acc_out[27]' to site 'IOB_X0Y95'
Info:     Tile 'LIOB33_X0Y95'
Info:     Constraining 'acc_out[28]' to site 'IOB_X0Y115'
Info:     Tile 'LIOB33_X0Y115'
Info:     Constraining 'acc_out[29]' to site 'IOB_X0Y119'
Info:     Tile 'LIOB33_X0Y119'
Info:     Constraining 'acc_out[30]' to site 'IOB_X0Y130'
Info:     Tile 'LIOB33_X0Y129'
Info:     Constraining 'acc_out[31]' to site 'IOB_X0Y129'
Info:     Tile 'LIOB33_X0Y129'
Info: Generating input buffer for 'clk$ibuf$'
Info: Generating input buffer for 'rst_n$ibuf$'
Info: Generating input buffer for 'valid_in$ibuf$'
Info: Generating output buffer for 'valid_out$obuf$'
Info: Generating input buffer for 'weight_enc[0]$ibuf$'
Info: Generating input buffer for 'activation[7]$ibuf$'
Info: Generating input buffer for 'weight_enc[1]$ibuf$'
Info: Generating input buffer for 'activation[6]$ibuf$'
Info: Generating input buffer for 'activation[5]$ibuf$'
Info: Generating input buffer for 'activation[4]$ibuf$'
Info: Generating input buffer for 'activation[3]$ibuf$'
Info: Generating input buffer for 'activation[2]$ibuf$'
Info: Generating input buffer for 'activation[1]$ibuf$'
Info: Generating input buffer for 'activation[0]$ibuf$'
Info: Generating output buffer for 'acc_out[0]$obuf$'
Info: Generating output buffer for 'acc_out[1]$obuf$'
Info: Generating output buffer for 'acc_out[2]$obuf$'
Info: Generating output buffer for 'acc_out[3]$obuf$'
Info: Generating output buffer for 'acc_out[4]$obuf$'
Info: Generating output buffer for 'acc_out[5]$obuf$'
Info: Generating output buffer for 'acc_out[6]$obuf$'
Info: Generating output buffer for 'acc_out[7]$obuf$'
Info: Generating output buffer for 'acc_out[8]$obuf$'
Info: Generating output buffer for 'acc_out[9]$obuf$'
Info: Generating output buffer for 'acc_out[10]$obuf$'
Info: Generating output buffer for 'acc_out[11]$obuf$'
Info: Generating output buffer for 'acc_out[12]$obuf$'
Info: Generating output buffer for 'acc_out[13]$obuf$'
Info: Generating output buffer for 'acc_out[14]$obuf$'
Info: Generating output buffer for 'acc_out[15]$obuf$'
Info: Generating output buffer for 'acc_out[16]$obuf$'
Info: Generating output buffer for 'acc_out[17]$obuf$'
Info: Generating output buffer for 'acc_out[18]$obuf$'
Info: Generating output buffer for 'acc_out[19]$obuf$'
Info: Generating output buffer for 'acc_out[20]$obuf$'
Info: Generating output buffer for 'acc_out[21]$obuf$'
Info: Generating output buffer for 'acc_out[22]$obuf$'
Info: Generating output buffer for 'acc_out[23]$obuf$'
Info: Generating output buffer for 'acc_out[24]$obuf$'
Info: Generating output buffer for 'acc_out[25]$obuf$'
Info: Generating output buffer for 'acc_out[26]$obuf$'
Info: Generating output buffer for 'acc_out[27]$obuf$'
Info: Generating output buffer for 'acc_out[28]$obuf$'
Info: Generating output buffer for 'acc_out[29]$obuf$'
Info: Generating output buffer for 'acc_out[30]$obuf$'
Info: Generating output buffer for 'acc_out[31]$obuf$'
Info:     Created 46 PAD cells from:
Info:             46x PAD
Info: Preparing clocking...
Info: Packing constants..
Info: Packing cfg...
Info: Packing PLLs...
Info: Packing Gigabit Transceivers..
Info: Packing global buffers...
Info:     Constrained BUFGCTRL '$auto$clkbufmap.cc:261:execute$3031' to bel 'BUFGCTRL_X0Y0/BUFGCTRL' based on dedicated routing
Info: Packing MUX[789]s..
Info: Packing carries (atomic CARRY4)..
Info:    Packed 14 CARRY4 cells into 3 chains (atomic).
Info: router2 PRECYINIT fix: 14 CARRY4 cells, 17 constant carry pins disconnected
Info: Packing LUTs..
Info:     Created 321 SLICE_LUTX cells from:
Info:            201x LUT1
Info:             57x LUT2
Info:              1x LUT3
Info:              6x LUT4
Info:             56x LUT5
Info: Packing DRAM..
Info:    Transformed 0 tied-low DRAM address inputs to be tied-high
Info: Packing BRAM..
Info: Packing DSPs..
Info: Packing flipflops..
Info:     Created 114 SLICE_FFX cells from:
Info:            113x FDCE
Info:              1x FDPE
Info:     local-const FF control: disconnected 0 SR(=GND) + 33 CE(=VCC) pins from global nets
Info: Constrained 81 LUTFF pairs.

Info: Annotating ports with timing budgets for target frequency 100.00 MHz
Info: Checksum: 0x5a4709d8

Info: Device utilisation:
Info: 	          SLICE_LUTX:   321/269200     0%
Info: 	           SLICE_FFX:   114/269200     0%
Info: 	              CARRY4:    14/33650     0%
Info: 	          PSEUDO_GND:     1/69165     0%
Info: 	          PSEUDO_VCC:     1/69165     0%
Info: 	               HARD0:     0/ 3960     0%
Info: 	            RAMB18E1:     0/  730     0%
Info: 	            FIFO18E1:     0/  365     0%
Info: 	        RAMBFIFO36E1:     0/  365     0%
Info: 	            RAMB36E1:     0/  365     0%
Info: 	             DSP48E1:     0/  740     0%
Info: 	                 PAD:    46/ 1062     4%
Info: 	       IOB33M_OUTBUF:     0/  240     0%
Info: 	       IOB33S_OUTBUF:     0/  240     0%
Info: 	        IOB33_OUTBUF:    33/  500     6%
Info: 	     IOB33M_INBUF_EN:     0/  240     0%
Info: 	     IOB33S_INBUF_EN:     0/  240     0%
Info: 	      IOB33_INBUF_EN:    13/  500     2%
Info: 	IOB33M_TERM_OVERRIDE:     0/  240     0%
Info: 	IOB33S_TERM_OVERRIDE:     0/  240     0%
Info: 	 IOB33_TERM_OVERRIDE:     0/  500     0%
Info: 	       PULL_OR_KEEP1:     0/  980     0%
Info: 	            IDELAYE2:     0/  500     0%
Info: 	        OLOGICE3_TFF:     0/  500     0%
Info: 	      OLOGICE3_OUTFF:     0/  500     0%
Info: 	       OLOGICE3_MISR:     0/  500     0%
Info: 	           OSERDESE2:     0/  500     0%
Info: 	        ILOGICE3_IFF:     0/  500     0%
Info: 	ILOGICE3_ZHOLD_DELAY:     0/  500     0%
Info: 	           ISERDESE2:     0/  500     0%
Info: 	                BUFR:     0/   40     0%
Info: 	               BUFIO:     0/   40     0%
Info: 	          IDELAYCTRL:     0/   10     0%
Info: 	            BUFGCTRL:     1/   32     3%
Info: 	            PCIE_2_1:     0/    1     0%
Info: 	               BSCAN:     0/    4     0%
Info: 	                BUFG:     0/   32     0%
Info: 	              BUFHCE:     0/  120     0%
Info: 	            DCIRESET:     0/    1     0%
Info: 	            DNA_PORT:     0/    1     0%
Info: 	           EFUSE_USR:     0/    1     0%
Info: 	           FRAME_ECC:     0/    1     0%
Info: 	       GTPE2_CHANNEL:     0/   16     0%
Info: 	        GTPE2_COMMON:     0/    4     0%
Info: 	         IBUFDS_GTE2:     0/    8     0%
Info: 	                ICAP:     0/    2     0%
Info: 	            INVERTER:     0/  240     0%
Info: 	          MMCME2_ADV:     0/   10     0%
Info: 	        OLOGICE2_TFF:     0/  500     0%
Info: 	      OLOGICE2_OUTFF:     0/  500     0%
Info: 	           PLLE2_ADV:     0/   10     0%
Info: 	           SELMUX2_1:     0/102950     0%
Info: 	             STARTUP:     0/    1     0%
Info: 	          USR_ACCESS:     0/    1     0%
Info: 	              BUFFER:     0/   82     0%
Info: 	        ILOGICE2_IFF:     0/  500     0%
Info: 	       OLOGICE2_MISR:     0/  500     0%

Info: HeAP congestion knobs: beta=0.400 spread_scale=2,1 alpha=0.080
Info: Placed 93 cells based on constraints.
Info: Creating initial analytic placement for 244 cells, random placement wirelen = 92271.
Info:     at initial placer iter 0, wirelen = 9694
Info:     at initial placer iter 1, wirelen = 8614
Info:     at initial placer iter 2, wirelen = 8382
Info:     at initial placer iter 3, wirelen = 8417
Info: Running main analytical placer.
Info:     at iteration #1, type ALL: wirelen solved = 8414, spread = 10676, legal = 11389; time = 0.10s
Info:     at iteration #2, type ALL: wirelen solved = 8680, spread = 10500, legal = 10607; time = 0.05s
Info: HeAP Placer Time: 2.44s
Info:   of which solving equations: 0.24s
Info:   of which spreading cells: 0.09s
Info:   of which strict legalisation: 0.01s

Info: Running simulated annealing placer for refinement.
Info:   at iteration #1: temp = 0.000000, timing cost = 68, wirelen = 10607
Info:   at iteration #5: temp = 0.000000, timing cost = 62, wirelen = 10339
Info:   at iteration #7: temp = 0.000000, timing cost = 62, wirelen = 10335 
Info: SA placement time 0.93s

Info: Max frequency for clock '$auto$clkbufmap.cc:294:execute$3033': 70.93 MHz (FAIL at 100.00 MHz)

Info: Slack histogram:
Info:  legend: * represents 1 endpoint(s)
Info:          + represents [1,1) endpoint(s)
Info: [ -4098,  -3446) |*** 
Info: [ -3446,  -2794) |****** 
Info: [ -2794,  -2142) | 
Info: [ -2142,  -1490) | 
Info: [ -1490,   -838) |************ 
Info: [  -838,   -186) |********************** 
Info: [  -186,    466) |************************************** 
Info: [   466,   1118) |******************* 
Info: [  1118,   1770) |****** 
Info: [  1770,   2422) |******* 
Info: [  2422,   3074) |**** 
Info: [  3074,   3726) |**** 
Info: [  3726,   4378) |************* 
Info: [  4378,   5030) |******* 
Info: [  5030,   5682) |*************** 
Info: [  5682,   6334) |****** 
Info: [  6334,   6986) |**** 
Info: [  6986,   7638) |***** 
Info: [  7638,   8290) |**************** 
Info: [  8290,   8942) |******** 
Info: Checksum: 0x63f505f0
Info: Running post-placement legalisation...
Info: post-place repair: relocated 135 stranded cluster(s)/cell(s) to valid bels
Info: Routing global clocks...
Info:     routing clock '$auto$clkbufmap.cc:294:execute$3033'
Info:     routing clock 'clk$auto$IOBUF_O$'
Info: Running router2...
Info: Setting up routing resources...
Info: Running main router loop...
Info:     iter=1 wires=6950 overused=128 overuse=132 archfail=NA
Info:     iter=2 wires=7031 overused=1 overuse=1 archfail=NA
Info:     iter=3 wires=7034 overused=0 overuse=0 archfail=0
Info: 1000 slowest nets by runtime:
                                                                     rst_n$auto$IOBUF_O$    114 80819.6ms
                                                                acc_out[2]$auto$IOBUF_I$      1 20152.5ms
                                                                 valid_out$auto$IOBUF_I$     35 18007.3ms
                        $techmap2917$abc$2399$auto$blifparse.cc:557:parse_blif$2518.A[3]     50 15678.8ms
                        $techmap2917$abc$2399$auto$blifparse.cc:557:parse_blif$2518.A[1]     50 14367.0ms
                        $techmap2917$abc$2399$auto$blifparse.cc:557:parse_blif$2518.A[2]     50 13105.1ms
                                                               acc_out[22]$auto$IOBUF_I$      1 12660.6ms
                        $techmap2925$abc$2399$auto$blifparse.cc:557:parse_blif$2511.A[4]     50 12444.1ms
                                                               acc_out[20]$auto$IOBUF_I$      1 12167.6ms
                                  $abc$2399$auto$opt_dff.cc:336:make_patterns_logic$1193     32 11752.9ms
                                                                acc_out[7]$auto$IOBUF_I$      1 11606.5ms
                                                               acc_out[16]$auto$IOBUF_I$      1 11334.4ms
                        $techmap2917$abc$2399$auto$blifparse.cc:557:parse_blif$2518.A[0]     50 11196.9ms
                                                               acc_out[23]$auto$IOBUF_I$      1 8134.0ms
                                                               acc_out[17]$auto$IOBUF_I$      1 6570.3ms
                                                                acc_out[0]$auto$IOBUF_I$      1 6408.5ms
                                                               acc_out[24]$auto$IOBUF_I$      1 6295.3ms
                                                               acc_out[19]$auto$IOBUF_I$      1 5801.5ms
                                                               acc_out[18]$auto$IOBUF_I$      1 5540.9ms
                                                               acc_out[14]$auto$IOBUF_I$      1 5228.3ms
                                                                acc_out[3]$auto$IOBUF_I$      1 5076.2ms
                                                                acc_out[5]$auto$IOBUF_I$      1 4916.6ms
                                                                acc_out[4]$auto$IOBUF_I$      1 4837.6ms
                                                               acc_out[15]$auto$IOBUF_I$      1 4717.0ms
                                                               acc_out[21]$auto$IOBUF_I$      1 4400.0ms
                                                                acc_out[1]$auto$IOBUF_I$      1 4180.2ms
                                                               acc_out[26]$auto$IOBUF_I$      1 4037.8ms
                                               $abc$2399$auto$rtlil.cc:3501:NotGate$2292      1 4036.2ms
                                                             weight_enc[0]$auto$IOBUF_O$      8 3857.1ms
                                                                    $0\acc_out[31:0][19]      1 3852.4ms
                                                                acc_out[9]$auto$IOBUF_I$      1 3850.4ms
                                                             weight_enc[1]$auto$IOBUF_O$      8 3760.2ms
                                                                acc_out[6]$auto$IOBUF_I$      1 3093.2ms
                                                               acc_out[27]$auto$IOBUF_I$      1 2969.6ms
                                                                     $0\acc_out[31:0][2]      1 2736.7ms
                                                               acc_out[29]$auto$IOBUF_I$      1 2531.2ms
                                                               acc_out[10]$auto$IOBUF_I$      1 2441.1ms
                                                               acc_out[25]$auto$IOBUF_I$      1 2354.7ms
                                                                acc_out[8]$auto$IOBUF_I$      1 2074.3ms
                                                               acc_out[12]$auto$IOBUF_I$      1 2001.4ms
                                                             activation[1]$auto$IOBUF_O$      2 1969.2ms
                                                               acc_out[11]$auto$IOBUF_I$      1 1938.9ms
                                                               acc_out[30]$auto$IOBUF_I$      1 1802.7ms
                                                             activation[3]$auto$IOBUF_O$      2 1709.8ms
                                             $auto$alumacc.cc:512:replace_alu$1200.Y[15]      2 1636.3ms
                                                               acc_out[28]$auto$IOBUF_I$      1 1438.2ms
                                              $auto$alumacc.cc:512:replace_alu$1200.Y[2]      2 1431.2ms
                                               $abc$2399$auto$rtlil.cc:3501:NotGate$2330      1 1404.8ms
                                               $abc$2399$auto$rtlil.cc:3501:NotGate$2252      1 1334.2ms
                                                               acc_out[13]$auto$IOBUF_I$      1 1307.4ms
                                                             activation[2]$auto$IOBUF_O$      2 1251.9ms
                                             $auto$alumacc.cc:512:replace_alu$1200.Y[26]      2 1217.6ms
                                                                         result_latch[0]      1 1213.2ms
                                                             activation[0]$auto$IOBUF_O$      2 1213.0ms
                                               $abc$2399$auto$rtlil.cc:3501:NotGate$2204      1 1178.0ms
                                               $abc$2399$auto$rtlil.cc:3501:NotGate$2300      1 1148.2ms
                        $techmap2912$abc$2399$auto$blifparse.cc:557:parse_blif$2519.A[0]     25 1112.4ms
                                               $abc$2399$auto$rtlil.cc:3501:NotGate$2390      1 1021.0ms
                                                             activation[5]$auto$IOBUF_O$      2 1013.9ms
                                                                                  acc[2]      2 1005.7ms
                                             $auto$alumacc.cc:512:replace_alu$1200.Y[29]      2 986.3ms
                                               $abc$2399$auto$rtlil.cc:3501:NotGate$2254      1 961.6ms
                                               $abc$2399$auto$rtlil.cc:3501:NotGate$2264      1 945.7ms
                                             $auto$alumacc.cc:512:replace_alu$1200.Y[18]      2 937.7ms
                                              $auto$alumacc.cc:512:replace_alu$1200.Y[7]      2 929.8ms
                                               $abc$2399$auto$rtlil.cc:3501:NotGate$2380      1 854.3ms
                                               $abc$2399$auto$rtlil.cc:3501:NotGate$2192      1 852.1ms
                                                             activation[6]$auto$IOBUF_O$      2 842.2ms
                                                               acc_out[31]$auto$IOBUF_I$      1 828.0ms
                                               $abc$2399$auto$rtlil.cc:3501:NotGate$2202      1 773.9ms
                                               $abc$2399$auto$rtlil.cc:3501:NotGate$2196      1 757.9ms
                                               $abc$2399$auto$rtlil.cc:3501:NotGate$2240      1 754.0ms
                                               $abc$2399$auto$rtlil.cc:3501:NotGate$2298      1 753.1ms
                                               $abc$2399$auto$rtlil.cc:3501:NotGate$2294      1 752.1ms
                                               $abc$2399$auto$rtlil.cc:3501:NotGate$2228      1 748.7ms
                                               $abc$2399$auto$rtlil.cc:3501:NotGate$2232      1 747.3ms
                                                                  valid_in$auto$IOBUF_O$      1 734.9ms
                                               $abc$2399$auto$rtlil.cc:3501:NotGate$2260      1 732.0ms
                                              $auto$alumacc.cc:512:replace_alu$1200.Y[4]      2 729.2ms
                                               $abc$2399$auto$rtlil.cc:3501:NotGate$2338      1 721.6ms
                                             $auto$alumacc.cc:512:replace_alu$1200.Y[17]      2 718.2ms
                                             $auto$alumacc.cc:512:replace_alu$1200.Y[25]      2 705.3ms
                                             $auto$alumacc.cc:512:replace_alu$1200.Y[20]      2 699.6ms
                                                                    $0\acc_out[31:0][18]      1 690.5ms
                                             $auto$alumacc.cc:512:replace_alu$1200.Y[16]      2 682.0ms
                                               $abc$2399$auto$rtlil.cc:3501:NotGate$2200      1 673.1ms
                                                                                 acc[10]      2 672.8ms
                                              $auto$alumacc.cc:512:replace_alu$1200.X[4]      1 670.6ms
                                               $abc$2399$auto$rtlil.cc:3501:NotGate$2198      1 664.3ms
                                               $abc$2399$auto$rtlil.cc:3501:NotGate$2262      1 662.4ms
                                              $auto$alumacc.cc:512:replace_alu$1200.X[3]      1 661.7ms
                                               $abc$2399$auto$rtlil.cc:3501:NotGate$2174      1 654.7ms
                                             $auto$alumacc.cc:512:replace_alu$1200.Y[19]      2 650.2ms
                                               $abc$2399$auto$rtlil.cc:3501:NotGate$2234      1 649.3ms
                                                                     $0\acc_out[31:0][1]      1 644.8ms
                                               $abc$2399$auto$rtlil.cc:3501:NotGate$2286      1 630.9ms
                                               $abc$2399$auto$rtlil.cc:3501:NotGate$2326      1 627.0ms
                                               $abc$2399$auto$rtlil.cc:3501:NotGate$2224      1 611.4ms
                                               $abc$2399$auto$rtlil.cc:3501:NotGate$2382      1 608.5ms
                                             $auto$alumacc.cc:512:replace_alu$1200.Y[14]      2 586.3ms
                                              $auto$alumacc.cc:512:replace_alu$1200.Y[1]      2 583.6ms
                                               $abc$2399$auto$rtlil.cc:3501:NotGate$2350      1 571.1ms
                                               $abc$2399$auto$rtlil.cc:3501:NotGate$2270      1 564.2ms
                                               $abc$2399$auto$rtlil.cc:3501:NotGate$2340      1 562.8ms
                                               $abc$2399$auto$rtlil.cc:3501:NotGate$2396      1 554.0ms
                                               $abc$2399$auto$rtlil.cc:3501:NotGate$2320      1 549.1ms
                                             $auto$alumacc.cc:512:replace_alu$1200.Y[21]      2 546.7ms
                                                                                  acc[4]      2 544.6ms
                                                                      count[4]$legal$105      1 531.9ms
                                               $abc$2399$auto$rtlil.cc:3501:NotGate$2178      1 518.6ms
                                             $auto$alumacc.cc:512:replace_alu$1200.Y[10]      2 516.6ms
                                               $abc$2399$auto$rtlil.cc:3501:NotGate$2284      1 516.0ms
                                               $abc$2399$auto$rtlil.cc:3501:NotGate$2388      1 512.8ms
                                               $abc$2399$auto$rtlil.cc:3501:NotGate$2194      1 511.6ms
                                               $abc$2399$auto$rtlil.cc:3501:NotGate$2258      1 508.0ms
                                               $abc$2399$auto$rtlil.cc:3501:NotGate$2242      1 496.4ms
                                               $abc$2399$auto$rtlil.cc:3501:NotGate$2328      1 494.0ms
                                               $abc$2399$auto$rtlil.cc:3501:NotGate$2368      1 490.6ms
                                              $auto$alumacc.cc:512:replace_alu$1200.X[0]      1 488.1ms
                                               $abc$2399$auto$rtlil.cc:3501:NotGate$2384      1 487.3ms
                                               $abc$2399$auto$rtlil.cc:3501:NotGate$2188      1 486.2ms
                                             $auto$alumacc.cc:512:replace_alu$1200.Y[28]      2 482.7ms
                                                                                count[3]      3 478.8ms
                                               $abc$2399$auto$rtlil.cc:3501:NotGate$2210      1 478.1ms
                                              $auto$alumacc.cc:512:replace_alu$1200.Y[5]      2 472.8ms
                                               $abc$2399$auto$rtlil.cc:3501:NotGate$2324      1 465.7ms
                                               $abc$2399$auto$rtlil.cc:3501:NotGate$2248      1 463.3ms
                                               $abc$2399$auto$rtlil.cc:3501:NotGate$2314      1 460.5ms
                                               $abc$2399$auto$rtlil.cc:3501:NotGate$2256      1 460.2ms
                                             $auto$alumacc.cc:512:replace_alu$1200.Y[12]      2 449.0ms
                                               $abc$2399$auto$rtlil.cc:3501:NotGate$2346      1 446.8ms
                                             $auto$alumacc.cc:512:replace_alu$1200.Y[24]      2 442.3ms
                                               $abc$2399$auto$rtlil.cc:3501:NotGate$2354      1 434.5ms
                                               $abc$2399$auto$rtlil.cc:3501:NotGate$2376      1 433.1ms
                                               $abc$2399$auto$rtlil.cc:3501:NotGate$2278      1 420.9ms
                                                     $auto$clkbufmap.cc:294:execute$3033    114 419.1ms
                                               $abc$2399$auto$rtlil.cc:3501:NotGate$2230      1 417.8ms
                                               $abc$2399$auto$rtlil.cc:3501:NotGate$2366      1 413.9ms
                                                                                count[2]      3 407.8ms
                                                             activation[4]$auto$IOBUF_O$      2 406.0ms
                                                             activation[7]$auto$IOBUF_O$      2 401.7ms
                                               $abc$2399$auto$rtlil.cc:3501:NotGate$2266      1 397.0ms
                                              $auto$alumacc.cc:512:replace_alu$1200.Y[8]      2 396.0ms
                                                                                 acc[16]      2 392.7ms
                                               $abc$2399$auto$rtlil.cc:3501:NotGate$2374      1 390.7ms
                                               $abc$2399$auto$rtlil.cc:3501:NotGate$2214      1 389.9ms
                                               $abc$2399$auto$rtlil.cc:3501:NotGate$2358      1 387.8ms
                                               $abc$2399$auto$rtlil.cc:3501:NotGate$2172      1 386.8ms
                                               $abc$2399$auto$rtlil.cc:3501:NotGate$2344      1 376.7ms
                                                                                count[5]      3 372.8ms
                                               $abc$2399$auto$rtlil.cc:3501:NotGate$2372      1 370.3ms
                                               $abc$2399$auto$rtlil.cc:3501:NotGate$2226      1 369.8ms
                                                                    $0\acc_out[31:0][15]      1 362.4ms
                                               $abc$2399$auto$rtlil.cc:3501:NotGate$2348      1 356.0ms
                                               $abc$2399$auto$rtlil.cc:3501:NotGate$2310      1 354.0ms
                                                                    $0\acc_out[31:0][20]      1 352.2ms
                                              $auto$alumacc.cc:512:replace_alu$1206.Y[1]      1 350.0ms
                                               $abc$2399$auto$rtlil.cc:3501:NotGate$2302      1 345.0ms
                                               $abc$2399$auto$rtlil.cc:3501:NotGate$2238      1 330.9ms
                                                                                  acc[3]      2 328.9ms
                                                            $abc$2399$procmux$1137_Y[17]      1 328.8ms
                                               $abc$2399$auto$rtlil.cc:3501:NotGate$2386      1 328.3ms
                                               $abc$2399$auto$rtlil.cc:3501:NotGate$2282      1 328.2ms
                                                                     vector_done_delayed      1 327.6ms
                                               $abc$2399$auto$rtlil.cc:3501:NotGate$2316      1 326.0ms
                                                                         result_latch[2]      1 323.8ms
                                               $abc$2399$auto$rtlil.cc:3501:NotGate$2280      1 323.6ms
                                              $auto$alumacc.cc:512:replace_alu$1200.Y[9]      2 320.3ms
                                               $abc$2399$auto$rtlil.cc:3501:NotGate$2246      1 319.0ms
                                               $abc$2399$auto$rtlil.cc:3501:NotGate$2370      1 318.5ms
                                                                        result_latch[20]      1 318.0ms
                                              $auto$alumacc.cc:512:replace_alu$1206.Y[8]      1 317.6ms
                                               $abc$2399$auto$rtlil.cc:3501:NotGate$2184      1 315.3ms
                                                                                  acc[6]      2 306.5ms
                                             $auto$alumacc.cc:512:replace_alu$1200.Y[30]      2 306.4ms
                                             $auto$alumacc.cc:512:replace_alu$1200.Y[11]      2 306.0ms
                                                                                  acc[8]      2 303.7ms
                                                                     $0\acc_out[31:0][0]      1 302.4ms
                                              $auto$alumacc.cc:512:replace_alu$1203.Y[2]      1 296.7ms
                                               $abc$2399$auto$rtlil.cc:3501:NotGate$2336      1 291.2ms
                                              $auto$alumacc.cc:512:replace_alu$1206.Y[2]      1 289.8ms
                                               $abc$2399$auto$rtlil.cc:3501:NotGate$2304      1 285.6ms
                                                                                  acc[5]      2 285.3ms
                                               $abc$2399$auto$rtlil.cc:3501:NotGate$2212      1 281.4ms
                                                                        result_latch[27]      1 277.4ms
                                                                                 acc[24]      2 277.1ms
                                               $abc$2399$auto$rtlil.cc:3501:NotGate$2362      1 269.9ms
                                              $auto$alumacc.cc:512:replace_alu$1200.Y[0]      2 269.8ms
                                                                    $0\acc_out[31:0][14]      1 268.7ms
                                                                         acc[9]$legal$33      1 263.0ms
                                                                        acc[28]$legal$71      1 262.5ms
                                                                                count[4]      3 262.0ms
                                                                                 acc[14]      2 260.7ms
                                               $abc$2399$auto$rtlil.cc:3501:NotGate$2378      1 258.5ms
                                               $abc$2399$auto$rtlil.cc:3501:NotGate$2318      1 258.1ms
                                                                                  acc[9]      2 256.1ms
                                               $abc$2399$auto$rtlil.cc:3501:NotGate$2364      1 255.3ms
                                                                               count[14]      3 253.5ms
                                               $abc$2399$auto$rtlil.cc:3501:NotGate$2334      1 251.6ms
                                                                                 acc[30]      2 251.2ms
                                                                     $0\acc_out[31:0][4]      1 250.7ms
                                                                               count[15]      3 250.3ms
                                                                                count[0]      3 244.8ms
                                                                                 acc[13]      2 244.3ms
                                                                                 acc[25]      2 243.3ms
                                                                      count[8]$legal$113      1 242.9ms
                                                                          acc[0]$legal$3      1 240.2ms
                                               $abc$2399$auto$rtlil.cc:3501:NotGate$2272      1 238.3ms
                                                            $abc$2399$procmux$1137_Y[23]      1 232.0ms
                                                                                 acc[26]      2 231.3ms
                                             $auto$alumacc.cc:512:replace_alu$1200.Y[27]      2 229.8ms
                                                                                 acc[17]      2 229.6ms
                                               $abc$2399$auto$rtlil.cc:3501:NotGate$2394      1 228.6ms
                                             $auto$alumacc.cc:512:replace_alu$1200.Y[22]      2 227.8ms
                                               $abc$2399$auto$rtlil.cc:3501:NotGate$2182      1 226.3ms
                                              $auto$alumacc.cc:512:replace_alu$1203.Y[4]      1 219.9ms
                                               $abc$2399$auto$rtlil.cc:3501:NotGate$2222      1 219.7ms
                                               $abc$2399$auto$rtlil.cc:3501:NotGate$2276      1 218.8ms
                                              $auto$alumacc.cc:512:replace_alu$1203.Y[7]      1 215.0ms
                                              $auto$alumacc.cc:512:replace_alu$1200.X[2]      1 213.9ms
                                              $auto$alumacc.cc:512:replace_alu$1206.Y[9]      1 210.5ms
                                                                                 acc[15]      2 210.5ms
                                                                         result_latch[1]      1 209.5ms
                                               $abc$2399$auto$rtlil.cc:3501:NotGate$2312      1 207.2ms
                                               $abc$2399$auto$rtlil.cc:3501:NotGate$2398      1 204.4ms
                                             $auto$alumacc.cc:512:replace_alu$1206.Y[12]      1 203.9ms
                                                            $abc$2399$procmux$1131_Y[10]      1 203.7ms
                                               $abc$2399$auto$rtlil.cc:3501:NotGate$2220      1 201.7ms
                                                                    $0\acc_out[31:0][10]      1 200.6ms
                                               $abc$2399$auto$rtlil.cc:3501:NotGate$2332      1 200.3ms
                                                                        result_latch[28]      1 200.1ms
                                               $abc$2399$auto$rtlil.cc:3501:NotGate$2296      1 199.2ms
                                                                                count[1]      3 199.0ms
                                               $abc$2399$auto$rtlil.cc:3501:NotGate$2290      1 196.8ms
                                                            $abc$2399$procmux$1137_Y[19]      1 196.3ms
                                                                        acc[11]$legal$37      1 195.4ms
                                                            $abc$2399$procmux$1131_Y[15]      1 195.0ms
                                                             $abc$2399$procmux$1131_Y[9]      1 188.9ms
                                                                        result_latch[13]      1 188.3ms
                                                                                  acc[1]      2 186.1ms
                                                                $PACKER_GND_NET$legal$85      1 185.6ms
                                                                        acc[17]$legal$49      1 183.6ms
                                                                      count[5]$legal$107      1 181.6ms
                                                                       count[0]$legal$97      1 180.1ms
                                               $abc$2399$auto$rtlil.cc:3501:NotGate$2352      1 177.7ms
                                                                         result_latch[9]      1 175.1ms
                                                                        result_latch[19]      1 174.1ms
                                              $auto$alumacc.cc:512:replace_alu$1203.Y[0]      1 172.4ms
                                                                                 acc[20]      2 167.8ms
                                                                          acc[1]$legal$7      1 167.0ms
                                               $abc$2399$auto$rtlil.cc:3501:NotGate$2236      1 153.2ms
                                                                     count[13]$legal$123      1 152.4ms
                                             $auto$alumacc.cc:512:replace_alu$1206.Y[10]      1 150.4ms
                                               $abc$2399$auto$rtlil.cc:3501:NotGate$2356      1 150.0ms
                                               $abc$2399$auto$rtlil.cc:3501:NotGate$2268      1 146.3ms
                                             $auto$alumacc.cc:512:replace_alu$1200.Y[13]      2 143.3ms
                                                            $abc$2399$procmux$1137_Y[29]      1 142.4ms
                                               $abc$2399$auto$rtlil.cc:3501:NotGate$2360      1 142.3ms
                                                                                  acc[0]      2 141.6ms
                                                                        acc[14]$legal$43      1 140.3ms
                                                                               count[10]      3 140.3ms
                                                                        result_latch[18]      1 140.1ms
                                              $auto$alumacc.cc:512:replace_alu$1200.Y[6]      2 139.7ms
                                                                        acc[13]$legal$41      1 138.1ms
                                             $auto$alumacc.cc:512:replace_alu$1206.Y[11]      1 136.1ms
                                                             $abc$2399$procmux$1137_Y[2]      1 135.2ms
                                                                                 acc[18]      2 132.4ms
                                                                    $0\acc_out[31:0][13]      1 131.3ms
                                               $abc$2399$auto$rtlil.cc:3501:NotGate$2186      1 129.0ms
                                                            $abc$2399$procmux$1137_Y[31]      1 128.5ms
                                                            $abc$2399$procmux$1137_Y[30]      1 127.4ms
                                                                                  acc[7]      2 126.2ms
                                                                                count[6]      3 125.3ms
                                              $auto$alumacc.cc:512:replace_alu$1206.Y[5]      1 125.1ms
                                               $abc$2399$auto$rtlil.cc:3501:NotGate$2244      1 123.6ms
                                                             $abc$2399$procmux$1137_Y[7]      1 122.4ms
                                                                    $0\acc_out[31:0][12]      1 120.8ms
                                             $auto$alumacc.cc:512:replace_alu$1200.Y[31]      2 119.5ms
                                                            $abc$2399$procmux$1137_Y[27]      1 118.4ms
                                                            $abc$2399$procmux$1137_Y[16]      1 115.4ms
                                                                      count[6]$legal$109      1 114.8ms
                                                                    $0\acc_out[31:0][16]      1 114.7ms
                                               $abc$2399$auto$rtlil.cc:3501:NotGate$2342      1 114.0ms
                                              $auto$alumacc.cc:512:replace_alu$1200.X[5]      1 113.9ms
                                                                                 acc[23]      2 111.0ms
                                                                        result_latch[21]      1 110.2ms
                                                                         acc[7]$legal$29      1 109.1ms
                                                            $abc$2399$procmux$1137_Y[22]      1 108.8ms
                                                                      count[3]$legal$103      1 102.4ms
                                               $abc$2399$auto$rtlil.cc:3501:NotGate$2274      1 100.4ms
                                              $auto$alumacc.cc:512:replace_alu$1203.Y[6]      1 97.6ms
                                                                $PACKER_GND_NET$legal$81      1 97.5ms
                                               $abc$2399$auto$rtlil.cc:3501:NotGate$2216      1 93.9ms
                                                             $abc$2399$procmux$1131_Y[2]      1 93.8ms
                                                                                 acc[31]      2 93.6ms
                                                                                 acc[12]      2 93.2ms
                                                                    $0\acc_out[31:0][25]      1 92.1ms
                                              $auto$alumacc.cc:512:replace_alu$1206.Y[6]      1 91.8ms
                                                                        acc[21]$legal$57      1 91.7ms
                                                             $abc$2399$procmux$1131_Y[1]      1 89.7ms
                                               $abc$2399$auto$rtlil.cc:3501:NotGate$2218      1 89.7ms
                                                                     $0\acc_out[31:0][6]      1 89.1ms
                                                                        result_latch[14]      1 88.7ms
                                              $auto$alumacc.cc:512:replace_alu$1200.Y[3]      2 86.7ms
                                               $abc$2399$auto$rtlil.cc:3501:NotGate$2190      1 84.0ms
                                             $auto$alumacc.cc:512:replace_alu$1206.Y[15]      1 82.5ms
                                               $abc$2399$auto$rtlil.cc:3501:NotGate$2306      1 82.2ms
                                                            $abc$2399$procmux$1137_Y[10]      1 77.0ms
                                                                    $0\acc_out[31:0][17]      1 74.2ms
                                                                                 acc[21]      2 71.5ms
                                                                    $0\acc_out[31:0][29]      1 69.2ms
                                               $abc$2399$auto$rtlil.cc:3501:NotGate$2392      1 68.9ms
                                                                     count[14]$legal$125      1 68.4ms
                                                                        result_latch[22]      1 67.9ms
                                              $auto$alumacc.cc:512:replace_alu$1203.Y[5]      1 66.8ms
                                                                                 acc[28]      2 66.7ms
                                                             $abc$2399$procmux$1131_Y[6]      1 64.2ms
                                                                     $0\acc_out[31:0][8]      1 63.5ms
                                                                                count[7]      3 63.3ms
                                                             $abc$2399$procmux$1131_Y[8]      1 63.1ms
                                                                    $0\acc_out[31:0][23]      1 61.6ms
                                                                $PACKER_GND_NET$legal$93      1 60.8ms
                                             $auto$alumacc.cc:512:replace_alu$1200.Y[23]      2 60.2ms
                                                                        result_latch[16]      1 60.1ms
                                               $abc$2399$auto$rtlil.cc:3501:NotGate$2288      1 58.3ms
                                            $auto$alumacc.cc:512:replace_alu$1200.CO[27]      1 57.8ms
                                               $abc$2399$auto$rtlil.cc:3501:NotGate$2250      1 56.3ms
                                                                        acc[20]$legal$55      1 54.8ms
                                                            $abc$2399$procmux$1137_Y[20]      1 53.1ms
                                                                        result_latch[15]      1 52.8ms
                                                                        acc[10]$legal$35      1 49.6ms
                                                                                 acc[29]      2 48.5ms
                                                                     $0\acc_out[31:0][3]      1 48.4ms
                                                                       clk$auto$IOBUF_O$      1 47.4ms
                                                                                count[9]      3 47.3ms
                                               $abc$2399$auto$rtlil.cc:3501:NotGate$2322      1 44.9ms
                                                                        result_latch[12]      1 44.4ms
                                                                     $0\acc_out[31:0][9]      1 42.6ms
                                                             $abc$2399$procmux$1137_Y[9]      1 39.2ms
                                                                    $0\acc_out[31:0][31]      1 37.8ms
                                                            $abc$2399$procmux$1137_Y[28]      1 37.3ms
                                               $abc$2399$auto$rtlil.cc:3501:NotGate$2176      1 37.2ms
                                                                         result_latch[4]      1 36.2ms
                                                                               count[11]      3 35.7ms
                                                                        acc[18]$legal$51      1 35.5ms
                                                                        result_latch[30]      1 35.0ms
                                                            $abc$2399$procmux$1137_Y[24]      1 34.4ms
                                                                         acc[4]$legal$19      1 34.3ms
                                                            $abc$2399$procmux$1131_Y[12]      1 34.3ms
                                                            $abc$2399$procmux$1137_Y[26]      1 33.0ms
                                                                      count[2]$legal$101      1 32.6ms
                                               $abc$2399$auto$rtlil.cc:3501:NotGate$2206      1 32.0ms
                                                                        acc[30]$legal$75      1 30.7ms
                                                                     $0\acc_out[31:0][5]      1 30.6ms
                                                            $abc$2399$procmux$1137_Y[18]      1 30.5ms
                                              $auto$alumacc.cc:512:replace_alu$1203.Y[1]      1 30.2ms
                                              $auto$alumacc.cc:512:replace_alu$1206.Y[0]      1 29.8ms
                                              $auto$alumacc.cc:512:replace_alu$1206.Y[3]      1 29.2ms
                                                                        acc[23]$legal$61      1 29.2ms
                                                             $abc$2399$procmux$1137_Y[4]      1 27.6ms
                                                                                 acc[27]      2 27.4ms
                                                                                 acc[11]      2 25.9ms
                                                            $abc$2399$procmux$1131_Y[14]      1 25.4ms
                                                             $abc$2399$procmux$1137_Y[3]      1 25.0ms
                                                                       count[1]$legal$99      1 24.1ms
                                              $auto$alumacc.cc:512:replace_alu$1206.Y[4]      1 23.4ms
                                             $abc$2399$auto$rtlil.cc:3267:ReduceAnd$1210      1 23.4ms
                                               $abc$2399$auto$rtlil.cc:3501:NotGate$2308      1 23.3ms
                                                            $abc$2399$procmux$1137_Y[12]      1 22.1ms
                                                                     count[11]$legal$119      1 21.7ms
                                               $abc$2399$auto$rtlil.cc:3501:NotGate$2208      1 21.0ms
                                                                         acc[8]$legal$31      1 21.0ms
                                                                         result_latch[5]      1 20.8ms
                                                                $PACKER_GND_NET$legal$89      1 20.2ms
                                                                         result_latch[8]      1 19.6ms
                                                                $PACKER_GND_NET$legal$91      1 19.6ms
                                                            $abc$2399$procmux$1137_Y[11]      1 18.5ms
                                                                        acc[16]$legal$47      1 17.9ms
                                                             $abc$2399$procmux$1137_Y[0]      1 16.6ms
                                                                         acc[6]$legal$27      1 15.0ms
                                                                     count[12]$legal$121      1 13.6ms
                                                             $abc$2399$procmux$1131_Y[3]      1 13.6ms
                                                            $abc$2399$procmux$1137_Y[15]      1 13.5ms
                                                                               count[12]      3 13.3ms
                                               $abc$2399$auto$rtlil.cc:3501:NotGate$2180      1 13.2ms
                                                                        result_latch[29]      1 13.1ms
                                                             $abc$2399$procmux$1131_Y[5]      1 12.8ms
                                                             $abc$2399$procmux$1137_Y[5]      1 12.7ms
                                                                    $0\acc_out[31:0][30]      1 12.5ms
                                                                    $0\acc_out[31:0][21]      1 11.4ms
                                                            $abc$2399$procmux$1131_Y[11]      1 10.8ms
                                                                         acc[5]$legal$23      1 10.0ms
                                                                        result_latch[10]      1 9.9ms
                                                                        acc[25]$legal$65      1 9.8ms
                                                             $abc$2399$procmux$1131_Y[7]      1 9.8ms
                                                                    $0\acc_out[31:0][26]      1 9.3ms
                                                                        result_latch[31]      1 8.6ms
                                                                    $0\acc_out[31:0][24]      1 8.4ms
                                                                $PACKER_GND_NET$legal$87      1 8.3ms
                                                                                 acc[19]      2 7.9ms
                                                                        acc[24]$legal$63      1 7.8ms
                                                            $abc$2399$procmux$1137_Y[21]      1 7.7ms
                                                                $PACKER_GND_NET$legal$83      1 7.5ms
                                                                     count[15]$legal$127      1 7.4ms
                                                                             acc_out[30]      1 7.2ms
                                                                                 acc[22]      2 7.0ms
                                                                        acc[27]$legal$69      1 5.2ms
                                                            $abc$2399$procmux$1137_Y[25]      1 4.9ms
                                                             $abc$2399$procmux$1137_Y[8]      1 4.8ms
                                              $auto$alumacc.cc:512:replace_alu$1206.Y[7]      1 4.7ms
                                                                        result_latch[23]      1 4.2ms
                                            $auto$alumacc.cc:512:replace_alu$1200.CO[23]      1 4.2ms
                                                                      count[9]$legal$115      1 3.9ms
                                                                $PACKER_GND_NET$legal$79      1 3.4ms
                                                                        result_latch[26]      1 3.3ms
                                                             $abc$2399$procmux$1131_Y[0]      1 3.3ms
                                                                             acc_out[13]      1 3.3ms
                                                                        result_latch[25]      1 2.8ms
                                                                         result_latch[7]      1 2.4ms
                                             $auto$alumacc.cc:512:replace_alu$1206.Y[13]      1 2.3ms
                                             $auto$alumacc.cc:512:replace_alu$1206.Y[14]      1 2.3ms
                                                                      count[7]$legal$111      1 2.2ms
                                                                        acc[29]$legal$73      1 2.2ms
                                            $auto$alumacc.cc:512:replace_alu$1200.CO[15]      1 2.2ms
                                                                        acc[15]$legal$45      1 2.1ms
                                              $auto$alumacc.cc:512:replace_alu$1203.Y[3]      1 1.7ms
                                                                        result_latch[17]      1 1.7ms
                                                                               count[13]      3 1.5ms
                                              $auto$alumacc.cc:512:replace_alu$1200.X[6]      1 1.4ms
                                                                        result_latch[24]      1 1.3ms
                                                             $abc$2399$procmux$1131_Y[4]      1 1.2ms
                                                                         result_latch[6]      1 1.2ms
                                                                                count[8]      3 1.2ms
                                                                             acc_out[17]      1 1.0ms
                                                                    $0\acc_out[31:0][22]      1 1.0ms
                                                            $abc$2399$procmux$1137_Y[13]      1 0.9ms
                                              $auto$alumacc.cc:512:replace_alu$1200.X[1]      1 0.9ms
                                                                    $0\acc_out[31:0][11]      1 0.8ms
                                                            $abc$2399$procmux$1137_Y[14]      1 0.8ms
                                                                    $0\acc_out[31:0][28]      1 0.7ms
                                                                         result_latch[3]      1 0.7ms
                                                             $abc$2399$procmux$1137_Y[1]      1 0.7ms
                                                            $abc$2399$procmux$1131_Y[13]      1 0.7ms
                                                                    $0\acc_out[31:0][27]      1 0.7ms
                                                                        acc[26]$legal$67      1 0.6ms
                                                                         acc[3]$legal$15      1 0.6ms
                                                                        result_latch[11]      1 0.6ms
                                                                     $0\acc_out[31:0][7]      1 0.6ms
                                                                        acc[31]$legal$77      1 0.6ms
                                                                        acc[22]$legal$59      1 0.6ms
                                                                         acc[2]$legal$11      1 0.5ms
                                            $auto$alumacc.cc:512:replace_alu$1200.CO[19]      1 0.4ms
                                                             $abc$2399$procmux$1137_Y[6]      1 0.4ms
                                                                        acc[12]$legal$39      1 0.4ms
                                                                        acc[19]$legal$53      1 0.4ms
                                             $auto$alumacc.cc:512:replace_alu$1200.CO[3]      1 0.1ms
                                                                               valid_out      1 0.1ms
                                            $auto$alumacc.cc:512:replace_alu$1200.CO[11]      1 0.1ms
                                             $auto$alumacc.cc:512:replace_alu$1203.CO[2]      0 0.1ms
                                             $auto$alumacc.cc:512:replace_alu$1200.CO[7]      1 0.1ms
                                            $auto$alumacc.cc:512:replace_alu$1200.CO[18]      0 0.0ms
                                                                             acc_out[20]      1 0.0ms
                                             $auto$alumacc.cc:512:replace_alu$1206.CO[7]      1 0.0ms
                                      $auto$alumacc.cc:512:replace_alu$1200.X[1]$legal$5      1 0.0ms
                                                                              acc_out[2]      1 0.0ms
                                             $auto$alumacc.cc:512:replace_alu$1203.CO[3]      1 0.0ms
                                            $auto$alumacc.cc:512:replace_alu$1206.CO[11]      1 0.0ms
                                                                              acc_out[0]      1 0.0ms
                                                                       count[0]$legal$95      1 0.0ms
                                                                             acc_out[22]      1 0.0ms
                                              $auto$alumacc.cc:512:replace_alu$1206.X[1]      1 0.0ms
                                                                             acc_out[15]      1 0.0ms
                                             $auto$alumacc.cc:512:replace_alu$1203.CO[1]      0 0.0ms
                                            $auto$alumacc.cc:512:replace_alu$1200.CO[25]      0 0.0ms
                                                                     count[10]$legal$117      1 0.0ms
                                             $auto$alumacc.cc:512:replace_alu$1203.BB[2]      1 0.0ms
                                                                             acc_out[16]      1 0.0ms
                                      $auto$alumacc.cc:512:replace_alu$1200.X[0]$legal$1      1 0.0ms
                                            $auto$alumacc.cc:512:replace_alu$1206.CO[10]      0 0.0ms
                                            $auto$alumacc.cc:512:replace_alu$1200.CO[20]      0 0.0ms
                                             $auto$alumacc.cc:512:replace_alu$1203.BB[0]      1 0.0ms
                                             $auto$alumacc.cc:512:replace_alu$1206.CO[3]      1 0.0ms
                                             $auto$alumacc.cc:512:replace_alu$1206.CO[2]      0 0.0ms
                                             $auto$alumacc.cc:512:replace_alu$1200.CO[9]      0 0.0ms
                                     $auto$alumacc.cc:512:replace_alu$1200.X[3]$legal$13      1 0.0ms
                                                                              acc_out[8]      1 0.0ms
                                              $auto$alumacc.cc:512:replace_alu$1206.X[7]      1 0.0ms
                                             $auto$alumacc.cc:512:replace_alu$1206.CO[6]      0 0.0ms
                                                                             acc_out[28]      1 0.0ms
                                                                             acc_out[14]      1 0.0ms
                                                                              acc_out[9]      1 0.0ms
                                             $auto$alumacc.cc:512:replace_alu$1203.BB[4]      1 0.0ms
                                             $auto$alumacc.cc:512:replace_alu$1203.BB[6]      1 0.0ms
                                              $auto$alumacc.cc:512:replace_alu$1206.X[5]      1 0.0ms
                                     $auto$alumacc.cc:512:replace_alu$1200.X[5]$legal$21      1 0.0ms
                                             $auto$alumacc.cc:512:replace_alu$1206.X[15]      1 0.0ms
                                              $auto$alumacc.cc:512:replace_alu$1200.X[7]      1 0.0ms
                                                                             acc_out[29]      1 0.0ms
                                                                             acc_out[27]      1 0.0ms
                                                                             acc_out[21]      1 0.0ms
                                                                             acc_out[19]      1 0.0ms
                                                                             acc_out[18]      1 0.0ms
                                                                             acc_out[12]      1 0.0ms
                                                                              acc_out[7]      1 0.0ms
                                                                              acc_out[6]      1 0.0ms
                                                                              acc_out[1]      1 0.0ms
                                             $auto$alumacc.cc:512:replace_alu$1203.BB[5]      1 0.0ms
                                             $auto$alumacc.cc:512:replace_alu$1203.BB[1]      1 0.0ms
                                             $auto$alumacc.cc:512:replace_alu$1203.BB[3]      1 0.0ms
                                             $auto$alumacc.cc:512:replace_alu$1203.BB[7]      1 0.0ms
                                              $auto$alumacc.cc:512:replace_alu$1206.X[3]      1 0.0ms
                                              $auto$alumacc.cc:512:replace_alu$1206.X[9]      1 0.0ms
                                             $auto$alumacc.cc:512:replace_alu$1206.X[12]      1 0.0ms
                                             $auto$alumacc.cc:512:replace_alu$1206.X[13]      1 0.0ms
                                             $auto$alumacc.cc:512:replace_alu$1206.X[14]      1 0.0ms
                                             $auto$alumacc.cc:512:replace_alu$1200.X[20]      1 0.0ms
                                             $auto$alumacc.cc:512:replace_alu$1200.X[21]      1 0.0ms
                                              $auto$alumacc.cc:512:replace_alu$1200.X[8]      1 0.0ms
                                             $auto$alumacc.cc:512:replace_alu$1200.X[29]      1 0.0ms
                                             $auto$alumacc.cc:512:replace_alu$1200.X[25]      1 0.0ms
                                             $auto$alumacc.cc:512:replace_alu$1200.X[15]      1 0.0ms
                                             $auto$alumacc.cc:512:replace_alu$1200.X[16]      1 0.0ms
                                     $auto$alumacc.cc:512:replace_alu$1200.X[6]$legal$25      1 0.0ms
                                     $auto$alumacc.cc:512:replace_alu$1200.X[4]$legal$17      1 0.0ms
                                      $auto$alumacc.cc:512:replace_alu$1200.X[2]$legal$9      1 0.0ms
                                                                         $PACKER_VCC_NET     62 0.0ms
                                                                         $PACKER_GND_NET      8 0.0ms
                                                                             acc_out[31]      1 0.0ms
                                                                             acc_out[26]      1 0.0ms
                                                                             acc_out[25]      1 0.0ms
                                                                             acc_out[24]      1 0.0ms
                                                                             acc_out[23]      1 0.0ms
                                                                             acc_out[11]      1 0.0ms
                                                                             acc_out[10]      1 0.0ms
                                                                              acc_out[5]      1 0.0ms
                                                                              acc_out[4]      1 0.0ms
                                                                              acc_out[3]      1 0.0ms
                                            $auto$alumacc.cc:512:replace_alu$1206.CO[15]      0 0.0ms
                                            $auto$alumacc.cc:512:replace_alu$1206.CO[14]      0 0.0ms
                                            $auto$alumacc.cc:512:replace_alu$1206.CO[13]      0 0.0ms
                                            $auto$alumacc.cc:512:replace_alu$1206.CO[12]      0 0.0ms
                                             $auto$alumacc.cc:512:replace_alu$1206.CO[9]      0 0.0ms
                                             $auto$alumacc.cc:512:replace_alu$1206.CO[8]      0 0.0ms
                                             $auto$alumacc.cc:512:replace_alu$1206.CO[5]      0 0.0ms
                                             $auto$alumacc.cc:512:replace_alu$1206.CO[4]      0 0.0ms
                                             $auto$alumacc.cc:512:replace_alu$1206.CO[1]      0 0.0ms
                                             $auto$alumacc.cc:512:replace_alu$1206.CO[0]      0 0.0ms
                                             $auto$alumacc.cc:512:replace_alu$1203.CO[7]      0 0.0ms
                                             $auto$alumacc.cc:512:replace_alu$1203.CO[6]      0 0.0ms
                                             $auto$alumacc.cc:512:replace_alu$1203.CO[5]      0 0.0ms
                                             $auto$alumacc.cc:512:replace_alu$1203.CO[4]      0 0.0ms
                                             $auto$alumacc.cc:512:replace_alu$1203.CO[0]      0 0.0ms
                                            $auto$alumacc.cc:512:replace_alu$1200.CO[31]      0 0.0ms
                                            $auto$alumacc.cc:512:replace_alu$1200.CO[30]      0 0.0ms
                                            $auto$alumacc.cc:512:replace_alu$1200.CO[29]      0 0.0ms
                                            $auto$alumacc.cc:512:replace_alu$1200.CO[28]      0 0.0ms
                                            $auto$alumacc.cc:512:replace_alu$1200.CO[26]      0 0.0ms
                                            $auto$alumacc.cc:512:replace_alu$1200.CO[24]      0 0.0ms
                                            $auto$alumacc.cc:512:replace_alu$1200.CO[22]      0 0.0ms
                                            $auto$alumacc.cc:512:replace_alu$1200.CO[21]      0 0.0ms
                                            $auto$alumacc.cc:512:replace_alu$1200.CO[17]      0 0.0ms
                                            $auto$alumacc.cc:512:replace_alu$1200.CO[16]      0 0.0ms
                                            $auto$alumacc.cc:512:replace_alu$1200.CO[14]      0 0.0ms
                                            $auto$alumacc.cc:512:replace_alu$1200.CO[13]      0 0.0ms
                                            $auto$alumacc.cc:512:replace_alu$1200.CO[12]      0 0.0ms
                                            $auto$alumacc.cc:512:replace_alu$1200.CO[10]      0 0.0ms
                                             $auto$alumacc.cc:512:replace_alu$1200.CO[8]      0 0.0ms
                                             $auto$alumacc.cc:512:replace_alu$1200.CO[6]      0 0.0ms
                                             $auto$alumacc.cc:512:replace_alu$1200.CO[5]      0 0.0ms
                                             $auto$alumacc.cc:512:replace_alu$1200.CO[4]      0 0.0ms
                                             $auto$alumacc.cc:512:replace_alu$1200.CO[2]      0 0.0ms
                                             $auto$alumacc.cc:512:replace_alu$1200.CO[1]      0 0.0ms
                                             $auto$alumacc.cc:512:replace_alu$1200.CO[0]      0 0.0ms
                                              $auto$alumacc.cc:512:replace_alu$1206.X[2]      1 0.0ms
                                              $auto$alumacc.cc:512:replace_alu$1206.X[4]      1 0.0ms
                                              $auto$alumacc.cc:512:replace_alu$1206.X[6]      1 0.0ms
                                              $auto$alumacc.cc:512:replace_alu$1206.X[8]      1 0.0ms
                                             $auto$alumacc.cc:512:replace_alu$1206.X[10]      1 0.0ms
                                             $auto$alumacc.cc:512:replace_alu$1206.X[11]      1 0.0ms
                                             $auto$alumacc.cc:512:replace_alu$1200.X[28]      1 0.0ms
                                             $auto$alumacc.cc:512:replace_alu$1200.X[19]      1 0.0ms
                                             $auto$alumacc.cc:512:replace_alu$1200.X[23]      1 0.0ms
                                             $auto$alumacc.cc:512:replace_alu$1200.X[18]      1 0.0ms
                                             $auto$alumacc.cc:512:replace_alu$1200.X[17]      1 0.0ms
                                             $auto$alumacc.cc:512:replace_alu$1200.X[22]      1 0.0ms
                                                                           activation[0]      2 0.0ms
                                             $auto$alumacc.cc:512:replace_alu$1200.X[27]      1 0.0ms
                                             $auto$alumacc.cc:512:replace_alu$1200.X[30]      1 0.0ms
                                             $auto$alumacc.cc:512:replace_alu$1200.X[26]      1 0.0ms
                                             $auto$alumacc.cc:512:replace_alu$1200.X[24]      1 0.0ms
                                                                           activation[1]      2 0.0ms
                                                                           activation[2]      2 0.0ms
                                             $auto$alumacc.cc:512:replace_alu$1200.X[31]      1 0.0ms
                                                                           activation[3]      2 0.0ms
                                                                           activation[4]      2 0.0ms
                                                                           activation[5]      2 0.0ms
                                                                           activation[6]      2 0.0ms
                                              $auto$alumacc.cc:512:replace_alu$1200.X[9]      1 0.0ms
                                             $auto$alumacc.cc:512:replace_alu$1200.X[10]      1 0.0ms
                                             $auto$alumacc.cc:512:replace_alu$1200.X[11]      1 0.0ms
                                             $auto$alumacc.cc:512:replace_alu$1200.X[12]      1 0.0ms
                                             $auto$alumacc.cc:512:replace_alu$1200.X[13]      1 0.0ms
                                             $auto$alumacc.cc:512:replace_alu$1200.X[14]      1 0.0ms
                                                                           weight_enc[1]      2 0.0ms
                                                                           activation[7]      2 0.0ms
                                                                           weight_enc[0]      2 0.0ms
                                                                                valid_in      2 0.0ms
                                                                                   rst_n      2 0.0ms
                                                                                     clk      2 0.0ms
Info: Router2 time 940.73s
Info: Routing $PACKER_VCC_NET connections...
Info:     $PACKER_VCC_NET: 62/62 sinks bridged (0 left to main router; max BFS 26)
Info: Routing $PACKER_GND_NET connections...
Info:     $PACKER_GND_NET: 8/8 sinks bridged (0 left to main router; max BFS 128)
Info: Running post-routing legalisation...

Info: Critical path report for clock '$auto$clkbufmap.cc:294:execute$3033' (posedge -> posedge):
Info: curr total
Info:  0.1  0.1  Source $auto$ff.cc:337:slice$1650.Q
Info:  5.5  5.6    Net valid_out$auto$IOBUF_I$ budget 0.000000 ns (14,136) -> (250,136)
Info:                Sink $abc$2399$auto$blifparse.cc:557:parse_blif$2510.A2
Info:  0.1  5.7  Source $abc$2399$auto$blifparse.cc:557:parse_blif$2510.O6
Info:  4.5 10.2    Net $techmap2925$abc$2399$auto$blifparse.cc:557:parse_blif$2511.A[4] budget 0.000000 ns (250,136) -> (13,136)
Info:                Sink $abc$2399$auto$blifparse.cc:557:parse_blif$2511.A5
Info:  0.1 10.4  Source $abc$2399$auto$blifparse.cc:557:parse_blif$2511.O6
Info:  4.4 14.7    Net $abc$2399$auto$opt_dff.cc:336:make_patterns_logic$1193 budget 3.184000 ns (13,136) -> (201,123)
Info:                Sink $auto$ff.cc:337:slice$1734.CE
Info:  0.1 14.8  Setup $auto$ff.cc:337:slice$1734.CE
Info: 0.4 ns logic, 14.4 ns routing

Info: Max frequency for clock '$auto$clkbufmap.cc:294:execute$3033': 67.48 MHz (FAIL at 100.00 MHz)

Info: Slack histogram:
Info:  legend: * represents 1 endpoint(s)
Info:          + represents [1,1) endpoint(s)
Info: [ -4820,  -4132) |******** 
Info: [ -4132,  -3444) |* 
Info: [ -3444,  -2756) | 
Info: [ -2756,  -2068) |******* 
Info: [ -2068,  -1380) |************************************* 
Info: [ -1380,   -692) |*********************** 
Info: [  -692,     -4) |***** 
Info: [    -4,    684) | 
Info: [   684,   1372) | 
Info: [  1372,   2060) |***** 
Info: [  2060,   2748) |** 
Info: [  2748,   3436) |*** 
Info: [  3436,   4124) |***************** 
Info: [  4124,   4812) |***************** 
Info: [  4812,   5500) |******************** 
Info: [  5500,   6188) |********* 
Info: [  6188,   6876) |*** 
Info: [  6876,   7564) |************ 
Info: [  7564,   8252) |************** 
Info: [  8252,   8940) |************ 
Info: Report written to runs/ternary_s7.report.json.
