Info: Packing constants..
Info: Inserting IO buffers..
Info:     Constraining 'clk' to site 'IOB_X0Y174'
Info:     Tile 'LIOB33_X0Y173'
Info:     Constraining 'rst_n' to site 'IOB_X0Y176'
Info:     Tile 'LIOB33_X0Y175'
Info:     Constraining 'valid_in' to site 'IOB_X0Y180'
Info:     Tile 'LIOB33_X0Y179'
Info:     Constraining 'valid_out' to site 'IOB_X0Y164'
Info:     Tile 'LIOB33_X0Y163'
Info:     Constraining 'weight_enc[0]' to site 'IOB_X0Y179'
Info:     Tile 'LIOB33_X0Y179'
Info:     Constraining 'activation[7]' to site 'IOB_X0Y185'
Info:     Tile 'LIOB33_X0Y185'
Info:     Constraining 'weight_enc[1]' to site 'IOB_X0Y182'
Info:     Tile 'LIOB33_X0Y181'
Info:     Constraining 'activation[6]' to site 'IOB_X0Y186'
Info:     Tile 'LIOB33_X0Y185'
Info:     Constraining 'activation[5]' to site 'IOB_X0Y183'
Info:     Tile 'LIOB33_X0Y183'
Info:     Constraining 'activation[4]' to site 'IOB_X0Y157'
Info:     Tile 'LIOB33_X0Y157'
Info:     Constraining 'activation[3]' to site 'IOB_X0Y167'
Info:     Tile 'LIOB33_X0Y167'
Info:     Constraining 'activation[2]' to site 'IOB_X0Y165'
Info:     Tile 'LIOB33_X0Y165'
Info:     Constraining 'activation[1]' to site 'IOB_X0Y166'
Info:     Tile 'LIOB33_X0Y165'
Info:     Constraining 'activation[0]' to site 'IOB_X0Y181'
Info:     Tile 'LIOB33_X0Y181'
Info:     Constraining 'acc_out[0]' to site 'IOB_X0Y178'
Info:     Tile 'LIOB33_X0Y177'
Info:     Constraining 'acc_out[1]' to site 'IOB_X0Y177'
Info:     Tile 'LIOB33_X0Y177'
Info:     Constraining 'acc_out[2]' to site 'IOB_X0Y168'
Info:     Tile 'LIOB33_X0Y167'
Info:     Constraining 'acc_out[3]' to site 'IOB_X0Y158'
Info:     Tile 'LIOB33_X0Y157'
Info:     Constraining 'acc_out[4]' to site 'IOB_X0Y159'
Info:     Tile 'LIOB33_X0Y159'
Info:     Constraining 'acc_out[5]' to site 'IOB_X0Y184'
Info:     Tile 'LIOB33_X0Y183'
Info:     Constraining 'acc_out[6]' to site 'IOB_X0Y194'
Info:     Tile 'LIOB33_X0Y193'
Info:     Constraining 'acc_out[7]' to site 'IOB_X0Y193'
Info:     Tile 'LIOB33_X0Y193'
Info:     Constraining 'acc_out[8]' to site 'IOB_X0Y175'
Info:     Tile 'LIOB33_X0Y175'
Info:     Constraining 'acc_out[9]' to site 'IOB_X0Y173'
Info:     Tile 'LIOB33_X0Y173'
Info:     Constraining 'acc_out[10]' to site 'IOB_X0Y161'
Info:     Tile 'LIOB33_X0Y161'
Info:     Constraining 'acc_out[11]' to site 'IOB_X0Y160'
Info:     Tile 'LIOB33_X0Y159'
Info:     Constraining 'acc_out[12]' to site 'IOB_X0Y188'
Info:     Tile 'LIOB33_X0Y187'
Info:     Constraining 'acc_out[13]' to site 'IOB_X0Y187'
Info:     Tile 'LIOB33_X0Y187'
Info:     Constraining 'acc_out[14]' to site 'IOB_X0Y189'
Info:     Tile 'LIOB33_X0Y189'
Info:     Constraining 'acc_out[15]' to site 'IOB_X0Y171'
Info:     Tile 'LIOB33_X0Y171'
Info:     Constraining 'acc_out[16]' to site 'IOB_X0Y162'
Info:     Tile 'LIOB33_X0Y161'
Info:     Constraining 'acc_out[17]' to site 'IOB_X0Y153'
Info:     Tile 'LIOB33_X0Y153'
Info:     Constraining 'acc_out[18]' to site 'IOB_X0Y155'
Info:     Tile 'LIOB33_X0Y155'
Info:     Constraining 'acc_out[19]' to site 'IOB_X0Y192'
Info:     Tile 'LIOB33_X0Y191'
Info:     Constraining 'acc_out[20]' to site 'IOB_X0Y191'
Info:     Tile 'LIOB33_X0Y191'
Info:     Constraining 'acc_out[21]' to site 'IOB_X0Y190'
Info:     Tile 'LIOB33_X0Y189'
Info:     Constraining 'acc_out[22]' to site 'IOB_X0Y195'
Info:     Tile 'LIOB33_X0Y195'
Info:     Constraining 'acc_out[23]' to site 'IOB_X0Y169'
Info:     Tile 'LIOB33_X0Y169'
Info:     Constraining 'acc_out[24]' to site 'IOB_X0Y172'
Info:     Tile 'LIOB33_X0Y171'
Info:     Constraining 'acc_out[25]' to site 'IOB_X0Y154'
Info:     Tile 'LIOB33_X0Y153'
Info:     Constraining 'acc_out[26]' to site 'IOB_X0Y156'
Info:     Tile 'LIOB33_X0Y155'
Info:     Constraining 'acc_out[27]' to site 'IOB_X0Y198'
Info:     Tile 'LIOB33_X0Y197'
Info:     Constraining 'acc_out[28]' to site 'IOB_X0Y197'
Info:     Tile 'LIOB33_X0Y197'
Info:     Constraining 'acc_out[29]' to site 'IOB_X0Y199'
Info:     Tile 'LIOB33_SING_X0Y199'
Info:     Constraining 'acc_out[30]' to site 'IOB_X0Y196'
Info:     Tile 'LIOB33_X0Y195'
Info:     Constraining 'acc_out[31]' to site 'IOB_X0Y170'
Info:     Tile 'LIOB33_X0Y169'
Info: Generating input buffer for 'clk$ibuf$'
Info: Generating input buffer for 'rst_n$ibuf$'
Info: Generating input buffer for 'valid_in$ibuf$'
Info: Generating output buffer for 'valid_out$obuf$'
Info: Generating input buffer for 'weight_enc[0]$ibuf$'
Info: Generating input buffer for 'activation[7]$ibuf$'
Info: Generating input buffer for 'weight_enc[1]$ibuf$'
Info: Generating input buffer for 'activation[6]$ibuf$'
Info: Generating input buffer for 'activation[5]$ibuf$'
Info: Generating input buffer for 'activation[4]$ibuf$'
Info: Generating input buffer for 'activation[3]$ibuf$'
Info: Generating input buffer for 'activation[2]$ibuf$'
Info: Generating input buffer for 'activation[1]$ibuf$'
Info: Generating input buffer for 'activation[0]$ibuf$'
Info: Generating output buffer for 'acc_out[0]$obuf$'
Info: Generating output buffer for 'acc_out[1]$obuf$'
Info: Generating output buffer for 'acc_out[2]$obuf$'
Info: Generating output buffer for 'acc_out[3]$obuf$'
Info: Generating output buffer for 'acc_out[4]$obuf$'
Info: Generating output buffer for 'acc_out[5]$obuf$'
Info: Generating output buffer for 'acc_out[6]$obuf$'
Info: Generating output buffer for 'acc_out[7]$obuf$'
Info: Generating output buffer for 'acc_out[8]$obuf$'
Info: Generating output buffer for 'acc_out[9]$obuf$'
Info: Generating output buffer for 'acc_out[10]$obuf$'
Info: Generating output buffer for 'acc_out[11]$obuf$'
Info: Generating output buffer for 'acc_out[12]$obuf$'
Info: Generating output buffer for 'acc_out[13]$obuf$'
Info: Generating output buffer for 'acc_out[14]$obuf$'
Info: Generating output buffer for 'acc_out[15]$obuf$'
Info: Generating output buffer for 'acc_out[16]$obuf$'
Info: Generating output buffer for 'acc_out[17]$obuf$'
Info: Generating output buffer for 'acc_out[18]$obuf$'
Info: Generating output buffer for 'acc_out[19]$obuf$'
Info: Generating output buffer for 'acc_out[20]$obuf$'
Info: Generating output buffer for 'acc_out[21]$obuf$'
Info: Generating output buffer for 'acc_out[22]$obuf$'
Info: Generating output buffer for 'acc_out[23]$obuf$'
Info: Generating output buffer for 'acc_out[24]$obuf$'
Info: Generating output buffer for 'acc_out[25]$obuf$'
Info: Generating output buffer for 'acc_out[26]$obuf$'
Info: Generating output buffer for 'acc_out[27]$obuf$'
Info: Generating output buffer for 'acc_out[28]$obuf$'
Info: Generating output buffer for 'acc_out[29]$obuf$'
Info: Generating output buffer for 'acc_out[30]$obuf$'
Info: Generating output buffer for 'acc_out[31]$obuf$'
Info:     Created 46 PAD cells from:
Info:             46x PAD
Info: Preparing clocking...
Info: Packing constants..
Info: Packing cfg...
Info: Packing PLLs...
Info: Packing Gigabit Transceivers..
Info: Packing global buffers...
Info:     Constrained BUFGCTRL '$auto$clkbufmap.cc:261:execute$3031' to bel 'BUFGCTRL_X0Y16/BUFGCTRL' based on dedicated routing
Info: Packing MUX[789]s..
Info: Packing carries (atomic CARRY4)..
Info:    Packed 14 CARRY4 cells into 3 chains (atomic).
Info: router2 PRECYINIT fix: 14 CARRY4 cells, 17 constant carry pins disconnected
Info: Packing LUTs..
Info:     Created 321 SLICE_LUTX cells from:
Info:            201x LUT1
Info:             57x LUT2
Info:              1x LUT3
Info:              6x LUT4
Info:             56x LUT5
Info: Packing DRAM..
Info:    Transformed 0 tied-low DRAM address inputs to be tied-high
Info: Packing BRAM..
Info: Packing DSPs..
Info: Packing flipflops..
Info:     Created 114 SLICE_FFX cells from:
Info:            113x FDCE
Info:              1x FDPE
Info:     local-const FF control: disconnected 0 SR(=GND) + 33 CE(=VCC) pins from global nets
Info: Constrained 81 LUTFF pairs.

Info: Annotating ports with timing budgets for target frequency 100.00 MHz
Info: Checksum: 0xdf17959f

Info: Device utilisation:
Info: 	          SLICE_LUTX:   321/126800     0%
Info: 	           SLICE_FFX:   114/126800     0%
Info: 	              CARRY4:    14/15850     0%
Info: 	          PSEUDO_GND:     1/30932     0%
Info: 	          PSEUDO_VCC:     1/30932     0%
Info: 	               HARD0:     0/ 2376     0%
Info: 	            RAMB18E1:     0/  270     0%
Info: 	            FIFO18E1:     0/  135     0%
Info: 	        RAMBFIFO36E1:     0/  135     0%
Info: 	            RAMB36E1:     0/  135     0%
Info: 	             DSP48E1:     0/  240     0%
Info: 	                 PAD:    46/  630     7%
Info: 	       IOB33M_OUTBUF:     0/  144     0%
Info: 	       IOB33S_OUTBUF:     0/  144     0%
Info: 	        IOB33_OUTBUF:    33/  300    11%
Info: 	     IOB33M_INBUF_EN:     0/  144     0%
Info: 	     IOB33S_INBUF_EN:     0/  144     0%
Info: 	      IOB33_INBUF_EN:    13/  300     4%
Info: 	IOB33M_TERM_OVERRIDE:     0/  144     0%
Info: 	IOB33S_TERM_OVERRIDE:     0/  144     0%
Info: 	 IOB33_TERM_OVERRIDE:     0/  300     0%
Info: 	       PULL_OR_KEEP1:     0/  588     0%
Info: 	            IDELAYE2:     0/  300     0%
Info: 	        OLOGICE3_TFF:     0/  300     0%
Info: 	      OLOGICE3_OUTFF:     0/  300     0%
Info: 	       OLOGICE3_MISR:     0/  300     0%
Info: 	           OSERDESE2:     0/  300     0%
Info: 	        ILOGICE3_IFF:     0/  300     0%
Info: 	ILOGICE3_ZHOLD_DELAY:     0/  300     0%
Info: 	           ISERDESE2:     0/  300     0%
Info: 	                BUFR:     0/   24     0%
Info: 	               BUFIO:     0/   24     0%
Info: 	          IDELAYCTRL:     0/    6     0%
Info: 	            BUFGCTRL:     1/   32     3%
Info: 	            PCIE_2_1:     0/    1     0%
Info: 	               BSCAN:     0/    4     0%
Info: 	                BUFG:     0/   32     0%
Info: 	              BUFHCE:     0/   96     0%
Info: 	            DCIRESET:     0/    1     0%
Info: 	            DNA_PORT:     0/    1     0%
Info: 	           EFUSE_USR:     0/    1     0%
Info: 	           FRAME_ECC:     0/    1     0%
Info: 	       GTPE2_CHANNEL:     0/    8     0%
Info: 	        GTPE2_COMMON:     0/    2     0%
Info: 	         IBUFDS_GTE2:     0/    4     0%
Info: 	                ICAP:     0/    2     0%
Info: 	            INVERTER:     0/  144     0%
Info: 	          MMCME2_ADV:     0/    6     0%
Info: 	        OLOGICE2_TFF:     0/  300     0%
Info: 	      OLOGICE2_OUTFF:     0/  300     0%
Info: 	           PLLE2_ADV:     0/    6     0%
Info: 	           SELMUX2_1:     0/48750     0%
Info: 	             STARTUP:     0/    1     0%
Info: 	          USR_ACCESS:     0/    1     0%
Info: 	              BUFFER:     0/   42     0%
Info: 	        ILOGICE2_IFF:     0/  300     0%
Info: 	       OLOGICE2_MISR:     0/  300     0%

Info: HeAP congestion knobs: beta=0.400 spread_scale=2,1 alpha=0.080
Info: Placed 93 cells based on constraints.
Info: Creating initial analytic placement for 244 cells, random placement wirelen = 66759.
Info:     at initial placer iter 0, wirelen = 2158
Info:     at initial placer iter 1, wirelen = 2024
Info:     at initial placer iter 2, wirelen = 2052
Info:     at initial placer iter 3, wirelen = 2062
Info: Running main analytical placer.
Info:     at iteration #1, type ALL: wirelen solved = 2062, spread = 10769, legal = 9095; time = 0.01s
Info:     at iteration #2, type ALL: wirelen solved = 2371, spread = 5664, legal = 5925; time = 0.01s
Info:     at iteration #3, type ALL: wirelen solved = 2493, spread = 6151, legal = 6466; time = 0.01s
Info:     at iteration #4, type ALL: wirelen solved = 2754, spread = 6430, legal = 6781; time = 0.01s
Info:     at iteration #5, type ALL: wirelen solved = 2987, spread = 6054, legal = 5887; time = 0.01s
Info:     at iteration #6, type ALL: wirelen solved = 3105, spread = 5676, legal = 5646; time = 0.01s
Info:     at iteration #7, type ALL: wirelen solved = 3079, spread = 5746, legal = 5927; time = 0.01s
Info:     at iteration #8, type ALL: wirelen solved = 3178, spread = 5601, legal = 5550; time = 0.01s
Info:     at iteration #9, type ALL: wirelen solved = 3252, spread = 5649, legal = 5454; time = 0.01s
Info:     at iteration #10, type ALL: wirelen solved = 3303, spread = 5683, legal = 5573; time = 0.01s
Info:     at iteration #11, type ALL: wirelen solved = 3406, spread = 5403, legal = 5607; time = 0.01s
Info:     at iteration #12, type ALL: wirelen solved = 3339, spread = 5516, legal = 5606; time = 0.01s
Info:     at iteration #13, type ALL: wirelen solved = 3578, spread = 5103, legal = 5277; time = 0.01s
Info:     at iteration #14, type ALL: wirelen solved = 3455, spread = 5000, legal = 5362; time = 0.01s
Info:     at iteration #15, type ALL: wirelen solved = 3443, spread = 5207, legal = 5341; time = 0.01s
Info:     at iteration #16, type ALL: wirelen solved = 3520, spread = 6983, legal = 6837; time = 0.01s
Info:     at iteration #17, type ALL: wirelen solved = 3970, spread = 5585, legal = 5953; time = 0.01s
Info:     at iteration #18, type ALL: wirelen solved = 4022, spread = 5722, legal = 5879; time = 0.01s
Info: HeAP Placer Time: 0.21s
Info:   of which solving equations: 0.06s
Info:   of which spreading cells: 0.04s
Info:   of which strict legalisation: 0.03s

Info: Running simulated annealing placer for refinement.
Info:   at iteration #1: temp = 0.000000, timing cost = 37, wirelen = 5277
Info:   at iteration #5: temp = 0.000000, timing cost = 36, wirelen = 4764
Info:   at iteration #8: temp = 0.000000, timing cost = 36, wirelen = 4745 
Info: SA placement time 0.03s

Info: Max frequency for clock '$auto$clkbufmap.cc:294:execute$3033': 109.94 MHz (PASS at 100.00 MHz)

Info: Slack histogram:
Info:  legend: * represents 1 endpoint(s)
Info:          + represents [1,1) endpoint(s)
Info: [   904,   1310) |******* 
Info: [  1310,   1716) |****** 
Info: [  1716,   2122) |**** 
Info: [  2122,   2528) |**** 
Info: [  2528,   2934) |********* 
Info: [  2934,   3340) |* 
Info: [  3340,   3746) |****** 
Info: [  3746,   4152) |**** 
Info: [  4152,   4558) |***** 
Info: [  4558,   4964) |******* 
Info: [  4964,   5370) |************** 
Info: [  5370,   5776) |******************** 
Info: [  5776,   6182) |************* 
Info: [  6182,   6588) |*** 
Info: [  6588,   6994) |******************************** 
Info: [  6994,   7400) |************** 
Info: [  7400,   7806) |***************** 
Info: [  7806,   8212) |*********** 
Info: [  8212,   8618) |************ 
Info: [  8618,   9024) |****** 
Info: Checksum: 0xe2018cdc
Info: Running post-placement legalisation...
Info: post-place repair: relocated 136 stranded cluster(s)/cell(s) to valid bels
Info: Routing global clocks...
Info:     routing clock '$auto$clkbufmap.cc:294:execute$3033'
Info:     routing clock 'clk$auto$IOBUF_O$'
Info: Running router2...
Info: Setting up routing resources...
Info: Running main router loop...
Info:     iter=1 wires=6451 overused=115 overuse=118 archfail=NA
Info:     iter=2 wires=6549 overused=0 overuse=0 archfail=0
Info: 1000 slowest nets by runtime:
                        $techmap2925$abc$2399$auto$blifparse.cc:557:parse_blif$2511.A[4]     50 60.7ms
                        $techmap2917$abc$2399$auto$blifparse.cc:557:parse_blif$2518.A[3]     50 60.5ms
                                                                     rst_n$auto$IOBUF_O$    114 56.0ms
                        $techmap2917$abc$2399$auto$blifparse.cc:557:parse_blif$2518.A[0]     50 40.9ms
                        $techmap2917$abc$2399$auto$blifparse.cc:557:parse_blif$2518.A[1]     50 35.0ms
                        $techmap2917$abc$2399$auto$blifparse.cc:557:parse_blif$2518.A[2]     50 26.9ms
                                                                 valid_out$auto$IOBUF_I$     35 24.3ms
                                  $abc$2399$auto$opt_dff.cc:336:make_patterns_logic$1193     32 21.6ms
                                                                acc_out[3]$auto$IOBUF_I$      1 19.9ms
                                                               acc_out[25]$auto$IOBUF_I$      1 19.1ms
                                                               acc_out[17]$auto$IOBUF_I$      1 11.4ms
                                                                acc_out[1]$auto$IOBUF_I$      1 10.9ms
                                                               acc_out[31]$auto$IOBUF_I$      1 10.9ms
                                                               acc_out[26]$auto$IOBUF_I$      1 10.7ms
                                                               acc_out[20]$auto$IOBUF_I$      1 10.5ms
                                                                acc_out[2]$auto$IOBUF_I$      1 9.4ms
                                                               acc_out[12]$auto$IOBUF_I$      1 9.3ms
                                                                acc_out[9]$auto$IOBUF_I$      1 9.2ms
                                                               acc_out[11]$auto$IOBUF_I$      1 9.2ms
                                                               acc_out[15]$auto$IOBUF_I$      1 8.5ms
                                                               acc_out[24]$auto$IOBUF_I$      1 8.4ms
                                                               acc_out[23]$auto$IOBUF_I$      1 8.2ms
                                                                acc_out[8]$auto$IOBUF_I$      1 8.1ms
                                                               acc_out[14]$auto$IOBUF_I$      1 8.0ms
                                                               acc_out[13]$auto$IOBUF_I$      1 7.9ms
                                                               acc_out[16]$auto$IOBUF_I$      1 7.9ms
                                                               acc_out[10]$auto$IOBUF_I$      1 7.7ms
                                                                acc_out[4]$auto$IOBUF_I$      1 7.5ms
                                                                acc_out[6]$auto$IOBUF_I$      1 7.4ms
                                                               acc_out[30]$auto$IOBUF_I$      1 7.1ms
                                                               acc_out[18]$auto$IOBUF_I$      1 7.1ms
                                                                acc_out[5]$auto$IOBUF_I$      1 6.7ms
                                                                acc_out[0]$auto$IOBUF_I$      1 6.7ms
                                                                acc_out[7]$auto$IOBUF_I$      1 6.5ms
                                                               acc_out[19]$auto$IOBUF_I$      1 5.5ms
                                                               acc_out[22]$auto$IOBUF_I$      1 5.3ms
                                                               acc_out[28]$auto$IOBUF_I$      1 5.1ms
                                                             weight_enc[0]$auto$IOBUF_O$      8 4.8ms
                                                               acc_out[27]$auto$IOBUF_I$      1 4.7ms
                                                               acc_out[21]$auto$IOBUF_I$      1 4.5ms
                                             $auto$alumacc.cc:512:replace_alu$1200.Y[17]      2 3.0ms
                                                               acc_out[29]$auto$IOBUF_I$      1 3.0ms
                                             $auto$alumacc.cc:512:replace_alu$1200.Y[30]      2 2.9ms
                        $techmap2912$abc$2399$auto$blifparse.cc:557:parse_blif$2519.A[0]     25 2.9ms
                                                             activation[6]$auto$IOBUF_O$      2 2.8ms
                                             $auto$alumacc.cc:512:replace_alu$1200.Y[25]      2 2.7ms
                                               $abc$2399$auto$rtlil.cc:3501:NotGate$2274      1 2.7ms
                                               $abc$2399$auto$rtlil.cc:3501:NotGate$2368      1 2.5ms
                                                             weight_enc[1]$auto$IOBUF_O$      8 2.4ms
                                               $abc$2399$auto$rtlil.cc:3501:NotGate$2398      1 2.2ms
                                             $auto$alumacc.cc:512:replace_alu$1200.Y[24]      2 2.2ms
                                               $abc$2399$auto$rtlil.cc:3501:NotGate$2332      1 2.1ms
                                              $auto$alumacc.cc:512:replace_alu$1200.Y[2]      2 2.1ms
                                               $abc$2399$auto$rtlil.cc:3501:NotGate$2276      1 2.0ms
                                               $abc$2399$auto$rtlil.cc:3501:NotGate$2390      1 1.9ms
                                               $abc$2399$auto$rtlil.cc:3501:NotGate$2256      1 1.9ms
                                               $abc$2399$auto$rtlil.cc:3501:NotGate$2302      1 1.8ms
                                              $auto$alumacc.cc:512:replace_alu$1200.Y[7]      2 1.7ms
                                               $abc$2399$auto$rtlil.cc:3501:NotGate$2298      1 1.7ms
                                               $abc$2399$auto$rtlil.cc:3501:NotGate$2254      1 1.7ms
                                             $auto$alumacc.cc:512:replace_alu$1200.Y[22]      2 1.7ms
                                                                                  acc[1]      2 1.6ms
                                                                                  acc[6]      2 1.6ms
                                               $abc$2399$auto$rtlil.cc:3501:NotGate$2300      1 1.6ms
                                               $abc$2399$auto$rtlil.cc:3501:NotGate$2394      1 1.6ms
                                               $abc$2399$auto$rtlil.cc:3501:NotGate$2378      1 1.5ms
                                               $abc$2399$auto$rtlil.cc:3501:NotGate$2306      1 1.5ms
                                               $abc$2399$auto$rtlil.cc:3501:NotGate$2326      1 1.4ms
                                               $abc$2399$auto$rtlil.cc:3501:NotGate$2242      1 1.4ms
                                               $abc$2399$auto$rtlil.cc:3501:NotGate$2284      1 1.4ms
                                               $abc$2399$auto$rtlil.cc:3501:NotGate$2360      1 1.4ms
                                               $abc$2399$auto$rtlil.cc:3501:NotGate$2230      1 1.4ms
                                               $abc$2399$auto$rtlil.cc:3501:NotGate$2250      1 1.4ms
                                              $auto$alumacc.cc:512:replace_alu$1206.Y[1]      1 1.4ms
                                               $abc$2399$auto$rtlil.cc:3501:NotGate$2308      1 1.4ms
                                               $abc$2399$auto$rtlil.cc:3501:NotGate$2344      1 1.4ms
                                              $auto$alumacc.cc:512:replace_alu$1200.Y[8]      2 1.4ms
                                               $abc$2399$auto$rtlil.cc:3501:NotGate$2336      1 1.4ms
                                               $abc$2399$auto$rtlil.cc:3501:NotGate$2296      1 1.3ms
                                               $abc$2399$auto$rtlil.cc:3501:NotGate$2310      1 1.3ms
                                             $auto$alumacc.cc:512:replace_alu$1200.Y[29]      2 1.3ms
                                               $abc$2399$auto$rtlil.cc:3501:NotGate$2192      1 1.3ms
                                               $abc$2399$auto$rtlil.cc:3501:NotGate$2312      1 1.3ms
                                             $auto$alumacc.cc:512:replace_alu$1200.Y[14]      2 1.3ms
                                               $abc$2399$auto$rtlil.cc:3501:NotGate$2346      1 1.3ms
                                               $abc$2399$auto$rtlil.cc:3501:NotGate$2322      1 1.3ms
                                               $abc$2399$auto$rtlil.cc:3501:NotGate$2262      1 1.3ms
                                               $abc$2399$auto$rtlil.cc:3501:NotGate$2364      1 1.3ms
                                                                                count[7]      3 1.3ms
                                               $abc$2399$auto$rtlil.cc:3501:NotGate$2376      1 1.3ms
                                              $auto$alumacc.cc:512:replace_alu$1200.Y[4]      2 1.3ms
                                               $abc$2399$auto$rtlil.cc:3501:NotGate$2334      1 1.3ms
                                               $abc$2399$auto$rtlil.cc:3501:NotGate$2372      1 1.3ms
                                               $abc$2399$auto$rtlil.cc:3501:NotGate$2304      1 1.3ms
                                               $abc$2399$auto$rtlil.cc:3501:NotGate$2316      1 1.3ms
                                               $abc$2399$auto$rtlil.cc:3501:NotGate$2290      1 1.3ms
                                               $abc$2399$auto$rtlil.cc:3501:NotGate$2318      1 1.2ms
                                                             activation[0]$auto$IOBUF_O$      2 1.2ms
                                                                                  acc[5]      2 1.2ms
                                               $abc$2399$auto$rtlil.cc:3501:NotGate$2370      1 1.2ms
                                               $abc$2399$auto$rtlil.cc:3501:NotGate$2358      1 1.2ms
                                               $abc$2399$auto$rtlil.cc:3501:NotGate$2362      1 1.2ms
                                                                               count[14]      3 1.2ms
                                               $abc$2399$auto$rtlil.cc:3501:NotGate$2320      1 1.2ms
                                             $auto$alumacc.cc:512:replace_alu$1200.Y[20]      2 1.2ms
                                                                                 acc[19]      2 1.2ms
                                               $abc$2399$auto$rtlil.cc:3501:NotGate$2200      1 1.2ms
                                              $auto$alumacc.cc:512:replace_alu$1200.Y[5]      2 1.1ms
                                               $abc$2399$auto$rtlil.cc:3501:NotGate$2266      1 1.1ms
                                               $abc$2399$auto$rtlil.cc:3501:NotGate$2386      1 1.1ms
                                               $abc$2399$auto$rtlil.cc:3501:NotGate$2340      1 1.1ms
                                             $auto$alumacc.cc:512:replace_alu$1200.Y[16]      2 1.1ms
                                              $auto$alumacc.cc:512:replace_alu$1200.Y[6]      2 1.1ms
                                               $abc$2399$auto$rtlil.cc:3501:NotGate$2352      1 1.1ms
                                              $auto$alumacc.cc:512:replace_alu$1203.Y[6]      1 1.1ms
                                                                                  acc[3]      2 1.1ms
                                               $abc$2399$auto$rtlil.cc:3501:NotGate$2198      1 1.1ms
                                               $abc$2399$auto$rtlil.cc:3501:NotGate$2264      1 1.1ms
                                               $abc$2399$auto$rtlil.cc:3501:NotGate$2328      1 1.1ms
                                             $auto$alumacc.cc:512:replace_alu$1200.Y[19]      2 1.1ms
                                               $abc$2399$auto$rtlil.cc:3501:NotGate$2234      1 1.0ms
                                               $abc$2399$auto$rtlil.cc:3501:NotGate$2222      1 1.0ms
                                               $abc$2399$auto$rtlil.cc:3501:NotGate$2194      1 1.0ms
                                                             activation[2]$auto$IOBUF_O$      2 1.0ms
                                               $abc$2399$auto$rtlil.cc:3501:NotGate$2244      1 1.0ms
                                               $abc$2399$auto$rtlil.cc:3501:NotGate$2354      1 1.0ms
                                                                               count[11]      3 1.0ms
                                               $abc$2399$auto$rtlil.cc:3501:NotGate$2246      1 1.0ms
                                              $auto$alumacc.cc:512:replace_alu$1200.Y[1]      2 0.9ms
                                             $auto$alumacc.cc:512:replace_alu$1200.Y[10]      2 0.9ms
                                                                                  acc[2]      2 0.9ms
                                               $abc$2399$auto$rtlil.cc:3501:NotGate$2350      1 0.9ms
                                               $abc$2399$auto$rtlil.cc:3501:NotGate$2258      1 0.9ms
                                               $abc$2399$auto$rtlil.cc:3501:NotGate$2260      1 0.9ms
                                               $abc$2399$auto$rtlil.cc:3501:NotGate$2356      1 0.9ms
                                               $abc$2399$auto$rtlil.cc:3501:NotGate$2180      1 0.9ms
                                               $abc$2399$auto$rtlil.cc:3501:NotGate$2210      1 0.9ms
                                               $abc$2399$auto$rtlil.cc:3501:NotGate$2196      1 0.9ms
                                               $abc$2399$auto$rtlil.cc:3501:NotGate$2286      1 0.9ms
                                             $auto$alumacc.cc:512:replace_alu$1200.Y[31]      2 0.9ms
                                                                                count[1]      3 0.9ms
                                               $abc$2399$auto$rtlil.cc:3501:NotGate$2292      1 0.9ms
                                               $abc$2399$auto$rtlil.cc:3501:NotGate$2380      1 0.9ms
                                              $auto$alumacc.cc:512:replace_alu$1200.Y[3]      2 0.9ms
                                             $auto$alumacc.cc:512:replace_alu$1200.Y[23]      2 0.9ms
                                               $abc$2399$auto$rtlil.cc:3501:NotGate$2288      1 0.9ms
                                               $abc$2399$auto$rtlil.cc:3501:NotGate$2184      1 0.8ms
                                               $abc$2399$auto$rtlil.cc:3501:NotGate$2236      1 0.8ms
                                               $abc$2399$auto$rtlil.cc:3501:NotGate$2252      1 0.8ms
                                               $abc$2399$auto$rtlil.cc:3501:NotGate$2188      1 0.8ms
                                               $abc$2399$auto$rtlil.cc:3501:NotGate$2186      1 0.8ms
                                               $abc$2399$auto$rtlil.cc:3501:NotGate$2396      1 0.8ms
                                               $abc$2399$auto$rtlil.cc:3501:NotGate$2182      1 0.8ms
                                                                                 acc[24]      2 0.8ms
                                              $auto$alumacc.cc:512:replace_alu$1206.Y[7]      1 0.8ms
                                               $abc$2399$auto$rtlil.cc:3501:NotGate$2204      1 0.8ms
                                               $abc$2399$auto$rtlil.cc:3501:NotGate$2226      1 0.8ms
                                               $abc$2399$auto$rtlil.cc:3501:NotGate$2206      1 0.8ms
                                               $abc$2399$auto$rtlil.cc:3501:NotGate$2348      1 0.8ms
                                               $abc$2399$auto$rtlil.cc:3501:NotGate$2224      1 0.8ms
                                               $abc$2399$auto$rtlil.cc:3501:NotGate$2338      1 0.8ms
                                             $auto$alumacc.cc:512:replace_alu$1200.Y[15]      2 0.8ms
                                               $abc$2399$auto$rtlil.cc:3501:NotGate$2178      1 0.8ms
                                               $abc$2399$auto$rtlil.cc:3501:NotGate$2342      1 0.8ms
                                                                               count[10]      3 0.8ms
                                               $abc$2399$auto$rtlil.cc:3501:NotGate$2280      1 0.8ms
                                             $auto$alumacc.cc:512:replace_alu$1200.Y[18]      2 0.8ms
                                               $abc$2399$auto$rtlil.cc:3501:NotGate$2208      1 0.8ms
                                               $abc$2399$auto$rtlil.cc:3501:NotGate$2228      1 0.8ms
                                             $auto$alumacc.cc:512:replace_alu$1206.Y[10]      1 0.8ms
                                               $abc$2399$auto$rtlil.cc:3501:NotGate$2232      1 0.8ms
                                               $abc$2399$auto$rtlil.cc:3501:NotGate$2272      1 0.8ms
                                                                                  acc[0]      2 0.8ms
                                               $abc$2399$auto$rtlil.cc:3501:NotGate$2214      1 0.7ms
                                             $auto$alumacc.cc:512:replace_alu$1200.Y[12]      2 0.7ms
                                              $auto$alumacc.cc:512:replace_alu$1203.Y[4]      1 0.7ms
                                                                                 acc[29]      2 0.7ms
                                               $abc$2399$auto$rtlil.cc:3501:NotGate$2176      1 0.7ms
                                             $auto$alumacc.cc:512:replace_alu$1200.Y[26]      2 0.7ms
                                             $auto$alumacc.cc:512:replace_alu$1200.Y[28]      2 0.7ms
                                               $abc$2399$auto$rtlil.cc:3501:NotGate$2278      1 0.7ms
                                               $abc$2399$auto$rtlil.cc:3501:NotGate$2238      1 0.7ms
                                                             activation[7]$auto$IOBUF_O$      2 0.7ms
                                                                               count[15]      3 0.7ms
                                                                                 acc[11]      2 0.7ms
                                               $abc$2399$auto$rtlil.cc:3501:NotGate$2282      1 0.6ms
                                             $auto$alumacc.cc:512:replace_alu$1200.Y[21]      2 0.6ms
                                               $abc$2399$auto$rtlil.cc:3501:NotGate$2248      1 0.6ms
                                                                                  acc[8]      2 0.6ms
                                                                                count[2]      3 0.6ms
                                              $auto$alumacc.cc:512:replace_alu$1200.X[5]      1 0.6ms
                                                                                  acc[4]      2 0.6ms
                                               $abc$2399$auto$rtlil.cc:3501:NotGate$2384      1 0.6ms
                                               $abc$2399$auto$rtlil.cc:3501:NotGate$2324      1 0.6ms
                                                                                 acc[15]      2 0.6ms
                                               $abc$2399$auto$rtlil.cc:3501:NotGate$2330      1 0.6ms
                                              $auto$alumacc.cc:512:replace_alu$1203.Y[0]      1 0.6ms
                                                                                count[6]      3 0.6ms
                                               $abc$2399$auto$rtlil.cc:3501:NotGate$2190      1 0.6ms
                                             $auto$alumacc.cc:512:replace_alu$1206.Y[13]      1 0.6ms
                                               $abc$2399$auto$rtlil.cc:3501:NotGate$2314      1 0.6ms
                                               $abc$2399$auto$rtlil.cc:3501:NotGate$2240      1 0.6ms
                                               $abc$2399$auto$rtlil.cc:3501:NotGate$2212      1 0.6ms
                                                                                 acc[23]      2 0.6ms
                                               $abc$2399$auto$rtlil.cc:3501:NotGate$2216      1 0.5ms
                                                                                 acc[25]      2 0.5ms
                                               $abc$2399$auto$rtlil.cc:3501:NotGate$2270      1 0.5ms
                                                                        result_latch[25]      1 0.5ms
                                                                               count[12]      3 0.5ms
                                                                                 acc[30]      2 0.5ms
                                               $abc$2399$auto$rtlil.cc:3501:NotGate$2388      1 0.5ms
                                                                         result_latch[5]      1 0.5ms
                                               $abc$2399$auto$rtlil.cc:3501:NotGate$2392      1 0.5ms
                                               $abc$2399$auto$rtlil.cc:3501:NotGate$2374      1 0.5ms
                                                                                 acc[16]      2 0.5ms
                                                                         result_latch[0]      1 0.5ms
                                               $abc$2399$auto$rtlil.cc:3501:NotGate$2366      1 0.5ms
                                               $abc$2399$auto$rtlil.cc:3501:NotGate$2202      1 0.5ms
                                               $abc$2399$auto$rtlil.cc:3501:NotGate$2218      1 0.5ms
                                                                         result_latch[1]      1 0.5ms
                                                                        result_latch[30]      1 0.5ms
                                               $abc$2399$auto$rtlil.cc:3501:NotGate$2220      1 0.5ms
                                              $auto$alumacc.cc:512:replace_alu$1206.Y[8]      1 0.5ms
                                                                        result_latch[28]      1 0.5ms
                                                                                count[5]      3 0.5ms
                                               $abc$2399$auto$rtlil.cc:3501:NotGate$2268      1 0.4ms
                                                                        result_latch[10]      1 0.4ms
                                             $auto$alumacc.cc:512:replace_alu$1206.Y[14]      1 0.4ms
                                                                  valid_in$auto$IOBUF_O$      1 0.4ms
                                              $auto$alumacc.cc:512:replace_alu$1200.Y[9]      2 0.4ms
                                                                               count[13]      3 0.4ms
                                               $abc$2399$auto$rtlil.cc:3501:NotGate$2172      1 0.4ms
                                                                        result_latch[17]      1 0.4ms
                                                             activation[3]$auto$IOBUF_O$      2 0.4ms
                                                                                 acc[10]      2 0.4ms
                                                                                 acc[13]      2 0.4ms
                                                                        result_latch[22]      1 0.4ms
                                                                                 acc[21]      2 0.4ms
                                                             activation[4]$auto$IOBUF_O$      2 0.4ms
                                                             activation[5]$auto$IOBUF_O$      2 0.4ms
                                                            $abc$2399$procmux$1131_Y[14]      1 0.4ms
                                                                                count[8]      3 0.4ms
                                                                                 acc[22]      2 0.4ms
                                               $abc$2399$auto$rtlil.cc:3501:NotGate$2294      1 0.4ms
                                                            $abc$2399$procmux$1137_Y[25]      1 0.3ms
                                              $auto$alumacc.cc:512:replace_alu$1203.Y[3]      1 0.3ms
                                                                                  acc[9]      2 0.3ms
                                               $abc$2399$auto$rtlil.cc:3501:NotGate$2174      1 0.3ms
                                                            $abc$2399$procmux$1137_Y[31]      1 0.3ms
                                              $auto$alumacc.cc:512:replace_alu$1200.X[3]      1 0.3ms
                                                                                 acc[26]      2 0.3ms
                                               $abc$2399$auto$rtlil.cc:3501:NotGate$2382      1 0.3ms
                                                            $abc$2399$procmux$1131_Y[12]      1 0.3ms
                                              $auto$alumacc.cc:512:replace_alu$1200.X[6]      1 0.3ms
                                              $auto$alumacc.cc:512:replace_alu$1200.X[1]      1 0.3ms
                                                                        result_latch[21]      1 0.3ms
                                              $auto$alumacc.cc:512:replace_alu$1206.Y[6]      1 0.3ms
                                                                                 acc[31]      2 0.3ms
                                              $auto$alumacc.cc:512:replace_alu$1206.Y[2]      1 0.3ms
                                              $auto$alumacc.cc:512:replace_alu$1206.Y[4]      1 0.3ms
                                                                     $0\acc_out[31:0][5]      1 0.3ms
                                              $auto$alumacc.cc:512:replace_alu$1206.Y[9]      1 0.3ms
                                                                $PACKER_GND_NET$legal$83      1 0.3ms
                                              $auto$alumacc.cc:512:replace_alu$1203.Y[2]      1 0.3ms
                                                                                count[4]      3 0.3ms
                                              $auto$alumacc.cc:512:replace_alu$1203.Y[7]      1 0.3ms
                                                                        result_latch[15]      1 0.3ms
                                             $auto$alumacc.cc:512:replace_alu$1200.Y[13]      2 0.3ms
                                                                        result_latch[31]      1 0.3ms
                                                                                count[9]      3 0.3ms
                                                             activation[1]$auto$IOBUF_O$      2 0.3ms
                                                                                 acc[12]      2 0.3ms
                                                                         result_latch[7]      1 0.3ms
                                                                        result_latch[14]      1 0.3ms
                                                                                 acc[27]      2 0.3ms
                                                                        result_latch[18]      1 0.3ms
                                                            $abc$2399$procmux$1137_Y[17]      1 0.3ms
                                              $auto$alumacc.cc:512:replace_alu$1203.Y[1]      1 0.3ms
                                             $auto$alumacc.cc:512:replace_alu$1200.Y[27]      2 0.3ms
                                                                                count[0]      3 0.3ms
                                                            $abc$2399$procmux$1137_Y[30]      1 0.3ms
                                              $auto$alumacc.cc:512:replace_alu$1200.Y[0]      2 0.3ms
                                              $auto$alumacc.cc:512:replace_alu$1203.Y[5]      1 0.3ms
                                                                        acc[11]$legal$37      1 0.2ms
                                                                        result_latch[23]      1 0.2ms
                                                                         result_latch[6]      1 0.2ms
                                              $auto$alumacc.cc:512:replace_alu$1206.Y[0]      1 0.2ms
                                             $auto$alumacc.cc:512:replace_alu$1200.Y[11]      2 0.2ms
                                                                $PACKER_GND_NET$legal$93      1 0.2ms
                                                                                 acc[20]      2 0.2ms
                                                                        result_latch[27]      1 0.2ms
                                                                                 acc[17]      2 0.2ms
                                                                         result_latch[9]      1 0.2ms
                                                                                  acc[7]      2 0.2ms
                                              $auto$alumacc.cc:512:replace_alu$1200.X[2]      1 0.2ms
                                                                        result_latch[11]      1 0.2ms
                                                                    $0\acc_out[31:0][25]      1 0.2ms
                                                             $abc$2399$procmux$1131_Y[9]      1 0.2ms
                                                     $auto$clkbufmap.cc:294:execute$3033    114 0.2ms
                                                                    $0\acc_out[31:0][10]      1 0.2ms
                                                             $abc$2399$procmux$1131_Y[4]      1 0.2ms
                                              $auto$alumacc.cc:512:replace_alu$1200.X[4]      1 0.2ms
                                             $auto$alumacc.cc:512:replace_alu$1206.Y[11]      1 0.2ms
                                                            $abc$2399$procmux$1131_Y[15]      1 0.2ms
                                              $auto$alumacc.cc:512:replace_alu$1206.Y[5]      1 0.2ms
                                                                        result_latch[20]      1 0.2ms
                                                                $PACKER_GND_NET$legal$81      1 0.2ms
                                                            $abc$2399$procmux$1131_Y[11]      1 0.2ms
                                                            $abc$2399$procmux$1137_Y[26]      1 0.2ms
                                                                                 acc[18]      2 0.2ms
                                                            $abc$2399$procmux$1137_Y[22]      1 0.2ms
                                                                        acc[24]$legal$63      1 0.2ms
                                                                         acc[6]$legal$27      1 0.2ms
                                             $auto$alumacc.cc:512:replace_alu$1206.Y[12]      1 0.2ms
                                                                         acc[7]$legal$29      1 0.2ms
                                                                          acc[0]$legal$3      1 0.2ms
                                                                    $0\acc_out[31:0][18]      1 0.2ms
                                                                        result_latch[29]      1 0.2ms
                                                                        result_latch[24]      1 0.2ms
                                                                                count[3]      3 0.2ms
                                                                        result_latch[19]      1 0.2ms
                                                            $abc$2399$procmux$1131_Y[10]      1 0.2ms
                                                                        result_latch[16]      1 0.2ms
                                                                        acc[18]$legal$51      1 0.2ms
                                                                         result_latch[8]      1 0.2ms
                                                                         acc[5]$legal$23      1 0.2ms
                                                                                 acc[14]      2 0.2ms
                                             $abc$2399$auto$rtlil.cc:3267:ReduceAnd$1210      1 0.2ms
                                                                        acc[14]$legal$43      1 0.2ms
                                                                        acc[13]$legal$41      1 0.2ms
                                                                                 acc[28]      2 0.2ms
                                             $auto$alumacc.cc:512:replace_alu$1206.Y[15]      1 0.2ms
                                                            $abc$2399$procmux$1137_Y[28]      1 0.2ms
                                                                        result_latch[12]      1 0.2ms
                                                                        result_latch[26]      1 0.2ms
                                              $auto$alumacc.cc:512:replace_alu$1200.X[0]      1 0.2ms
                                                            $abc$2399$procmux$1137_Y[13]      1 0.2ms
                                                                         result_latch[3]      1 0.2ms
                                                                        result_latch[13]      1 0.2ms
                                                                       count[0]$legal$97      1 0.2ms
                                                                     vector_done_delayed      1 0.2ms
                                                            $abc$2399$procmux$1137_Y[24]      1 0.2ms
                                                             $abc$2399$procmux$1131_Y[6]      1 0.2ms
                                                             $abc$2399$procmux$1137_Y[5]      1 0.2ms
                                                                     count[10]$legal$117      1 0.2ms
                                              $auto$alumacc.cc:512:replace_alu$1206.Y[3]      1 0.2ms
                                                            $abc$2399$procmux$1137_Y[18]      1 0.2ms
                                                                        acc[27]$legal$69      1 0.2ms
                                                            $abc$2399$procmux$1137_Y[27]      1 0.2ms
                                                                     count[13]$legal$123      1 0.2ms
                                                                         result_latch[4]      1 0.2ms
                                                                    $0\acc_out[31:0][29]      1 0.2ms
                                                            $abc$2399$procmux$1137_Y[23]      1 0.2ms
                                                            $abc$2399$procmux$1131_Y[13]      1 0.2ms
                                                                         result_latch[2]      1 0.2ms
                                                            $abc$2399$procmux$1137_Y[20]      1 0.2ms
                                                                         acc[3]$legal$15      1 0.2ms
                                                                     count[14]$legal$125      1 0.2ms
                                                                        acc[26]$legal$67      1 0.2ms
                                                                $PACKER_GND_NET$legal$85      1 0.2ms
                                                                     $0\acc_out[31:0][1]      1 0.2ms
                                                            $abc$2399$procmux$1137_Y[12]      1 0.2ms
                                                                     count[11]$legal$119      1 0.2ms
                                                                $PACKER_GND_NET$legal$89      1 0.2ms
                                                             $abc$2399$procmux$1131_Y[5]      1 0.2ms
                                                            $abc$2399$procmux$1137_Y[19]      1 0.2ms
                                                                     count[15]$legal$127      1 0.2ms
                                                                        acc[30]$legal$75      1 0.2ms
                                                                        acc[15]$legal$45      1 0.2ms
                                                                         acc[2]$legal$11      1 0.2ms
                                                                      count[9]$legal$115      1 0.2ms
                                                                      count[5]$legal$107      1 0.2ms
                                                                       count[1]$legal$99      1 0.2ms
                                                                        acc[23]$legal$61      1 0.2ms
                                                             $abc$2399$procmux$1131_Y[2]      1 0.2ms
                                                            $abc$2399$procmux$1137_Y[21]      1 0.2ms
                                                                        acc[20]$legal$55      1 0.2ms
                                                                     $0\acc_out[31:0][3]      1 0.2ms
                                                                    $0\acc_out[31:0][11]      1 0.2ms
                                                             $abc$2399$procmux$1137_Y[7]      1 0.2ms
                                                            $abc$2399$procmux$1137_Y[16]      1 0.2ms
                                                                        acc[10]$legal$35      1 0.2ms
                                                                    $0\acc_out[31:0][14]      1 0.2ms
                                                                      count[2]$legal$101      1 0.2ms
                                                             $abc$2399$procmux$1137_Y[2]      1 0.2ms
                                                            $abc$2399$procmux$1137_Y[10]      1 0.2ms
                                                            $abc$2399$procmux$1137_Y[15]      1 0.2ms
                                                                        acc[31]$legal$77      1 0.2ms
                                                             $abc$2399$procmux$1131_Y[1]      1 0.2ms
                                                             $abc$2399$procmux$1137_Y[3]      1 0.2ms
                                                                $PACKER_GND_NET$legal$91      1 0.2ms
                                                             $abc$2399$procmux$1131_Y[3]      1 0.2ms
                                                                     $0\acc_out[31:0][0]      1 0.2ms
                                                                      count[7]$legal$111      1 0.2ms
                                                                    $0\acc_out[31:0][28]      1 0.2ms
                                                             $abc$2399$procmux$1131_Y[0]      1 0.2ms
                                                                    $0\acc_out[31:0][16]      1 0.2ms
                                                             $abc$2399$procmux$1137_Y[4]      1 0.2ms
                                                                        acc[17]$legal$49      1 0.1ms
                                                                     $0\acc_out[31:0][7]      1 0.1ms
                                                                    $0\acc_out[31:0][22]      1 0.1ms
                                                                    $0\acc_out[31:0][23]      1 0.1ms
                                                             $abc$2399$procmux$1131_Y[8]      1 0.1ms
                                                                    $0\acc_out[31:0][30]      1 0.1ms
                                                             $abc$2399$procmux$1137_Y[1]      1 0.1ms
                                                                    $0\acc_out[31:0][26]      1 0.1ms
                                                            $abc$2399$procmux$1137_Y[29]      1 0.1ms
                                                                    $0\acc_out[31:0][13]      1 0.1ms
                                                                    $0\acc_out[31:0][15]      1 0.1ms
                                                                    $0\acc_out[31:0][20]      1 0.1ms
                                                                      count[3]$legal$103      1 0.1ms
                                                                     $0\acc_out[31:0][6]      1 0.1ms
                                                                    $0\acc_out[31:0][12]      1 0.1ms
                                                                    $0\acc_out[31:0][21]      1 0.1ms
                                                             $abc$2399$procmux$1131_Y[7]      1 0.1ms
                                                             $abc$2399$procmux$1137_Y[0]      1 0.1ms
                                                            $abc$2399$procmux$1137_Y[11]      1 0.1ms
                                                                         acc[8]$legal$31      1 0.1ms
                                                                    $0\acc_out[31:0][31]      1 0.1ms
                                                                    $0\acc_out[31:0][19]      1 0.1ms
                                                             $abc$2399$procmux$1137_Y[6]      1 0.1ms
                                                                      count[4]$legal$105      1 0.1ms
                                                            $abc$2399$procmux$1137_Y[14]      1 0.1ms
                                                                     count[12]$legal$121      1 0.1ms
                                                                      count[6]$legal$109      1 0.1ms
                                                                        acc[22]$legal$59      1 0.1ms
                                                                     $0\acc_out[31:0][4]      1 0.1ms
                                                                     $0\acc_out[31:0][8]      1 0.1ms
                                                             $abc$2399$procmux$1137_Y[8]      1 0.1ms
                                                             $abc$2399$procmux$1137_Y[9]      1 0.1ms
                                                                      count[8]$legal$113      1 0.1ms
                                                                     $0\acc_out[31:0][9]      1 0.1ms
                                                                        acc[28]$legal$71      1 0.1ms
                                                                    $0\acc_out[31:0][24]      1 0.1ms
                                                                        acc[19]$legal$53      1 0.1ms
                                                                        acc[16]$legal$47      1 0.1ms
                                                                     $0\acc_out[31:0][2]      1 0.1ms
                                                                    $0\acc_out[31:0][17]      1 0.1ms
                                                                    $0\acc_out[31:0][27]      1 0.1ms
                                                                        acc[29]$legal$73      1 0.1ms
                                                                       clk$auto$IOBUF_O$      1 0.0ms
                                            $auto$alumacc.cc:512:replace_alu$1200.CO[15]      1 0.0ms
                                            $auto$alumacc.cc:512:replace_alu$1200.CO[11]      1 0.0ms
                                             $auto$alumacc.cc:512:replace_alu$1200.CO[7]      1 0.0ms
                                                                         acc[9]$legal$33      1 0.0ms
                                             $auto$alumacc.cc:512:replace_alu$1203.CO[3]      1 0.0ms
                                             $auto$alumacc.cc:512:replace_alu$1200.CO[3]      1 0.0ms
                                                                $PACKER_GND_NET$legal$87      1 0.0ms
                                                                $PACKER_GND_NET$legal$79      1 0.0ms
                                                                        acc[25]$legal$65      1 0.0ms
                                                                        acc[21]$legal$57      1 0.0ms
                                                                        acc[12]$legal$39      1 0.0ms
                                                                         acc[4]$legal$19      1 0.0ms
                                                                          acc[1]$legal$7      1 0.0ms
                                                                             acc_out[21]      1 0.0ms
                                                                              acc_out[2]      1 0.0ms
                                            $auto$alumacc.cc:512:replace_alu$1206.CO[11]      1 0.0ms
                                             $auto$alumacc.cc:512:replace_alu$1206.CO[7]      1 0.0ms
                                             $auto$alumacc.cc:512:replace_alu$1206.CO[3]      1 0.0ms
                                            $auto$alumacc.cc:512:replace_alu$1200.CO[27]      1 0.0ms
                                            $auto$alumacc.cc:512:replace_alu$1200.CO[23]      1 0.0ms
                                            $auto$alumacc.cc:512:replace_alu$1200.CO[19]      1 0.0ms
                                                                       count[0]$legal$95      1 0.0ms
                                     $auto$alumacc.cc:512:replace_alu$1200.X[6]$legal$25      1 0.0ms
                                     $auto$alumacc.cc:512:replace_alu$1200.X[5]$legal$21      1 0.0ms
                                     $auto$alumacc.cc:512:replace_alu$1200.X[4]$legal$17      1 0.0ms
                                     $auto$alumacc.cc:512:replace_alu$1200.X[3]$legal$13      1 0.0ms
                                      $auto$alumacc.cc:512:replace_alu$1200.X[2]$legal$9      1 0.0ms
                                      $auto$alumacc.cc:512:replace_alu$1200.X[1]$legal$5      1 0.0ms
                                      $auto$alumacc.cc:512:replace_alu$1200.X[0]$legal$1      1 0.0ms
                                                                         $PACKER_VCC_NET     62 0.0ms
                                                                         $PACKER_GND_NET      8 0.0ms
                                                                             acc_out[31]      1 0.0ms
                                                                             acc_out[30]      1 0.0ms
                                                                             acc_out[29]      1 0.0ms
                                                                             acc_out[28]      1 0.0ms
                                                                             acc_out[27]      1 0.0ms
                                                                             acc_out[26]      1 0.0ms
                                                                             acc_out[25]      1 0.0ms
                                                                             acc_out[24]      1 0.0ms
                                                                             acc_out[23]      1 0.0ms
                                                                             acc_out[22]      1 0.0ms
                                                                             acc_out[20]      1 0.0ms
                                                                             acc_out[19]      1 0.0ms
                                                                             acc_out[18]      1 0.0ms
                                                                             acc_out[17]      1 0.0ms
                                                                             acc_out[16]      1 0.0ms
                                                                             acc_out[15]      1 0.0ms
                                                                             acc_out[14]      1 0.0ms
                                                                             acc_out[13]      1 0.0ms
                                                                             acc_out[12]      1 0.0ms
                                                                             acc_out[11]      1 0.0ms
                                                                             acc_out[10]      1 0.0ms
                                                                              acc_out[9]      1 0.0ms
                                                                              acc_out[8]      1 0.0ms
                                                                              acc_out[7]      1 0.0ms
                                                                              acc_out[6]      1 0.0ms
                                                                              acc_out[5]      1 0.0ms
                                                                              acc_out[4]      1 0.0ms
                                                                              acc_out[3]      1 0.0ms
                                                                              acc_out[1]      1 0.0ms
                                                                              acc_out[0]      1 0.0ms
                                            $auto$alumacc.cc:512:replace_alu$1206.CO[15]      0 0.0ms
                                            $auto$alumacc.cc:512:replace_alu$1206.CO[14]      0 0.0ms
                                            $auto$alumacc.cc:512:replace_alu$1206.CO[13]      0 0.0ms
                                            $auto$alumacc.cc:512:replace_alu$1206.CO[12]      0 0.0ms
                                            $auto$alumacc.cc:512:replace_alu$1206.CO[10]      0 0.0ms
                                             $auto$alumacc.cc:512:replace_alu$1206.CO[9]      0 0.0ms
                                             $auto$alumacc.cc:512:replace_alu$1206.CO[8]      0 0.0ms
                                             $auto$alumacc.cc:512:replace_alu$1206.CO[6]      0 0.0ms
                                             $auto$alumacc.cc:512:replace_alu$1206.CO[5]      0 0.0ms
                                             $auto$alumacc.cc:512:replace_alu$1206.CO[4]      0 0.0ms
                                             $auto$alumacc.cc:512:replace_alu$1206.CO[2]      0 0.0ms
                                             $auto$alumacc.cc:512:replace_alu$1206.CO[1]      0 0.0ms
                                             $auto$alumacc.cc:512:replace_alu$1206.CO[0]      0 0.0ms
                                             $auto$alumacc.cc:512:replace_alu$1203.CO[7]      0 0.0ms
                                             $auto$alumacc.cc:512:replace_alu$1203.CO[6]      0 0.0ms
                                             $auto$alumacc.cc:512:replace_alu$1203.CO[5]      0 0.0ms
                                             $auto$alumacc.cc:512:replace_alu$1203.CO[4]      0 0.0ms
                                             $auto$alumacc.cc:512:replace_alu$1203.CO[2]      0 0.0ms
                                             $auto$alumacc.cc:512:replace_alu$1203.CO[1]      0 0.0ms
                                             $auto$alumacc.cc:512:replace_alu$1203.CO[0]      0 0.0ms
                                            $auto$alumacc.cc:512:replace_alu$1200.CO[31]      0 0.0ms
                                            $auto$alumacc.cc:512:replace_alu$1200.CO[30]      0 0.0ms
                                            $auto$alumacc.cc:512:replace_alu$1200.CO[29]      0 0.0ms
                                            $auto$alumacc.cc:512:replace_alu$1200.CO[28]      0 0.0ms
                                            $auto$alumacc.cc:512:replace_alu$1200.CO[26]      0 0.0ms
                                            $auto$alumacc.cc:512:replace_alu$1200.CO[25]      0 0.0ms
                                            $auto$alumacc.cc:512:replace_alu$1200.CO[24]      0 0.0ms
                                            $auto$alumacc.cc:512:replace_alu$1200.CO[22]      0 0.0ms
                                            $auto$alumacc.cc:512:replace_alu$1200.CO[21]      0 0.0ms
                                            $auto$alumacc.cc:512:replace_alu$1200.CO[20]      0 0.0ms
                                            $auto$alumacc.cc:512:replace_alu$1200.CO[18]      0 0.0ms
                                            $auto$alumacc.cc:512:replace_alu$1200.CO[17]      0 0.0ms
                                            $auto$alumacc.cc:512:replace_alu$1200.CO[16]      0 0.0ms
                                            $auto$alumacc.cc:512:replace_alu$1200.CO[14]      0 0.0ms
                                            $auto$alumacc.cc:512:replace_alu$1200.CO[13]      0 0.0ms
                                            $auto$alumacc.cc:512:replace_alu$1200.CO[12]      0 0.0ms
                                            $auto$alumacc.cc:512:replace_alu$1200.CO[10]      0 0.0ms
                                             $auto$alumacc.cc:512:replace_alu$1200.CO[9]      0 0.0ms
                                             $auto$alumacc.cc:512:replace_alu$1200.CO[8]      0 0.0ms
                                             $auto$alumacc.cc:512:replace_alu$1200.CO[6]      0 0.0ms
                                             $auto$alumacc.cc:512:replace_alu$1200.CO[5]      0 0.0ms
                                             $auto$alumacc.cc:512:replace_alu$1200.CO[4]      0 0.0ms
                                             $auto$alumacc.cc:512:replace_alu$1200.CO[2]      0 0.0ms
                                             $auto$alumacc.cc:512:replace_alu$1200.CO[1]      0 0.0ms
                                             $auto$alumacc.cc:512:replace_alu$1200.CO[0]      0 0.0ms
                                             $auto$alumacc.cc:512:replace_alu$1203.BB[5]      1 0.0ms
                                             $auto$alumacc.cc:512:replace_alu$1203.BB[1]      1 0.0ms
                                             $auto$alumacc.cc:512:replace_alu$1203.BB[2]      1 0.0ms
                                             $auto$alumacc.cc:512:replace_alu$1203.BB[3]      1 0.0ms
                                             $auto$alumacc.cc:512:replace_alu$1203.BB[4]      1 0.0ms
                                             $auto$alumacc.cc:512:replace_alu$1203.BB[0]      1 0.0ms
                                             $auto$alumacc.cc:512:replace_alu$1203.BB[7]      1 0.0ms
                                             $auto$alumacc.cc:512:replace_alu$1203.BB[6]      1 0.0ms
                                             $auto$alumacc.cc:512:replace_alu$1206.X[15]      1 0.0ms
                                              $auto$alumacc.cc:512:replace_alu$1206.X[1]      1 0.0ms
                                              $auto$alumacc.cc:512:replace_alu$1206.X[2]      1 0.0ms
                                              $auto$alumacc.cc:512:replace_alu$1206.X[3]      1 0.0ms
                                              $auto$alumacc.cc:512:replace_alu$1206.X[4]      1 0.0ms
                                              $auto$alumacc.cc:512:replace_alu$1206.X[5]      1 0.0ms
                                              $auto$alumacc.cc:512:replace_alu$1206.X[6]      1 0.0ms
                                              $auto$alumacc.cc:512:replace_alu$1206.X[7]      1 0.0ms
                                              $auto$alumacc.cc:512:replace_alu$1206.X[8]      1 0.0ms
                                              $auto$alumacc.cc:512:replace_alu$1206.X[9]      1 0.0ms
                                             $auto$alumacc.cc:512:replace_alu$1206.X[10]      1 0.0ms
                                             $auto$alumacc.cc:512:replace_alu$1206.X[11]      1 0.0ms
                                             $auto$alumacc.cc:512:replace_alu$1206.X[12]      1 0.0ms
                                             $auto$alumacc.cc:512:replace_alu$1206.X[13]      1 0.0ms
                                             $auto$alumacc.cc:512:replace_alu$1206.X[14]      1 0.0ms
                                             $auto$alumacc.cc:512:replace_alu$1200.X[28]      1 0.0ms
                                             $auto$alumacc.cc:512:replace_alu$1200.X[19]      1 0.0ms
                                             $auto$alumacc.cc:512:replace_alu$1200.X[23]      1 0.0ms
                                             $auto$alumacc.cc:512:replace_alu$1200.X[18]      1 0.0ms
                                             $auto$alumacc.cc:512:replace_alu$1200.X[17]      1 0.0ms
                                             $auto$alumacc.cc:512:replace_alu$1200.X[20]      1 0.0ms
                                             $auto$alumacc.cc:512:replace_alu$1200.X[21]      1 0.0ms
                                             $auto$alumacc.cc:512:replace_alu$1200.X[22]      1 0.0ms
                                                                           activation[0]      2 0.0ms
                                              $auto$alumacc.cc:512:replace_alu$1200.X[7]      1 0.0ms
                                              $auto$alumacc.cc:512:replace_alu$1200.X[8]      1 0.0ms
                                             $auto$alumacc.cc:512:replace_alu$1200.X[27]      1 0.0ms
                                             $auto$alumacc.cc:512:replace_alu$1200.X[29]      1 0.0ms
                                             $auto$alumacc.cc:512:replace_alu$1200.X[30]      1 0.0ms
                                             $auto$alumacc.cc:512:replace_alu$1200.X[25]      1 0.0ms
                                             $auto$alumacc.cc:512:replace_alu$1200.X[26]      1 0.0ms
                                             $auto$alumacc.cc:512:replace_alu$1200.X[24]      1 0.0ms
                                                                           activation[1]      2 0.0ms
                                                                           activation[2]      2 0.0ms
                                             $auto$alumacc.cc:512:replace_alu$1200.X[31]      1 0.0ms
                                                                           activation[3]      2 0.0ms
                                                                           activation[4]      2 0.0ms
                                                                           activation[5]      2 0.0ms
                                                                           activation[6]      2 0.0ms
                                              $auto$alumacc.cc:512:replace_alu$1200.X[9]      1 0.0ms
                                             $auto$alumacc.cc:512:replace_alu$1200.X[10]      1 0.0ms
                                             $auto$alumacc.cc:512:replace_alu$1200.X[11]      1 0.0ms
                                             $auto$alumacc.cc:512:replace_alu$1200.X[12]      1 0.0ms
                                             $auto$alumacc.cc:512:replace_alu$1200.X[13]      1 0.0ms
                                             $auto$alumacc.cc:512:replace_alu$1200.X[14]      1 0.0ms
                                             $auto$alumacc.cc:512:replace_alu$1200.X[15]      1 0.0ms
                                                                           weight_enc[1]      2 0.0ms
                                                                           activation[7]      2 0.0ms
                                                                           weight_enc[0]      2 0.0ms
                                             $auto$alumacc.cc:512:replace_alu$1200.X[16]      1 0.0ms
                                                                               valid_out      1 0.0ms
                                                                                valid_in      2 0.0ms
                                                                                   rst_n      2 0.0ms
                                                                                     clk      2 0.0ms
Info: Router2 time 1.59s
Info: Routing $PACKER_VCC_NET connections...
Info:     $PACKER_VCC_NET: 62/62 sinks bridged (0 left to main router; max BFS 26)
Info: Routing $PACKER_GND_NET connections...
Info:     $PACKER_GND_NET: 8/8 sinks bridged (0 left to main router; max BFS 137)
Info: Running post-routing legalisation...

Info: Critical path report for clock '$auto$clkbufmap.cc:294:execute$3033' (posedge -> posedge):
Info: curr total
Info:  0.1  0.1  Source $auto$ff.cc:337:slice$1652.Q
Info:  0.6  0.7    Net acc[1] budget 0.000000 ns (13,20) -> (10,20)
Info:                Sink $abc$2399$auto$blifparse.cc:557:parse_blif$2497.A1
Info:  0.1  0.8  Source $abc$2399$auto$blifparse.cc:557:parse_blif$2497.O6
Info:  1.1  1.9    Net $auto$alumacc.cc:512:replace_alu$1200.X[1] budget 0.000000 ns (10,20) -> (10,10)
Info:                Sink $auto$alumacc.cc:512:replace_alu$1200.X[1]$LUT$6.A4
Info:  0.1  2.0  Source $auto$alumacc.cc:512:replace_alu$1200.X[1]$LUT$6.O6
Info:  0.0  2.0    Net $auto$alumacc.cc:512:replace_alu$1200.X[1]$legal$5 budget 0.225000 ns (10,10) -> (10,10)
Info:                Sink $auto$alumacc.cc:512:replace_alu$1200.genblk1.slice[0].genblk1.carry4.S1
Info:  0.5  2.6  Source $auto$alumacc.cc:512:replace_alu$1200.genblk1.slice[0].genblk1.carry4.CO3
Info:  0.1  2.7    Net $auto$alumacc.cc:512:replace_alu$1200.CO[3] budget 0.615000 ns (10,10) -> (10,9)
Info:                Sink $auto$alumacc.cc:512:replace_alu$1200.genblk1.slice[1].genblk1.carry4.CIN
Info:  0.1  2.8  Source $auto$alumacc.cc:512:replace_alu$1200.genblk1.slice[1].genblk1.carry4.CO3
Info:  0.1  2.9    Net $auto$alumacc.cc:512:replace_alu$1200.CO[7] budget 0.615000 ns (10,9) -> (10,8)
Info:                Sink $auto$alumacc.cc:512:replace_alu$1200.genblk1.slice[2].genblk1.carry4.CIN
Info:  0.1  3.0  Source $auto$alumacc.cc:512:replace_alu$1200.genblk1.slice[2].genblk1.carry4.CO3
Info:  0.1  3.1    Net $auto$alumacc.cc:512:replace_alu$1200.CO[11] budget 0.615000 ns (10,8) -> (10,7)
Info:                Sink $auto$alumacc.cc:512:replace_alu$1200.genblk1.slice[3].genblk1.carry4.CIN
Info:  0.1  3.2  Source $auto$alumacc.cc:512:replace_alu$1200.genblk1.slice[3].genblk1.carry4.CO3
Info:  0.1  3.4    Net $auto$alumacc.cc:512:replace_alu$1200.CO[15] budget 0.615000 ns (10,7) -> (10,6)
Info:                Sink $auto$alumacc.cc:512:replace_alu$1200.genblk1.slice[4].genblk1.carry4.CIN
Info:  0.1  3.5  Source $auto$alumacc.cc:512:replace_alu$1200.genblk1.slice[4].genblk1.carry4.CO3
Info:  0.1  3.6    Net $auto$alumacc.cc:512:replace_alu$1200.CO[19] budget 0.615000 ns (10,6) -> (10,5)
Info:                Sink $auto$alumacc.cc:512:replace_alu$1200.genblk1.slice[5].genblk1.carry4.CIN
Info:  0.1  3.7  Source $auto$alumacc.cc:512:replace_alu$1200.genblk1.slice[5].genblk1.carry4.CO3
Info:  0.1  3.8    Net $auto$alumacc.cc:512:replace_alu$1200.CO[23] budget 0.615000 ns (10,5) -> (10,4)
Info:                Sink $auto$alumacc.cc:512:replace_alu$1200.genblk1.slice[6].genblk1.carry4.CIN
Info:  0.3  4.1  Source $auto$alumacc.cc:512:replace_alu$1200.genblk1.slice[6].genblk1.carry4.O1
Info:  1.8  5.9    Net $auto$alumacc.cc:512:replace_alu$1200.Y[25] budget 0.000000 ns (10,4) -> (13,32)
Info:                Sink $abc$2399$auto$blifparse.cc:557:parse_blif$2419.A1
Info:  0.1  6.0  Source $abc$2399$auto$blifparse.cc:557:parse_blif$2419.O6
Info:  0.0  6.1    Net $abc$2399$procmux$1137_Y[25] budget 0.102000 ns (13,32) -> (13,32)
Info:                Sink $auto$ff.cc:337:slice$1676.D
Info:  0.1  6.2  Setup $auto$ff.cc:337:slice$1676.D
Info: 2.0 ns logic, 4.2 ns routing

Info: Max frequency for clock '$auto$clkbufmap.cc:294:execute$3033': 162.10 MHz (PASS at 100.00 MHz)

Info: Slack histogram:
Info:  legend: * represents 1 endpoint(s)
Info:          + represents [1,1) endpoint(s)
Info: [  3831,   4091) |**** 
Info: [  4091,   4351) |******** 
Info: [  4351,   4611) |***** 
Info: [  4611,   4871) |*********** 
Info: [  4871,   5131) |********* 
Info: [  5131,   5391) |************* 
Info: [  5391,   5651) |************** 
Info: [  5651,   5911) |**************** 
Info: [  5911,   6171) |********* 
Info: [  6171,   6431) |************** 
Info: [  6431,   6691) |**************** 
Info: [  6691,   6951) |*************** 
Info: [  6951,   7211) |********* 
Info: [  7211,   7471) |********** 
Info: [  7471,   7731) |********* 
Info: [  7731,   7991) |******** 
Info: [  7991,   8251) |*** 
Info: [  8251,   8511) |************ 
Info: [  8511,   8771) |******* 
Info: [  8771,   9031) |*** 
