Info: Packing constants..
Info: Inserting IO buffers..
Info:     Constraining 'clk' to site 'IOB_X0Y224'
Info:     Tile 'LIOB33_X0Y223'
Info:     Constraining 'rst_n' to site 'IOB_X0Y226'
Info:     Tile 'LIOB33_X0Y225'
Info:     Constraining 'valid_in' to site 'IOB_X0Y230'
Info:     Tile 'LIOB33_X0Y229'
Info:     Constraining 'valid_out' to site 'IOB_X0Y214'
Info:     Tile 'LIOB33_X0Y213'
Info:     Constraining 'weight_enc[0]' to site 'IOB_X0Y229'
Info:     Tile 'LIOB33_X0Y229'
Info:     Constraining 'activation[7]' to site 'IOB_X0Y235'
Info:     Tile 'LIOB33_X0Y235'
Info:     Constraining 'weight_enc[1]' to site 'IOB_X0Y232'
Info:     Tile 'LIOB33_X0Y231'
Info:     Constraining 'activation[6]' to site 'IOB_X0Y236'
Info:     Tile 'LIOB33_X0Y235'
Info:     Constraining 'activation[5]' to site 'IOB_X0Y233'
Info:     Tile 'LIOB33_X0Y233'
Info:     Constraining 'activation[4]' to site 'IOB_X0Y207'
Info:     Tile 'LIOB33_X0Y207'
Info:     Constraining 'activation[3]' to site 'IOB_X0Y217'
Info:     Tile 'LIOB33_X0Y217'
Info:     Constraining 'activation[2]' to site 'IOB_X0Y215'
Info:     Tile 'LIOB33_X0Y215'
Info:     Constraining 'activation[1]' to site 'IOB_X0Y216'
Info:     Tile 'LIOB33_X0Y215'
Info:     Constraining 'activation[0]' to site 'IOB_X0Y231'
Info:     Tile 'LIOB33_X0Y231'
Info:     Constraining 'acc_out[0]' to site 'IOB_X0Y228'
Info:     Tile 'LIOB33_X0Y227'
Info:     Constraining 'acc_out[1]' to site 'IOB_X0Y227'
Info:     Tile 'LIOB33_X0Y227'
Info:     Constraining 'acc_out[2]' to site 'IOB_X0Y218'
Info:     Tile 'LIOB33_X0Y217'
Info:     Constraining 'acc_out[3]' to site 'IOB_X0Y208'
Info:     Tile 'LIOB33_X0Y207'
Info:     Constraining 'acc_out[4]' to site 'IOB_X0Y209'
Info:     Tile 'LIOB33_X0Y209'
Info:     Constraining 'acc_out[5]' to site 'IOB_X0Y234'
Info:     Tile 'LIOB33_X0Y233'
Info:     Constraining 'acc_out[6]' to site 'IOB_X0Y244'
Info:     Tile 'LIOB33_X0Y243'
Info:     Constraining 'acc_out[7]' to site 'IOB_X0Y243'
Info:     Tile 'LIOB33_X0Y243'
Info:     Constraining 'acc_out[8]' to site 'IOB_X0Y225'
Info:     Tile 'LIOB33_X0Y225'
Info:     Constraining 'acc_out[9]' to site 'IOB_X0Y223'
Info:     Tile 'LIOB33_X0Y223'
Info:     Constraining 'acc_out[10]' to site 'IOB_X0Y211'
Info:     Tile 'LIOB33_X0Y211'
Info:     Constraining 'acc_out[11]' to site 'IOB_X0Y210'
Info:     Tile 'LIOB33_X0Y209'
Info:     Constraining 'acc_out[12]' to site 'IOB_X0Y238'
Info:     Tile 'LIOB33_X0Y237'
Info:     Constraining 'acc_out[13]' to site 'IOB_X0Y237'
Info:     Tile 'LIOB33_X0Y237'
Info:     Constraining 'acc_out[14]' to site 'IOB_X0Y239'
Info:     Tile 'LIOB33_X0Y239'
Info:     Constraining 'acc_out[15]' to site 'IOB_X0Y221'
Info:     Tile 'LIOB33_X0Y221'
Info:     Constraining 'acc_out[16]' to site 'IOB_X0Y212'
Info:     Tile 'LIOB33_X0Y211'
Info:     Constraining 'acc_out[17]' to site 'IOB_X0Y203'
Info:     Tile 'LIOB33_X0Y203'
Info:     Constraining 'acc_out[18]' to site 'IOB_X0Y205'
Info:     Tile 'LIOB33_X0Y205'
Info:     Constraining 'acc_out[19]' to site 'IOB_X0Y242'
Info:     Tile 'LIOB33_X0Y241'
Info:     Constraining 'acc_out[20]' to site 'IOB_X0Y241'
Info:     Tile 'LIOB33_X0Y241'
Info:     Constraining 'acc_out[21]' to site 'IOB_X0Y240'
Info:     Tile 'LIOB33_X0Y239'
Info:     Constraining 'acc_out[22]' to site 'IOB_X0Y245'
Info:     Tile 'LIOB33_X0Y245'
Info:     Constraining 'acc_out[23]' to site 'IOB_X0Y219'
Info:     Tile 'LIOB33_X0Y219'
Info:     Constraining 'acc_out[24]' to site 'IOB_X0Y222'
Info:     Tile 'LIOB33_X0Y221'
Info:     Constraining 'acc_out[25]' to site 'IOB_X0Y204'
Info:     Tile 'LIOB33_X0Y203'
Info:     Constraining 'acc_out[26]' to site 'IOB_X0Y206'
Info:     Tile 'LIOB33_X0Y205'
Info:     Constraining 'acc_out[27]' to site 'IOB_X0Y248'
Info:     Tile 'LIOB33_X0Y247'
Info:     Constraining 'acc_out[28]' to site 'IOB_X0Y247'
Info:     Tile 'LIOB33_X0Y247'
Info:     Constraining 'acc_out[29]' to site 'IOB_X0Y249'
Info:     Tile 'LIOB33_SING_X0Y249'
Info:     Constraining 'acc_out[30]' to site 'IOB_X0Y246'
Info:     Tile 'LIOB33_X0Y245'
Info:     Constraining 'acc_out[31]' to site 'IOB_X0Y220'
Info:     Tile 'LIOB33_X0Y219'
Info: Generating input buffer for 'clk$ibuf$'
Info: Generating input buffer for 'rst_n$ibuf$'
Info: Generating input buffer for 'valid_in$ibuf$'
Info: Generating output buffer for 'valid_out$obuf$'
Info: Generating input buffer for 'weight_enc[0]$ibuf$'
Info: Generating input buffer for 'activation[7]$ibuf$'
Info: Generating input buffer for 'weight_enc[1]$ibuf$'
Info: Generating input buffer for 'activation[6]$ibuf$'
Info: Generating input buffer for 'activation[5]$ibuf$'
Info: Generating input buffer for 'activation[4]$ibuf$'
Info: Generating input buffer for 'activation[3]$ibuf$'
Info: Generating input buffer for 'activation[2]$ibuf$'
Info: Generating input buffer for 'activation[1]$ibuf$'
Info: Generating input buffer for 'activation[0]$ibuf$'
Info: Generating output buffer for 'acc_out[0]$obuf$'
Info: Generating output buffer for 'acc_out[1]$obuf$'
Info: Generating output buffer for 'acc_out[2]$obuf$'
Info: Generating output buffer for 'acc_out[3]$obuf$'
Info: Generating output buffer for 'acc_out[4]$obuf$'
Info: Generating output buffer for 'acc_out[5]$obuf$'
Info: Generating output buffer for 'acc_out[6]$obuf$'
Info: Generating output buffer for 'acc_out[7]$obuf$'
Info: Generating output buffer for 'acc_out[8]$obuf$'
Info: Generating output buffer for 'acc_out[9]$obuf$'
Info: Generating output buffer for 'acc_out[10]$obuf$'
Info: Generating output buffer for 'acc_out[11]$obuf$'
Info: Generating output buffer for 'acc_out[12]$obuf$'
Info: Generating output buffer for 'acc_out[13]$obuf$'
Info: Generating output buffer for 'acc_out[14]$obuf$'
Info: Generating output buffer for 'acc_out[15]$obuf$'
Info: Generating output buffer for 'acc_out[16]$obuf$'
Info: Generating output buffer for 'acc_out[17]$obuf$'
Info: Generating output buffer for 'acc_out[18]$obuf$'
Info: Generating output buffer for 'acc_out[19]$obuf$'
Info: Generating output buffer for 'acc_out[20]$obuf$'
Info: Generating output buffer for 'acc_out[21]$obuf$'
Info: Generating output buffer for 'acc_out[22]$obuf$'
Info: Generating output buffer for 'acc_out[23]$obuf$'
Info: Generating output buffer for 'acc_out[24]$obuf$'
Info: Generating output buffer for 'acc_out[25]$obuf$'
Info: Generating output buffer for 'acc_out[26]$obuf$'
Info: Generating output buffer for 'acc_out[27]$obuf$'
Info: Generating output buffer for 'acc_out[28]$obuf$'
Info: Generating output buffer for 'acc_out[29]$obuf$'
Info: Generating output buffer for 'acc_out[30]$obuf$'
Info: Generating output buffer for 'acc_out[31]$obuf$'
Info:     Created 46 PAD cells from:
Info:             46x PAD
Info: Preparing clocking...
Info: Packing constants..
Info: Packing cfg...
Info: Packing PLLs...
Info: Packing Gigabit Transceivers..
Info: Packing global buffers...
Info:     Constrained BUFGCTRL '$auto$clkbufmap.cc:261:execute$3095' to bel 'BUFGCTRL_X0Y16/BUFGCTRL' based on dedicated routing
Info: Packing MUX[789]s..
Info: Packing carries (atomic CARRY4)..
Info:    Packed 15 CARRY4 cells into 3 chains (atomic).
Info: router2 PRECYINIT fix: 15 CARRY4 cells, 18 constant carry pins disconnected
Info: Packing LUTs..
Info:     Created 331 SLICE_LUTX cells from:
Info:            203x LUT1
Info:             64x LUT2
Info:              1x LUT3
Info:             14x LUT4
Info:             49x LUT5
Info: Packing DRAM..
Info:    Transformed 0 tied-low DRAM address inputs to be tied-high
Info: Packing BRAM..
Info: Packing DSPs..
Info: Packing flipflops..
Info:     Created 114 SLICE_FFX cells from:
Info:            113x FDCE
Info:              1x FDPE
Info:     local-const FF control: disconnected 0 SR(=GND) + 33 CE(=VCC) pins from global nets
Info: Constrained 81 LUTFF pairs.

Info: Annotating ports with timing budgets for target frequency 100.00 MHz
Info: Checksum: 0xc6cd78cf

Info: Device utilisation:
Info: 	          SLICE_LUTX:   331/269200     0%
Info: 	           SLICE_FFX:   114/269200     0%
Info: 	              CARRY4:    15/33650     0%
Info: 	          PSEUDO_GND:     1/69165     0%
Info: 	          PSEUDO_VCC:     1/69165     0%
Info: 	               HARD0:     0/ 3960     0%
Info: 	            RAMB18E1:     0/  730     0%
Info: 	            FIFO18E1:     0/  365     0%
Info: 	        RAMBFIFO36E1:     0/  365     0%
Info: 	            RAMB36E1:     0/  365     0%
Info: 	             DSP48E1:     0/  740     0%
Info: 	                 PAD:    46/ 1062     4%
Info: 	       IOB33M_OUTBUF:     0/  240     0%
Info: 	       IOB33S_OUTBUF:     0/  240     0%
Info: 	        IOB33_OUTBUF:    33/  500     6%
Info: 	     IOB33M_INBUF_EN:     0/  240     0%
Info: 	     IOB33S_INBUF_EN:     0/  240     0%
Info: 	      IOB33_INBUF_EN:    13/  500     2%
Info: 	IOB33M_TERM_OVERRIDE:     0/  240     0%
Info: 	IOB33S_TERM_OVERRIDE:     0/  240     0%
Info: 	 IOB33_TERM_OVERRIDE:     0/  500     0%
Info: 	       PULL_OR_KEEP1:     0/  980     0%
Info: 	            IDELAYE2:     0/  500     0%
Info: 	        OLOGICE3_TFF:     0/  500     0%
Info: 	      OLOGICE3_OUTFF:     0/  500     0%
Info: 	       OLOGICE3_MISR:     0/  500     0%
Info: 	           OSERDESE2:     0/  500     0%
Info: 	        ILOGICE3_IFF:     0/  500     0%
Info: 	ILOGICE3_ZHOLD_DELAY:     0/  500     0%
Info: 	           ISERDESE2:     0/  500     0%
Info: 	                BUFR:     0/   40     0%
Info: 	               BUFIO:     0/   40     0%
Info: 	          IDELAYCTRL:     0/   10     0%
Info: 	            BUFGCTRL:     1/   32     3%
Info: 	            PCIE_2_1:     0/    1     0%
Info: 	               BSCAN:     0/    4     0%
Info: 	                BUFG:     0/   32     0%
Info: 	              BUFHCE:     0/  120     0%
Info: 	            DCIRESET:     0/    1     0%
Info: 	            DNA_PORT:     0/    1     0%
Info: 	           EFUSE_USR:     0/    1     0%
Info: 	           FRAME_ECC:     0/    1     0%
Info: 	       GTPE2_CHANNEL:     0/   16     0%
Info: 	        GTPE2_COMMON:     0/    4     0%
Info: 	         IBUFDS_GTE2:     0/    8     0%
Info: 	                ICAP:     0/    2     0%
Info: 	            INVERTER:     0/  240     0%
Info: 	          MMCME2_ADV:     0/   10     0%
Info: 	        OLOGICE2_TFF:     0/  500     0%
Info: 	      OLOGICE2_OUTFF:     0/  500     0%
Info: 	           PLLE2_ADV:     0/   10     0%
Info: 	           SELMUX2_1:     0/102950     0%
Info: 	             STARTUP:     0/    1     0%
Info: 	          USR_ACCESS:     0/    1     0%
Info: 	              BUFFER:     0/   82     0%
Info: 	        ILOGICE2_IFF:     0/  500     0%
Info: 	       OLOGICE2_MISR:     0/  500     0%

Info: HeAP congestion knobs: beta=0.400 spread_scale=2,1 alpha=0.080
Info: Placed 93 cells based on constraints.
Info: Creating initial analytic placement for 246 cells, random placement wirelen = 101055.
Info:     at initial placer iter 0, wirelen = 2147
Info:     at initial placer iter 1, wirelen = 2087
Info:     at initial placer iter 2, wirelen = 2069
Info:     at initial placer iter 3, wirelen = 2063
Info: Running main analytical placer.
Info:     at iteration #1, type ALL: wirelen solved = 2175, spread = 9989, legal = 8663; time = 1.22s
Info:     at iteration #2, type ALL: wirelen solved = 2405, spread = 7194, legal = 6955; time = 1.18s
Info:     at iteration #3, type ALL: wirelen solved = 2583, spread = 6312, legal = 6547; time = 1.49s
Info:     at iteration #4, type ALL: wirelen solved = 2767, spread = 6428, legal = 6762; time = 1.51s
Info:     at iteration #5, type ALL: wirelen solved = 2964, spread = 5354, legal = 5827; time = 1.17s
Info:     at iteration #6, type ALL: wirelen solved = 3002, spread = 5758, legal = 6045; time = 0.62s
Info:     at iteration #7, type ALL: wirelen solved = 3138, spread = 5574, legal = 5858; time = 1.30s
Info:     at iteration #8, type ALL: wirelen solved = 3148, spread = 5546, legal = 5699; time = 0.41s
Info:     at iteration #9, type ALL: wirelen solved = 3278, spread = 4946, legal = 5265; time = 1.03s
Info:     at iteration #10, type ALL: wirelen solved = 3207, spread = 5235, legal = 5451; time = 0.81s
Info:     at iteration #11, type ALL: wirelen solved = 3259, spread = 5159, legal = 5334; time = 1.00s
Info:     at iteration #12, type ALL: wirelen solved = 3276, spread = 5220, legal = 5440; time = 0.58s
Info:     at iteration #13, type ALL: wirelen solved = 3298, spread = 5410, legal = 5574; time = 0.58s
Info:     at iteration #14, type ALL: wirelen solved = 3365, spread = 5028, legal = 5424; time = 1.01s
Info: HeAP Placer Time: 24.07s
Info:   of which solving equations: 3.92s
Info:   of which spreading cells: 3.96s
Info:   of which strict legalisation: 5.15s

Info: Running simulated annealing placer for refinement.
Info:   at iteration #1: temp = 0.000000, timing cost = 31, wirelen = 5265
Info:   at iteration #5: temp = 0.000000, timing cost = 30, wirelen = 4557
Info:   at iteration #9: temp = 0.000000, timing cost = 29, wirelen = 4514 
Info: SA placement time 4.04s

Info: Max frequency for clock 'u.clk': 118.81 MHz (PASS at 100.00 MHz)

Info: Slack histogram:
Info:  legend: * represents 1 endpoint(s)
Info:          + represents [1,1) endpoint(s)
Info: [  1583,   1950) |*** 
Info: [  1950,   2317) |******* 
Info: [  2317,   2684) |***** 
Info: [  2684,   3051) |** 
Info: [  3051,   3418) |**** 
Info: [  3418,   3785) |******* 
Info: [  3785,   4152) |*** 
Info: [  4152,   4519) |**** 
Info: [  4519,   4886) |***** 
Info: [  4886,   5253) |********* 
Info: [  5253,   5620) |******** 
Info: [  5620,   5987) |************* 
Info: [  5987,   6354) |************ 
Info: [  6354,   6721) |****************** 
Info: [  6721,   7088) |****** 
Info: [  7088,   7455) |*************************** 
Info: [  7455,   7822) |********************* 
Info: [  7822,   8189) |******************* 
Info: [  8189,   8556) |*************** 
Info: [  8556,   8923) |******* 
Info: Checksum: 0x1ed654cd
Info: Running post-placement legalisation...
Info: post-place repair: relocated 138 stranded cluster(s)/cell(s) to valid bels
Info: Routing global clocks...
Info:     routing clock 'u.clk'
Info:     routing clock 'clk$auto$IOBUF_O$'
Info: Running router2...
Info: Setting up routing resources...
Info: Running main router loop...
Info:     iter=1 wires=6465 overused=100 overuse=102 archfail=NA
Info:     iter=2 wires=6543 overused=0 overuse=0 archfail=0
Info: 1000 slowest nets by runtime:
                                                             activation[5]$auto$IOBUF_O$      2 368844.0ms
                                                                     rst_n$auto$IOBUF_O$    114 64090.4ms
                        $techmap2973$abc$2447$auto$blifparse.cc:557:parse_blif$2574.A[0]     50 28718.0ms
                        $techmap2973$abc$2447$auto$blifparse.cc:557:parse_blif$2574.A[3]     50 25703.8ms
                        $techmap2973$abc$2447$auto$blifparse.cc:557:parse_blif$2574.A[2]     50 12920.8ms
                        $techmap2973$abc$2447$auto$blifparse.cc:557:parse_blif$2574.A[1]     50 12185.6ms
                                                               acc_out[17]$auto$IOBUF_I$      1 11434.2ms
                                                               acc_out[18]$auto$IOBUF_I$      1 7926.1ms
                                               $abc$2447$auto$rtlil.cc:3501:NotGate$2376      1 6413.9ms
                        $techmap2977$abc$2447$auto$blifparse.cc:557:parse_blif$2571.A[4]     50 6369.0ms
                                  $abc$2447$auto$opt_dff.cc:336:make_patterns_logic$1236     32 5828.9ms
                                                               acc_out[16]$auto$IOBUF_I$      1 4868.4ms
                                                                acc_out[7]$auto$IOBUF_I$      1 4824.6ms
                                                               acc_out[21]$auto$IOBUF_I$      1 4436.9ms
                                                               acc_out[23]$auto$IOBUF_I$      1 4147.8ms
                                                               acc_out[22]$auto$IOBUF_I$      1 3947.4ms
                                                                acc_out[1]$auto$IOBUF_I$      1 3391.2ms
                                                                acc_out[6]$auto$IOBUF_I$      1 3173.3ms
                                                                 valid_out$auto$IOBUF_I$     35 2968.7ms
                                                                acc_out[5]$auto$IOBUF_I$      1 2951.5ms
                                                               acc_out[27]$auto$IOBUF_I$      1 2933.4ms
                                                               acc_out[30]$auto$IOBUF_I$      1 2868.2ms
                                                                                   u.clk    114 2441.1ms
                                                               acc_out[28]$auto$IOBUF_I$      1 2360.1ms
                                                               acc_out[14]$auto$IOBUF_I$      1 2317.6ms
                                                             u.weighted_ext[10]$legal$17      1 2257.9ms
                                                               acc_out[25]$auto$IOBUF_I$      1 2144.6ms
                                                               acc_out[26]$auto$IOBUF_I$      1 2084.7ms
                                                                acc_out[3]$auto$IOBUF_I$      1 1995.2ms
                                               $abc$2447$auto$rtlil.cc:3501:NotGate$2362      1 1739.0ms
                                                                      u.weighted_ext[10]     48 1582.1ms
                                               $abc$2447$auto$rtlil.cc:3501:NotGate$2436      1 1543.3ms
                                               $abc$2447$auto$rtlil.cc:3501:NotGate$2406      1 1463.4ms
                                               $abc$2447$auto$rtlil.cc:3501:NotGate$2358      1 1455.8ms
                                                               acc_out[12]$auto$IOBUF_I$      1 1432.9ms
                                                                acc_out[8]$auto$IOBUF_I$      1 1372.2ms
                                               $abc$2447$auto$rtlil.cc:3501:NotGate$2360      1 1147.7ms
                                               $abc$2447$auto$rtlil.cc:3501:NotGate$2330      1 1146.8ms
                                                               acc_out[10]$auto$IOBUF_I$      1 1066.7ms
                                                               acc_out[11]$auto$IOBUF_I$      1 983.9ms
                                                                acc_out[2]$auto$IOBUF_I$      1 952.9ms
                                                               acc_out[19]$auto$IOBUF_I$      1 937.1ms
                                                                acc_out[4]$auto$IOBUF_I$      1 927.5ms
                                                                acc_out[9]$auto$IOBUF_I$      1 926.1ms
                                               $abc$2447$auto$rtlil.cc:3501:NotGate$2366      1 907.0ms
                                               $abc$2447$auto$rtlil.cc:3501:NotGate$2238      1 863.5ms
                                                             u.weighted_ext[10]$legal$45      1 862.4ms
                                                               acc_out[31]$auto$IOBUF_I$      1 862.1ms
                                              $auto$alumacc.cc:512:replace_alu$1243.Y[5]      2 806.8ms
                                              $auto$alumacc.cc:512:replace_alu$1243.Y[7]      2 795.8ms
                                               $abc$2447$auto$rtlil.cc:3501:NotGate$2334      1 745.1ms
                                             $auto$alumacc.cc:512:replace_alu$1243.Y[18]      2 728.0ms
                                               $abc$2447$auto$rtlil.cc:3501:NotGate$2348      1 718.6ms
                                               $abc$2447$auto$rtlil.cc:3501:NotGate$2440      1 703.2ms
                                               $abc$2447$auto$rtlil.cc:3501:NotGate$2318      1 656.7ms
                                               $abc$2447$auto$rtlil.cc:3501:NotGate$2256      1 649.7ms
                                                               acc_out[29]$auto$IOBUF_I$      1 645.2ms
                                             $auto$alumacc.cc:512:replace_alu$1243.Y[25]      2 614.5ms
                                               $abc$2447$auto$rtlil.cc:3501:NotGate$2284      1 603.5ms
                                               $abc$2447$auto$rtlil.cc:3501:NotGate$2266      1 579.4ms
                                               $abc$2447$auto$rtlil.cc:3501:NotGate$2304      1 577.7ms
                                               $abc$2447$auto$rtlil.cc:3501:NotGate$2306      1 575.5ms
                                                                    u.count[12]$legal$91      1 563.3ms
                                              $auto$alumacc.cc:512:replace_alu$1251.Y[7]      1 556.4ms
                                               $abc$2447$auto$rtlil.cc:3501:NotGate$2346      1 549.6ms
                                               $abc$2447$auto$rtlil.cc:3501:NotGate$2432      1 538.4ms
                                             $auto$alumacc.cc:512:replace_alu$1243.Y[26]      2 533.1ms
                                               $abc$2447$auto$rtlil.cc:3501:NotGate$2340      1 521.2ms
                                               $abc$2447$auto$rtlil.cc:3501:NotGate$2298      1 519.2ms
                                                             activation[6]$auto$IOBUF_O$      2 514.4ms
                                               $abc$2447$auto$rtlil.cc:3501:NotGate$2228      1 492.4ms
                                               $abc$2447$auto$rtlil.cc:3501:NotGate$2322      1 488.5ms
                                                             weight_enc[1]$auto$IOBUF_O$      9 483.1ms
                                                                acc_out[0]$auto$IOBUF_I$      1 465.5ms
                                                             activation[1]$auto$IOBUF_O$      2 456.2ms
                                                                               u.acc[29]      1 440.4ms
                                               $abc$2447$auto$rtlil.cc:3501:NotGate$2222      1 438.2ms
                                              $auto$alumacc.cc:512:replace_alu$1243.Y[2]      2 438.0ms
                                                                       u.weighted_ext[0]      2 431.3ms
                                               $abc$2447$auto$rtlil.cc:3501:NotGate$2388      1 430.9ms
                                               $abc$2447$auto$rtlil.cc:3501:NotGate$2372      1 417.7ms
                                             $auto$alumacc.cc:512:replace_alu$1243.Y[23]      2 407.5ms
                                               $abc$2447$auto$rtlil.cc:3501:NotGate$2430      1 406.1ms
                                               $abc$2447$auto$rtlil.cc:3501:NotGate$2442      1 398.6ms
                                             $auto$alumacc.cc:512:replace_alu$1243.Y[14]      2 391.8ms
                                                                             u.count[11]      3 389.7ms
                                               $abc$2447$auto$rtlil.cc:3501:NotGate$2250      1 385.3ms
                                                             u.weighted_ext[10]$legal$61      1 374.8ms
                                               $abc$2447$auto$rtlil.cc:3501:NotGate$2310      1 374.7ms
                                               $abc$2447$auto$rtlil.cc:3501:NotGate$2268      1 373.4ms
                                              $auto$alumacc.cc:512:replace_alu$1251.Y[8]      1 371.0ms
                                               $abc$2447$auto$rtlil.cc:3501:NotGate$2244      1 368.4ms
                                                                             u.count[14]      3 366.7ms
                                             $auto$alumacc.cc:512:replace_alu$1243.Y[16]      2 364.4ms
                                               $abc$2447$auto$rtlil.cc:3501:NotGate$2242      1 363.6ms
                                                             activation[4]$auto$IOBUF_O$      2 362.8ms
                                             $auto$alumacc.cc:512:replace_alu$1243.Y[10]      2 359.2ms
                                               $abc$2447$auto$rtlil.cc:3501:NotGate$2312      1 352.3ms
                                               $abc$2447$auto$rtlil.cc:3501:NotGate$2260      1 350.7ms
                                                                      u.result_latch[29]      1 347.3ms
                                             $auto$alumacc.cc:512:replace_alu$1243.Y[19]      2 342.3ms
                                             $auto$alumacc.cc:512:replace_alu$1243.Y[13]      2 337.9ms
                                               $abc$2447$auto$rtlil.cc:3501:NotGate$2370      1 337.2ms
                                                                                u.acc[8]      1 336.9ms
                                               $abc$2447$auto$rtlil.cc:3501:NotGate$2224      1 336.6ms
                                               $abc$2447$auto$rtlil.cc:3501:NotGate$2320      1 334.9ms
                                             $auto$alumacc.cc:512:replace_alu$1243.Y[21]      2 332.6ms
                                             $auto$alumacc.cc:512:replace_alu$1243.Y[12]      2 327.6ms
                                               $abc$2447$auto$rtlil.cc:3501:NotGate$2394      1 317.5ms
                                               $abc$2447$auto$rtlil.cc:3501:NotGate$2428      1 313.3ms
                                               $abc$2447$auto$rtlil.cc:3501:NotGate$2326      1 309.0ms
                                               $abc$2447$auto$rtlil.cc:3501:NotGate$2400      1 308.3ms
                                              $auto$alumacc.cc:512:replace_alu$1243.Y[6]      2 305.7ms
                                               $abc$2447$auto$rtlil.cc:3501:NotGate$2384      1 301.8ms
                                               $abc$2447$auto$rtlil.cc:3501:NotGate$2402      1 295.1ms
                                               $abc$2447$auto$rtlil.cc:3501:NotGate$2392      1 294.9ms
                                                             activation[3]$auto$IOBUF_O$      2 292.8ms
                                              $auto$alumacc.cc:512:replace_alu$1251.Y[4]      1 292.5ms
                                                                       u.weighted_ext[4]      2 290.8ms
                                                 $abc$2447$flatten\u.$0\acc_out[31:0][1]      1 285.4ms
                                                             u.weighted_ext[10]$legal$29      1 282.4ms
                                                                              u.count[5]      3 279.0ms
                                               $abc$2447$auto$rtlil.cc:3501:NotGate$2364      1 275.4ms
                                               $abc$2447$auto$rtlil.cc:3501:NotGate$2352      1 274.2ms
                                             $auto$alumacc.cc:512:replace_alu$1243.Y[20]      2 271.2ms
                                                             u.weighted_ext[10]$legal$39      1 268.1ms
                                               $abc$2447$auto$rtlil.cc:3501:NotGate$2254      1 261.4ms
                                                               u.weighted_ext[2]$legal$5      1 261.2ms
                                               $abc$2447$auto$rtlil.cc:3501:NotGate$2416      1 259.8ms
                                               $abc$2447$auto$rtlil.cc:3501:NotGate$2386      1 259.3ms
                                                             weight_enc[0]$auto$IOBUF_O$      9 258.5ms
                                               $abc$2447$auto$rtlil.cc:3501:NotGate$2396      1 253.2ms
                                               $abc$2447$auto$rtlil.cc:3501:NotGate$2408      1 249.8ms
                                              $auto$alumacc.cc:512:replace_alu$1243.Y[9]      2 249.4ms
                                               $abc$2447$auto$rtlil.cc:3501:NotGate$2418      1 249.1ms
                                             $auto$alumacc.cc:512:replace_alu$1243.Y[17]      2 246.9ms
                                             $auto$alumacc.cc:512:replace_alu$1243.Y[27]      2 246.0ms
                                               $abc$2447$auto$rtlil.cc:3501:NotGate$2336      1 243.4ms
                                               $abc$2447$auto$rtlil.cc:3501:NotGate$2234      1 239.1ms
                                              $auto$alumacc.cc:512:replace_alu$1246.Y[6]      1 238.5ms
                                                                       u.result_latch[6]      1 237.9ms
                                               $abc$2447$auto$rtlil.cc:3501:NotGate$2290      1 236.3ms
                                              $auto$alumacc.cc:512:replace_alu$1251.Y[6]      1 234.9ms
                                              $auto$alumacc.cc:512:replace_alu$1243.Y[8]      2 229.4ms
                                               $abc$2447$auto$rtlil.cc:3501:NotGate$2240      1 229.2ms
                                                                               u.acc[16]      1 228.9ms
                                                                              u.count[6]      3 227.2ms
                                               $abc$2447$auto$rtlil.cc:3501:NotGate$2354      1 225.6ms
                                                 $abc$2447$flatten\u.$0\acc_out[31:0][9]      1 224.9ms
                                                                     u.count[9]$legal$85      1 224.8ms
                                               $abc$2447$auto$rtlil.cc:3501:NotGate$2294      1 223.0ms
                                                                     u.count[2]$legal$71      1 219.4ms
                                                                      u.result_latch[21]      1 217.8ms
                                               $abc$2447$auto$rtlil.cc:3501:NotGate$2270      1 214.1ms
                                               $abc$2447$auto$rtlil.cc:3501:NotGate$2350      1 214.0ms
                                                                              u.count[2]      3 207.6ms
                                             $auto$alumacc.cc:512:replace_alu$1243.Y[28]      2 206.0ms
                                               $abc$2447$auto$rtlil.cc:3501:NotGate$2412      1 203.5ms
                                                  $abc$2447$flatten\u.$procmux$1136_Y[5]      1 202.2ms
                                                                    u.count[14]$legal$95      1 201.7ms
                                               $abc$2447$auto$rtlil.cc:3501:NotGate$2316      1 201.7ms
                                               $abc$2447$auto$rtlil.cc:3501:NotGate$2282      1 201.4ms
                                              $auto$alumacc.cc:512:replace_alu$1246.Y[4]      1 198.8ms
                                                                               u.acc[30]      1 195.0ms
                                                                              u.count[7]      3 194.6ms
                                              $auto$alumacc.cc:512:replace_alu$1251.Y[2]      1 193.5ms
                                               $abc$2447$auto$rtlil.cc:3501:NotGate$2258      1 192.5ms
                                                                  valid_in$auto$IOBUF_O$      1 192.4ms
                                                                               u.acc[13]      1 187.9ms
                                               $abc$2447$auto$rtlil.cc:3501:NotGate$2382      1 186.6ms
                                                             u.weighted_ext[10]$legal$37      1 185.3ms
                                                 $abc$2447$flatten\u.$procmux$1142_Y[26]      1 185.0ms
                                               $abc$2447$auto$rtlil.cc:3501:NotGate$2398      1 183.3ms
                                             $auto$alumacc.cc:512:replace_alu$1243.Y[11]      2 183.0ms
                                                                              u.count[9]      3 182.7ms
                                               $abc$2447$auto$rtlil.cc:3501:NotGate$2230      1 180.7ms
                                               $abc$2447$auto$rtlil.cc:3501:NotGate$2226      1 180.5ms
                                                $abc$2447$flatten\u.$0\acc_out[31:0][11]      1 180.4ms
                                                 $abc$2447$flatten\u.$procmux$1142_Y[13]      1 179.7ms
                                             $auto$alumacc.cc:512:replace_alu$1246.Y[15]      1 177.8ms
                                                                             u.count[10]      3 175.9ms
                                                                     u.count[5]$legal$77      1 175.5ms
                                                             u.weighted_ext[10]$legal$31      1 171.3ms
                                               $abc$2447$auto$rtlil.cc:3501:NotGate$2314      1 167.1ms
                                                 $abc$2447$flatten\u.$0\acc_out[31:0][3]      1 165.1ms
                                                                    u.count[13]$legal$93      1 165.1ms
                                               $abc$2447$auto$rtlil.cc:3501:NotGate$2390      1 164.4ms
                                                             u.weighted_ext[10]$legal$49      1 164.2ms
                                                                              u.count[0]      3 160.2ms
                                               $abc$2447$auto$rtlil.cc:3501:NotGate$2380      1 159.6ms
                                                  $abc$2447$flatten\u.$procmux$1136_Y[2]      1 156.2ms
                                                             u.weighted_ext[10]$legal$35      1 154.5ms
                                               $abc$2447$auto$rtlil.cc:3501:NotGate$2328      1 154.3ms
                                                $abc$2447$flatten\u.$0\acc_out[31:0][14]      1 152.0ms
                                             $auto$alumacc.cc:512:replace_alu$1251.BB[7]      2 151.9ms
                                                                               u.acc[14]      1 148.7ms
                                                                               u.acc[11]      1 147.0ms
                                               $abc$2447$auto$rtlil.cc:3501:NotGate$2356      1 143.0ms
                                                                               u.acc[10]      1 138.3ms
                                                                      u.result_latch[24]      1 137.1ms
                                                                     u.count[4]$legal$75      1 136.9ms
                                                             u.weighted_ext[10]$legal$21      1 136.7ms
                                                                                u.acc[1]      1 132.3ms
                                                               acc_out[24]$auto$IOBUF_I$      1 129.7ms
                                               $abc$2447$auto$rtlil.cc:3501:NotGate$2308      1 127.8ms
                                             $auto$alumacc.cc:512:replace_alu$1246.Y[13]      1 127.6ms
                                             $auto$alumacc.cc:512:replace_alu$1243.Y[15]      2 123.6ms
                                               $abc$2447$auto$rtlil.cc:3501:NotGate$2446      1 123.0ms
                                                  $abc$2447$flatten\u.$procmux$1136_Y[0]      1 120.4ms
                                                                      u.result_latch[12]      1 118.3ms
                                             $auto$alumacc.cc:512:replace_alu$1246.Y[10]      1 116.0ms
                                               $abc$2447$auto$rtlil.cc:3501:NotGate$2368      1 114.5ms
                                              $auto$alumacc.cc:512:replace_alu$1243.Y[1]      2 114.3ms
                                                 $abc$2447$flatten\u.$procmux$1136_Y[12]      1 112.4ms
                                                               acc_out[15]$auto$IOBUF_I$      1 110.7ms
                                                               $PACKER_GND_NET$legal$115      1 108.7ms
                                                               $PACKER_GND_NET$legal$105      1 104.2ms
                                               $abc$2447$auto$rtlil.cc:3501:NotGate$2232      1 101.2ms
                                                                      u.result_latch[19]      1 100.2ms
                                                 $abc$2447$flatten\u.$procmux$1136_Y[13]      1 95.0ms
                                                                     u.count[8]$legal$83      1 94.6ms
                                              $auto$alumacc.cc:512:replace_alu$1251.Y[3]      1 92.8ms
                                               $abc$2447$auto$rtlil.cc:3501:NotGate$2338      1 92.5ms
                                                             activation[7]$auto$IOBUF_O$      3 91.0ms
                                                 $abc$2447$flatten\u.$procmux$1142_Y[23]      1 90.0ms
                                                 $abc$2447$flatten\u.$procmux$1142_Y[15]      1 89.2ms
                                                             u.weighted_ext[10]$legal$25      1 88.1ms
                                               $abc$2447$auto$rtlil.cc:3501:NotGate$2374      1 87.8ms
                                                             u.weighted_ext[10]$legal$27      1 83.1ms
                                                               $PACKER_GND_NET$legal$131      1 79.6ms
                                                 $abc$2447$flatten\u.$procmux$1142_Y[14]      1 79.0ms
                                             $auto$alumacc.cc:512:replace_alu$1243.Y[24]      2 78.9ms
                                                $abc$2447$flatten\u.$0\acc_out[31:0][26]      1 76.6ms
                                                                                u.acc[5]      1 75.6ms
                                                                     u.count[6]$legal$79      1 75.4ms
                                                             activation[2]$auto$IOBUF_O$      2 75.2ms
                                                  $abc$2447$flatten\u.$procmux$1142_Y[0]      1 74.8ms
                                                                               u.acc[17]      1 70.1ms
                                               $abc$2447$auto$rtlil.cc:3501:NotGate$2438      1 69.9ms
                                               $abc$2447$auto$rtlil.cc:3501:NotGate$2342      1 68.8ms
                                                                               u.acc[25]      1 68.8ms
                                                                      u.result_latch[20]      1 68.4ms
                                                             u.weighted_ext[10]$legal$47      1 68.3ms
                                               $abc$2447$auto$rtlil.cc:3501:NotGate$2296      1 67.9ms
                                               $abc$2447$auto$rtlil.cc:3501:NotGate$2252      1 67.1ms
                                                 $abc$2447$flatten\u.$procmux$1142_Y[31]      1 66.9ms
                                             $abc$2447$auto$rtlil.cc:3267:ReduceAnd$1250      1 66.4ms
                                                                               u.acc[12]      1 66.2ms
                                                                     u.count[1]$legal$69      1 66.0ms
                                                 $abc$2447$flatten\u.$procmux$1136_Y[15]      1 65.4ms
                                                                       u.result_latch[5]      1 65.0ms
                                                  $abc$2447$flatten\u.$procmux$1142_Y[2]      1 64.7ms
                                               $abc$2447$auto$rtlil.cc:3501:NotGate$2302      1 64.6ms
                                                             u.weighted_ext[10]$legal$41      1 64.2ms
                                                                               u.acc[28]      1 63.9ms
                                                                               u.acc[15]      1 63.0ms
                                               $abc$2447$auto$rtlil.cc:3501:NotGate$2276      1 61.7ms
                                                 $abc$2447$flatten\u.$procmux$1142_Y[30]      1 61.1ms
                                                               u.weighted_ext[3]$legal$7      1 60.1ms
                                             $auto$alumacc.cc:512:replace_alu$1243.Y[30]      2 59.9ms
                                             $auto$alumacc.cc:512:replace_alu$1246.Y[14]      1 59.6ms
                                                                               u.acc[20]      1 59.5ms
                                                               acc_out[13]$auto$IOBUF_I$      1 59.3ms
                                                               acc_out[20]$auto$IOBUF_I$      1 59.3ms
                                                $abc$2447$flatten\u.$0\acc_out[31:0][10]      1 59.0ms
                                                                       u.weighted_ext[5]      2 58.4ms
                                                 $abc$2447$flatten\u.$0\acc_out[31:0][2]      1 57.4ms
                                                  $abc$2447$flatten\u.$procmux$1142_Y[6]      1 57.3ms
                                                                               u.acc[18]      1 56.1ms
                                                                             u.count[13]      3 55.4ms
                                               $abc$2447$auto$rtlil.cc:3501:NotGate$2404      1 54.8ms
                                                                       u.result_latch[0]      1 53.9ms
                                                              u.weighted_ext[5]$legal$11      1 53.7ms
                                                                                u.acc[0]      1 52.4ms
                                                               $PACKER_GND_NET$legal$121      1 52.4ms
                                              $auto$alumacc.cc:512:replace_alu$1246.Y[3]      1 51.3ms
                                                                       u.weighted_ext[7]      2 49.4ms
                                             $auto$alumacc.cc:512:replace_alu$1243.Y[29]      2 49.0ms
                                                                     u.count[3]$legal$73      1 47.6ms
                                                $abc$2447$flatten\u.$0\acc_out[31:0][16]      1 46.7ms
                                                 $abc$2447$flatten\u.$procmux$1142_Y[16]      1 45.4ms
                                                 $abc$2447$flatten\u.$0\acc_out[31:0][4]      1 45.0ms
                                                $abc$2447$flatten\u.$0\acc_out[31:0][18]      1 44.0ms
                                                 $abc$2447$flatten\u.$procmux$1142_Y[24]      1 44.0ms
                                                                      u.result_latch[27]      1 43.9ms
                                                                               u.acc[23]      1 43.1ms
                                                                              u.count[4]      3 41.0ms
                                                 $abc$2447$flatten\u.$0\acc_out[31:0][8]      1 41.0ms
                                                                   u.vector_done_delayed      1 40.9ms
                                               $abc$2447$auto$rtlil.cc:3501:NotGate$2288      1 40.9ms
                                               $abc$2447$auto$rtlil.cc:3501:NotGate$2286      1 40.8ms
                                                                      u.result_latch[17]      1 40.7ms
                                              $auto$alumacc.cc:512:replace_alu$1246.Y[5]      1 39.0ms
                                               $abc$2447$auto$rtlil.cc:3501:NotGate$2420      1 38.6ms
                                             $auto$alumacc.cc:512:replace_alu$1251.CO[5]      0 38.1ms
                                                               u.weighted_ext[0]$legal$1      1 37.9ms
                                                                             acc_out[19]      1 36.4ms
                                               $abc$2447$auto$rtlil.cc:3501:NotGate$2272      1 36.3ms
                                              $auto$alumacc.cc:512:replace_alu$1243.Y[3]      2 36.2ms
                                                 $abc$2447$flatten\u.$procmux$1142_Y[20]      1 36.1ms
                                                                              u.count[8]      3 35.6ms
                                                                              u.count[1]      3 35.5ms
                                                                       u.result_latch[2]      1 35.3ms
                                                  $abc$2447$flatten\u.$procmux$1142_Y[8]      1 35.2ms
                                                               u.weighted_ext[4]$legal$9      1 34.3ms
                                                $abc$2447$flatten\u.$0\acc_out[31:0][17]      1 34.1ms
                                              $auto$alumacc.cc:512:replace_alu$1246.Y[7]      1 32.4ms
                                               $abc$2447$auto$rtlil.cc:3501:NotGate$2278      1 31.0ms
                                                $abc$2447$flatten\u.$0\acc_out[31:0][24]      1 30.1ms
                                                $abc$2447$flatten\u.$0\acc_out[31:0][15]      1 30.1ms
                                              $auto$alumacc.cc:512:replace_alu$1243.Y[4]      2 29.7ms
                                                                             u.count[12]      3 29.4ms
                                               $abc$2447$auto$rtlil.cc:3501:NotGate$2264      1 29.2ms
                                                $abc$2447$flatten\u.$0\acc_out[31:0][13]      1 28.7ms
                                                                               u.acc[27]      1 28.5ms
                                                                               u.acc[19]      1 28.0ms
                                                             activation[0]$auto$IOBUF_O$      2 27.9ms
                                                                      u.result_latch[15]      1 27.8ms
                                               $abc$2447$auto$rtlil.cc:3501:NotGate$2246      1 26.8ms
                                                  $abc$2447$flatten\u.$procmux$1136_Y[3]      1 26.6ms
                                                 $abc$2447$flatten\u.$procmux$1142_Y[11]      1 26.2ms
                                                                               u.acc[26]      1 25.4ms
                                               $abc$2447$auto$rtlil.cc:3501:NotGate$2344      1 25.2ms
                                                  $abc$2447$flatten\u.$procmux$1136_Y[9]      1 24.8ms
                                                                     u.count[0]$legal$67      1 24.4ms
                                                                      u.result_latch[10]      1 24.3ms
                                               $abc$2447$auto$rtlil.cc:3501:NotGate$2220      1 24.0ms
                                              $auto$alumacc.cc:512:replace_alu$1251.Y[1]      1 23.4ms
                                             $auto$alumacc.cc:512:replace_alu$1243.Y[22]      2 23.4ms
                                                 $abc$2447$flatten\u.$procmux$1142_Y[18]      1 23.2ms
                                                 $abc$2447$flatten\u.$0\acc_out[31:0][5]      1 23.1ms
                                                  $abc$2447$flatten\u.$procmux$1136_Y[1]      1 23.0ms
                                                  $abc$2447$flatten\u.$procmux$1142_Y[9]      1 22.7ms
                                                 $abc$2447$flatten\u.$procmux$1142_Y[19]      1 21.8ms
                                               $abc$2447$auto$rtlil.cc:3501:NotGate$2248      1 21.7ms
                                               $abc$2447$auto$rtlil.cc:3501:NotGate$2410      1 21.4ms
                                               $abc$2447$auto$rtlil.cc:3501:NotGate$2332      1 19.7ms
                                               $abc$2447$auto$rtlil.cc:3501:NotGate$2434      1 19.7ms
                                                  $abc$2447$flatten\u.$procmux$1136_Y[8]      1 19.3ms
                                                 $abc$2447$flatten\u.$procmux$1142_Y[17]      1 18.8ms
                                               $abc$2447$auto$rtlil.cc:3501:NotGate$2236      1 18.6ms
                                                                      u.result_latch[13]      1 18.2ms
                                              $auto$alumacc.cc:512:replace_alu$1251.Y[0]      1 18.1ms
                                                                             u.count[15]      3 17.9ms
                                                             u.weighted_ext[10]$legal$23      1 17.2ms
                                                 $abc$2447$flatten\u.$procmux$1136_Y[11]      1 17.1ms
                                               $abc$2447$auto$rtlil.cc:3501:NotGate$2300      1 17.1ms
                                                                       u.result_latch[4]      1 17.0ms
                                                                              u.count[3]      3 16.3ms
                                                                      u.result_latch[11]      1 15.9ms
                                               $abc$2447$auto$rtlil.cc:3501:NotGate$2422      1 15.7ms
                                                                               u.acc[31]      1 15.5ms
                                                                       clk$auto$IOBUF_O$      1 14.7ms
                                                                      u.result_latch[22]      1 14.1ms
                                               $abc$2447$auto$rtlil.cc:3501:NotGate$2274      1 13.8ms
                                                                               u.acc[24]      1 13.2ms
                                                 $abc$2447$flatten\u.$procmux$1142_Y[21]      1 13.0ms
                                                 $abc$2447$flatten\u.$procmux$1136_Y[14]      1 12.4ms
                                                                      u.result_latch[16]      1 12.4ms
                                                               $PACKER_GND_NET$legal$119      1 11.8ms
                                                  $abc$2447$flatten\u.$procmux$1142_Y[1]      1 11.6ms
                                              $auto$alumacc.cc:512:replace_alu$1246.Y[2]      1 11.3ms
                                               $abc$2447$auto$rtlil.cc:3501:NotGate$2292      1 11.2ms
                                                  $abc$2447$flatten\u.$procmux$1136_Y[4]      1 11.1ms
                                                 $abc$2447$flatten\u.$procmux$1136_Y[10]      1 11.0ms
                                            $auto$alumacc.cc:512:replace_alu$1243.CO[19]      1 10.8ms
                                                               $PACKER_GND_NET$legal$101      1 10.4ms
                                               $abc$2447$auto$rtlil.cc:3501:NotGate$2324      1 10.0ms
                                              $auto$alumacc.cc:512:replace_alu$1246.Y[0]      1 9.2ms
                                                $abc$2447$flatten\u.$0\acc_out[31:0][28]      1 8.9ms
                                                $abc$2447$flatten\u.$0\acc_out[31:0][22]      1 8.9ms
                                                             u.weighted_ext[10]$legal$63      1 8.7ms
                                              $auto$alumacc.cc:512:replace_alu$1246.Y[8]      1 8.6ms
                                                 $abc$2447$flatten\u.$0\acc_out[31:0][0]      1 8.5ms
                                                  $abc$2447$flatten\u.$procmux$1142_Y[3]      1 8.4ms
                                                               $PACKER_GND_NET$legal$127      1 8.4ms
                                               $abc$2447$auto$rtlil.cc:3501:NotGate$2280      1 8.2ms
                                                                                u.acc[4]      1 7.3ms
                                                 $abc$2447$flatten\u.$procmux$1142_Y[25]      1 7.3ms
                                                                     u.count[7]$legal$81      1 7.0ms
                                                 $abc$2447$flatten\u.$procmux$1142_Y[12]      1 6.9ms
                                              $auto$alumacc.cc:512:replace_alu$1246.Y[9]      1 6.6ms
                                             $auto$alumacc.cc:512:replace_alu$1243.CO[3]      1 6.5ms
                                                $abc$2447$flatten\u.$0\acc_out[31:0][30]      1 6.3ms
                                             $auto$alumacc.cc:512:replace_alu$1243.CO[2]      0 6.2ms
                                                                                u.acc[2]      1 6.2ms
                                               $abc$2447$auto$rtlil.cc:3501:NotGate$2424      1 5.8ms
                                                  $abc$2447$flatten\u.$procmux$1142_Y[7]      1 5.5ms
                                                $abc$2447$flatten\u.$0\acc_out[31:0][20]      1 5.5ms
                                                $abc$2447$flatten\u.$0\acc_out[31:0][29]      1 5.2ms
                                                                       u.result_latch[8]      1 4.8ms
                                                  $abc$2447$flatten\u.$procmux$1142_Y[5]      1 4.5ms
                                                                                u.acc[3]      1 4.5ms
                                              $auto$alumacc.cc:512:replace_alu$1246.Y[1]      1 4.4ms
                                                                               u.acc[22]      1 4.3ms
                                                                       u.result_latch[9]      1 3.8ms
                                                                       u.result_latch[3]      1 3.8ms
                                                                       u.weighted_ext[3]      2 3.5ms
                                                               $PACKER_GND_NET$legal$109      1 3.4ms
                                            $auto$alumacc.cc:512:replace_alu$1243.CO[11]      1 3.3ms
                                                                       u.result_latch[1]      1 3.2ms
                                                                                u.acc[6]      1 3.1ms
                                               $abc$2447$auto$rtlil.cc:3501:NotGate$2414      1 3.0ms
                                               $abc$2447$auto$rtlil.cc:3501:NotGate$2444      1 3.0ms
                                                 $abc$2447$flatten\u.$0\acc_out[31:0][6]      1 3.0ms
                                                                       u.weighted_ext[2]      2 2.8ms
                                              $auto$alumacc.cc:512:replace_alu$1251.Y[5]      1 2.7ms
                                                 $abc$2447$flatten\u.$procmux$1142_Y[29]      1 2.6ms
                                                                    u.count[11]$legal$89      1 2.5ms
                                                $abc$2447$flatten\u.$0\acc_out[31:0][31]      1 2.5ms
                                              $auto$alumacc.cc:512:replace_alu$1243.Y[0]      2 2.4ms
                                                                       u.weighted_ext[1]      2 2.4ms
                                                                               u.acc[21]      1 2.3ms
                                               $abc$2447$auto$rtlil.cc:3501:NotGate$2378      1 2.0ms
                                                $abc$2447$flatten\u.$0\acc_out[31:0][27]      1 1.9ms
                                                                      u.result_latch[30]      1 1.8ms
                                                                      u.result_latch[28]      1 1.6ms
                                                 $abc$2447$flatten\u.$procmux$1142_Y[27]      1 1.6ms
                                                  $abc$2447$flatten\u.$procmux$1136_Y[6]      1 1.6ms
                                                                                u.acc[7]      1 1.5ms
                                                                                u.acc[9]      1 1.5ms
                                               $abc$2447$auto$rtlil.cc:3501:NotGate$2262      1 1.5ms
                                             $auto$alumacc.cc:512:replace_alu$1243.Y[31]      2 1.4ms
                                                                      u.result_latch[18]      1 1.4ms
                                                             u.weighted_ext[10]$legal$51      1 1.2ms
                                                 $abc$2447$flatten\u.$procmux$1142_Y[10]      1 1.1ms
                                                               $PACKER_GND_NET$legal$107      1 1.1ms
                                               $abc$2447$auto$rtlil.cc:3501:NotGate$2426      1 1.0ms
                                             $auto$alumacc.cc:512:replace_alu$1246.Y[11]      1 1.0ms
                                                                       u.weighted_ext[6]      2 0.9ms
                                                               $PACKER_GND_NET$legal$103      1 0.8ms
                                                                      u.result_latch[26]      1 0.8ms
                                                 $abc$2447$flatten\u.$0\acc_out[31:0][7]      1 0.7ms
                                                             u.weighted_ext[10]$legal$53      1 0.7ms
                                                                $PACKER_GND_NET$legal$99      1 0.7ms
                                                 $abc$2447$flatten\u.$procmux$1142_Y[22]      1 0.7ms
                                             $auto$alumacc.cc:512:replace_alu$1246.Y[12]      1 0.6ms
                                                                    u.count[10]$legal$87      1 0.6ms
                                                                      u.result_latch[23]      1 0.6ms
                                                               u.weighted_ext[1]$legal$3      1 0.6ms
                                                                      u.result_latch[31]      1 0.6ms
                                                                      u.result_latch[14]      1 0.6ms
                                                             u.weighted_ext[10]$legal$59      1 0.5ms
                                                 $abc$2447$flatten\u.$procmux$1142_Y[28]      1 0.5ms
                                                                      u.result_latch[25]      1 0.5ms
                                                $abc$2447$flatten\u.$0\acc_out[31:0][12]      1 0.5ms
                                                  $abc$2447$flatten\u.$procmux$1136_Y[7]      1 0.5ms
                                                                    u.count[15]$legal$97      1 0.5ms
                                                $abc$2447$flatten\u.$0\acc_out[31:0][21]      1 0.4ms
                                                              u.weighted_ext[7]$legal$15      1 0.4ms
                                                               $PACKER_GND_NET$legal$123      1 0.4ms
                                                                       u.result_latch[7]      1 0.4ms
                                                  $abc$2447$flatten\u.$procmux$1142_Y[4]      1 0.4ms
                                                $abc$2447$flatten\u.$0\acc_out[31:0][19]      1 0.4ms
                                                $abc$2447$flatten\u.$0\acc_out[31:0][25]      1 0.3ms
                                                $abc$2447$flatten\u.$0\acc_out[31:0][23]      1 0.3ms
                                                             u.weighted_ext[10]$legal$57      1 0.1ms
                                            $auto$alumacc.cc:512:replace_alu$1246.CO[11]      1 0.1ms
                                            $auto$alumacc.cc:512:replace_alu$1243.CO[15]      1 0.1ms
                                                             u.weighted_ext[10]$legal$43      1 0.0ms
                                             $auto$alumacc.cc:512:replace_alu$1251.CO[7]      1 0.0ms
                                                             u.weighted_ext[10]$legal$55      1 0.0ms
                                                             u.weighted_ext[10]$legal$33      1 0.0ms
                                                              u.weighted_ext[6]$legal$13      1 0.0ms
                                             $auto$alumacc.cc:512:replace_alu$1251.CO[3]      1 0.0ms
                                             $auto$alumacc.cc:512:replace_alu$1251.BB[5]      1 0.0ms
                                            $auto$alumacc.cc:512:replace_alu$1243.CO[10]      0 0.0ms
                                                                             acc_out[21]      1 0.0ms
                                                               $PACKER_GND_NET$legal$111      1 0.0ms
                                            $auto$alumacc.cc:512:replace_alu$1243.CO[27]      1 0.0ms
                                            $auto$alumacc.cc:512:replace_alu$1243.CO[13]      0 0.0ms
                                             $auto$alumacc.cc:512:replace_alu$1246.CO[3]      1 0.0ms
                                             $auto$alumacc.cc:512:replace_alu$1246.CO[7]      1 0.0ms
                                            $auto$alumacc.cc:512:replace_alu$1243.CO[12]      0 0.0ms
                                             $auto$alumacc.cc:512:replace_alu$1243.CO[7]      1 0.0ms
                                                                             acc_out[12]      1 0.0ms
                                             $auto$alumacc.cc:512:replace_alu$1243.X[17]      1 0.0ms
                                              $auto$alumacc.cc:512:replace_alu$1243.X[7]      1 0.0ms
                                            $auto$alumacc.cc:512:replace_alu$1243.CO[23]      1 0.0ms
                                             $auto$alumacc.cc:512:replace_alu$1243.X[13]      1 0.0ms
                                     $auto$alumacc.cc:512:replace_alu$1251.genblk1.O[11]      0 0.0ms
                                             $auto$alumacc.cc:512:replace_alu$1251.BB[4]      1 0.0ms
                                                             u.weighted_ext[10]$legal$19      1 0.0ms
                                             $auto$alumacc.cc:512:replace_alu$1251.CO[1]      0 0.0ms
                                             $auto$alumacc.cc:512:replace_alu$1246.X[12]      1 0.0ms
                                             $auto$alumacc.cc:512:replace_alu$1243.X[26]      1 0.0ms
                                             $auto$alumacc.cc:512:replace_alu$1243.X[15]      1 0.0ms
                                                               $PACKER_GND_NET$legal$125      1 0.0ms
                                   $auto$alumacc.cc:512:replace_alu$1251.BB[7]$legal$117      1 0.0ms
                                   $auto$alumacc.cc:512:replace_alu$1251.BB[7]$legal$113      1 0.0ms
                                                                             acc_out[22]      1 0.0ms
                                                                              acc_out[8]      1 0.0ms
                                             $auto$alumacc.cc:512:replace_alu$1243.CO[6]      0 0.0ms
                                             $auto$alumacc.cc:512:replace_alu$1251.BB[0]      1 0.0ms
                                             $auto$alumacc.cc:512:replace_alu$1243.X[24]      1 0.0ms
                                              $auto$alumacc.cc:512:replace_alu$1243.X[5]      1 0.0ms
                                              $auto$alumacc.cc:512:replace_alu$1243.X[6]      1 0.0ms
                                             $auto$alumacc.cc:512:replace_alu$1243.X[30]      1 0.0ms
                                             $auto$alumacc.cc:512:replace_alu$1243.X[20]      1 0.0ms
                                                                     u.count[0]$legal$65      1 0.0ms
                                                                             acc_out[27]      1 0.0ms
                                                                             acc_out[23]      1 0.0ms
                                                                             acc_out[18]      1 0.0ms
                                                                              acc_out[4]      1 0.0ms
                                              $auto$alumacc.cc:512:replace_alu$1246.X[1]      1 0.0ms
                                              $auto$alumacc.cc:512:replace_alu$1246.X[3]      1 0.0ms
                                              $auto$alumacc.cc:512:replace_alu$1246.X[9]      1 0.0ms
                                             $auto$alumacc.cc:512:replace_alu$1246.X[11]      1 0.0ms
                                             $auto$alumacc.cc:512:replace_alu$1246.X[13]      1 0.0ms
                                             $auto$alumacc.cc:512:replace_alu$1246.X[14]      1 0.0ms
                                              $auto$alumacc.cc:512:replace_alu$1246.X[5]      1 0.0ms
                                             $auto$alumacc.cc:512:replace_alu$1251.BB[1]      1 0.0ms
                                             $auto$alumacc.cc:512:replace_alu$1251.BB[2]      1 0.0ms
                                             $auto$alumacc.cc:512:replace_alu$1251.BB[6]      1 0.0ms
                                             $auto$alumacc.cc:512:replace_alu$1243.X[25]      1 0.0ms
                                             $auto$alumacc.cc:512:replace_alu$1243.X[29]      1 0.0ms
                                             $auto$alumacc.cc:512:replace_alu$1243.X[27]      1 0.0ms
                                              $auto$alumacc.cc:512:replace_alu$1243.X[8]      1 0.0ms
                                             $auto$alumacc.cc:512:replace_alu$1243.X[14]      1 0.0ms
                                             $auto$alumacc.cc:512:replace_alu$1243.X[11]      1 0.0ms
                                             $auto$alumacc.cc:512:replace_alu$1243.X[21]      1 0.0ms
                                                                               valid_out      1 0.0ms
                                                               $PACKER_GND_NET$legal$129      1 0.0ms
                                                                         $PACKER_VCC_NET     66 0.0ms
                                                                         $PACKER_GND_NET     15 0.0ms
                                                                             acc_out[31]      1 0.0ms
                                                                             acc_out[30]      1 0.0ms
                                                                             acc_out[29]      1 0.0ms
                                                                             acc_out[28]      1 0.0ms
                                                                             acc_out[26]      1 0.0ms
                                                                             acc_out[25]      1 0.0ms
                                                                             acc_out[24]      1 0.0ms
                                                                             acc_out[20]      1 0.0ms
                                                                             acc_out[17]      1 0.0ms
                                                                             acc_out[16]      1 0.0ms
                                                                             acc_out[15]      1 0.0ms
                                                                             acc_out[14]      1 0.0ms
                                                                             acc_out[13]      1 0.0ms
                                                                             acc_out[11]      1 0.0ms
                                                                             acc_out[10]      1 0.0ms
                                                                              acc_out[9]      1 0.0ms
                                                                              acc_out[7]      1 0.0ms
                                                                              acc_out[6]      1 0.0ms
                                                                              acc_out[5]      1 0.0ms
                                                                              acc_out[3]      1 0.0ms
                                                                              acc_out[2]      1 0.0ms
                                                                              acc_out[1]      1 0.0ms
                                                                              acc_out[0]      1 0.0ms
                                     $auto$alumacc.cc:512:replace_alu$1251.genblk1.O[10]      0 0.0ms
                                      $auto$alumacc.cc:512:replace_alu$1251.genblk1.O[9]      0 0.0ms
                                     $auto$alumacc.cc:512:replace_alu$1251.genblk1.C[11]      0 0.0ms
                                     $auto$alumacc.cc:512:replace_alu$1251.genblk1.C[10]      0 0.0ms
                                      $auto$alumacc.cc:512:replace_alu$1251.genblk1.C[9]      0 0.0ms
                                             $auto$alumacc.cc:512:replace_alu$1251.CO[8]      0 0.0ms
                                             $auto$alumacc.cc:512:replace_alu$1251.CO[6]      0 0.0ms
                                             $auto$alumacc.cc:512:replace_alu$1251.CO[4]      0 0.0ms
                                             $auto$alumacc.cc:512:replace_alu$1251.CO[2]      0 0.0ms
                                             $auto$alumacc.cc:512:replace_alu$1251.CO[0]      0 0.0ms
                                            $auto$alumacc.cc:512:replace_alu$1246.CO[15]      0 0.0ms
                                            $auto$alumacc.cc:512:replace_alu$1246.CO[14]      0 0.0ms
                                            $auto$alumacc.cc:512:replace_alu$1246.CO[13]      0 0.0ms
                                            $auto$alumacc.cc:512:replace_alu$1246.CO[12]      0 0.0ms
                                            $auto$alumacc.cc:512:replace_alu$1246.CO[10]      0 0.0ms
                                             $auto$alumacc.cc:512:replace_alu$1246.CO[9]      0 0.0ms
                                             $auto$alumacc.cc:512:replace_alu$1246.CO[8]      0 0.0ms
                                             $auto$alumacc.cc:512:replace_alu$1246.CO[6]      0 0.0ms
                                             $auto$alumacc.cc:512:replace_alu$1246.CO[5]      0 0.0ms
                                             $auto$alumacc.cc:512:replace_alu$1246.CO[4]      0 0.0ms
                                             $auto$alumacc.cc:512:replace_alu$1246.CO[2]      0 0.0ms
                                             $auto$alumacc.cc:512:replace_alu$1246.CO[1]      0 0.0ms
                                             $auto$alumacc.cc:512:replace_alu$1246.CO[0]      0 0.0ms
                                            $auto$alumacc.cc:512:replace_alu$1243.CO[31]      0 0.0ms
                                            $auto$alumacc.cc:512:replace_alu$1243.CO[30]      0 0.0ms
                                            $auto$alumacc.cc:512:replace_alu$1243.CO[29]      0 0.0ms
                                            $auto$alumacc.cc:512:replace_alu$1243.CO[28]      0 0.0ms
                                            $auto$alumacc.cc:512:replace_alu$1243.CO[26]      0 0.0ms
                                            $auto$alumacc.cc:512:replace_alu$1243.CO[25]      0 0.0ms
                                            $auto$alumacc.cc:512:replace_alu$1243.CO[24]      0 0.0ms
                                            $auto$alumacc.cc:512:replace_alu$1243.CO[22]      0 0.0ms
                                            $auto$alumacc.cc:512:replace_alu$1243.CO[21]      0 0.0ms
                                            $auto$alumacc.cc:512:replace_alu$1243.CO[20]      0 0.0ms
                                            $auto$alumacc.cc:512:replace_alu$1243.CO[18]      0 0.0ms
                                            $auto$alumacc.cc:512:replace_alu$1243.CO[17]      0 0.0ms
                                            $auto$alumacc.cc:512:replace_alu$1243.CO[16]      0 0.0ms
                                            $auto$alumacc.cc:512:replace_alu$1243.CO[14]      0 0.0ms
                                             $auto$alumacc.cc:512:replace_alu$1243.CO[9]      0 0.0ms
                                             $auto$alumacc.cc:512:replace_alu$1243.CO[8]      0 0.0ms
                                             $auto$alumacc.cc:512:replace_alu$1243.CO[5]      0 0.0ms
                                             $auto$alumacc.cc:512:replace_alu$1243.CO[4]      0 0.0ms
                                             $auto$alumacc.cc:512:replace_alu$1243.CO[1]      0 0.0ms
                                             $auto$alumacc.cc:512:replace_alu$1243.CO[0]      0 0.0ms
                                              $auto$alumacc.cc:512:replace_alu$1246.X[2]      1 0.0ms
                                              $auto$alumacc.cc:512:replace_alu$1246.X[4]      1 0.0ms
                                              $auto$alumacc.cc:512:replace_alu$1246.X[7]      1 0.0ms
                                              $auto$alumacc.cc:512:replace_alu$1246.X[6]      1 0.0ms
                                              $auto$alumacc.cc:512:replace_alu$1246.X[8]      1 0.0ms
                                             $auto$alumacc.cc:512:replace_alu$1246.X[10]      1 0.0ms
                                             $auto$alumacc.cc:512:replace_alu$1246.X[15]      1 0.0ms
                                             $auto$alumacc.cc:512:replace_alu$1251.BB[3]      1 0.0ms
                                             $auto$alumacc.cc:512:replace_alu$1243.X[23]      1 0.0ms
                                              $auto$alumacc.cc:512:replace_alu$1243.X[0]      1 0.0ms
                                              $auto$alumacc.cc:512:replace_alu$1243.X[1]      1 0.0ms
                                              $auto$alumacc.cc:512:replace_alu$1243.X[2]      1 0.0ms
                                              $auto$alumacc.cc:512:replace_alu$1243.X[3]      1 0.0ms
                                              $auto$alumacc.cc:512:replace_alu$1243.X[4]      1 0.0ms
                                             $auto$alumacc.cc:512:replace_alu$1243.X[28]      1 0.0ms
                                             $auto$alumacc.cc:512:replace_alu$1243.X[31]      1 0.0ms
                                                                           activation[0]      2 0.0ms
                                                                           activation[1]      2 0.0ms
                                                                           activation[2]      2 0.0ms
                                                                           activation[3]      2 0.0ms
                                                                           activation[4]      2 0.0ms
                                                                           activation[5]      2 0.0ms
                                                                           activation[6]      2 0.0ms
                                             $auto$alumacc.cc:512:replace_alu$1243.X[10]      1 0.0ms
                                             $auto$alumacc.cc:512:replace_alu$1243.X[12]      1 0.0ms
                                             $auto$alumacc.cc:512:replace_alu$1243.X[16]      1 0.0ms
                                             $auto$alumacc.cc:512:replace_alu$1243.X[18]      1 0.0ms
                                             $auto$alumacc.cc:512:replace_alu$1243.X[22]      1 0.0ms
                                              $auto$alumacc.cc:512:replace_alu$1243.X[9]      1 0.0ms
                                             $auto$alumacc.cc:512:replace_alu$1243.X[19]      1 0.0ms
                                                                           weight_enc[1]      2 0.0ms
                                                                           activation[7]      2 0.0ms
                                                                           weight_enc[0]      2 0.0ms
                                                                                valid_in      2 0.0ms
                                                                                   rst_n      2 0.0ms
                                                                                     clk      2 0.0ms
Info: Router2 time 897.03s
Info: Routing $PACKER_VCC_NET connections...
Info:     $PACKER_VCC_NET: 66/66 sinks bridged (0 left to main router; max BFS 26)
Info: Routing $PACKER_GND_NET connections...
Info:     $PACKER_GND_NET: 15/15 sinks bridged (0 left to main router; max BFS 317)
Info: Running post-routing legalisation...

Info: Critical path report for clock 'u.clk' (posedge -> posedge):
Info: curr total
Info:  0.1  0.1  Source $auto$ff.cc:337:slice$1694.Q
Info:  1.1  1.2    Net u.acc[1] budget 0.000000 ns (10,18) -> (10,11)
Info:                Sink $abc$2447$auto$blifparse.cc:557:parse_blif$2565.A2
Info:  0.1  1.3  Source $abc$2447$auto$blifparse.cc:557:parse_blif$2565.O6
Info:  0.0  1.3    Net $auto$alumacc.cc:512:replace_alu$1243.X[1] budget 0.294000 ns (10,11) -> (10,11)
Info:                Sink $auto$alumacc.cc:512:replace_alu$1243.genblk1.slice[0].genblk1.carry4.S1
Info:  0.5  1.9  Source $auto$alumacc.cc:512:replace_alu$1243.genblk1.slice[0].genblk1.carry4.CO3
Info:  0.1  2.0    Net $auto$alumacc.cc:512:replace_alu$1243.CO[3] budget 0.684000 ns (10,11) -> (10,10)
Info:                Sink $auto$alumacc.cc:512:replace_alu$1243.genblk1.slice[1].genblk1.carry4.CIN
Info:  0.1  2.1  Source $auto$alumacc.cc:512:replace_alu$1243.genblk1.slice[1].genblk1.carry4.CO3
Info:  0.1  2.2    Net $auto$alumacc.cc:512:replace_alu$1243.CO[7] budget 0.684000 ns (10,10) -> (10,9)
Info:                Sink $auto$alumacc.cc:512:replace_alu$1243.genblk1.slice[2].genblk1.carry4.CIN
Info:  0.1  2.3  Source $auto$alumacc.cc:512:replace_alu$1243.genblk1.slice[2].genblk1.carry4.CO3
Info:  0.1  2.4    Net $auto$alumacc.cc:512:replace_alu$1243.CO[11] budget 0.683000 ns (10,9) -> (10,8)
Info:                Sink $auto$alumacc.cc:512:replace_alu$1243.genblk1.slice[3].genblk1.carry4.CIN
Info:  0.1  2.5  Source $auto$alumacc.cc:512:replace_alu$1243.genblk1.slice[3].genblk1.carry4.CO3
Info:  0.1  2.6    Net $auto$alumacc.cc:512:replace_alu$1243.CO[15] budget 0.683000 ns (10,8) -> (10,7)
Info:                Sink $auto$alumacc.cc:512:replace_alu$1243.genblk1.slice[4].genblk1.carry4.CIN
Info:  0.1  2.8  Source $auto$alumacc.cc:512:replace_alu$1243.genblk1.slice[4].genblk1.carry4.CO3
Info:  0.1  2.9    Net $auto$alumacc.cc:512:replace_alu$1243.CO[19] budget 0.683000 ns (10,7) -> (10,6)
Info:                Sink $auto$alumacc.cc:512:replace_alu$1243.genblk1.slice[5].genblk1.carry4.CIN
Info:  0.1  3.0  Source $auto$alumacc.cc:512:replace_alu$1243.genblk1.slice[5].genblk1.carry4.CO3
Info:  0.1  3.1    Net $auto$alumacc.cc:512:replace_alu$1243.CO[23] budget 0.683000 ns (10,6) -> (10,5)
Info:                Sink $auto$alumacc.cc:512:replace_alu$1243.genblk1.slice[6].genblk1.carry4.CIN
Info:  0.3  3.4  Source $auto$alumacc.cc:512:replace_alu$1243.genblk1.slice[6].genblk1.carry4.O1
Info:  1.8  5.2    Net $auto$alumacc.cc:512:replace_alu$1243.Y[25] budget 0.000000 ns (10,5) -> (13,28)
Info:                Sink $abc$2447$auto$blifparse.cc:557:parse_blif$2521.A5
Info:  0.1  5.3  Source $abc$2447$auto$blifparse.cc:557:parse_blif$2521.O6
Info:  0.0  5.3    Net $abc$2447$flatten\u.$procmux$1142_Y[25] budget 0.207000 ns (13,28) -> (13,28)
Info:                Sink $auto$ff.cc:337:slice$1718.D
Info:  0.1  5.4  Setup $auto$ff.cc:337:slice$1718.D
Info: 1.9 ns logic, 3.6 ns routing

Info: Max frequency for clock 'u.clk': 184.06 MHz (PASS at 100.00 MHz)

Info: Slack histogram:
Info:  legend: * represents 1 endpoint(s)
Info:          + represents [1,1) endpoint(s)
Info: [  4567,   4794) |***** 
Info: [  4794,   5021) |** 
Info: [  5021,   5248) |******** 
Info: [  5248,   5475) |********* 
Info: [  5475,   5702) |*********** 
Info: [  5702,   5929) |************* 
Info: [  5929,   6156) |******* 
Info: [  6156,   6383) |*************** 
Info: [  6383,   6610) |****************** 
Info: [  6610,   6837) |************* 
Info: [  6837,   7064) |************ 
Info: [  7064,   7291) |****************** 
Info: [  7291,   7518) |************** 
Info: [  7518,   7745) |******** 
Info: [  7745,   7972) |************ 
Info: [  7972,   8199) |******** 
Info: [  8199,   8426) |****** 
Info: [  8426,   8653) |***** 
Info: [  8653,   8880) |***** 
Info: [  8880,   9107) |****** 
Info: Report written to runs/tag_s9.report.json.
