Info: Packing constants..
Info: Inserting IO buffers..
Info:     Constraining 'clk' to site 'IOB_X0Y224'
Info:     Tile 'LIOB33_X0Y223'
Info:     Constraining 'rst_n' to site 'IOB_X0Y226'
Info:     Tile 'LIOB33_X0Y225'
Info:     Constraining 'valid_in' to site 'IOB_X0Y230'
Info:     Tile 'LIOB33_X0Y229'
Info:     Constraining 'valid_out' to site 'IOB_X0Y214'
Info:     Tile 'LIOB33_X0Y213'
Info:     Constraining 'weight_enc[0]' to site 'IOB_X0Y229'
Info:     Tile 'LIOB33_X0Y229'
Info:     Constraining 'activation[7]' to site 'IOB_X0Y235'
Info:     Tile 'LIOB33_X0Y235'
Info:     Constraining 'weight_enc[1]' to site 'IOB_X0Y232'
Info:     Tile 'LIOB33_X0Y231'
Info:     Constraining 'activation[6]' to site 'IOB_X0Y236'
Info:     Tile 'LIOB33_X0Y235'
Info:     Constraining 'activation[5]' to site 'IOB_X0Y233'
Info:     Tile 'LIOB33_X0Y233'
Info:     Constraining 'activation[4]' to site 'IOB_X0Y207'
Info:     Tile 'LIOB33_X0Y207'
Info:     Constraining 'activation[3]' to site 'IOB_X0Y217'
Info:     Tile 'LIOB33_X0Y217'
Info:     Constraining 'activation[2]' to site 'IOB_X0Y215'
Info:     Tile 'LIOB33_X0Y215'
Info:     Constraining 'activation[1]' to site 'IOB_X0Y216'
Info:     Tile 'LIOB33_X0Y215'
Info:     Constraining 'activation[0]' to site 'IOB_X0Y231'
Info:     Tile 'LIOB33_X0Y231'
Info:     Constraining 'acc_out[0]' to site 'IOB_X0Y228'
Info:     Tile 'LIOB33_X0Y227'
Info:     Constraining 'acc_out[1]' to site 'IOB_X0Y227'
Info:     Tile 'LIOB33_X0Y227'
Info:     Constraining 'acc_out[2]' to site 'IOB_X0Y218'
Info:     Tile 'LIOB33_X0Y217'
Info:     Constraining 'acc_out[3]' to site 'IOB_X0Y208'
Info:     Tile 'LIOB33_X0Y207'
Info:     Constraining 'acc_out[4]' to site 'IOB_X0Y209'
Info:     Tile 'LIOB33_X0Y209'
Info:     Constraining 'acc_out[5]' to site 'IOB_X0Y234'
Info:     Tile 'LIOB33_X0Y233'
Info:     Constraining 'acc_out[6]' to site 'IOB_X0Y244'
Info:     Tile 'LIOB33_X0Y243'
Info:     Constraining 'acc_out[7]' to site 'IOB_X0Y243'
Info:     Tile 'LIOB33_X0Y243'
Info:     Constraining 'acc_out[8]' to site 'IOB_X0Y225'
Info:     Tile 'LIOB33_X0Y225'
Info:     Constraining 'acc_out[9]' to site 'IOB_X0Y223'
Info:     Tile 'LIOB33_X0Y223'
Info:     Constraining 'acc_out[10]' to site 'IOB_X0Y211'
Info:     Tile 'LIOB33_X0Y211'
Info:     Constraining 'acc_out[11]' to site 'IOB_X0Y210'
Info:     Tile 'LIOB33_X0Y209'
Info:     Constraining 'acc_out[12]' to site 'IOB_X0Y238'
Info:     Tile 'LIOB33_X0Y237'
Info:     Constraining 'acc_out[13]' to site 'IOB_X0Y237'
Info:     Tile 'LIOB33_X0Y237'
Info:     Constraining 'acc_out[14]' to site 'IOB_X0Y239'
Info:     Tile 'LIOB33_X0Y239'
Info:     Constraining 'acc_out[15]' to site 'IOB_X0Y221'
Info:     Tile 'LIOB33_X0Y221'
Info:     Constraining 'acc_out[16]' to site 'IOB_X0Y212'
Info:     Tile 'LIOB33_X0Y211'
Info:     Constraining 'acc_out[17]' to site 'IOB_X0Y203'
Info:     Tile 'LIOB33_X0Y203'
Info:     Constraining 'acc_out[18]' to site 'IOB_X0Y205'
Info:     Tile 'LIOB33_X0Y205'
Info:     Constraining 'acc_out[19]' to site 'IOB_X0Y242'
Info:     Tile 'LIOB33_X0Y241'
Info:     Constraining 'acc_out[20]' to site 'IOB_X0Y241'
Info:     Tile 'LIOB33_X0Y241'
Info:     Constraining 'acc_out[21]' to site 'IOB_X0Y240'
Info:     Tile 'LIOB33_X0Y239'
Info:     Constraining 'acc_out[22]' to site 'IOB_X0Y245'
Info:     Tile 'LIOB33_X0Y245'
Info:     Constraining 'acc_out[23]' to site 'IOB_X0Y219'
Info:     Tile 'LIOB33_X0Y219'
Info:     Constraining 'acc_out[24]' to site 'IOB_X0Y222'
Info:     Tile 'LIOB33_X0Y221'
Info:     Constraining 'acc_out[25]' to site 'IOB_X0Y204'
Info:     Tile 'LIOB33_X0Y203'
Info:     Constraining 'acc_out[26]' to site 'IOB_X0Y206'
Info:     Tile 'LIOB33_X0Y205'
Info:     Constraining 'acc_out[27]' to site 'IOB_X0Y248'
Info:     Tile 'LIOB33_X0Y247'
Info:     Constraining 'acc_out[28]' to site 'IOB_X0Y247'
Info:     Tile 'LIOB33_X0Y247'
Info:     Constraining 'acc_out[29]' to site 'IOB_X0Y249'
Info:     Tile 'LIOB33_SING_X0Y249'
Info:     Constraining 'acc_out[30]' to site 'IOB_X0Y246'
Info:     Tile 'LIOB33_X0Y245'
Info:     Constraining 'acc_out[31]' to site 'IOB_X0Y220'
Info:     Tile 'LIOB33_X0Y219'
Info: Generating input buffer for 'clk$ibuf$'
Info: Generating input buffer for 'rst_n$ibuf$'
Info: Generating input buffer for 'valid_in$ibuf$'
Info: Generating output buffer for 'valid_out$obuf$'
Info: Generating input buffer for 'weight_enc[0]$ibuf$'
Info: Generating input buffer for 'activation[7]$ibuf$'
Info: Generating input buffer for 'weight_enc[1]$ibuf$'
Info: Generating input buffer for 'activation[6]$ibuf$'
Info: Generating input buffer for 'activation[5]$ibuf$'
Info: Generating input buffer for 'activation[4]$ibuf$'
Info: Generating input buffer for 'activation[3]$ibuf$'
Info: Generating input buffer for 'activation[2]$ibuf$'
Info: Generating input buffer for 'activation[1]$ibuf$'
Info: Generating input buffer for 'activation[0]$ibuf$'
Info: Generating output buffer for 'acc_out[0]$obuf$'
Info: Generating output buffer for 'acc_out[1]$obuf$'
Info: Generating output buffer for 'acc_out[2]$obuf$'
Info: Generating output buffer for 'acc_out[3]$obuf$'
Info: Generating output buffer for 'acc_out[4]$obuf$'
Info: Generating output buffer for 'acc_out[5]$obuf$'
Info: Generating output buffer for 'acc_out[6]$obuf$'
Info: Generating output buffer for 'acc_out[7]$obuf$'
Info: Generating output buffer for 'acc_out[8]$obuf$'
Info: Generating output buffer for 'acc_out[9]$obuf$'
Info: Generating output buffer for 'acc_out[10]$obuf$'
Info: Generating output buffer for 'acc_out[11]$obuf$'
Info: Generating output buffer for 'acc_out[12]$obuf$'
Info: Generating output buffer for 'acc_out[13]$obuf$'
Info: Generating output buffer for 'acc_out[14]$obuf$'
Info: Generating output buffer for 'acc_out[15]$obuf$'
Info: Generating output buffer for 'acc_out[16]$obuf$'
Info: Generating output buffer for 'acc_out[17]$obuf$'
Info: Generating output buffer for 'acc_out[18]$obuf$'
Info: Generating output buffer for 'acc_out[19]$obuf$'
Info: Generating output buffer for 'acc_out[20]$obuf$'
Info: Generating output buffer for 'acc_out[21]$obuf$'
Info: Generating output buffer for 'acc_out[22]$obuf$'
Info: Generating output buffer for 'acc_out[23]$obuf$'
Info: Generating output buffer for 'acc_out[24]$obuf$'
Info: Generating output buffer for 'acc_out[25]$obuf$'
Info: Generating output buffer for 'acc_out[26]$obuf$'
Info: Generating output buffer for 'acc_out[27]$obuf$'
Info: Generating output buffer for 'acc_out[28]$obuf$'
Info: Generating output buffer for 'acc_out[29]$obuf$'
Info: Generating output buffer for 'acc_out[30]$obuf$'
Info: Generating output buffer for 'acc_out[31]$obuf$'
Info:     Created 46 PAD cells from:
Info:             46x PAD
Info: Preparing clocking...
Info: Packing constants..
Info: Packing cfg...
Info: Packing PLLs...
Info: Packing Gigabit Transceivers..
Info: Packing global buffers...
Info:     Constrained BUFGCTRL '$auto$clkbufmap.cc:261:execute$3095' to bel 'BUFGCTRL_X0Y16/BUFGCTRL' based on dedicated routing
Info: Packing MUX[789]s..
Info: Packing carries (atomic CARRY4)..
Info:    Packed 15 CARRY4 cells into 3 chains (atomic).
Info: router2 PRECYINIT fix: 15 CARRY4 cells, 18 constant carry pins disconnected
Info: Packing LUTs..
Info:     Created 331 SLICE_LUTX cells from:
Info:            203x LUT1
Info:             64x LUT2
Info:              1x LUT3
Info:             14x LUT4
Info:             49x LUT5
Info: Packing DRAM..
Info:    Transformed 0 tied-low DRAM address inputs to be tied-high
Info: Packing BRAM..
Info: Packing DSPs..
Info: Packing flipflops..
Info:     Created 114 SLICE_FFX cells from:
Info:            113x FDCE
Info:              1x FDPE
Info:     local-const FF control: disconnected 0 SR(=GND) + 33 CE(=VCC) pins from global nets
Info: Constrained 81 LUTFF pairs.

Info: Annotating ports with timing budgets for target frequency 100.00 MHz
Info: Checksum: 0xc6cd78cf

Info: Device utilisation:
Info: 	          SLICE_LUTX:   331/269200     0%
Info: 	           SLICE_FFX:   114/269200     0%
Info: 	              CARRY4:    15/33650     0%
Info: 	          PSEUDO_GND:     1/69165     0%
Info: 	          PSEUDO_VCC:     1/69165     0%
Info: 	               HARD0:     0/ 3960     0%
Info: 	            RAMB18E1:     0/  730     0%
Info: 	            FIFO18E1:     0/  365     0%
Info: 	        RAMBFIFO36E1:     0/  365     0%
Info: 	            RAMB36E1:     0/  365     0%
Info: 	             DSP48E1:     0/  740     0%
Info: 	                 PAD:    46/ 1062     4%
Info: 	       IOB33M_OUTBUF:     0/  240     0%
Info: 	       IOB33S_OUTBUF:     0/  240     0%
Info: 	        IOB33_OUTBUF:    33/  500     6%
Info: 	     IOB33M_INBUF_EN:     0/  240     0%
Info: 	     IOB33S_INBUF_EN:     0/  240     0%
Info: 	      IOB33_INBUF_EN:    13/  500     2%
Info: 	IOB33M_TERM_OVERRIDE:     0/  240     0%
Info: 	IOB33S_TERM_OVERRIDE:     0/  240     0%
Info: 	 IOB33_TERM_OVERRIDE:     0/  500     0%
Info: 	       PULL_OR_KEEP1:     0/  980     0%
Info: 	            IDELAYE2:     0/  500     0%
Info: 	        OLOGICE3_TFF:     0/  500     0%
Info: 	      OLOGICE3_OUTFF:     0/  500     0%
Info: 	       OLOGICE3_MISR:     0/  500     0%
Info: 	           OSERDESE2:     0/  500     0%
Info: 	        ILOGICE3_IFF:     0/  500     0%
Info: 	ILOGICE3_ZHOLD_DELAY:     0/  500     0%
Info: 	           ISERDESE2:     0/  500     0%
Info: 	                BUFR:     0/   40     0%
Info: 	               BUFIO:     0/   40     0%
Info: 	          IDELAYCTRL:     0/   10     0%
Info: 	            BUFGCTRL:     1/   32     3%
Info: 	            PCIE_2_1:     0/    1     0%
Info: 	               BSCAN:     0/    4     0%
Info: 	                BUFG:     0/   32     0%
Info: 	              BUFHCE:     0/  120     0%
Info: 	            DCIRESET:     0/    1     0%
Info: 	            DNA_PORT:     0/    1     0%
Info: 	           EFUSE_USR:     0/    1     0%
Info: 	           FRAME_ECC:     0/    1     0%
Info: 	       GTPE2_CHANNEL:     0/   16     0%
Info: 	        GTPE2_COMMON:     0/    4     0%
Info: 	         IBUFDS_GTE2:     0/    8     0%
Info: 	                ICAP:     0/    2     0%
Info: 	            INVERTER:     0/  240     0%
Info: 	          MMCME2_ADV:     0/   10     0%
Info: 	        OLOGICE2_TFF:     0/  500     0%
Info: 	      OLOGICE2_OUTFF:     0/  500     0%
Info: 	           PLLE2_ADV:     0/   10     0%
Info: 	           SELMUX2_1:     0/102950     0%
Info: 	             STARTUP:     0/    1     0%
Info: 	          USR_ACCESS:     0/    1     0%
Info: 	              BUFFER:     0/   82     0%
Info: 	        ILOGICE2_IFF:     0/  500     0%
Info: 	       OLOGICE2_MISR:     0/  500     0%

Info: HeAP congestion knobs: beta=0.400 spread_scale=2,1 alpha=0.080
Info: Placed 93 cells based on constraints.
Info: Creating initial analytic placement for 246 cells, random placement wirelen = 89518.
Info:     at initial placer iter 0, wirelen = 2143
Info:     at initial placer iter 1, wirelen = 2035
Info:     at initial placer iter 2, wirelen = 2071
Info:     at initial placer iter 3, wirelen = 2047
Info: Running main analytical placer.
Info:     at iteration #1, type ALL: wirelen solved = 2171, spread = 9222, legal = 8076; time = 0.43s
Info:     at iteration #2, type ALL: wirelen solved = 2356, spread = 5730, legal = 6283; time = 0.06s
Info:     at iteration #3, type ALL: wirelen solved = 2568, spread = 6279, legal = 6503; time = 1.37s
Info:     at iteration #4, type ALL: wirelen solved = 2799, spread = 5857, legal = 6234; time = 0.43s
Info:     at iteration #5, type ALL: wirelen solved = 2869, spread = 5448, legal = 5920; time = 0.69s
Info:     at iteration #6, type ALL: wirelen solved = 2927, spread = 5677, legal = 6010; time = 0.44s
Info:     at iteration #7, type ALL: wirelen solved = 2976, spread = 5132, legal = 5446; time = 0.77s
Info:     at iteration #8, type ALL: wirelen solved = 3115, spread = 5051, legal = 5419; time = 0.73s
Info:     at iteration #9, type ALL: wirelen solved = 3008, spread = 5820, legal = 5939; time = 0.40s
Info:     at iteration #10, type ALL: wirelen solved = 3276, spread = 5240, legal = 5508; time = 0.09s
Info:     at iteration #11, type ALL: wirelen solved = 3322, spread = 5247, legal = 5304; time = 0.27s
Info:     at iteration #12, type ALL: wirelen solved = 3307, spread = 5206, legal = 5550; time = 0.87s
Info:     at iteration #13, type ALL: wirelen solved = 3373, spread = 4979, legal = 5150; time = 0.63s
Info:     at iteration #14, type ALL: wirelen solved = 3394, spread = 5004, legal = 5323; time = 0.54s
Info:     at iteration #15, type ALL: wirelen solved = 3389, spread = 5011, legal = 5386; time = 0.59s
Info:     at iteration #16, type ALL: wirelen solved = 3406, spread = 5964, legal = 5731; time = 0.47s
Info:     at iteration #17, type ALL: wirelen solved = 3532, spread = 5132, legal = 5287; time = 0.30s
Info:     at iteration #18, type ALL: wirelen solved = 3492, spread = 4848, legal = 5097; time = 1.03s
Info:     at iteration #19, type ALL: wirelen solved = 3482, spread = 5143, legal = 5345; time = 0.43s
Info:     at iteration #20, type ALL: wirelen solved = 3482, spread = 5171, legal = 5220; time = 0.46s
Info:     at iteration #21, type ALL: wirelen solved = 3562, spread = 5251, legal = 5243; time = 0.74s
Info:     at iteration #22, type ALL: wirelen solved = 3528, spread = 6043, legal = 5926; time = 0.86s
Info:     at iteration #23, type ALL: wirelen solved = 3841, spread = 5365, legal = 5303; time = 0.55s
Info: HeAP Placer Time: 18.26s
Info:   of which solving equations: 4.24s
Info:   of which spreading cells: 4.41s
Info:   of which strict legalisation: 2.82s

Info: Running simulated annealing placer for refinement.
Info:   at iteration #1: temp = 0.000000, timing cost = 31, wirelen = 5097
Info:   at iteration #5: temp = 0.000000, timing cost = 31, wirelen = 4555
Info:   at iteration #10: temp = 0.000000, timing cost = 31, wirelen = 4506
Info:   at iteration #10: temp = 0.000000, timing cost = 31, wirelen = 4506 
Info: SA placement time 3.12s

Info: Max frequency for clock 'u.clk': 118.99 MHz (PASS at 100.00 MHz)

Info: Slack histogram:
Info:  legend: * represents 1 endpoint(s)
Info:          + represents [1,1) endpoint(s)
Info: [  1596,   1965) |***** 
Info: [  1965,   2334) |******* 
Info: [  2334,   2703) |**** 
Info: [  2703,   3072) |** 
Info: [  3072,   3441) |*** 
Info: [  3441,   3810) |******* 
Info: [  3810,   4179) |*** 
Info: [  4179,   4548) |**** 
Info: [  4548,   4917) |***** 
Info: [  4917,   5286) |************ 
Info: [  5286,   5655) |* 
Info: [  5655,   6024) |******** 
Info: [  6024,   6393) |****************** 
Info: [  6393,   6762) |******************** 
Info: [  6762,   7131) |************************* 
Info: [  7131,   7500) |******************** 
Info: [  7500,   7869) |***************** 
Info: [  7869,   8238) |************** 
Info: [  8238,   8607) |*********** 
Info: [  8607,   8976) |********* 
Info: Checksum: 0xef8834d4
Info: Running post-placement legalisation...
Info: post-place repair: relocated 134 stranded cluster(s)/cell(s) to valid bels
Info: Routing global clocks...
Info:     routing clock 'u.clk'
Info:     routing clock 'clk$auto$IOBUF_O$'
Info: Running router2...
Info: Setting up routing resources...
Info: Running main router loop...
Info:     iter=1 wires=6413 overused=99 overuse=105 archfail=NA
Info:     iter=2 wires=6480 overused=0 overuse=0 archfail=0
Info: 1000 slowest nets by runtime:
                        $techmap2973$abc$2447$auto$blifparse.cc:557:parse_blif$2574.A[2]     50 9202.3ms
                                                                     rst_n$auto$IOBUF_O$    114 6606.8ms
                        $techmap2973$abc$2447$auto$blifparse.cc:557:parse_blif$2574.A[1]     50 6177.7ms
                        $techmap2973$abc$2447$auto$blifparse.cc:557:parse_blif$2574.A[3]     50 4452.2ms
                        $techmap2973$abc$2447$auto$blifparse.cc:557:parse_blif$2574.A[0]     50 4250.4ms
                        $techmap2977$abc$2447$auto$blifparse.cc:557:parse_blif$2571.A[4]     50 3448.2ms
                                                               acc_out[17]$auto$IOBUF_I$      1 3351.8ms
                                  $abc$2447$auto$opt_dff.cc:336:make_patterns_logic$1236     32 3248.6ms
                                                                 valid_out$auto$IOBUF_I$     35 2839.8ms
                                                               acc_out[15]$auto$IOBUF_I$      1 2001.7ms
                                                                acc_out[2]$auto$IOBUF_I$      1 1677.9ms
                                                               acc_out[26]$auto$IOBUF_I$      1 1652.0ms
                                                               acc_out[13]$auto$IOBUF_I$      1 1564.7ms
                                                                acc_out[6]$auto$IOBUF_I$      1 1536.7ms
                                                               acc_out[23]$auto$IOBUF_I$      1 1449.4ms
                                                               acc_out[19]$auto$IOBUF_I$      1 1244.7ms
                                                               acc_out[25]$auto$IOBUF_I$      1 1183.8ms
                                                               acc_out[20]$auto$IOBUF_I$      1 1182.1ms
                                                               acc_out[18]$auto$IOBUF_I$      1 1126.6ms
                                                               acc_out[22]$auto$IOBUF_I$      1 1073.3ms
                                                                acc_out[4]$auto$IOBUF_I$      1 1057.2ms
                                                               acc_out[31]$auto$IOBUF_I$      1 975.1ms
                                                                acc_out[9]$auto$IOBUF_I$      1 861.7ms
                                                               acc_out[14]$auto$IOBUF_I$      1 845.3ms
                                               $abc$2447$auto$rtlil.cc:3501:NotGate$2430      1 780.0ms
                                                                acc_out[1]$auto$IOBUF_I$      1 732.5ms
                                                             weight_enc[1]$auto$IOBUF_O$      9 713.4ms
                                                               acc_out[11]$auto$IOBUF_I$      1 704.0ms
                                                               acc_out[16]$auto$IOBUF_I$      1 632.6ms
                                                               acc_out[12]$auto$IOBUF_I$      1 632.0ms
                                             $auto$alumacc.cc:512:replace_alu$1243.Y[13]      2 617.3ms
                                                                acc_out[7]$auto$IOBUF_I$      1 597.4ms
                                                               acc_out[29]$auto$IOBUF_I$      1 588.2ms
                                             $auto$alumacc.cc:512:replace_alu$1243.Y[31]      2 580.3ms
                                                               acc_out[28]$auto$IOBUF_I$      1 578.0ms
                                                                acc_out[5]$auto$IOBUF_I$      1 564.0ms
                                                                acc_out[3]$auto$IOBUF_I$      1 549.4ms
                                              $auto$alumacc.cc:512:replace_alu$1243.Y[8]      2 537.9ms
                                               $abc$2447$auto$rtlil.cc:3501:NotGate$2438      1 484.0ms
                                                             activation[2]$auto$IOBUF_O$      2 479.0ms
                                                               acc_out[27]$auto$IOBUF_I$      1 453.4ms
                                                                acc_out[8]$auto$IOBUF_I$      1 431.8ms
                                               $abc$2447$auto$rtlil.cc:3501:NotGate$2380      1 424.6ms
                                                $abc$2447$flatten\u.$0\acc_out[31:0][14]      1 407.0ms
                                                             weight_enc[0]$auto$IOBUF_O$      9 367.5ms
                                               $abc$2447$auto$rtlil.cc:3501:NotGate$2334      1 356.1ms
                                                               acc_out[10]$auto$IOBUF_I$      1 350.6ms
                                               $abc$2447$auto$rtlil.cc:3501:NotGate$2424      1 332.6ms
                                               $abc$2447$auto$rtlil.cc:3501:NotGate$2336      1 331.5ms
                                               $abc$2447$auto$rtlil.cc:3501:NotGate$2406      1 324.3ms
                                               $abc$2447$auto$rtlil.cc:3501:NotGate$2316      1 319.0ms
                                               $abc$2447$auto$rtlil.cc:3501:NotGate$2300      1 304.8ms
                                                                      u.weighted_ext[10]     48 302.9ms
                                              $auto$alumacc.cc:512:replace_alu$1243.Y[1]      2 296.5ms
                                                               acc_out[21]$auto$IOBUF_I$      1 293.3ms
                                               $abc$2447$auto$rtlil.cc:3501:NotGate$2440      1 292.1ms
                                               $abc$2447$auto$rtlil.cc:3501:NotGate$2276      1 291.2ms
                                              $auto$alumacc.cc:512:replace_alu$1243.Y[6]      2 290.9ms
                                                               acc_out[30]$auto$IOBUF_I$      1 288.7ms
                                             $auto$alumacc.cc:512:replace_alu$1243.Y[25]      2 282.1ms
                                             $auto$alumacc.cc:512:replace_alu$1243.Y[15]      2 275.2ms
                                             $auto$alumacc.cc:512:replace_alu$1243.Y[28]      2 274.3ms
                                                             activation[7]$auto$IOBUF_O$      3 270.9ms
                                                                               u.acc[27]      1 264.3ms
                                               $abc$2447$auto$rtlil.cc:3501:NotGate$2224      1 253.2ms
                                             $auto$alumacc.cc:512:replace_alu$1243.Y[16]      2 245.4ms
                                               $abc$2447$auto$rtlil.cc:3501:NotGate$2348      1 243.9ms
                                             $auto$alumacc.cc:512:replace_alu$1246.Y[14]      1 237.2ms
                                                               acc_out[24]$auto$IOBUF_I$      1 231.9ms
                                               $abc$2447$auto$rtlil.cc:3501:NotGate$2434      1 230.8ms
                                               $abc$2447$auto$rtlil.cc:3501:NotGate$2444      1 228.0ms
                                              $auto$alumacc.cc:512:replace_alu$1243.Y[3]      2 224.7ms
                                               $abc$2447$auto$rtlil.cc:3501:NotGate$2254      1 218.3ms
                                                                acc_out[0]$auto$IOBUF_I$      1 213.4ms
                                                                       u.weighted_ext[2]      2 213.2ms
                                             $auto$alumacc.cc:512:replace_alu$1243.Y[11]      2 212.9ms
                                               $abc$2447$auto$rtlil.cc:3501:NotGate$2244      1 209.3ms
                                               $abc$2447$auto$rtlil.cc:3501:NotGate$2286      1 208.4ms
                                               $abc$2447$auto$rtlil.cc:3501:NotGate$2354      1 199.9ms
                                                                              u.count[6]      3 196.9ms
                                               $abc$2447$auto$rtlil.cc:3501:NotGate$2260      1 196.0ms
                                             $auto$alumacc.cc:512:replace_alu$1243.Y[29]      2 183.3ms
                                                               u.weighted_ext[2]$legal$5      1 181.7ms
                                               $abc$2447$auto$rtlil.cc:3501:NotGate$2408      1 177.1ms
                                                                             u.count[15]      3 174.4ms
                                              $auto$alumacc.cc:512:replace_alu$1243.Y[4]      2 171.7ms
                                               $abc$2447$auto$rtlil.cc:3501:NotGate$2242      1 170.7ms
                                               $abc$2447$auto$rtlil.cc:3501:NotGate$2278      1 169.1ms
                                                             u.weighted_ext[10]$legal$33      1 166.2ms
                                                               $PACKER_GND_NET$legal$131      1 165.9ms
                                               $abc$2447$auto$rtlil.cc:3501:NotGate$2378      1 165.2ms
                                                                                u.acc[6]      1 164.4ms
                                                                               u.acc[18]      1 163.7ms
                                                                               u.acc[15]      1 157.0ms
                                                                                u.acc[5]      1 152.3ms
                                               $abc$2447$auto$rtlil.cc:3501:NotGate$2342      1 150.9ms
                                             $auto$alumacc.cc:512:replace_alu$1243.Y[26]      2 147.4ms
                                                                             u.count[14]      3 146.7ms
                                             $auto$alumacc.cc:512:replace_alu$1243.Y[18]      2 146.6ms
                                                                                u.acc[1]      1 146.5ms
                                                                      u.result_latch[12]      1 145.5ms
                                               $abc$2447$auto$rtlil.cc:3501:NotGate$2226      1 140.4ms
                                                                               u.acc[17]      1 139.8ms
                                                             u.weighted_ext[10]$legal$49      1 138.9ms
                                               $abc$2447$auto$rtlil.cc:3501:NotGate$2308      1 134.5ms
                                                                      u.result_latch[24]      1 133.9ms
                                               $abc$2447$auto$rtlil.cc:3501:NotGate$2330      1 122.0ms
                                               $abc$2447$auto$rtlil.cc:3501:NotGate$2288      1 120.1ms
                                             $auto$alumacc.cc:512:replace_alu$1243.Y[14]      2 119.4ms
                                                                              u.count[9]      3 118.1ms
                                                                  valid_in$auto$IOBUF_O$      1 117.7ms
                                              $auto$alumacc.cc:512:replace_alu$1251.Y[4]      1 117.6ms
                                              $auto$alumacc.cc:512:replace_alu$1243.Y[7]      2 116.9ms
                                              $auto$alumacc.cc:512:replace_alu$1251.Y[3]      1 115.4ms
                                                 $abc$2447$flatten\u.$procmux$1142_Y[13]      1 109.9ms
                                               $abc$2447$auto$rtlil.cc:3501:NotGate$2338      1 105.3ms
                                                                                u.acc[8]      1 102.2ms
                                              $auto$alumacc.cc:512:replace_alu$1246.Y[0]      1 102.0ms
                                                             u.weighted_ext[10]$legal$61      1 99.4ms
                                                                       u.weighted_ext[0]      2 94.7ms
                                              $auto$alumacc.cc:512:replace_alu$1243.Y[5]      2 93.8ms
                                               $abc$2447$auto$rtlil.cc:3501:NotGate$2410      1 93.8ms
                                               $abc$2447$auto$rtlil.cc:3501:NotGate$2446      1 93.3ms
                                                             activation[1]$auto$IOBUF_O$      2 89.3ms
                                               $abc$2447$auto$rtlil.cc:3501:NotGate$2266      1 89.2ms
                                               $abc$2447$auto$rtlil.cc:3501:NotGate$2296      1 83.9ms
                                                               $PACKER_GND_NET$legal$101      1 83.0ms
                                               $abc$2447$auto$rtlil.cc:3501:NotGate$2234      1 83.0ms
                                               $abc$2447$auto$rtlil.cc:3501:NotGate$2312      1 82.2ms
                                                             u.weighted_ext[10]$legal$47      1 80.6ms
                                                                              u.count[5]      3 78.9ms
                                                                     u.count[3]$legal$73      1 78.4ms
                                                                    u.count[14]$legal$95      1 76.7ms
                                                                       u.weighted_ext[3]      2 75.2ms
                                                             u.weighted_ext[10]$legal$25      1 74.8ms
                                                                              u.count[3]      3 74.3ms
                                                             u.weighted_ext[10]$legal$35      1 73.5ms
                                                  $abc$2447$flatten\u.$procmux$1136_Y[4]      1 73.3ms
                                                $abc$2447$flatten\u.$0\acc_out[31:0][28]      1 72.8ms
                                               $abc$2447$auto$rtlil.cc:3501:NotGate$2326      1 70.2ms
                                               $abc$2447$auto$rtlil.cc:3501:NotGate$2262      1 70.2ms
                                                                             u.count[13]      3 69.2ms
                                             $auto$alumacc.cc:512:replace_alu$1246.Y[13]      1 68.1ms
                                               $abc$2447$auto$rtlil.cc:3501:NotGate$2366      1 67.9ms
                                               $abc$2447$auto$rtlil.cc:3501:NotGate$2270      1 66.9ms
                                              $auto$alumacc.cc:512:replace_alu$1246.Y[4]      1 64.7ms
                                               $abc$2447$auto$rtlil.cc:3501:NotGate$2236      1 64.2ms
                                               $abc$2447$auto$rtlil.cc:3501:NotGate$2304      1 61.1ms
                                                             activation[0]$auto$IOBUF_O$      2 60.8ms
                                             $auto$alumacc.cc:512:replace_alu$1246.Y[10]      1 60.8ms
                                               $abc$2447$auto$rtlil.cc:3501:NotGate$2320      1 58.8ms
                                               $abc$2447$auto$rtlil.cc:3501:NotGate$2352      1 58.4ms
                                                             u.weighted_ext[10]$legal$29      1 58.0ms
                                               $abc$2447$auto$rtlil.cc:3501:NotGate$2428      1 58.0ms
                                                             u.weighted_ext[10]$legal$63      1 57.1ms
                                              $auto$alumacc.cc:512:replace_alu$1251.Y[5]      1 55.8ms
                                                                       u.result_latch[6]      1 55.1ms
                                                                      u.result_latch[13]      1 53.8ms
                                                 $abc$2447$flatten\u.$0\acc_out[31:0][6]      1 52.7ms
                                                               $PACKER_GND_NET$legal$107      1 52.4ms
                                                  $abc$2447$flatten\u.$procmux$1136_Y[2]      1 52.4ms
                                                                     u.count[9]$legal$85      1 52.2ms
                                               $abc$2447$auto$rtlil.cc:3501:NotGate$2416      1 51.6ms
                                                                    u.count[10]$legal$87      1 51.4ms
                                                                               u.acc[31]      1 51.0ms
                                                 $abc$2447$flatten\u.$0\acc_out[31:0][5]      1 51.0ms
                                              $auto$alumacc.cc:512:replace_alu$1246.Y[6]      1 50.5ms
                                               $abc$2447$auto$rtlil.cc:3501:NotGate$2388      1 50.3ms
                                               $abc$2447$auto$rtlil.cc:3501:NotGate$2294      1 50.1ms
                                                                      u.result_latch[21]      1 49.7ms
                                                                     u.count[5]$legal$77      1 49.5ms
                                                             activation[3]$auto$IOBUF_O$      2 49.3ms
                                                                    u.count[15]$legal$97      1 49.1ms
                                               $abc$2447$auto$rtlil.cc:3501:NotGate$2382      1 48.8ms
                                               $abc$2447$auto$rtlil.cc:3501:NotGate$2230      1 48.3ms
                                               $abc$2447$auto$rtlil.cc:3501:NotGate$2350      1 48.3ms
                                                                               u.acc[21]      1 45.3ms
                                                               $PACKER_GND_NET$legal$119      1 45.2ms
                                               $abc$2447$auto$rtlil.cc:3501:NotGate$2412      1 44.7ms
                                              $auto$alumacc.cc:512:replace_alu$1251.Y[6]      1 43.0ms
                                               $abc$2447$auto$rtlil.cc:3501:NotGate$2292      1 42.5ms
                                               $abc$2447$auto$rtlil.cc:3501:NotGate$2282      1 41.4ms
                                                                     u.count[8]$legal$83      1 40.7ms
                                              $auto$alumacc.cc:512:replace_alu$1246.Y[2]      1 39.4ms
                                               $abc$2447$auto$rtlil.cc:3501:NotGate$2346      1 39.2ms
                                              $auto$alumacc.cc:512:replace_alu$1246.Y[1]      1 38.7ms
                                                                                u.acc[4]      1 38.7ms
                                               $abc$2447$auto$rtlil.cc:3501:NotGate$2246      1 38.3ms
                                               $abc$2447$auto$rtlil.cc:3501:NotGate$2240      1 37.9ms
                                               $abc$2447$auto$rtlil.cc:3501:NotGate$2306      1 37.7ms
                                                 $abc$2447$flatten\u.$procmux$1136_Y[13]      1 37.7ms
                                              $auto$alumacc.cc:512:replace_alu$1246.Y[5]      1 37.4ms
                                                $abc$2447$flatten\u.$0\acc_out[31:0][21]      1 37.4ms
                                               $abc$2447$auto$rtlil.cc:3501:NotGate$2290      1 37.3ms
                                               $abc$2447$auto$rtlil.cc:3501:NotGate$2436      1 37.1ms
                                               $abc$2447$auto$rtlil.cc:3501:NotGate$2394      1 37.0ms
                                               $abc$2447$auto$rtlil.cc:3501:NotGate$2222      1 36.7ms
                                                                      u.result_latch[14]      1 36.5ms
                                             $auto$alumacc.cc:512:replace_alu$1243.Y[20]      2 35.4ms
                                                              u.weighted_ext[7]$legal$15      1 34.9ms
                                               $abc$2447$auto$rtlil.cc:3501:NotGate$2340      1 34.6ms
                                               $abc$2447$auto$rtlil.cc:3501:NotGate$2368      1 34.1ms
                                                                               u.acc[29]      1 32.8ms
                                                             activation[5]$auto$IOBUF_O$      2 31.7ms
                                              $auto$alumacc.cc:512:replace_alu$1251.Y[7]      1 31.3ms
                                                 $abc$2447$flatten\u.$procmux$1142_Y[26]      1 31.1ms
                                                               u.weighted_ext[4]$legal$9      1 29.5ms
                                                                      u.result_latch[17]      1 29.3ms
                                                 $abc$2447$flatten\u.$procmux$1136_Y[11]      1 28.6ms
                                               $abc$2447$auto$rtlil.cc:3501:NotGate$2432      1 28.2ms
                                                                               u.acc[28]      1 28.2ms
                                                $abc$2447$flatten\u.$0\acc_out[31:0][30]      1 27.9ms
                                              $auto$alumacc.cc:512:replace_alu$1243.Y[2]      2 27.6ms
                                                $abc$2447$flatten\u.$0\acc_out[31:0][19]      1 27.5ms
                                               $abc$2447$auto$rtlil.cc:3501:NotGate$2420      1 27.2ms
                                             $auto$alumacc.cc:512:replace_alu$1243.Y[22]      2 26.9ms
                                                                     u.count[2]$legal$71      1 26.9ms
                                                             u.weighted_ext[10]$legal$23      1 26.7ms
                                                 $abc$2447$flatten\u.$0\acc_out[31:0][4]      1 25.8ms
                                             $auto$alumacc.cc:512:replace_alu$1251.BB[7]      2 25.7ms
                                                                      u.result_latch[28]      1 25.5ms
                                               $abc$2447$auto$rtlil.cc:3501:NotGate$2384      1 25.5ms
                                                                      u.result_latch[30]      1 23.3ms
                                                                              u.count[2]      3 23.1ms
                                               $abc$2447$auto$rtlil.cc:3501:NotGate$2362      1 23.0ms
                                                                               u.acc[16]      1 22.5ms
                                               $abc$2447$auto$rtlil.cc:3501:NotGate$2250      1 22.0ms
                                                               u.weighted_ext[3]$legal$7      1 21.9ms
                                               $abc$2447$auto$rtlil.cc:3501:NotGate$2418      1 21.6ms
                                                                      u.result_latch[22]      1 21.4ms
                                                                                   u.clk    114 21.1ms
                                                                      u.result_latch[19]      1 21.0ms
                                              $auto$alumacc.cc:512:replace_alu$1243.Y[0]      2 21.0ms
                                              $auto$alumacc.cc:512:replace_alu$1251.Y[8]      1 20.8ms
                                             $auto$alumacc.cc:512:replace_alu$1243.Y[24]      2 20.7ms
                                                             u.weighted_ext[10]$legal$57      1 20.7ms
                                               $abc$2447$auto$rtlil.cc:3501:NotGate$2280      1 20.6ms
                                                                             u.count[10]      3 20.2ms
                                              $auto$alumacc.cc:512:replace_alu$1243.Y[9]      2 20.0ms
                                                                               u.acc[20]      1 19.8ms
                                              $auto$alumacc.cc:512:replace_alu$1251.Y[1]      1 19.7ms
                                                 $abc$2447$flatten\u.$procmux$1142_Y[25]      1 19.5ms
                                               $abc$2447$auto$rtlil.cc:3501:NotGate$2248      1 19.1ms
                                               $abc$2447$auto$rtlil.cc:3501:NotGate$2232      1 19.0ms
                                             $auto$alumacc.cc:512:replace_alu$1243.Y[12]      2 18.9ms
                                                                $PACKER_GND_NET$legal$99      1 18.6ms
                                               $abc$2447$auto$rtlil.cc:3501:NotGate$2324      1 18.4ms
                                             $auto$alumacc.cc:512:replace_alu$1243.Y[17]      2 18.3ms
                                               $abc$2447$auto$rtlil.cc:3501:NotGate$2268      1 18.1ms
                                                                               u.acc[25]      1 18.0ms
                                                                              u.count[8]      3 17.8ms
                                               $abc$2447$auto$rtlil.cc:3501:NotGate$2332      1 17.5ms
                                                                       u.weighted_ext[4]      2 17.4ms
                                               $abc$2447$auto$rtlil.cc:3501:NotGate$2376      1 17.2ms
                                                             u.weighted_ext[10]$legal$37      1 17.2ms
                                                                    u.count[13]$legal$93      1 16.5ms
                                                 $abc$2447$flatten\u.$procmux$1142_Y[28]      1 16.4ms
                                                             activation[6]$auto$IOBUF_O$      2 16.2ms
                                               $abc$2447$auto$rtlil.cc:3501:NotGate$2272      1 16.1ms
                                               $abc$2447$auto$rtlil.cc:3501:NotGate$2274      1 15.9ms
                                                                               u.acc[11]      1 15.9ms
                                               $abc$2447$auto$rtlil.cc:3501:NotGate$2258      1 15.8ms
                                                                               u.acc[26]      1 15.7ms
                                               $abc$2447$auto$rtlil.cc:3501:NotGate$2374      1 15.6ms
                                               $abc$2447$auto$rtlil.cc:3501:NotGate$2404      1 15.4ms
                                               $abc$2447$auto$rtlil.cc:3501:NotGate$2402      1 15.3ms
                                               $abc$2447$auto$rtlil.cc:3501:NotGate$2256      1 15.0ms
                                                                                u.acc[7]      1 15.0ms
                                               $abc$2447$auto$rtlil.cc:3501:NotGate$2344      1 14.8ms
                                               $abc$2447$auto$rtlil.cc:3501:NotGate$2422      1 14.7ms
                                                                             u.count[11]      3 14.1ms
                                             $auto$alumacc.cc:512:replace_alu$1243.Y[10]      2 14.0ms
                                               $abc$2447$auto$rtlil.cc:3501:NotGate$2252      1 13.7ms
                                               $abc$2447$auto$rtlil.cc:3501:NotGate$2310      1 13.2ms
                                                                     u.count[0]$legal$67      1 13.1ms
                                               $abc$2447$auto$rtlil.cc:3501:NotGate$2302      1 12.7ms
                                                               $PACKER_GND_NET$legal$103      1 12.6ms
                                                                              u.count[0]      3 12.4ms
                                               $abc$2447$auto$rtlil.cc:3501:NotGate$2356      1 12.4ms
                                               $abc$2447$auto$rtlil.cc:3501:NotGate$2228      1 12.3ms
                                               $abc$2447$auto$rtlil.cc:3501:NotGate$2360      1 12.2ms
                                             $auto$alumacc.cc:512:replace_alu$1246.Y[12]      1 12.2ms
                                                 $abc$2447$flatten\u.$procmux$1136_Y[15]      1 12.1ms
                                                 $abc$2447$flatten\u.$procmux$1142_Y[29]      1 11.8ms
                                               $abc$2447$auto$rtlil.cc:3501:NotGate$2322      1 11.7ms
                                             $auto$alumacc.cc:512:replace_alu$1243.Y[30]      2 11.4ms
                                                             activation[4]$auto$IOBUF_O$      2 11.3ms
                                                                               u.acc[19]      1 10.5ms
                                               $abc$2447$auto$rtlil.cc:3501:NotGate$2396      1 10.4ms
                                              $auto$alumacc.cc:512:replace_alu$1251.Y[0]      1 9.9ms
                                                                               u.acc[13]      1 9.9ms
                                               $abc$2447$auto$rtlil.cc:3501:NotGate$2398      1 9.9ms
                                                  $abc$2447$flatten\u.$procmux$1136_Y[9]      1 9.9ms
                                                                       u.result_latch[5]      1 9.8ms
                                               $abc$2447$auto$rtlil.cc:3501:NotGate$2358      1 9.8ms
                                             $auto$alumacc.cc:512:replace_alu$1243.Y[19]      2 9.6ms
                                               $abc$2447$auto$rtlil.cc:3501:NotGate$2314      1 9.2ms
                                                                               u.acc[22]      1 9.1ms
                                                                                u.acc[9]      1 9.0ms
                                                                       u.result_latch[9]      1 9.0ms
                                               $abc$2447$auto$rtlil.cc:3501:NotGate$2318      1 8.9ms
                                             $auto$alumacc.cc:512:replace_alu$1246.Y[11]      1 8.9ms
                                               $abc$2447$auto$rtlil.cc:3501:NotGate$2264      1 8.6ms
                                                                               u.acc[10]      1 8.4ms
                                                $abc$2447$flatten\u.$0\acc_out[31:0][25]      1 8.3ms
                                                                       u.result_latch[0]      1 8.0ms
                                             $auto$alumacc.cc:512:replace_alu$1246.Y[15]      1 7.9ms
                                                  $abc$2447$flatten\u.$procmux$1142_Y[7]      1 7.9ms
                                                 $abc$2447$flatten\u.$procmux$1142_Y[22]      1 7.8ms
                                               $abc$2447$auto$rtlil.cc:3501:NotGate$2400      1 7.6ms
                                               $abc$2447$auto$rtlil.cc:3501:NotGate$2414      1 7.5ms
                                                               $PACKER_GND_NET$legal$109      1 7.3ms
                                             $auto$alumacc.cc:512:replace_alu$1243.Y[23]      2 7.1ms
                                                                               u.acc[12]      1 7.0ms
                                               $abc$2447$auto$rtlil.cc:3501:NotGate$2426      1 7.0ms
                                             $abc$2447$auto$rtlil.cc:3267:ReduceAnd$1250      1 6.8ms
                                                $abc$2447$flatten\u.$0\acc_out[31:0][11]      1 6.6ms
                                                               $PACKER_GND_NET$legal$111      1 6.5ms
                                              $auto$alumacc.cc:512:replace_alu$1246.Y[3]      1 6.4ms
                                                 $abc$2447$flatten\u.$0\acc_out[31:0][0]      1 6.2ms
                                                 $abc$2447$flatten\u.$0\acc_out[31:0][1]      1 6.2ms
                                                                       u.result_latch[8]      1 6.1ms
                                              $auto$alumacc.cc:512:replace_alu$1246.Y[9]      1 6.0ms
                                                                      u.result_latch[11]      1 5.9ms
                                               $abc$2447$auto$rtlil.cc:3501:NotGate$2328      1 5.8ms
                                                                    u.count[12]$legal$91      1 5.8ms
                                               $abc$2447$auto$rtlil.cc:3501:NotGate$2386      1 5.6ms
                                                                       u.weighted_ext[6]      2 5.5ms
                                                                               u.acc[23]      1 5.4ms
                                                $abc$2447$flatten\u.$0\acc_out[31:0][12]      1 5.4ms
                                               $abc$2447$auto$rtlil.cc:3501:NotGate$2442      1 5.3ms
                                                 $abc$2447$flatten\u.$procmux$1136_Y[14]      1 5.2ms
                                                 $abc$2447$flatten\u.$procmux$1142_Y[19]      1 5.1ms
                                                             u.weighted_ext[10]$legal$53      1 5.1ms
                                                 $abc$2447$flatten\u.$0\acc_out[31:0][8]      1 4.9ms
                                                               u.weighted_ext[0]$legal$1      1 4.8ms
                                               $abc$2447$auto$rtlil.cc:3501:NotGate$2238      1 4.8ms
                                                 $abc$2447$flatten\u.$procmux$1142_Y[10]      1 4.8ms
                                                $abc$2447$flatten\u.$0\acc_out[31:0][10]      1 4.7ms
                                                  $abc$2447$flatten\u.$procmux$1142_Y[9]      1 4.5ms
                                                 $abc$2447$flatten\u.$procmux$1142_Y[30]      1 4.3ms
                                               $abc$2447$auto$rtlil.cc:3501:NotGate$2392      1 4.2ms
                                                              u.weighted_ext[5]$legal$11      1 4.0ms
                                                 $abc$2447$flatten\u.$procmux$1142_Y[21]      1 3.8ms
                                                $abc$2447$flatten\u.$0\acc_out[31:0][26]      1 3.7ms
                                                                       u.weighted_ext[7]      2 3.6ms
                                                  $abc$2447$flatten\u.$procmux$1142_Y[0]      1 3.6ms
                                                  $abc$2447$flatten\u.$procmux$1142_Y[3]      1 3.4ms
                                                                     u.count[6]$legal$79      1 3.4ms
                                                  $abc$2447$flatten\u.$procmux$1136_Y[0]      1 3.4ms
                                                                       u.weighted_ext[1]      2 3.4ms
                                                                      u.result_latch[18]      1 3.4ms
                                              $auto$alumacc.cc:512:replace_alu$1246.Y[8]      1 3.3ms
                                                  $abc$2447$flatten\u.$procmux$1142_Y[1]      1 3.2ms
                                                                       clk$auto$IOBUF_O$      1 3.2ms
                                                  $abc$2447$flatten\u.$procmux$1142_Y[2]      1 3.1ms
                                               $abc$2447$auto$rtlil.cc:3501:NotGate$2364      1 2.9ms
                                                                       u.result_latch[1]      1 2.9ms
                                                $abc$2447$flatten\u.$0\acc_out[31:0][29]      1 2.8ms
                                               $abc$2447$auto$rtlil.cc:3501:NotGate$2220      1 2.8ms
                                                                               u.acc[24]      1 2.7ms
                                                             u.weighted_ext[10]$legal$41      1 2.7ms
                                                                             u.count[12]      3 2.7ms
                                                  $abc$2447$flatten\u.$procmux$1136_Y[8]      1 2.6ms
                                               $abc$2447$auto$rtlil.cc:3501:NotGate$2390      1 2.5ms
                                                                       u.result_latch[4]      1 2.5ms
                                               $abc$2447$auto$rtlil.cc:3501:NotGate$2372      1 2.4ms
                                                                      u.result_latch[20]      1 2.1ms
                                               $abc$2447$auto$rtlil.cc:3501:NotGate$2284      1 2.1ms
                                                 $abc$2447$flatten\u.$procmux$1136_Y[10]      1 2.0ms
                                      $auto$alumacc.cc:512:replace_alu$1251.genblk1.O[9]      0 1.9ms
                                                 $abc$2447$flatten\u.$procmux$1142_Y[17]      1 1.9ms
                                                                      u.result_latch[26]      1 1.9ms
                                                 $abc$2447$flatten\u.$procmux$1142_Y[18]      1 1.8ms
                                                                      u.result_latch[23]      1 1.8ms
                                                 $abc$2447$flatten\u.$0\acc_out[31:0][2]      1 1.8ms
                                                             u.weighted_ext[10]$legal$39      1 1.8ms
                                               $abc$2447$auto$rtlil.cc:3501:NotGate$2370      1 1.8ms
                                                                      u.result_latch[16]      1 1.6ms
                                             $auto$alumacc.cc:512:replace_alu$1243.Y[27]      2 1.5ms
                                                                    u.count[11]$legal$89      1 1.5ms
                                                $abc$2447$flatten\u.$0\acc_out[31:0][18]      1 1.5ms
                                                                   u.vector_done_delayed      1 1.5ms
                                                                       u.result_latch[3]      1 1.5ms
                                                 $abc$2447$flatten\u.$procmux$1142_Y[14]      1 1.4ms
                                                                      u.result_latch[15]      1 1.4ms
                                                                              u.count[7]      3 1.4ms
                                                                       u.weighted_ext[5]      2 1.3ms
                                               $abc$2447$auto$rtlil.cc:3501:NotGate$2298      1 1.3ms
                                              $auto$alumacc.cc:512:replace_alu$1246.Y[7]      1 1.3ms
                                                                              u.count[4]      3 1.3ms
                                                  $abc$2447$flatten\u.$procmux$1142_Y[5]      1 1.3ms
                                                 $abc$2447$flatten\u.$procmux$1142_Y[31]      1 1.2ms
                                                  $abc$2447$flatten\u.$procmux$1136_Y[7]      1 1.2ms
                                                 $abc$2447$flatten\u.$procmux$1142_Y[16]      1 1.2ms
                                                                                u.acc[3]      1 1.1ms
                                                                      u.result_latch[10]      1 1.1ms
                                                $abc$2447$flatten\u.$0\acc_out[31:0][16]      1 1.1ms
                                                 $abc$2447$flatten\u.$0\acc_out[31:0][3]      1 1.1ms
                                                                      u.result_latch[29]      1 1.0ms
                                                                      u.result_latch[25]      1 1.0ms
                                                                               u.acc[14]      1 1.0ms
                                                 $abc$2447$flatten\u.$procmux$1142_Y[20]      1 1.0ms
                                                 $abc$2447$flatten\u.$procmux$1142_Y[12]      1 1.0ms
                                             $auto$alumacc.cc:512:replace_alu$1243.Y[21]      2 0.9ms
                                                                              u.count[1]      3 0.9ms
                                                  $abc$2447$flatten\u.$procmux$1136_Y[6]      1 0.9ms
                                                 $abc$2447$flatten\u.$procmux$1136_Y[12]      1 0.9ms
                                                 $abc$2447$flatten\u.$procmux$1142_Y[15]      1 0.7ms
                                                                      u.result_latch[31]      1 0.7ms
                                                 $abc$2447$flatten\u.$procmux$1142_Y[23]      1 0.7ms
                                                $abc$2447$flatten\u.$0\acc_out[31:0][13]      1 0.7ms
                                                                       u.result_latch[2]      1 0.7ms
                                                 $abc$2447$flatten\u.$procmux$1142_Y[11]      1 0.7ms
                                                                     u.count[7]$legal$81      1 0.6ms
                                                                                u.acc[2]      1 0.6ms
                                                  $abc$2447$flatten\u.$procmux$1136_Y[5]      1 0.6ms
                                                               $PACKER_GND_NET$legal$127      1 0.6ms
                                                             u.weighted_ext[10]$legal$17      1 0.6ms
                                                                                u.acc[0]      1 0.6ms
                                                             u.weighted_ext[10]$legal$43      1 0.6ms
                                                 $abc$2447$flatten\u.$0\acc_out[31:0][9]      1 0.6ms
                                                                       u.result_latch[7]      1 0.6ms
                                                  $abc$2447$flatten\u.$procmux$1136_Y[3]      1 0.6ms
                                                $abc$2447$flatten\u.$0\acc_out[31:0][20]      1 0.6ms
                                              $auto$alumacc.cc:512:replace_alu$1243.X[7]      1 0.6ms
                                                                      u.result_latch[27]      1 0.6ms
                                                $abc$2447$flatten\u.$0\acc_out[31:0][17]      1 0.5ms
                                                 $abc$2447$flatten\u.$procmux$1142_Y[24]      1 0.5ms
                                              $auto$alumacc.cc:512:replace_alu$1251.Y[2]      1 0.5ms
                                                  $abc$2447$flatten\u.$procmux$1142_Y[4]      1 0.5ms
                                                                               u.acc[30]      1 0.5ms
                                                $abc$2447$flatten\u.$0\acc_out[31:0][22]      1 0.5ms
                                                  $abc$2447$flatten\u.$procmux$1136_Y[1]      1 0.5ms
                                                             u.weighted_ext[10]$legal$27      1 0.5ms
                                                $abc$2447$flatten\u.$0\acc_out[31:0][15]      1 0.5ms
                                                  $abc$2447$flatten\u.$procmux$1142_Y[6]      1 0.4ms
                                                             u.weighted_ext[10]$legal$45      1 0.4ms
                                                $abc$2447$flatten\u.$0\acc_out[31:0][23]      1 0.4ms
                                                 $abc$2447$flatten\u.$0\acc_out[31:0][7]      1 0.4ms
                                                                     u.count[4]$legal$75      1 0.4ms
                                                $abc$2447$flatten\u.$0\acc_out[31:0][24]      1 0.4ms
                                                             u.weighted_ext[10]$legal$59      1 0.4ms
                                                $abc$2447$flatten\u.$0\acc_out[31:0][27]      1 0.4ms
                                                 $abc$2447$flatten\u.$procmux$1142_Y[27]      1 0.4ms
                                                  $abc$2447$flatten\u.$procmux$1142_Y[8]      1 0.4ms
                                                $abc$2447$flatten\u.$0\acc_out[31:0][31]      1 0.3ms
                                             $auto$alumacc.cc:512:replace_alu$1251.BB[4]      1 0.0ms
                                             $auto$alumacc.cc:512:replace_alu$1251.CO[7]      1 0.0ms
                                                                             acc_out[13]      1 0.0ms
                                             $auto$alumacc.cc:512:replace_alu$1243.CO[9]      0 0.0ms
                                                               $PACKER_GND_NET$legal$123      1 0.0ms
                                             $auto$alumacc.cc:512:replace_alu$1243.CO[7]      1 0.0ms
                                            $auto$alumacc.cc:512:replace_alu$1243.CO[11]      1 0.0ms
                                                               $PACKER_GND_NET$legal$115      1 0.0ms
                                            $auto$alumacc.cc:512:replace_alu$1243.CO[19]      1 0.0ms
                                              $auto$alumacc.cc:512:replace_alu$1243.X[1]      1 0.0ms
                                                                             acc_out[20]      1 0.0ms
                                                                              acc_out[6]      1 0.0ms
                                                             u.weighted_ext[10]$legal$19      1 0.0ms
                                                               $PACKER_GND_NET$legal$105      1 0.0ms
                                                                     u.count[1]$legal$69      1 0.0ms
                                                             u.weighted_ext[10]$legal$31      1 0.0ms
                                                               u.weighted_ext[1]$legal$3      1 0.0ms
                                                                             acc_out[14]      1 0.0ms
                                                             u.weighted_ext[10]$legal$21      1 0.0ms
                                             $auto$alumacc.cc:512:replace_alu$1251.CO[3]      1 0.0ms
                                            $auto$alumacc.cc:512:replace_alu$1243.CO[15]      1 0.0ms
                                             $auto$alumacc.cc:512:replace_alu$1243.CO[0]      0 0.0ms
                                                             u.weighted_ext[10]$legal$55      1 0.0ms
                                                             u.weighted_ext[10]$legal$51      1 0.0ms
                                                              u.weighted_ext[6]$legal$13      1 0.0ms
                                             $auto$alumacc.cc:512:replace_alu$1246.CO[3]      1 0.0ms
                                            $auto$alumacc.cc:512:replace_alu$1243.CO[16]      0 0.0ms
                                            $auto$alumacc.cc:512:replace_alu$1243.CO[27]      1 0.0ms
                                             $auto$alumacc.cc:512:replace_alu$1243.CO[3]      1 0.0ms
                                              $auto$alumacc.cc:512:replace_alu$1243.X[5]      1 0.0ms
                                            $auto$alumacc.cc:512:replace_alu$1246.CO[11]      1 0.0ms
                                             $auto$alumacc.cc:512:replace_alu$1243.CO[4]      0 0.0ms
                                                                              acc_out[2]      1 0.0ms
                                             $auto$alumacc.cc:512:replace_alu$1246.CO[7]      1 0.0ms
                                            $auto$alumacc.cc:512:replace_alu$1243.CO[23]      1 0.0ms
                                                               $PACKER_GND_NET$legal$129      1 0.0ms
                                                                             acc_out[22]      1 0.0ms
                                                                              acc_out[8]      1 0.0ms
                                      $auto$alumacc.cc:512:replace_alu$1251.genblk1.C[9]      0 0.0ms
                                             $auto$alumacc.cc:512:replace_alu$1251.BB[3]      1 0.0ms
                                             $auto$alumacc.cc:512:replace_alu$1243.X[14]      1 0.0ms
                                                               $PACKER_GND_NET$legal$121      1 0.0ms
                                   $auto$alumacc.cc:512:replace_alu$1251.BB[7]$legal$117      1 0.0ms
                                   $auto$alumacc.cc:512:replace_alu$1251.BB[7]$legal$113      1 0.0ms
                                                                     u.count[0]$legal$65      1 0.0ms
                                                                             acc_out[31]      1 0.0ms
                                                                             acc_out[30]      1 0.0ms
                                                                             acc_out[26]      1 0.0ms
                                                                             acc_out[24]      1 0.0ms
                                                                             acc_out[18]      1 0.0ms
                                                                             acc_out[17]      1 0.0ms
                                                                             acc_out[16]      1 0.0ms
                                                                             acc_out[10]      1 0.0ms
                                                                              acc_out[9]      1 0.0ms
                                                                              acc_out[5]      1 0.0ms
                                                                              acc_out[4]      1 0.0ms
                                                                              acc_out[3]      1 0.0ms
                                                                              acc_out[0]      1 0.0ms
                                             $auto$alumacc.cc:512:replace_alu$1246.X[15]      1 0.0ms
                                              $auto$alumacc.cc:512:replace_alu$1246.X[5]      1 0.0ms
                                             $auto$alumacc.cc:512:replace_alu$1251.BB[1]      1 0.0ms
                                             $auto$alumacc.cc:512:replace_alu$1251.BB[2]      1 0.0ms
                                             $auto$alumacc.cc:512:replace_alu$1243.X[24]      1 0.0ms
                                             $auto$alumacc.cc:512:replace_alu$1243.X[28]      1 0.0ms
                                             $auto$alumacc.cc:512:replace_alu$1243.X[29]      1 0.0ms
                                             $auto$alumacc.cc:512:replace_alu$1243.X[27]      1 0.0ms
                                             $auto$alumacc.cc:512:replace_alu$1243.X[31]      1 0.0ms
                                             $auto$alumacc.cc:512:replace_alu$1243.X[10]      1 0.0ms
                                              $auto$alumacc.cc:512:replace_alu$1243.X[9]      1 0.0ms
                                             $auto$alumacc.cc:512:replace_alu$1243.X[17]      1 0.0ms
                                                                               valid_out      1 0.0ms
                                                               $PACKER_GND_NET$legal$125      1 0.0ms
                                                                         $PACKER_VCC_NET     66 0.0ms
                                                                         $PACKER_GND_NET     15 0.0ms
                                                                             acc_out[29]      1 0.0ms
                                                                             acc_out[28]      1 0.0ms
                                                                             acc_out[27]      1 0.0ms
                                                                             acc_out[25]      1 0.0ms
                                                                             acc_out[23]      1 0.0ms
                                                                             acc_out[21]      1 0.0ms
                                                                             acc_out[19]      1 0.0ms
                                                                             acc_out[15]      1 0.0ms
                                                                             acc_out[12]      1 0.0ms
                                                                             acc_out[11]      1 0.0ms
                                                                              acc_out[7]      1 0.0ms
                                                                              acc_out[1]      1 0.0ms
                                     $auto$alumacc.cc:512:replace_alu$1251.genblk1.O[11]      0 0.0ms
                                     $auto$alumacc.cc:512:replace_alu$1251.genblk1.O[10]      0 0.0ms
                                     $auto$alumacc.cc:512:replace_alu$1251.genblk1.C[11]      0 0.0ms
                                     $auto$alumacc.cc:512:replace_alu$1251.genblk1.C[10]      0 0.0ms
                                             $auto$alumacc.cc:512:replace_alu$1251.CO[8]      0 0.0ms
                                             $auto$alumacc.cc:512:replace_alu$1251.CO[6]      0 0.0ms
                                             $auto$alumacc.cc:512:replace_alu$1251.CO[5]      0 0.0ms
                                             $auto$alumacc.cc:512:replace_alu$1251.CO[4]      0 0.0ms
                                             $auto$alumacc.cc:512:replace_alu$1251.CO[2]      0 0.0ms
                                             $auto$alumacc.cc:512:replace_alu$1251.CO[1]      0 0.0ms
                                             $auto$alumacc.cc:512:replace_alu$1251.CO[0]      0 0.0ms
                                            $auto$alumacc.cc:512:replace_alu$1246.CO[15]      0 0.0ms
                                            $auto$alumacc.cc:512:replace_alu$1246.CO[14]      0 0.0ms
                                            $auto$alumacc.cc:512:replace_alu$1246.CO[13]      0 0.0ms
                                            $auto$alumacc.cc:512:replace_alu$1246.CO[12]      0 0.0ms
                                            $auto$alumacc.cc:512:replace_alu$1246.CO[10]      0 0.0ms
                                             $auto$alumacc.cc:512:replace_alu$1246.CO[9]      0 0.0ms
                                             $auto$alumacc.cc:512:replace_alu$1246.CO[8]      0 0.0ms
                                             $auto$alumacc.cc:512:replace_alu$1246.CO[6]      0 0.0ms
                                             $auto$alumacc.cc:512:replace_alu$1246.CO[5]      0 0.0ms
                                             $auto$alumacc.cc:512:replace_alu$1246.CO[4]      0 0.0ms
                                             $auto$alumacc.cc:512:replace_alu$1246.CO[2]      0 0.0ms
                                             $auto$alumacc.cc:512:replace_alu$1246.CO[1]      0 0.0ms
                                             $auto$alumacc.cc:512:replace_alu$1246.CO[0]      0 0.0ms
                                            $auto$alumacc.cc:512:replace_alu$1243.CO[31]      0 0.0ms
                                            $auto$alumacc.cc:512:replace_alu$1243.CO[30]      0 0.0ms
                                            $auto$alumacc.cc:512:replace_alu$1243.CO[29]      0 0.0ms
                                            $auto$alumacc.cc:512:replace_alu$1243.CO[28]      0 0.0ms
                                            $auto$alumacc.cc:512:replace_alu$1243.CO[26]      0 0.0ms
                                            $auto$alumacc.cc:512:replace_alu$1243.CO[25]      0 0.0ms
                                            $auto$alumacc.cc:512:replace_alu$1243.CO[24]      0 0.0ms
                                            $auto$alumacc.cc:512:replace_alu$1243.CO[22]      0 0.0ms
                                            $auto$alumacc.cc:512:replace_alu$1243.CO[21]      0 0.0ms
                                            $auto$alumacc.cc:512:replace_alu$1243.CO[20]      0 0.0ms
                                            $auto$alumacc.cc:512:replace_alu$1243.CO[18]      0 0.0ms
                                            $auto$alumacc.cc:512:replace_alu$1243.CO[17]      0 0.0ms
                                            $auto$alumacc.cc:512:replace_alu$1243.CO[14]      0 0.0ms
                                            $auto$alumacc.cc:512:replace_alu$1243.CO[13]      0 0.0ms
                                            $auto$alumacc.cc:512:replace_alu$1243.CO[12]      0 0.0ms
                                            $auto$alumacc.cc:512:replace_alu$1243.CO[10]      0 0.0ms
                                             $auto$alumacc.cc:512:replace_alu$1243.CO[8]      0 0.0ms
                                             $auto$alumacc.cc:512:replace_alu$1243.CO[6]      0 0.0ms
                                             $auto$alumacc.cc:512:replace_alu$1243.CO[5]      0 0.0ms
                                             $auto$alumacc.cc:512:replace_alu$1243.CO[2]      0 0.0ms
                                             $auto$alumacc.cc:512:replace_alu$1243.CO[1]      0 0.0ms
                                              $auto$alumacc.cc:512:replace_alu$1246.X[1]      1 0.0ms
                                              $auto$alumacc.cc:512:replace_alu$1246.X[3]      1 0.0ms
                                              $auto$alumacc.cc:512:replace_alu$1246.X[2]      1 0.0ms
                                              $auto$alumacc.cc:512:replace_alu$1246.X[4]      1 0.0ms
                                              $auto$alumacc.cc:512:replace_alu$1246.X[7]      1 0.0ms
                                              $auto$alumacc.cc:512:replace_alu$1246.X[6]      1 0.0ms
                                              $auto$alumacc.cc:512:replace_alu$1246.X[9]      1 0.0ms
                                              $auto$alumacc.cc:512:replace_alu$1246.X[8]      1 0.0ms
                                             $auto$alumacc.cc:512:replace_alu$1246.X[11]      1 0.0ms
                                             $auto$alumacc.cc:512:replace_alu$1246.X[10]      1 0.0ms
                                             $auto$alumacc.cc:512:replace_alu$1246.X[13]      1 0.0ms
                                             $auto$alumacc.cc:512:replace_alu$1246.X[12]      1 0.0ms
                                             $auto$alumacc.cc:512:replace_alu$1246.X[14]      1 0.0ms
                                             $auto$alumacc.cc:512:replace_alu$1251.BB[0]      1 0.0ms
                                             $auto$alumacc.cc:512:replace_alu$1251.BB[5]      1 0.0ms
                                             $auto$alumacc.cc:512:replace_alu$1251.BB[6]      1 0.0ms
                                             $auto$alumacc.cc:512:replace_alu$1243.X[25]      1 0.0ms
                                             $auto$alumacc.cc:512:replace_alu$1243.X[23]      1 0.0ms
                                              $auto$alumacc.cc:512:replace_alu$1243.X[0]      1 0.0ms
                                              $auto$alumacc.cc:512:replace_alu$1243.X[2]      1 0.0ms
                                              $auto$alumacc.cc:512:replace_alu$1243.X[3]      1 0.0ms
                                              $auto$alumacc.cc:512:replace_alu$1243.X[4]      1 0.0ms
                                              $auto$alumacc.cc:512:replace_alu$1243.X[6]      1 0.0ms
                                             $auto$alumacc.cc:512:replace_alu$1243.X[30]      1 0.0ms
                                             $auto$alumacc.cc:512:replace_alu$1243.X[26]      1 0.0ms
                                                                           activation[0]      2 0.0ms
                                                                           activation[1]      2 0.0ms
                                                                           activation[2]      2 0.0ms
                                                                           activation[3]      2 0.0ms
                                                                           activation[4]      2 0.0ms
                                                                           activation[5]      2 0.0ms
                                                                           activation[6]      2 0.0ms
                                              $auto$alumacc.cc:512:replace_alu$1243.X[8]      1 0.0ms
                                             $auto$alumacc.cc:512:replace_alu$1243.X[12]      1 0.0ms
                                             $auto$alumacc.cc:512:replace_alu$1243.X[16]      1 0.0ms
                                             $auto$alumacc.cc:512:replace_alu$1243.X[18]      1 0.0ms
                                             $auto$alumacc.cc:512:replace_alu$1243.X[20]      1 0.0ms
                                             $auto$alumacc.cc:512:replace_alu$1243.X[22]      1 0.0ms
                                             $auto$alumacc.cc:512:replace_alu$1243.X[11]      1 0.0ms
                                             $auto$alumacc.cc:512:replace_alu$1243.X[13]      1 0.0ms
                                             $auto$alumacc.cc:512:replace_alu$1243.X[15]      1 0.0ms
                                             $auto$alumacc.cc:512:replace_alu$1243.X[19]      1 0.0ms
                                             $auto$alumacc.cc:512:replace_alu$1243.X[21]      1 0.0ms
                                                                           weight_enc[1]      2 0.0ms
                                                                           activation[7]      2 0.0ms
                                                                           weight_enc[0]      2 0.0ms
                                                                                valid_in      2 0.0ms
                                                                                   rst_n      2 0.0ms
                                                                                     clk      2 0.0ms
Info: Router2 time 231.88s
Info: Routing $PACKER_VCC_NET connections...
Info:     $PACKER_VCC_NET: 66/66 sinks bridged (0 left to main router; max BFS 26)
Info: Routing $PACKER_GND_NET connections...
Info:     $PACKER_GND_NET: 15/15 sinks bridged (0 left to main router; max BFS 293)
Info: Running post-routing legalisation...

Info: Critical path report for clock 'u.clk' (posedge -> posedge):
Info: curr total
Info:  0.1  0.1  Source $auto$ff.cc:337:slice$1693.Q
Info:  1.1  1.2    Net u.acc[0] budget 0.000000 ns (10,18) -> (10,9)
Info:                Sink $abc$2447$auto$blifparse.cc:557:parse_blif$2566.A5
Info:  0.1  1.3  Source $abc$2447$auto$blifparse.cc:557:parse_blif$2566.O6
Info:  0.0  1.3    Net $auto$alumacc.cc:512:replace_alu$1243.X[0] budget 0.155000 ns (10,9) -> (10,9)
Info:                Sink $auto$alumacc.cc:512:replace_alu$1243.genblk1.slice[0].genblk1.carry4.S0
Info:  0.5  1.8  Source $auto$alumacc.cc:512:replace_alu$1243.genblk1.slice[0].genblk1.carry4.CO3
Info:  0.1  1.9    Net $auto$alumacc.cc:512:replace_alu$1243.CO[3] budget 0.695000 ns (10,9) -> (10,8)
Info:                Sink $auto$alumacc.cc:512:replace_alu$1243.genblk1.slice[1].genblk1.carry4.CIN
Info:  0.1  2.0  Source $auto$alumacc.cc:512:replace_alu$1243.genblk1.slice[1].genblk1.carry4.CO3
Info:  0.1  2.1    Net $auto$alumacc.cc:512:replace_alu$1243.CO[7] budget 0.694000 ns (10,8) -> (10,7)
Info:                Sink $auto$alumacc.cc:512:replace_alu$1243.genblk1.slice[2].genblk1.carry4.CIN
Info:  0.1  2.3  Source $auto$alumacc.cc:512:replace_alu$1243.genblk1.slice[2].genblk1.carry4.CO3
Info:  0.1  2.4    Net $auto$alumacc.cc:512:replace_alu$1243.CO[11] budget 0.694000 ns (10,7) -> (10,6)
Info:                Sink $auto$alumacc.cc:512:replace_alu$1243.genblk1.slice[3].genblk1.carry4.CIN
Info:  0.1  2.5  Source $auto$alumacc.cc:512:replace_alu$1243.genblk1.slice[3].genblk1.carry4.CO3
Info:  0.1  2.6    Net $auto$alumacc.cc:512:replace_alu$1243.CO[15] budget 0.694000 ns (10,6) -> (10,5)
Info:                Sink $auto$alumacc.cc:512:replace_alu$1243.genblk1.slice[4].genblk1.carry4.CIN
Info:  0.1  2.7  Source $auto$alumacc.cc:512:replace_alu$1243.genblk1.slice[4].genblk1.carry4.CO3
Info:  0.1  2.8    Net $auto$alumacc.cc:512:replace_alu$1243.CO[19] budget 0.694000 ns (10,5) -> (10,4)
Info:                Sink $auto$alumacc.cc:512:replace_alu$1243.genblk1.slice[5].genblk1.carry4.CIN
Info:  0.1  2.9  Source $auto$alumacc.cc:512:replace_alu$1243.genblk1.slice[5].genblk1.carry4.CO3
Info:  0.1  3.0    Net $auto$alumacc.cc:512:replace_alu$1243.CO[23] budget 0.694000 ns (10,4) -> (10,3)
Info:                Sink $auto$alumacc.cc:512:replace_alu$1243.genblk1.slice[6].genblk1.carry4.CIN
Info:  0.1  3.2  Source $auto$alumacc.cc:512:replace_alu$1243.genblk1.slice[6].genblk1.carry4.CO3
Info:  0.1  3.3    Net $auto$alumacc.cc:512:replace_alu$1243.CO[27] budget 0.694000 ns (10,3) -> (10,2)
Info:                Sink $auto$alumacc.cc:512:replace_alu$1243.genblk1.slice[7].genblk1.carry4.CIN
Info:  0.3  3.6  Source $auto$alumacc.cc:512:replace_alu$1243.genblk1.slice[7].genblk1.carry4.O3
Info:  1.7  5.3    Net $auto$alumacc.cc:512:replace_alu$1243.Y[31] budget 0.815000 ns (10,2) -> (13,23)
Info:                Sink $auto$ff.cc:337:slice$1794.D
Info:  0.1  5.4  Setup $auto$ff.cc:337:slice$1794.D
Info: 1.8 ns logic, 3.5 ns routing

Info: Max frequency for clock 'u.clk': 186.25 MHz (PASS at 100.00 MHz)

Info: Slack histogram:
Info:  legend: * represents 1 endpoint(s)
Info:          + represents [1,1) endpoint(s)
Info: [  4631,   4849) |***** 
Info: [  4849,   5067) |****** 
Info: [  5067,   5285) |* 
Info: [  5285,   5503) |***** 
Info: [  5503,   5721) |********** 
Info: [  5721,   5939) |******** 
Info: [  5939,   6157) |************ 
Info: [  6157,   6375) |***************** 
Info: [  6375,   6593) |********************* 
Info: [  6593,   6811) |**************** 
Info: [  6811,   7029) |**************** 
Info: [  7029,   7247) |******************** 
Info: [  7247,   7465) |******** 
Info: [  7465,   7683) |********** 
Info: [  7683,   7901) |******* 
Info: [  7901,   8119) |********* 
Info: [  8119,   8337) |**** 
Info: [  8337,   8555) |********* 
Info: [  8555,   8773) |****** 
Info: [  8773,   8991) |***** 
Info: Report written to runs/tag_s17.report.json.
