Info: Packing constants..
Info: Inserting IO buffers..
Info:     Constraining 'clk' to site 'IOB_X0Y224'
Info:     Tile 'LIOB33_X0Y223'
Info:     Constraining 'rst_n' to site 'IOB_X0Y226'
Info:     Tile 'LIOB33_X0Y225'
Info:     Constraining 'valid_in' to site 'IOB_X0Y230'
Info:     Tile 'LIOB33_X0Y229'
Info:     Constraining 'valid_out' to site 'IOB_X0Y214'
Info:     Tile 'LIOB33_X0Y213'
Info:     Constraining 'weight_enc[0]' to site 'IOB_X0Y229'
Info:     Tile 'LIOB33_X0Y229'
Info:     Constraining 'activation[7]' to site 'IOB_X0Y235'
Info:     Tile 'LIOB33_X0Y235'
Info:     Constraining 'weight_enc[1]' to site 'IOB_X0Y232'
Info:     Tile 'LIOB33_X0Y231'
Info:     Constraining 'activation[6]' to site 'IOB_X0Y236'
Info:     Tile 'LIOB33_X0Y235'
Info:     Constraining 'activation[5]' to site 'IOB_X0Y233'
Info:     Tile 'LIOB33_X0Y233'
Info:     Constraining 'activation[4]' to site 'IOB_X0Y207'
Info:     Tile 'LIOB33_X0Y207'
Info:     Constraining 'activation[3]' to site 'IOB_X0Y217'
Info:     Tile 'LIOB33_X0Y217'
Info:     Constraining 'activation[2]' to site 'IOB_X0Y215'
Info:     Tile 'LIOB33_X0Y215'
Info:     Constraining 'activation[1]' to site 'IOB_X0Y216'
Info:     Tile 'LIOB33_X0Y215'
Info:     Constraining 'activation[0]' to site 'IOB_X0Y231'
Info:     Tile 'LIOB33_X0Y231'
Info:     Constraining 'acc_out[0]' to site 'IOB_X0Y228'
Info:     Tile 'LIOB33_X0Y227'
Info:     Constraining 'acc_out[1]' to site 'IOB_X0Y227'
Info:     Tile 'LIOB33_X0Y227'
Info:     Constraining 'acc_out[2]' to site 'IOB_X0Y218'
Info:     Tile 'LIOB33_X0Y217'
Info:     Constraining 'acc_out[3]' to site 'IOB_X0Y208'
Info:     Tile 'LIOB33_X0Y207'
Info:     Constraining 'acc_out[4]' to site 'IOB_X0Y209'
Info:     Tile 'LIOB33_X0Y209'
Info:     Constraining 'acc_out[5]' to site 'IOB_X0Y234'
Info:     Tile 'LIOB33_X0Y233'
Info:     Constraining 'acc_out[6]' to site 'IOB_X0Y244'
Info:     Tile 'LIOB33_X0Y243'
Info:     Constraining 'acc_out[7]' to site 'IOB_X0Y243'
Info:     Tile 'LIOB33_X0Y243'
Info:     Constraining 'acc_out[8]' to site 'IOB_X0Y225'
Info:     Tile 'LIOB33_X0Y225'
Info:     Constraining 'acc_out[9]' to site 'IOB_X0Y223'
Info:     Tile 'LIOB33_X0Y223'
Info:     Constraining 'acc_out[10]' to site 'IOB_X0Y211'
Info:     Tile 'LIOB33_X0Y211'
Info:     Constraining 'acc_out[11]' to site 'IOB_X0Y210'
Info:     Tile 'LIOB33_X0Y209'
Info:     Constraining 'acc_out[12]' to site 'IOB_X0Y238'
Info:     Tile 'LIOB33_X0Y237'
Info:     Constraining 'acc_out[13]' to site 'IOB_X0Y237'
Info:     Tile 'LIOB33_X0Y237'
Info:     Constraining 'acc_out[14]' to site 'IOB_X0Y239'
Info:     Tile 'LIOB33_X0Y239'
Info:     Constraining 'acc_out[15]' to site 'IOB_X0Y221'
Info:     Tile 'LIOB33_X0Y221'
Info:     Constraining 'acc_out[16]' to site 'IOB_X0Y212'
Info:     Tile 'LIOB33_X0Y211'
Info:     Constraining 'acc_out[17]' to site 'IOB_X0Y203'
Info:     Tile 'LIOB33_X0Y203'
Info:     Constraining 'acc_out[18]' to site 'IOB_X0Y205'
Info:     Tile 'LIOB33_X0Y205'
Info:     Constraining 'acc_out[19]' to site 'IOB_X0Y242'
Info:     Tile 'LIOB33_X0Y241'
Info:     Constraining 'acc_out[20]' to site 'IOB_X0Y241'
Info:     Tile 'LIOB33_X0Y241'
Info:     Constraining 'acc_out[21]' to site 'IOB_X0Y240'
Info:     Tile 'LIOB33_X0Y239'
Info:     Constraining 'acc_out[22]' to site 'IOB_X0Y245'
Info:     Tile 'LIOB33_X0Y245'
Info:     Constraining 'acc_out[23]' to site 'IOB_X0Y219'
Info:     Tile 'LIOB33_X0Y219'
Info:     Constraining 'acc_out[24]' to site 'IOB_X0Y222'
Info:     Tile 'LIOB33_X0Y221'
Info:     Constraining 'acc_out[25]' to site 'IOB_X0Y204'
Info:     Tile 'LIOB33_X0Y203'
Info:     Constraining 'acc_out[26]' to site 'IOB_X0Y206'
Info:     Tile 'LIOB33_X0Y205'
Info:     Constraining 'acc_out[27]' to site 'IOB_X0Y248'
Info:     Tile 'LIOB33_X0Y247'
Info:     Constraining 'acc_out[28]' to site 'IOB_X0Y247'
Info:     Tile 'LIOB33_X0Y247'
Info:     Constraining 'acc_out[29]' to site 'IOB_X0Y249'
Info:     Tile 'LIOB33_SING_X0Y249'
Info:     Constraining 'acc_out[30]' to site 'IOB_X0Y246'
Info:     Tile 'LIOB33_X0Y245'
Info:     Constraining 'acc_out[31]' to site 'IOB_X0Y220'
Info:     Tile 'LIOB33_X0Y219'
Info: Generating input buffer for 'clk$ibuf$'
Info: Generating input buffer for 'rst_n$ibuf$'
Info: Generating input buffer for 'valid_in$ibuf$'
Info: Generating output buffer for 'valid_out$obuf$'
Info: Generating input buffer for 'weight_enc[0]$ibuf$'
Info: Generating input buffer for 'activation[7]$ibuf$'
Info: Generating input buffer for 'weight_enc[1]$ibuf$'
Info: Generating input buffer for 'activation[6]$ibuf$'
Info: Generating input buffer for 'activation[5]$ibuf$'
Info: Generating input buffer for 'activation[4]$ibuf$'
Info: Generating input buffer for 'activation[3]$ibuf$'
Info: Generating input buffer for 'activation[2]$ibuf$'
Info: Generating input buffer for 'activation[1]$ibuf$'
Info: Generating input buffer for 'activation[0]$ibuf$'
Info: Generating output buffer for 'acc_out[0]$obuf$'
Info: Generating output buffer for 'acc_out[1]$obuf$'
Info: Generating output buffer for 'acc_out[2]$obuf$'
Info: Generating output buffer for 'acc_out[3]$obuf$'
Info: Generating output buffer for 'acc_out[4]$obuf$'
Info: Generating output buffer for 'acc_out[5]$obuf$'
Info: Generating output buffer for 'acc_out[6]$obuf$'
Info: Generating output buffer for 'acc_out[7]$obuf$'
Info: Generating output buffer for 'acc_out[8]$obuf$'
Info: Generating output buffer for 'acc_out[9]$obuf$'
Info: Generating output buffer for 'acc_out[10]$obuf$'
Info: Generating output buffer for 'acc_out[11]$obuf$'
Info: Generating output buffer for 'acc_out[12]$obuf$'
Info: Generating output buffer for 'acc_out[13]$obuf$'
Info: Generating output buffer for 'acc_out[14]$obuf$'
Info: Generating output buffer for 'acc_out[15]$obuf$'
Info: Generating output buffer for 'acc_out[16]$obuf$'
Info: Generating output buffer for 'acc_out[17]$obuf$'
Info: Generating output buffer for 'acc_out[18]$obuf$'
Info: Generating output buffer for 'acc_out[19]$obuf$'
Info: Generating output buffer for 'acc_out[20]$obuf$'
Info: Generating output buffer for 'acc_out[21]$obuf$'
Info: Generating output buffer for 'acc_out[22]$obuf$'
Info: Generating output buffer for 'acc_out[23]$obuf$'
Info: Generating output buffer for 'acc_out[24]$obuf$'
Info: Generating output buffer for 'acc_out[25]$obuf$'
Info: Generating output buffer for 'acc_out[26]$obuf$'
Info: Generating output buffer for 'acc_out[27]$obuf$'
Info: Generating output buffer for 'acc_out[28]$obuf$'
Info: Generating output buffer for 'acc_out[29]$obuf$'
Info: Generating output buffer for 'acc_out[30]$obuf$'
Info: Generating output buffer for 'acc_out[31]$obuf$'
Info:     Created 46 PAD cells from:
Info:             46x PAD
Info: Preparing clocking...
Info: Packing constants..
Info: Packing cfg...
Info: Packing PLLs...
Info: Packing Gigabit Transceivers..
Info: Packing global buffers...
Info:     Constrained BUFGCTRL '$auto$clkbufmap.cc:261:execute$3095' to bel 'BUFGCTRL_X0Y16/BUFGCTRL' based on dedicated routing
Info: Packing MUX[789]s..
Info: Packing carries (atomic CARRY4)..
Info:    Packed 15 CARRY4 cells into 3 chains (atomic).
Info: router2 PRECYINIT fix: 15 CARRY4 cells, 18 constant carry pins disconnected
Info: Packing LUTs..
Info:     Created 331 SLICE_LUTX cells from:
Info:            203x LUT1
Info:             64x LUT2
Info:              1x LUT3
Info:             14x LUT4
Info:             49x LUT5
Info: Packing DRAM..
Info:    Transformed 0 tied-low DRAM address inputs to be tied-high
Info: Packing BRAM..
Info: Packing DSPs..
Info: Packing flipflops..
Info:     Created 114 SLICE_FFX cells from:
Info:            113x FDCE
Info:              1x FDPE
Info:     local-const FF control: disconnected 0 SR(=GND) + 33 CE(=VCC) pins from global nets
Info: Constrained 81 LUTFF pairs.

Info: Annotating ports with timing budgets for target frequency 100.00 MHz
Info: Checksum: 0xc6cd78cf

Info: Device utilisation:
Info: 	          SLICE_LUTX:   331/269200     0%
Info: 	           SLICE_FFX:   114/269200     0%
Info: 	              CARRY4:    15/33650     0%
Info: 	          PSEUDO_GND:     1/69165     0%
Info: 	          PSEUDO_VCC:     1/69165     0%
Info: 	               HARD0:     0/ 3960     0%
Info: 	            RAMB18E1:     0/  730     0%
Info: 	            FIFO18E1:     0/  365     0%
Info: 	        RAMBFIFO36E1:     0/  365     0%
Info: 	            RAMB36E1:     0/  365     0%
Info: 	             DSP48E1:     0/  740     0%
Info: 	                 PAD:    46/ 1062     4%
Info: 	       IOB33M_OUTBUF:     0/  240     0%
Info: 	       IOB33S_OUTBUF:     0/  240     0%
Info: 	        IOB33_OUTBUF:    33/  500     6%
Info: 	     IOB33M_INBUF_EN:     0/  240     0%
Info: 	     IOB33S_INBUF_EN:     0/  240     0%
Info: 	      IOB33_INBUF_EN:    13/  500     2%
Info: 	IOB33M_TERM_OVERRIDE:     0/  240     0%
Info: 	IOB33S_TERM_OVERRIDE:     0/  240     0%
Info: 	 IOB33_TERM_OVERRIDE:     0/  500     0%
Info: 	       PULL_OR_KEEP1:     0/  980     0%
Info: 	            IDELAYE2:     0/  500     0%
Info: 	        OLOGICE3_TFF:     0/  500     0%
Info: 	      OLOGICE3_OUTFF:     0/  500     0%
Info: 	       OLOGICE3_MISR:     0/  500     0%
Info: 	           OSERDESE2:     0/  500     0%
Info: 	        ILOGICE3_IFF:     0/  500     0%
Info: 	ILOGICE3_ZHOLD_DELAY:     0/  500     0%
Info: 	           ISERDESE2:     0/  500     0%
Info: 	                BUFR:     0/   40     0%
Info: 	               BUFIO:     0/   40     0%
Info: 	          IDELAYCTRL:     0/   10     0%
Info: 	            BUFGCTRL:     1/   32     3%
Info: 	            PCIE_2_1:     0/    1     0%
Info: 	               BSCAN:     0/    4     0%
Info: 	                BUFG:     0/   32     0%
Info: 	              BUFHCE:     0/  120     0%
Info: 	            DCIRESET:     0/    1     0%
Info: 	            DNA_PORT:     0/    1     0%
Info: 	           EFUSE_USR:     0/    1     0%
Info: 	           FRAME_ECC:     0/    1     0%
Info: 	       GTPE2_CHANNEL:     0/   16     0%
Info: 	        GTPE2_COMMON:     0/    4     0%
Info: 	         IBUFDS_GTE2:     0/    8     0%
Info: 	                ICAP:     0/    2     0%
Info: 	            INVERTER:     0/  240     0%
Info: 	          MMCME2_ADV:     0/   10     0%
Info: 	        OLOGICE2_TFF:     0/  500     0%
Info: 	      OLOGICE2_OUTFF:     0/  500     0%
Info: 	           PLLE2_ADV:     0/   10     0%
Info: 	           SELMUX2_1:     0/102950     0%
Info: 	             STARTUP:     0/    1     0%
Info: 	          USR_ACCESS:     0/    1     0%
Info: 	              BUFFER:     0/   82     0%
Info: 	        ILOGICE2_IFF:     0/  500     0%
Info: 	       OLOGICE2_MISR:     0/  500     0%

Info: HeAP congestion knobs: beta=0.400 spread_scale=2,1 alpha=0.080
Info: Placed 93 cells based on constraints.
Info: Creating initial analytic placement for 246 cells, random placement wirelen = 99408.
Info:     at initial placer iter 0, wirelen = 2151
Info:     at initial placer iter 1, wirelen = 2071
Info:     at initial placer iter 2, wirelen = 2097
Info:     at initial placer iter 3, wirelen = 2105
Info: Running main analytical placer.
Info:     at iteration #1, type ALL: wirelen solved = 2165, spread = 9417, legal = 8682; time = 0.66s
Info:     at iteration #2, type ALL: wirelen solved = 2348, spread = 5970, legal = 6322; time = 1.02s
Info:     at iteration #3, type ALL: wirelen solved = 2632, spread = 6271, legal = 6426; time = 1.10s
Info:     at iteration #4, type ALL: wirelen solved = 2852, spread = 6082, legal = 6154; time = 1.22s
Info:     at iteration #5, type ALL: wirelen solved = 2852, spread = 4933, legal = 5121; time = 0.14s
Info:     at iteration #6, type ALL: wirelen solved = 3067, spread = 5598, legal = 5342; time = 0.81s
Info:     at iteration #7, type ALL: wirelen solved = 3171, spread = 4857, legal = 4694; time = 0.62s
Info:     at iteration #8, type ALL: wirelen solved = 3263, spread = 4636, legal = 4615; time = 1.10s
Info:     at iteration #9, type ALL: wirelen solved = 3193, spread = 4704, legal = 4594; time = 0.53s
Info:     at iteration #10, type ALL: wirelen solved = 3277, spread = 4498, legal = 4360; time = 1.55s
Info:     at iteration #11, type ALL: wirelen solved = 3384, spread = 4674, legal = 3953; time = 0.38s
Info: HeAP Placer Time: 14.33s
Info:   of which solving equations: 2.75s
Info:   of which spreading cells: 3.02s
Info:   of which strict legalisation: 2.64s

Info: Running simulated annealing placer for refinement.
Info:   at iteration #1: temp = 0.000000, timing cost = 21, wirelen = 3953
Info:   at iteration #5: temp = 0.000000, timing cost = 20, wirelen = 3596
Info:   at iteration #9: temp = 0.000000, timing cost = 20, wirelen = 3564 
Info: SA placement time 2.46s

Info: Max frequency for clock 'u.clk': 130.89 MHz (PASS at 100.00 MHz)

Info: Slack histogram:
Info:  legend: * represents 1 endpoint(s)
Info:          + represents [1,1) endpoint(s)
Info: [  2360,   2699) |*** 
Info: [  2699,   3038) |***** 
Info: [  3038,   3377) |***** 
Info: [  3377,   3716) |*** 
Info: [  3716,   4055) |* 
Info: [  4055,   4394) |*********** 
Info: [  4394,   4733) | 
Info: [  4733,   5072) |***** 
Info: [  5072,   5411) |********* 
Info: [  5411,   5750) |*** 
Info: [  5750,   6089) |******** 
Info: [  6089,   6428) |**** 
Info: [  6428,   6767) |***************** 
Info: [  6767,   7106) |********************* 
Info: [  7106,   7445) |****** 
Info: [  7445,   7784) |******************************** 
Info: [  7784,   8123) |************************** 
Info: [  8123,   8462) |********************** 
Info: [  8462,   8801) |************* 
Info: [  8801,   9140) |* 
Info: Checksum: 0x2beb7f23
Info: Running post-placement legalisation...
Info: post-place repair: relocated 145 stranded cluster(s)/cell(s) to valid bels
Info: Routing global clocks...
Info:     routing clock 'u.clk'
Info:     routing clock 'clk$auto$IOBUF_O$'
Info: Running router2...
Info: Setting up routing resources...
Info: Running main router loop...
Info:     iter=1 wires=6273 overused=66 overuse=66 archfail=NA
Info:     iter=2 wires=6326 overused=0 overuse=0 archfail=0
Info: 1000 slowest nets by runtime:
                                                                     rst_n$auto$IOBUF_O$    114 4179.9ms
                        $techmap2973$abc$2447$auto$blifparse.cc:557:parse_blif$2574.A[2]     50 3729.5ms
                        $techmap2973$abc$2447$auto$blifparse.cc:557:parse_blif$2574.A[3]     50 3600.2ms
                        $techmap2973$abc$2447$auto$blifparse.cc:557:parse_blif$2574.A[0]     50 3587.2ms
                                                                 valid_out$auto$IOBUF_I$     35 3078.9ms
                                                               acc_out[13]$auto$IOBUF_I$      1 3029.4ms
                                  $abc$2447$auto$opt_dff.cc:336:make_patterns_logic$1236     32 2777.0ms
                                                                acc_out[3]$auto$IOBUF_I$      1 2754.3ms
                        $techmap2977$abc$2447$auto$blifparse.cc:557:parse_blif$2571.A[4]     50 2067.9ms
                        $techmap2973$abc$2447$auto$blifparse.cc:557:parse_blif$2574.A[1]     50 1973.6ms
                                                               acc_out[18]$auto$IOBUF_I$      1 1943.8ms
                                                                acc_out[4]$auto$IOBUF_I$      1 1507.4ms
                                                               acc_out[21]$auto$IOBUF_I$      1 1421.1ms
                                                               acc_out[11]$auto$IOBUF_I$      1 1385.6ms
                                                               acc_out[14]$auto$IOBUF_I$      1 1267.4ms
                                                                acc_out[7]$auto$IOBUF_I$      1 1247.5ms
                                                               acc_out[12]$auto$IOBUF_I$      1 1219.4ms
                                                                acc_out[0]$auto$IOBUF_I$      1 1196.7ms
                                                                acc_out[1]$auto$IOBUF_I$      1 1184.7ms
                                                               acc_out[15]$auto$IOBUF_I$      1 1170.2ms
                                                                      u.weighted_ext[10]     48 1137.4ms
                                                               acc_out[26]$auto$IOBUF_I$      1 1083.1ms
                                                               acc_out[20]$auto$IOBUF_I$      1 1080.3ms
                                                                acc_out[6]$auto$IOBUF_I$      1 1033.0ms
                                                               acc_out[25]$auto$IOBUF_I$      1 978.1ms
                                                               acc_out[16]$auto$IOBUF_I$      1 971.4ms
                                                               acc_out[30]$auto$IOBUF_I$      1 909.6ms
                                                                acc_out[2]$auto$IOBUF_I$      1 874.6ms
                                                               acc_out[19]$auto$IOBUF_I$      1 826.8ms
                                                               acc_out[17]$auto$IOBUF_I$      1 797.0ms
                                                               acc_out[31]$auto$IOBUF_I$      1 791.3ms
                                                               acc_out[28]$auto$IOBUF_I$      1 699.5ms
                                                             weight_enc[1]$auto$IOBUF_O$      9 691.8ms
                                                               acc_out[22]$auto$IOBUF_I$      1 666.7ms
                                                               acc_out[24]$auto$IOBUF_I$      1 657.5ms
                                               $abc$2447$auto$rtlil.cc:3501:NotGate$2294      1 636.4ms
                                                               acc_out[10]$auto$IOBUF_I$      1 542.6ms
                                               $abc$2447$auto$rtlil.cc:3501:NotGate$2280      1 496.8ms
                                             $auto$alumacc.cc:512:replace_alu$1243.Y[21]      2 478.1ms
                                                             activation[6]$auto$IOBUF_O$      2 470.0ms
                                               $abc$2447$auto$rtlil.cc:3501:NotGate$2256      1 440.8ms
                                             $auto$alumacc.cc:512:replace_alu$1243.Y[20]      2 439.2ms
                                               $abc$2447$auto$rtlil.cc:3501:NotGate$2436      1 438.0ms
                                               $abc$2447$auto$rtlil.cc:3501:NotGate$2310      1 432.4ms
                                                                               u.acc[17]      1 431.2ms
                                                               acc_out[29]$auto$IOBUF_I$      1 428.9ms
                                               $abc$2447$auto$rtlil.cc:3501:NotGate$2368      1 417.2ms
                                                                acc_out[9]$auto$IOBUF_I$      1 395.4ms
                                              $auto$alumacc.cc:512:replace_alu$1243.Y[7]      2 395.0ms
                                                               acc_out[23]$auto$IOBUF_I$      1 388.6ms
                                                                acc_out[8]$auto$IOBUF_I$      1 386.1ms
                                             $auto$alumacc.cc:512:replace_alu$1243.Y[24]      2 336.6ms
                                               $abc$2447$auto$rtlil.cc:3501:NotGate$2268      1 336.2ms
                                               $abc$2447$auto$rtlil.cc:3501:NotGate$2422      1 312.7ms
                                               $abc$2447$auto$rtlil.cc:3501:NotGate$2260      1 312.4ms
                                                                               u.acc[22]      1 305.3ms
                                             $auto$alumacc.cc:512:replace_alu$1243.Y[12]      2 302.2ms
                                                             activation[7]$auto$IOBUF_O$      3 300.7ms
                                              $auto$alumacc.cc:512:replace_alu$1243.Y[1]      2 297.5ms
                                               $abc$2447$auto$rtlil.cc:3501:NotGate$2318      1 293.8ms
                                                               $PACKER_GND_NET$legal$111      1 293.3ms
                                               $abc$2447$auto$rtlil.cc:3501:NotGate$2428      1 287.4ms
                                               $abc$2447$auto$rtlil.cc:3501:NotGate$2442      1 274.7ms
                                               $abc$2447$auto$rtlil.cc:3501:NotGate$2392      1 271.2ms
                                             $auto$alumacc.cc:512:replace_alu$1243.Y[23]      2 270.6ms
                                              $auto$alumacc.cc:512:replace_alu$1243.Y[4]      2 265.9ms
                                                                              u.count[7]      3 252.5ms
                                             $auto$alumacc.cc:512:replace_alu$1243.Y[15]      2 250.0ms
                                               $abc$2447$auto$rtlil.cc:3501:NotGate$2370      1 239.1ms
                                                                acc_out[5]$auto$IOBUF_I$      1 237.9ms
                                               $abc$2447$auto$rtlil.cc:3501:NotGate$2292      1 237.1ms
                                                                       u.weighted_ext[2]      2 231.8ms
                                             $auto$alumacc.cc:512:replace_alu$1243.Y[27]      2 222.7ms
                                                                      u.result_latch[28]      1 218.6ms
                                                                       u.result_latch[9]      1 217.9ms
                                               $abc$2447$auto$rtlil.cc:3501:NotGate$2362      1 216.3ms
                                               $abc$2447$auto$rtlil.cc:3501:NotGate$2290      1 207.0ms
                                                                       u.weighted_ext[1]      2 206.3ms
                                               $abc$2447$auto$rtlil.cc:3501:NotGate$2404      1 201.3ms
                                              $auto$alumacc.cc:512:replace_alu$1246.Y[1]      1 198.0ms
                                                                       u.result_latch[4]      1 191.1ms
                                                             activation[4]$auto$IOBUF_O$      2 187.5ms
                                               $abc$2447$auto$rtlil.cc:3501:NotGate$2322      1 176.5ms
                                                               $PACKER_GND_NET$legal$119      1 176.2ms
                                               $abc$2447$auto$rtlil.cc:3501:NotGate$2396      1 170.8ms
                                                  $abc$2447$flatten\u.$procmux$1142_Y[7]      1 169.8ms
                                                             u.weighted_ext[10]$legal$63      1 168.2ms
                                                             activation[3]$auto$IOBUF_O$      2 162.1ms
                                               $abc$2447$auto$rtlil.cc:3501:NotGate$2306      1 147.1ms
                                                                             u.count[15]      3 145.2ms
                                               $abc$2447$auto$rtlil.cc:3501:NotGate$2270      1 138.8ms
                                               $abc$2447$auto$rtlil.cc:3501:NotGate$2402      1 135.1ms
                                                                     u.count[8]$legal$83      1 123.2ms
                                               $abc$2447$auto$rtlil.cc:3501:NotGate$2266      1 112.6ms
                                               $abc$2447$auto$rtlil.cc:3501:NotGate$2224      1 111.9ms
                                              $auto$alumacc.cc:512:replace_alu$1243.Y[9]      2 110.5ms
                                                 $abc$2447$flatten\u.$procmux$1142_Y[27]      1 105.6ms
                                               $abc$2447$auto$rtlil.cc:3501:NotGate$2336      1 105.5ms
                                               $abc$2447$auto$rtlil.cc:3501:NotGate$2344      1 104.8ms
                                                                     u.count[1]$legal$69      1 104.2ms
                                               $abc$2447$auto$rtlil.cc:3501:NotGate$2342      1 101.7ms
                                                $abc$2447$flatten\u.$0\acc_out[31:0][11]      1 98.8ms
                                              $auto$alumacc.cc:512:replace_alu$1243.Y[0]      2 98.0ms
                                                             activation[2]$auto$IOBUF_O$      2 95.3ms
                                                                      u.result_latch[19]      1 92.1ms
                                                                               u.acc[15]      1 91.7ms
                                               $abc$2447$auto$rtlil.cc:3501:NotGate$2380      1 88.2ms
                                               $abc$2447$auto$rtlil.cc:3501:NotGate$2382      1 83.3ms
                                                                              u.count[2]      3 81.2ms
                                               $abc$2447$auto$rtlil.cc:3501:NotGate$2440      1 81.0ms
                                               $abc$2447$auto$rtlil.cc:3501:NotGate$2358      1 80.9ms
                                                 $abc$2447$flatten\u.$procmux$1142_Y[15]      1 73.7ms
                                                                      u.result_latch[10]      1 72.5ms
                                               $abc$2447$auto$rtlil.cc:3501:NotGate$2338      1 72.5ms
                                               $abc$2447$auto$rtlil.cc:3501:NotGate$2274      1 72.3ms
                                               $abc$2447$auto$rtlil.cc:3501:NotGate$2298      1 69.6ms
                                                             u.weighted_ext[10]$legal$45      1 69.2ms
                                               $abc$2447$auto$rtlil.cc:3501:NotGate$2246      1 64.8ms
                                                                              u.count[9]      3 62.8ms
                                             $auto$alumacc.cc:512:replace_alu$1243.Y[14]      2 61.4ms
                                              $auto$alumacc.cc:512:replace_alu$1243.Y[8]      2 61.0ms
                                               $abc$2447$auto$rtlil.cc:3501:NotGate$2346      1 60.6ms
                                               $abc$2447$auto$rtlil.cc:3501:NotGate$2234      1 57.8ms
                                                                                u.acc[4]      1 57.3ms
                                                                                u.acc[1]      1 56.0ms
                                               $abc$2447$auto$rtlil.cc:3501:NotGate$2408      1 52.0ms
                                               $abc$2447$auto$rtlil.cc:3501:NotGate$2272      1 51.2ms
                                                             weight_enc[0]$auto$IOBUF_O$      9 48.6ms
                                               $abc$2447$auto$rtlil.cc:3501:NotGate$2296      1 47.4ms
                                               $abc$2447$auto$rtlil.cc:3501:NotGate$2244      1 47.4ms
                                               $abc$2447$auto$rtlil.cc:3501:NotGate$2250      1 47.2ms
                                               $abc$2447$auto$rtlil.cc:3501:NotGate$2360      1 46.2ms
                                               $abc$2447$auto$rtlil.cc:3501:NotGate$2366      1 45.2ms
                                                                                   u.clk    114 42.7ms
                                               $abc$2447$auto$rtlil.cc:3501:NotGate$2252      1 41.9ms
                                                               acc_out[27]$auto$IOBUF_I$      1 41.3ms
                                                 $abc$2447$flatten\u.$0\acc_out[31:0][2]      1 40.0ms
                                             $auto$alumacc.cc:512:replace_alu$1243.Y[16]      2 38.9ms
                                               $abc$2447$auto$rtlil.cc:3501:NotGate$2332      1 35.9ms
                                                                               u.acc[11]      1 35.5ms
                                                                               u.acc[18]      1 34.9ms
                                                 $abc$2447$flatten\u.$procmux$1142_Y[21]      1 34.6ms
                                                                      u.result_latch[16]      1 34.4ms
                                               $abc$2447$auto$rtlil.cc:3501:NotGate$2350      1 33.5ms
                                               $abc$2447$auto$rtlil.cc:3501:NotGate$2390      1 33.3ms
                                               $abc$2447$auto$rtlil.cc:3501:NotGate$2412      1 33.1ms
                                                  $abc$2447$flatten\u.$procmux$1136_Y[1]      1 32.7ms
                                               $abc$2447$auto$rtlil.cc:3501:NotGate$2320      1 32.3ms
                                                                              u.count[5]      3 31.6ms
                                               $abc$2447$auto$rtlil.cc:3501:NotGate$2254      1 31.3ms
                                                  $abc$2447$flatten\u.$procmux$1136_Y[2]      1 30.4ms
                                               $abc$2447$auto$rtlil.cc:3501:NotGate$2278      1 30.1ms
                                               $abc$2447$auto$rtlil.cc:3501:NotGate$2434      1 29.2ms
                                               $abc$2447$auto$rtlil.cc:3501:NotGate$2324      1 28.6ms
                                                                               u.acc[12]      1 28.4ms
                                                  $abc$2447$flatten\u.$procmux$1142_Y[8]      1 27.5ms
                                                                              u.count[4]      3 27.0ms
                                             $auto$alumacc.cc:512:replace_alu$1243.Y[30]      2 26.7ms
                                               $abc$2447$auto$rtlil.cc:3501:NotGate$2394      1 26.7ms
                                               $abc$2447$auto$rtlil.cc:3501:NotGate$2340      1 26.6ms
                                               $abc$2447$auto$rtlil.cc:3501:NotGate$2242      1 26.4ms
                                                 $abc$2447$flatten\u.$procmux$1136_Y[13]      1 26.4ms
                                                             u.weighted_ext[10]$legal$53      1 25.9ms
                                               $abc$2447$auto$rtlil.cc:3501:NotGate$2400      1 25.0ms
                                               $abc$2447$auto$rtlil.cc:3501:NotGate$2424      1 25.0ms
                                                                               u.acc[28]      1 25.0ms
                                               $abc$2447$auto$rtlil.cc:3501:NotGate$2388      1 24.5ms
                                               $abc$2447$auto$rtlil.cc:3501:NotGate$2356      1 24.3ms
                                               $abc$2447$auto$rtlil.cc:3501:NotGate$2262      1 24.1ms
                                                 $abc$2447$flatten\u.$procmux$1142_Y[18]      1 23.9ms
                                                                             u.count[13]      3 23.5ms
                                             $auto$alumacc.cc:512:replace_alu$1243.Y[18]      2 23.4ms
                                               $abc$2447$auto$rtlil.cc:3501:NotGate$2282      1 23.1ms
                                                                     u.count[2]$legal$71      1 23.1ms
                                              $auto$alumacc.cc:512:replace_alu$1243.Y[2]      2 22.1ms
                                               $abc$2447$auto$rtlil.cc:3501:NotGate$2276      1 21.9ms
                                             $auto$alumacc.cc:512:replace_alu$1243.Y[11]      2 21.7ms
                                                                              u.count[0]      3 21.7ms
                                                                              u.count[1]      3 21.2ms
                                                                                u.acc[8]      1 21.1ms
                                               $abc$2447$auto$rtlil.cc:3501:NotGate$2386      1 20.7ms
                                                                               u.acc[20]      1 20.4ms
                                               $abc$2447$auto$rtlil.cc:3501:NotGate$2416      1 20.1ms
                                               $abc$2447$auto$rtlil.cc:3501:NotGate$2334      1 19.9ms
                                               $abc$2447$auto$rtlil.cc:3501:NotGate$2240      1 19.5ms
                                                                               u.acc[21]      1 19.4ms
                                                  $abc$2447$flatten\u.$procmux$1136_Y[5]      1 19.4ms
                                                                               u.acc[26]      1 19.4ms
                                                 $abc$2447$flatten\u.$procmux$1142_Y[29]      1 18.9ms
                                                $abc$2447$flatten\u.$0\acc_out[31:0][16]      1 18.8ms
                                               $abc$2447$auto$rtlil.cc:3501:NotGate$2372      1 18.7ms
                                                 $abc$2447$flatten\u.$procmux$1142_Y[17]      1 18.5ms
                                                               u.weighted_ext[3]$legal$7      1 18.4ms
                                                                               u.acc[29]      1 18.3ms
                                               $abc$2447$auto$rtlil.cc:3501:NotGate$2446      1 18.3ms
                                              $auto$alumacc.cc:512:replace_alu$1243.Y[5]      2 18.1ms
                                               $abc$2447$auto$rtlil.cc:3501:NotGate$2232      1 17.9ms
                                               $abc$2447$auto$rtlil.cc:3501:NotGate$2418      1 17.7ms
                                                $abc$2447$flatten\u.$0\acc_out[31:0][17]      1 17.1ms
                                               $abc$2447$auto$rtlil.cc:3501:NotGate$2326      1 16.9ms
                                               $abc$2447$auto$rtlil.cc:3501:NotGate$2376      1 16.7ms
                                                                                u.acc[0]      1 16.7ms
                                                  $abc$2447$flatten\u.$procmux$1136_Y[3]      1 16.7ms
                                                                $PACKER_GND_NET$legal$99      1 16.6ms
                                                                      u.result_latch[18]      1 16.6ms
                                                                       u.result_latch[3]      1 16.4ms
                                               $abc$2447$auto$rtlil.cc:3501:NotGate$2330      1 16.3ms
                                             $auto$alumacc.cc:512:replace_alu$1243.Y[10]      2 16.2ms
                                                                              u.count[3]      3 15.7ms
                                               $abc$2447$auto$rtlil.cc:3501:NotGate$2354      1 15.4ms
                                               $abc$2447$auto$rtlil.cc:3501:NotGate$2378      1 15.4ms
                                             $auto$alumacc.cc:512:replace_alu$1243.Y[13]      2 15.1ms
                                               $abc$2447$auto$rtlil.cc:3501:NotGate$2406      1 14.9ms
                                             $auto$alumacc.cc:512:replace_alu$1243.Y[19]      2 14.8ms
                                               $abc$2447$auto$rtlil.cc:3501:NotGate$2308      1 14.5ms
                                                 $abc$2447$flatten\u.$procmux$1142_Y[16]      1 14.3ms
                                               $abc$2447$auto$rtlil.cc:3501:NotGate$2410      1 14.2ms
                                               $abc$2447$auto$rtlil.cc:3501:NotGate$2414      1 14.1ms
                                                 $abc$2447$flatten\u.$procmux$1142_Y[20]      1 13.8ms
                                               $abc$2447$auto$rtlil.cc:3501:NotGate$2438      1 13.6ms
                                               $abc$2447$auto$rtlil.cc:3501:NotGate$2316      1 13.5ms
                                                 $abc$2447$flatten\u.$0\acc_out[31:0][3]      1 13.4ms
                                              $auto$alumacc.cc:512:replace_alu$1246.Y[5]      1 13.0ms
                                                                       u.result_latch[7]      1 12.9ms
                                                $abc$2447$flatten\u.$0\acc_out[31:0][31]      1 12.9ms
                                                 $abc$2447$flatten\u.$0\acc_out[31:0][6]      1 12.8ms
                                             $auto$alumacc.cc:512:replace_alu$1243.Y[29]      2 12.5ms
                                                                       u.result_latch[0]      1 12.4ms
                                                                                u.acc[7]      1 12.3ms
                                             $auto$alumacc.cc:512:replace_alu$1243.Y[31]      2 12.2ms
                                               $abc$2447$auto$rtlil.cc:3501:NotGate$2364      1 12.0ms
                                                                       u.result_latch[6]      1 11.9ms
                                               $abc$2447$auto$rtlil.cc:3501:NotGate$2238      1 11.7ms
                                              $auto$alumacc.cc:512:replace_alu$1251.Y[2]      1 11.6ms
                                                 $abc$2447$flatten\u.$procmux$1136_Y[12]      1 11.4ms
                                                  $abc$2447$flatten\u.$procmux$1142_Y[5]      1 11.3ms
                                                                               u.acc[25]      1 11.3ms
                                               $abc$2447$auto$rtlil.cc:3501:NotGate$2420      1 11.3ms
                                                                     u.count[5]$legal$77      1 10.9ms
                                               $abc$2447$auto$rtlil.cc:3501:NotGate$2314      1 10.6ms
                                                                                u.acc[9]      1 10.5ms
                                               $abc$2447$auto$rtlil.cc:3501:NotGate$2432      1 10.5ms
                                              $auto$alumacc.cc:512:replace_alu$1246.Y[0]      1 10.4ms
                                                $abc$2447$flatten\u.$0\acc_out[31:0][10]      1 10.3ms
                                                  $abc$2447$flatten\u.$procmux$1142_Y[9]      1 10.2ms
                                                             u.weighted_ext[10]$legal$25      1 10.2ms
                                                $abc$2447$flatten\u.$0\acc_out[31:0][18]      1 10.2ms
                                                                       u.weighted_ext[5]      2 9.9ms
                                               $abc$2447$auto$rtlil.cc:3501:NotGate$2348      1 9.9ms
                                                                    u.count[14]$legal$95      1 9.9ms
                                                               $PACKER_GND_NET$legal$115      1 9.8ms
                                              $auto$alumacc.cc:512:replace_alu$1251.Y[7]      1 9.8ms
                                                $abc$2447$flatten\u.$0\acc_out[31:0][27]      1 9.8ms
                                               $abc$2447$auto$rtlil.cc:3501:NotGate$2228      1 9.6ms
                                              $auto$alumacc.cc:512:replace_alu$1243.Y[3]      2 9.4ms
                                                 $abc$2447$flatten\u.$procmux$1142_Y[28]      1 9.3ms
                                                 $abc$2447$flatten\u.$procmux$1142_Y[24]      1 9.3ms
                                               $abc$2447$auto$rtlil.cc:3501:NotGate$2426      1 9.2ms
                                             $auto$alumacc.cc:512:replace_alu$1243.Y[22]      2 9.2ms
                                                                               u.acc[10]      1 9.0ms
                                                 $abc$2447$flatten\u.$procmux$1142_Y[25]      1 8.9ms
                                               $abc$2447$auto$rtlil.cc:3501:NotGate$2312      1 8.9ms
                                                                       u.weighted_ext[6]      2 8.8ms
                                                 $abc$2447$flatten\u.$procmux$1136_Y[15]      1 8.6ms
                                             $auto$alumacc.cc:512:replace_alu$1243.Y[17]      2 8.6ms
                                               $abc$2447$auto$rtlil.cc:3501:NotGate$2226      1 8.5ms
                                                                      u.result_latch[17]      1 8.4ms
                                                $abc$2447$flatten\u.$0\acc_out[31:0][19]      1 8.4ms
                                                  $abc$2447$flatten\u.$procmux$1142_Y[0]      1 8.3ms
                                               $abc$2447$auto$rtlil.cc:3501:NotGate$2430      1 8.3ms
                                               $abc$2447$auto$rtlil.cc:3501:NotGate$2248      1 8.2ms
                                             $auto$alumacc.cc:512:replace_alu$1246.Y[14]      1 8.2ms
                                               $abc$2447$auto$rtlil.cc:3501:NotGate$2304      1 8.2ms
                                              $auto$alumacc.cc:512:replace_alu$1246.Y[9]      1 8.2ms
                                                                       u.result_latch[2]      1 7.7ms
                                                                             u.count[11]      3 7.7ms
                                              $auto$alumacc.cc:512:replace_alu$1251.Y[0]      1 7.4ms
                                               $abc$2447$auto$rtlil.cc:3501:NotGate$2220      1 7.3ms
                                               $abc$2447$auto$rtlil.cc:3501:NotGate$2398      1 7.1ms
                                                                       u.weighted_ext[7]      2 7.0ms
                                               $abc$2447$auto$rtlil.cc:3501:NotGate$2284      1 7.0ms
                                               $abc$2447$auto$rtlil.cc:3501:NotGate$2258      1 6.9ms
                                                                               u.acc[27]      1 6.9ms
                                               $abc$2447$auto$rtlil.cc:3501:NotGate$2236      1 6.8ms
                                               $abc$2447$auto$rtlil.cc:3501:NotGate$2384      1 6.8ms
                                                                       u.result_latch[5]      1 6.8ms
                                                 $abc$2447$flatten\u.$procmux$1142_Y[19]      1 6.8ms
                                                                    u.count[15]$legal$97      1 6.7ms
                                                                      u.result_latch[21]      1 6.7ms
                                               $abc$2447$auto$rtlil.cc:3501:NotGate$2328      1 6.5ms
                                               $abc$2447$auto$rtlil.cc:3501:NotGate$2288      1 6.5ms
                                                 $abc$2447$flatten\u.$procmux$1142_Y[23]      1 6.5ms
                                               $abc$2447$auto$rtlil.cc:3501:NotGate$2374      1 6.3ms
                                                                       u.weighted_ext[3]      2 6.3ms
                                                  $abc$2447$flatten\u.$procmux$1136_Y[9]      1 6.2ms
                                                                      u.result_latch[11]      1 6.0ms
                                             $auto$alumacc.cc:512:replace_alu$1246.Y[12]      1 5.5ms
                                                 $abc$2447$flatten\u.$0\acc_out[31:0][5]      1 5.3ms
                                              $auto$alumacc.cc:512:replace_alu$1246.Y[3]      1 5.1ms
                                              $auto$alumacc.cc:512:replace_alu$1251.Y[6]      1 5.1ms
                                               $abc$2447$auto$rtlil.cc:3501:NotGate$2352      1 5.1ms
                                               $abc$2447$auto$rtlil.cc:3501:NotGate$2300      1 5.1ms
                                              $auto$alumacc.cc:512:replace_alu$1251.Y[3]      1 5.0ms
                                              $auto$alumacc.cc:512:replace_alu$1243.Y[6]      2 5.0ms
                                               $abc$2447$auto$rtlil.cc:3501:NotGate$2264      1 4.9ms
                                             $auto$alumacc.cc:512:replace_alu$1246.Y[15]      1 4.8ms
                                                             u.weighted_ext[10]$legal$57      1 4.6ms
                                                                              u.count[8]      3 4.5ms
                                              $auto$alumacc.cc:512:replace_alu$1251.Y[5]      1 4.5ms
                                                                                u.acc[6]      1 4.4ms
                                               $abc$2447$auto$rtlil.cc:3501:NotGate$2302      1 4.2ms
                                                             activation[1]$auto$IOBUF_O$      2 4.2ms
                                                                               u.acc[30]      1 4.0ms
                                                                             u.count[14]      3 4.0ms
                                                               u.weighted_ext[1]$legal$3      1 4.0ms
                                                             u.weighted_ext[10]$legal$33      1 3.9ms
                                               $abc$2447$auto$rtlil.cc:3501:NotGate$2230      1 3.8ms
                                                             activation[5]$auto$IOBUF_O$      2 3.8ms
                                                                      u.result_latch[22]      1 3.8ms
                                                                               u.acc[24]      1 3.7ms
                                                                             u.count[12]      3 3.6ms
                                              $auto$alumacc.cc:512:replace_alu$1246.Y[6]      1 3.5ms
                                                             u.weighted_ext[10]$legal$49      1 3.4ms
                                                $abc$2447$flatten\u.$0\acc_out[31:0][21]      1 3.4ms
                                                 $abc$2447$flatten\u.$0\acc_out[31:0][0]      1 3.4ms
                                                                      u.result_latch[14]      1 3.4ms
                                                  $abc$2447$flatten\u.$procmux$1142_Y[6]      1 3.4ms
                                                             activation[0]$auto$IOBUF_O$      2 3.3ms
                                                             u.weighted_ext[10]$legal$35      1 3.3ms
                                                 $abc$2447$flatten\u.$procmux$1142_Y[22]      1 3.2ms
                                                                      u.result_latch[24]      1 3.1ms
                                                                      u.result_latch[25]      1 3.1ms
                                                                      u.result_latch[15]      1 3.0ms
                                             $auto$alumacc.cc:512:replace_alu$1251.BB[7]      2 3.0ms
                                                 $abc$2447$flatten\u.$0\acc_out[31:0][8]      1 2.8ms
                                                                      u.result_latch[31]      1 2.8ms
                                                  $abc$2447$flatten\u.$procmux$1136_Y[7]      1 2.7ms
                                                                             u.count[10]      3 2.7ms
                                                                       u.weighted_ext[4]      2 2.6ms
                                                             u.weighted_ext[10]$legal$61      1 2.6ms
                                                                      u.result_latch[29]      1 2.6ms
                                                                    u.count[10]$legal$87      1 2.5ms
                                                                       clk$auto$IOBUF_O$      1 2.4ms
                                              $auto$alumacc.cc:512:replace_alu$1246.Y[2]      1 2.4ms
                                                                                u.acc[3]      1 2.4ms
                                                                      u.result_latch[26]      1 2.3ms
                                               $abc$2447$auto$rtlil.cc:3501:NotGate$2444      1 2.3ms
                                                                      u.result_latch[13]      1 2.3ms
                                                               $PACKER_GND_NET$legal$123      1 2.2ms
                                               $abc$2447$auto$rtlil.cc:3501:NotGate$2286      1 2.2ms
                                                 $abc$2447$flatten\u.$procmux$1142_Y[14]      1 2.1ms
                                              $auto$alumacc.cc:512:replace_alu$1246.Y[8]      1 2.1ms
                                                 $abc$2447$flatten\u.$procmux$1142_Y[13]      1 2.1ms
                                              $auto$alumacc.cc:512:replace_alu$1251.Y[8]      1 2.0ms
                                             $auto$alumacc.cc:512:replace_alu$1243.Y[28]      2 2.0ms
                                                               u.weighted_ext[4]$legal$9      1 1.9ms
                                                 $abc$2447$flatten\u.$procmux$1142_Y[30]      1 1.8ms
                                                $abc$2447$flatten\u.$0\acc_out[31:0][25]      1 1.8ms
                                                                      u.result_latch[12]      1 1.7ms
                                              $auto$alumacc.cc:512:replace_alu$1246.Y[4]      1 1.7ms
                                                  $abc$2447$flatten\u.$procmux$1142_Y[3]      1 1.7ms
                                                               $PACKER_GND_NET$legal$127      1 1.7ms
                                                                               u.acc[13]      1 1.7ms
                                                                              u.count[6]      3 1.6ms
                                                 $abc$2447$flatten\u.$procmux$1136_Y[14]      1 1.6ms
                                                                     u.count[7]$legal$81      1 1.6ms
                                                             u.weighted_ext[10]$legal$47      1 1.6ms
                                                                               u.acc[31]      1 1.5ms
                                              $auto$alumacc.cc:512:replace_alu$1246.Y[7]      1 1.5ms
                                             $auto$alumacc.cc:512:replace_alu$1246.Y[13]      1 1.5ms
                                                                  valid_in$auto$IOBUF_O$      1 1.3ms
                                                                   u.vector_done_delayed      1 1.3ms
                                                  $abc$2447$flatten\u.$procmux$1142_Y[2]      1 1.3ms
                                                                               u.acc[23]      1 1.3ms
                                             $auto$alumacc.cc:512:replace_alu$1243.Y[26]      2 1.3ms
                                                             u.weighted_ext[10]$legal$17      1 1.2ms
                                                 $abc$2447$flatten\u.$procmux$1142_Y[12]      1 1.2ms
                                                                      u.result_latch[30]      1 1.2ms
                                                 $abc$2447$flatten\u.$0\acc_out[31:0][9]      1 1.2ms
                                                 $abc$2447$flatten\u.$procmux$1142_Y[11]      1 1.2ms
                                                  $abc$2447$flatten\u.$procmux$1142_Y[4]      1 1.2ms
                                             $auto$alumacc.cc:512:replace_alu$1246.Y[10]      1 1.1ms
                                                $abc$2447$flatten\u.$0\acc_out[31:0][15]      1 1.1ms
                                                  $abc$2447$flatten\u.$procmux$1136_Y[8]      1 1.1ms
                                               $abc$2447$auto$rtlil.cc:3501:NotGate$2222      1 1.0ms
                                                             u.weighted_ext[10]$legal$55      1 1.0ms
                                                                      u.result_latch[23]      1 1.0ms
                                                  $abc$2447$flatten\u.$procmux$1142_Y[1]      1 1.0ms
                                                                     u.count[9]$legal$85      1 1.0ms
                                             $auto$alumacc.cc:512:replace_alu$1243.Y[25]      2 1.0ms
                                                                                u.acc[5]      1 1.0ms
                                                                                u.acc[2]      1 1.0ms
                                                                               u.acc[14]      1 0.9ms
                                                              u.weighted_ext[6]$legal$13      1 0.9ms
                                                                       u.result_latch[1]      1 0.9ms
                                                                       u.weighted_ext[0]      2 0.9ms
                                             $abc$2447$auto$rtlil.cc:3267:ReduceAnd$1250      1 0.9ms
                                                                     u.count[0]$legal$67      1 0.8ms
                                                $abc$2447$flatten\u.$0\acc_out[31:0][23]      1 0.8ms
                                                  $abc$2447$flatten\u.$procmux$1136_Y[6]      1 0.8ms
                                                  $abc$2447$flatten\u.$procmux$1136_Y[4]      1 0.8ms
                                                                    u.count[13]$legal$93      1 0.8ms
                                                             u.weighted_ext[10]$legal$51      1 0.7ms
                                                $abc$2447$flatten\u.$0\acc_out[31:0][22]      1 0.7ms
                                                             u.weighted_ext[10]$legal$41      1 0.7ms
                                                                     u.count[6]$legal$79      1 0.7ms
                                                             u.weighted_ext[10]$legal$23      1 0.7ms
                                                $abc$2447$flatten\u.$0\acc_out[31:0][24]      1 0.7ms
                                                              u.weighted_ext[5]$legal$11      1 0.7ms
                                                 $abc$2447$flatten\u.$procmux$1142_Y[10]      1 0.7ms
                                                               $PACKER_GND_NET$legal$109      1 0.7ms
                                                $abc$2447$flatten\u.$0\acc_out[31:0][20]      1 0.6ms
                                             $auto$alumacc.cc:512:replace_alu$1246.Y[11]      1 0.6ms
                                                $abc$2447$flatten\u.$0\acc_out[31:0][12]      1 0.6ms
                                                                               u.acc[16]      1 0.6ms
                                                             u.weighted_ext[10]$legal$31      1 0.6ms
                                                 $abc$2447$flatten\u.$procmux$1142_Y[31]      1 0.6ms
                                                                      u.result_latch[20]      1 0.6ms
                                                             u.weighted_ext[10]$legal$37      1 0.6ms
                                            $auto$alumacc.cc:512:replace_alu$1243.CO[23]      1 0.6ms
                                                               $PACKER_GND_NET$legal$107      1 0.6ms
                                                 $abc$2447$flatten\u.$procmux$1136_Y[10]      1 0.6ms
                                                               $PACKER_GND_NET$legal$105      1 0.6ms
                                                $abc$2447$flatten\u.$0\acc_out[31:0][13]      1 0.6ms
                                                                               u.acc[19]      1 0.5ms
                                                             u.weighted_ext[10]$legal$39      1 0.5ms
                                                                       u.result_latch[8]      1 0.5ms
                                                $abc$2447$flatten\u.$0\acc_out[31:0][29]      1 0.5ms
                                                 $abc$2447$flatten\u.$0\acc_out[31:0][1]      1 0.5ms
                                                                      u.result_latch[27]      1 0.5ms
                                                              u.weighted_ext[7]$legal$15      1 0.5ms
                                                 $abc$2447$flatten\u.$procmux$1136_Y[11]      1 0.5ms
                                                             u.weighted_ext[10]$legal$43      1 0.5ms
                                                               u.weighted_ext[2]$legal$5      1 0.5ms
                                                  $abc$2447$flatten\u.$procmux$1136_Y[0]      1 0.5ms
                                                               $PACKER_GND_NET$legal$131      1 0.5ms
                                                 $abc$2447$flatten\u.$procmux$1142_Y[26]      1 0.5ms
                                                $abc$2447$flatten\u.$0\acc_out[31:0][28]      1 0.5ms
                                              $auto$alumacc.cc:512:replace_alu$1251.Y[4]      1 0.5ms
                                                $abc$2447$flatten\u.$0\acc_out[31:0][26]      1 0.5ms
                                              $auto$alumacc.cc:512:replace_alu$1251.Y[1]      1 0.4ms
                                                                    u.count[11]$legal$89      1 0.4ms
                                                               $PACKER_GND_NET$legal$103      1 0.4ms
                                                $abc$2447$flatten\u.$0\acc_out[31:0][30]      1 0.4ms
                                                 $abc$2447$flatten\u.$0\acc_out[31:0][4]      1 0.4ms
                                                $abc$2447$flatten\u.$0\acc_out[31:0][14]      1 0.4ms
                                                 $abc$2447$flatten\u.$0\acc_out[31:0][7]      1 0.4ms
                                            $auto$alumacc.cc:512:replace_alu$1243.CO[18]      0 0.2ms
                                                               u.weighted_ext[0]$legal$1      1 0.2ms
                                                                             acc_out[12]      1 0.2ms
                                                                     u.count[3]$legal$73      1 0.1ms
                                             $auto$alumacc.cc:512:replace_alu$1251.BB[5]      1 0.1ms
                                             $auto$alumacc.cc:512:replace_alu$1246.CO[7]      1 0.0ms
                                                                             acc_out[13]      1 0.0ms
                                                                             acc_out[20]      1 0.0ms
                                             $auto$alumacc.cc:512:replace_alu$1246.CO[3]      1 0.0ms
                                              $auto$alumacc.cc:512:replace_alu$1243.X[0]      1 0.0ms
                                                                    u.count[12]$legal$91      1 0.0ms
                                                                             acc_out[21]      1 0.0ms
                                             $auto$alumacc.cc:512:replace_alu$1251.CO[7]      1 0.0ms
                                                             u.weighted_ext[10]$legal$21      1 0.0ms
                                                             u.weighted_ext[10]$legal$27      1 0.0ms
                                                             u.weighted_ext[10]$legal$19      1 0.0ms
                                                             u.weighted_ext[10]$legal$29      1 0.0ms
                                            $auto$alumacc.cc:512:replace_alu$1246.CO[15]      0 0.0ms
                                             $auto$alumacc.cc:512:replace_alu$1243.CO[3]      1 0.0ms
                                                               $PACKER_GND_NET$legal$101      1 0.0ms
                                            $auto$alumacc.cc:512:replace_alu$1246.CO[11]      1 0.0ms
                                              $auto$alumacc.cc:512:replace_alu$1246.X[2]      1 0.0ms
                                             $auto$alumacc.cc:512:replace_alu$1246.X[11]      1 0.0ms
                                                             u.weighted_ext[10]$legal$59      1 0.0ms
                                             $auto$alumacc.cc:512:replace_alu$1246.X[13]      1 0.0ms
                                             $auto$alumacc.cc:512:replace_alu$1251.CO[5]      0 0.0ms
                                             $auto$alumacc.cc:512:replace_alu$1246.CO[1]      0 0.0ms
                                            $auto$alumacc.cc:512:replace_alu$1243.CO[11]      1 0.0ms
                                             $auto$alumacc.cc:512:replace_alu$1251.BB[1]      1 0.0ms
                                             $auto$alumacc.cc:512:replace_alu$1251.BB[3]      1 0.0ms
                                            $auto$alumacc.cc:512:replace_alu$1246.CO[10]      0 0.0ms
                                            $auto$alumacc.cc:512:replace_alu$1243.CO[19]      1 0.0ms
                                            $auto$alumacc.cc:512:replace_alu$1243.CO[15]      1 0.0ms
                                              $auto$alumacc.cc:512:replace_alu$1246.X[5]      1 0.0ms
                                                                             acc_out[28]      1 0.0ms
                                            $auto$alumacc.cc:512:replace_alu$1243.CO[27]      1 0.0ms
                                             $auto$alumacc.cc:512:replace_alu$1243.CO[7]      1 0.0ms
                                             $auto$alumacc.cc:512:replace_alu$1251.BB[0]      1 0.0ms
                                             $auto$alumacc.cc:512:replace_alu$1251.CO[3]      1 0.0ms
                                             $auto$alumacc.cc:512:replace_alu$1243.X[13]      1 0.0ms
                                                                     u.count[4]$legal$75      1 0.0ms
                                                                     u.count[0]$legal$65      1 0.0ms
                                                                             acc_out[16]      1 0.0ms
                                     $auto$alumacc.cc:512:replace_alu$1251.genblk1.O[10]      0 0.0ms
                                                                              acc_out[7]      1 0.0ms
                                                                              acc_out[6]      1 0.0ms
                                             $auto$alumacc.cc:512:replace_alu$1251.CO[8]      0 0.0ms
                                            $auto$alumacc.cc:512:replace_alu$1243.CO[12]      0 0.0ms
                                              $auto$alumacc.cc:512:replace_alu$1246.X[4]      1 0.0ms
                                              $auto$alumacc.cc:512:replace_alu$1246.X[6]      1 0.0ms
                                             $auto$alumacc.cc:512:replace_alu$1246.X[15]      1 0.0ms
                                              $auto$alumacc.cc:512:replace_alu$1243.X[1]      1 0.0ms
                                   $auto$alumacc.cc:512:replace_alu$1251.BB[7]$legal$113      1 0.0ms
                                                                             acc_out[30]      1 0.0ms
                                                                             acc_out[29]      1 0.0ms
                                                                             acc_out[26]      1 0.0ms
                                                                             acc_out[25]      1 0.0ms
                                                                              acc_out[8]      1 0.0ms
                                                                              acc_out[1]      1 0.0ms
                                             $auto$alumacc.cc:512:replace_alu$1243.CO[5]      0 0.0ms
                                              $auto$alumacc.cc:512:replace_alu$1246.X[1]      1 0.0ms
                                              $auto$alumacc.cc:512:replace_alu$1246.X[9]      1 0.0ms
                                             $auto$alumacc.cc:512:replace_alu$1246.X[10]      1 0.0ms
                                             $auto$alumacc.cc:512:replace_alu$1246.X[12]      1 0.0ms
                                             $auto$alumacc.cc:512:replace_alu$1246.X[14]      1 0.0ms
                                             $auto$alumacc.cc:512:replace_alu$1251.BB[2]      1 0.0ms
                                             $auto$alumacc.cc:512:replace_alu$1251.BB[4]      1 0.0ms
                                             $auto$alumacc.cc:512:replace_alu$1251.BB[6]      1 0.0ms
                                              $auto$alumacc.cc:512:replace_alu$1243.X[4]      1 0.0ms
                                             $auto$alumacc.cc:512:replace_alu$1243.X[30]      1 0.0ms
                                             $auto$alumacc.cc:512:replace_alu$1243.X[31]      1 0.0ms
                                             $auto$alumacc.cc:512:replace_alu$1243.X[14]      1 0.0ms
                                             $auto$alumacc.cc:512:replace_alu$1243.X[18]      1 0.0ms
                                             $auto$alumacc.cc:512:replace_alu$1243.X[11]      1 0.0ms
                                             $auto$alumacc.cc:512:replace_alu$1243.X[15]      1 0.0ms
                                             $auto$alumacc.cc:512:replace_alu$1243.X[17]      1 0.0ms
                                                                               valid_out      1 0.0ms
                                                               $PACKER_GND_NET$legal$129      1 0.0ms
                                                               $PACKER_GND_NET$legal$125      1 0.0ms
                                                               $PACKER_GND_NET$legal$121      1 0.0ms
                                   $auto$alumacc.cc:512:replace_alu$1251.BB[7]$legal$117      1 0.0ms
                                                                         $PACKER_VCC_NET     66 0.0ms
                                                                         $PACKER_GND_NET     15 0.0ms
                                                                             acc_out[31]      1 0.0ms
                                                                             acc_out[27]      1 0.0ms
                                                                             acc_out[24]      1 0.0ms
                                                                             acc_out[23]      1 0.0ms
                                                                             acc_out[22]      1 0.0ms
                                                                             acc_out[19]      1 0.0ms
                                                                             acc_out[18]      1 0.0ms
                                                                             acc_out[17]      1 0.0ms
                                                                             acc_out[15]      1 0.0ms
                                                                             acc_out[14]      1 0.0ms
                                                                             acc_out[11]      1 0.0ms
                                                                             acc_out[10]      1 0.0ms
                                                                              acc_out[9]      1 0.0ms
                                                                              acc_out[5]      1 0.0ms
                                                                              acc_out[4]      1 0.0ms
                                                                              acc_out[3]      1 0.0ms
                                                                              acc_out[2]      1 0.0ms
                                                                              acc_out[0]      1 0.0ms
                                     $auto$alumacc.cc:512:replace_alu$1251.genblk1.O[11]      0 0.0ms
                                      $auto$alumacc.cc:512:replace_alu$1251.genblk1.O[9]      0 0.0ms
                                     $auto$alumacc.cc:512:replace_alu$1251.genblk1.C[11]      0 0.0ms
                                     $auto$alumacc.cc:512:replace_alu$1251.genblk1.C[10]      0 0.0ms
                                      $auto$alumacc.cc:512:replace_alu$1251.genblk1.C[9]      0 0.0ms
                                             $auto$alumacc.cc:512:replace_alu$1251.CO[6]      0 0.0ms
                                             $auto$alumacc.cc:512:replace_alu$1251.CO[4]      0 0.0ms
                                             $auto$alumacc.cc:512:replace_alu$1251.CO[2]      0 0.0ms
                                             $auto$alumacc.cc:512:replace_alu$1251.CO[1]      0 0.0ms
                                             $auto$alumacc.cc:512:replace_alu$1251.CO[0]      0 0.0ms
                                            $auto$alumacc.cc:512:replace_alu$1246.CO[14]      0 0.0ms
                                            $auto$alumacc.cc:512:replace_alu$1246.CO[13]      0 0.0ms
                                            $auto$alumacc.cc:512:replace_alu$1246.CO[12]      0 0.0ms
                                             $auto$alumacc.cc:512:replace_alu$1246.CO[9]      0 0.0ms
                                             $auto$alumacc.cc:512:replace_alu$1246.CO[8]      0 0.0ms
                                             $auto$alumacc.cc:512:replace_alu$1246.CO[6]      0 0.0ms
                                             $auto$alumacc.cc:512:replace_alu$1246.CO[5]      0 0.0ms
                                             $auto$alumacc.cc:512:replace_alu$1246.CO[4]      0 0.0ms
                                             $auto$alumacc.cc:512:replace_alu$1246.CO[2]      0 0.0ms
                                             $auto$alumacc.cc:512:replace_alu$1246.CO[0]      0 0.0ms
                                            $auto$alumacc.cc:512:replace_alu$1243.CO[31]      0 0.0ms
                                            $auto$alumacc.cc:512:replace_alu$1243.CO[30]      0 0.0ms
                                            $auto$alumacc.cc:512:replace_alu$1243.CO[29]      0 0.0ms
                                            $auto$alumacc.cc:512:replace_alu$1243.CO[28]      0 0.0ms
                                            $auto$alumacc.cc:512:replace_alu$1243.CO[26]      0 0.0ms
                                            $auto$alumacc.cc:512:replace_alu$1243.CO[25]      0 0.0ms
                                            $auto$alumacc.cc:512:replace_alu$1243.CO[24]      0 0.0ms
                                            $auto$alumacc.cc:512:replace_alu$1243.CO[22]      0 0.0ms
                                            $auto$alumacc.cc:512:replace_alu$1243.CO[21]      0 0.0ms
                                            $auto$alumacc.cc:512:replace_alu$1243.CO[20]      0 0.0ms
                                            $auto$alumacc.cc:512:replace_alu$1243.CO[17]      0 0.0ms
                                            $auto$alumacc.cc:512:replace_alu$1243.CO[16]      0 0.0ms
                                            $auto$alumacc.cc:512:replace_alu$1243.CO[14]      0 0.0ms
                                            $auto$alumacc.cc:512:replace_alu$1243.CO[13]      0 0.0ms
                                            $auto$alumacc.cc:512:replace_alu$1243.CO[10]      0 0.0ms
                                             $auto$alumacc.cc:512:replace_alu$1243.CO[9]      0 0.0ms
                                             $auto$alumacc.cc:512:replace_alu$1243.CO[8]      0 0.0ms
                                             $auto$alumacc.cc:512:replace_alu$1243.CO[6]      0 0.0ms
                                             $auto$alumacc.cc:512:replace_alu$1243.CO[4]      0 0.0ms
                                             $auto$alumacc.cc:512:replace_alu$1243.CO[2]      0 0.0ms
                                             $auto$alumacc.cc:512:replace_alu$1243.CO[1]      0 0.0ms
                                             $auto$alumacc.cc:512:replace_alu$1243.CO[0]      0 0.0ms
                                              $auto$alumacc.cc:512:replace_alu$1246.X[3]      1 0.0ms
                                              $auto$alumacc.cc:512:replace_alu$1246.X[7]      1 0.0ms
                                              $auto$alumacc.cc:512:replace_alu$1246.X[8]      1 0.0ms
                                             $auto$alumacc.cc:512:replace_alu$1243.X[25]      1 0.0ms
                                             $auto$alumacc.cc:512:replace_alu$1243.X[23]      1 0.0ms
                                             $auto$alumacc.cc:512:replace_alu$1243.X[24]      1 0.0ms
                                              $auto$alumacc.cc:512:replace_alu$1243.X[2]      1 0.0ms
                                              $auto$alumacc.cc:512:replace_alu$1243.X[3]      1 0.0ms
                                              $auto$alumacc.cc:512:replace_alu$1243.X[5]      1 0.0ms
                                              $auto$alumacc.cc:512:replace_alu$1243.X[6]      1 0.0ms
                                             $auto$alumacc.cc:512:replace_alu$1243.X[28]      1 0.0ms
                                             $auto$alumacc.cc:512:replace_alu$1243.X[29]      1 0.0ms
                                             $auto$alumacc.cc:512:replace_alu$1243.X[26]      1 0.0ms
                                             $auto$alumacc.cc:512:replace_alu$1243.X[27]      1 0.0ms
                                                                           activation[0]      2 0.0ms
                                                                           activation[1]      2 0.0ms
                                                                           activation[2]      2 0.0ms
                                                                           activation[3]      2 0.0ms
                                                                           activation[4]      2 0.0ms
                                                                           activation[5]      2 0.0ms
                                                                           activation[6]      2 0.0ms
                                              $auto$alumacc.cc:512:replace_alu$1243.X[8]      1 0.0ms
                                             $auto$alumacc.cc:512:replace_alu$1243.X[10]      1 0.0ms
                                             $auto$alumacc.cc:512:replace_alu$1243.X[12]      1 0.0ms
                                             $auto$alumacc.cc:512:replace_alu$1243.X[16]      1 0.0ms
                                             $auto$alumacc.cc:512:replace_alu$1243.X[20]      1 0.0ms
                                             $auto$alumacc.cc:512:replace_alu$1243.X[22]      1 0.0ms
                                              $auto$alumacc.cc:512:replace_alu$1243.X[7]      1 0.0ms
                                              $auto$alumacc.cc:512:replace_alu$1243.X[9]      1 0.0ms
                                             $auto$alumacc.cc:512:replace_alu$1243.X[19]      1 0.0ms
                                             $auto$alumacc.cc:512:replace_alu$1243.X[21]      1 0.0ms
                                                                           weight_enc[1]      2 0.0ms
                                                                           activation[7]      2 0.0ms
                                                                           weight_enc[0]      2 0.0ms
                                                                                valid_in      2 0.0ms
                                                                                   rst_n      2 0.0ms
                                                                                     clk      2 0.0ms
Info: Router2 time 184.49s
Info: Routing $PACKER_VCC_NET connections...
Info:     $PACKER_VCC_NET: 66/66 sinks bridged (0 left to main router; max BFS 26)
Info: Routing $PACKER_GND_NET connections...
Info:     $PACKER_GND_NET: 15/15 sinks bridged (0 left to main router; max BFS 162)
Info: Running post-routing legalisation...

Info: Critical path report for clock 'u.clk' (posedge -> posedge):
Info: curr total
Info:  0.1  0.1  Source $auto$ff.cc:337:slice$1694.Q
Info:  0.6  0.7    Net u.acc[1] budget 0.000000 ns (13,10) -> (13,8)
Info:                Sink $abc$2447$auto$blifparse.cc:557:parse_blif$2565.A5
Info:  0.1  0.9  Source $abc$2447$auto$blifparse.cc:557:parse_blif$2565.O6
Info:  0.0  0.9    Net $auto$alumacc.cc:512:replace_alu$1243.X[1] budget 0.364000 ns (13,8) -> (13,8)
Info:                Sink $auto$alumacc.cc:512:replace_alu$1243.genblk1.slice[0].genblk1.carry4.S1
Info:  0.5  1.4  Source $auto$alumacc.cc:512:replace_alu$1243.genblk1.slice[0].genblk1.carry4.CO3
Info:  0.1  1.5    Net $auto$alumacc.cc:512:replace_alu$1243.CO[3] budget 0.729000 ns (13,8) -> (13,7)
Info:                Sink $auto$alumacc.cc:512:replace_alu$1243.genblk1.slice[1].genblk1.carry4.CIN
Info:  0.1  1.6  Source $auto$alumacc.cc:512:replace_alu$1243.genblk1.slice[1].genblk1.carry4.CO3
Info:  0.1  1.7    Net $auto$alumacc.cc:512:replace_alu$1243.CO[7] budget 0.729000 ns (13,7) -> (13,6)
Info:                Sink $auto$alumacc.cc:512:replace_alu$1243.genblk1.slice[2].genblk1.carry4.CIN
Info:  0.1  1.8  Source $auto$alumacc.cc:512:replace_alu$1243.genblk1.slice[2].genblk1.carry4.CO3
Info:  0.1  1.9    Net $auto$alumacc.cc:512:replace_alu$1243.CO[11] budget 0.729000 ns (13,6) -> (13,5)
Info:                Sink $auto$alumacc.cc:512:replace_alu$1243.genblk1.slice[3].genblk1.carry4.CIN
Info:  0.1  2.0  Source $auto$alumacc.cc:512:replace_alu$1243.genblk1.slice[3].genblk1.carry4.CO3
Info:  0.1  2.2    Net $auto$alumacc.cc:512:replace_alu$1243.CO[15] budget 0.729000 ns (13,5) -> (13,4)
Info:                Sink $auto$alumacc.cc:512:replace_alu$1243.genblk1.slice[4].genblk1.carry4.CIN
Info:  0.1  2.3  Source $auto$alumacc.cc:512:replace_alu$1243.genblk1.slice[4].genblk1.carry4.CO3
Info:  0.1  2.4    Net $auto$alumacc.cc:512:replace_alu$1243.CO[19] budget 0.728000 ns (13,4) -> (13,3)
Info:                Sink $auto$alumacc.cc:512:replace_alu$1243.genblk1.slice[5].genblk1.carry4.CIN
Info:  0.1  2.5  Source $auto$alumacc.cc:512:replace_alu$1243.genblk1.slice[5].genblk1.carry4.CO3
Info:  0.1  2.6    Net $auto$alumacc.cc:512:replace_alu$1243.CO[23] budget 0.728000 ns (13,3) -> (13,2)
Info:                Sink $auto$alumacc.cc:512:replace_alu$1243.genblk1.slice[6].genblk1.carry4.CIN
Info:  0.1  2.7  Source $auto$alumacc.cc:512:replace_alu$1243.genblk1.slice[6].genblk1.carry4.CO3
Info:  0.1  2.8    Net $auto$alumacc.cc:512:replace_alu$1243.CO[27] budget 0.728000 ns (13,2) -> (13,1)
Info:                Sink $auto$alumacc.cc:512:replace_alu$1243.genblk1.slice[7].genblk1.carry4.CIN
Info:  0.3  3.2  Source $auto$alumacc.cc:512:replace_alu$1243.genblk1.slice[7].genblk1.carry4.O3
Info:  1.1  4.3    Net $auto$alumacc.cc:512:replace_alu$1243.Y[31] budget 0.000000 ns (13,1) -> (13,11)
Info:                Sink $abc$2447$auto$blifparse.cc:557:parse_blif$2574.A4
Info:  0.1  4.4  Source $abc$2447$auto$blifparse.cc:557:parse_blif$2574.O6
Info:  0.0  4.4    Net $abc$2447$flatten\u.$procmux$1142_Y[31] budget 0.213000 ns (13,11) -> (13,11)
Info:                Sink $auto$ff.cc:337:slice$1724.D
Info:  0.1  4.5  Setup $auto$ff.cc:337:slice$1724.D
Info: 2.0 ns logic, 2.5 ns routing

Info: Max frequency for clock 'u.clk': 221.58 MHz (PASS at 100.00 MHz)

Info: Slack histogram:
Info:  legend: * represents 1 endpoint(s)
Info:          + represents [1,1) endpoint(s)
Info: [  5487,   5677) |*** 
Info: [  5677,   5867) |* 
Info: [  5867,   6057) |********** 
Info: [  6057,   6247) |************* 
Info: [  6247,   6437) |********** 
Info: [  6437,   6627) |******************** 
Info: [  6627,   6817) |************** 
Info: [  6817,   7007) |********** 
Info: [  7007,   7197) |************** 
Info: [  7197,   7387) |************* 
Info: [  7387,   7577) |************* 
Info: [  7577,   7767) |************* 
Info: [  7767,   7957) |************* 
Info: [  7957,   8147) |*********** 
Info: [  8147,   8337) |************** 
Info: [  8337,   8527) |*********** 
Info: [  8527,   8717) |**** 
Info: [  8717,   8907) |****** 
Info: [  8907,   9097) | 
Info: [  9097,   9287) |** 
Info: Report written to runs/tag_s14.report.json.
