Info: Packing constants..
Info: Inserting IO buffers..
Info:     Constraining 'clk' to site 'IOB_X0Y224'
Info:     Tile 'LIOB33_X0Y223'
Info:     Constraining 'rst_n' to site 'IOB_X0Y226'
Info:     Tile 'LIOB33_X0Y225'
Info:     Constraining 'valid_in' to site 'IOB_X0Y230'
Info:     Tile 'LIOB33_X0Y229'
Info:     Constraining 'valid_out' to site 'IOB_X0Y214'
Info:     Tile 'LIOB33_X0Y213'
Info:     Constraining 'weight_enc[0]' to site 'IOB_X0Y229'
Info:     Tile 'LIOB33_X0Y229'
Info:     Constraining 'activation[7]' to site 'IOB_X0Y235'
Info:     Tile 'LIOB33_X0Y235'
Info:     Constraining 'weight_enc[1]' to site 'IOB_X0Y232'
Info:     Tile 'LIOB33_X0Y231'
Info:     Constraining 'activation[6]' to site 'IOB_X0Y236'
Info:     Tile 'LIOB33_X0Y235'
Info:     Constraining 'activation[5]' to site 'IOB_X0Y233'
Info:     Tile 'LIOB33_X0Y233'
Info:     Constraining 'activation[4]' to site 'IOB_X0Y207'
Info:     Tile 'LIOB33_X0Y207'
Info:     Constraining 'activation[3]' to site 'IOB_X0Y217'
Info:     Tile 'LIOB33_X0Y217'
Info:     Constraining 'activation[2]' to site 'IOB_X0Y215'
Info:     Tile 'LIOB33_X0Y215'
Info:     Constraining 'activation[1]' to site 'IOB_X0Y216'
Info:     Tile 'LIOB33_X0Y215'
Info:     Constraining 'activation[0]' to site 'IOB_X0Y231'
Info:     Tile 'LIOB33_X0Y231'
Info:     Constraining 'acc_out[0]' to site 'IOB_X0Y228'
Info:     Tile 'LIOB33_X0Y227'
Info:     Constraining 'acc_out[1]' to site 'IOB_X0Y227'
Info:     Tile 'LIOB33_X0Y227'
Info:     Constraining 'acc_out[2]' to site 'IOB_X0Y218'
Info:     Tile 'LIOB33_X0Y217'
Info:     Constraining 'acc_out[3]' to site 'IOB_X0Y208'
Info:     Tile 'LIOB33_X0Y207'
Info:     Constraining 'acc_out[4]' to site 'IOB_X0Y209'
Info:     Tile 'LIOB33_X0Y209'
Info:     Constraining 'acc_out[5]' to site 'IOB_X0Y234'
Info:     Tile 'LIOB33_X0Y233'
Info:     Constraining 'acc_out[6]' to site 'IOB_X0Y244'
Info:     Tile 'LIOB33_X0Y243'
Info:     Constraining 'acc_out[7]' to site 'IOB_X0Y243'
Info:     Tile 'LIOB33_X0Y243'
Info:     Constraining 'acc_out[8]' to site 'IOB_X0Y225'
Info:     Tile 'LIOB33_X0Y225'
Info:     Constraining 'acc_out[9]' to site 'IOB_X0Y223'
Info:     Tile 'LIOB33_X0Y223'
Info:     Constraining 'acc_out[10]' to site 'IOB_X0Y211'
Info:     Tile 'LIOB33_X0Y211'
Info:     Constraining 'acc_out[11]' to site 'IOB_X0Y210'
Info:     Tile 'LIOB33_X0Y209'
Info:     Constraining 'acc_out[12]' to site 'IOB_X0Y238'
Info:     Tile 'LIOB33_X0Y237'
Info:     Constraining 'acc_out[13]' to site 'IOB_X0Y237'
Info:     Tile 'LIOB33_X0Y237'
Info:     Constraining 'acc_out[14]' to site 'IOB_X0Y239'
Info:     Tile 'LIOB33_X0Y239'
Info:     Constraining 'acc_out[15]' to site 'IOB_X0Y221'
Info:     Tile 'LIOB33_X0Y221'
Info:     Constraining 'acc_out[16]' to site 'IOB_X0Y212'
Info:     Tile 'LIOB33_X0Y211'
Info:     Constraining 'acc_out[17]' to site 'IOB_X0Y203'
Info:     Tile 'LIOB33_X0Y203'
Info:     Constraining 'acc_out[18]' to site 'IOB_X0Y205'
Info:     Tile 'LIOB33_X0Y205'
Info:     Constraining 'acc_out[19]' to site 'IOB_X0Y242'
Info:     Tile 'LIOB33_X0Y241'
Info:     Constraining 'acc_out[20]' to site 'IOB_X0Y241'
Info:     Tile 'LIOB33_X0Y241'
Info:     Constraining 'acc_out[21]' to site 'IOB_X0Y240'
Info:     Tile 'LIOB33_X0Y239'
Info:     Constraining 'acc_out[22]' to site 'IOB_X0Y245'
Info:     Tile 'LIOB33_X0Y245'
Info:     Constraining 'acc_out[23]' to site 'IOB_X0Y219'
Info:     Tile 'LIOB33_X0Y219'
Info:     Constraining 'acc_out[24]' to site 'IOB_X0Y222'
Info:     Tile 'LIOB33_X0Y221'
Info:     Constraining 'acc_out[25]' to site 'IOB_X0Y204'
Info:     Tile 'LIOB33_X0Y203'
Info:     Constraining 'acc_out[26]' to site 'IOB_X0Y206'
Info:     Tile 'LIOB33_X0Y205'
Info:     Constraining 'acc_out[27]' to site 'IOB_X0Y248'
Info:     Tile 'LIOB33_X0Y247'
Info:     Constraining 'acc_out[28]' to site 'IOB_X0Y247'
Info:     Tile 'LIOB33_X0Y247'
Info:     Constraining 'acc_out[29]' to site 'IOB_X0Y249'
Info:     Tile 'LIOB33_SING_X0Y249'
Info:     Constraining 'acc_out[30]' to site 'IOB_X0Y246'
Info:     Tile 'LIOB33_X0Y245'
Info:     Constraining 'acc_out[31]' to site 'IOB_X0Y220'
Info:     Tile 'LIOB33_X0Y219'
Info: Generating input buffer for 'clk$ibuf$'
Info: Generating input buffer for 'rst_n$ibuf$'
Info: Generating input buffer for 'valid_in$ibuf$'
Info: Generating output buffer for 'valid_out$obuf$'
Info: Generating input buffer for 'weight_enc[0]$ibuf$'
Info: Generating input buffer for 'activation[7]$ibuf$'
Info: Generating input buffer for 'weight_enc[1]$ibuf$'
Info: Generating input buffer for 'activation[6]$ibuf$'
Info: Generating input buffer for 'activation[5]$ibuf$'
Info: Generating input buffer for 'activation[4]$ibuf$'
Info: Generating input buffer for 'activation[3]$ibuf$'
Info: Generating input buffer for 'activation[2]$ibuf$'
Info: Generating input buffer for 'activation[1]$ibuf$'
Info: Generating input buffer for 'activation[0]$ibuf$'
Info: Generating output buffer for 'acc_out[0]$obuf$'
Info: Generating output buffer for 'acc_out[1]$obuf$'
Info: Generating output buffer for 'acc_out[2]$obuf$'
Info: Generating output buffer for 'acc_out[3]$obuf$'
Info: Generating output buffer for 'acc_out[4]$obuf$'
Info: Generating output buffer for 'acc_out[5]$obuf$'
Info: Generating output buffer for 'acc_out[6]$obuf$'
Info: Generating output buffer for 'acc_out[7]$obuf$'
Info: Generating output buffer for 'acc_out[8]$obuf$'
Info: Generating output buffer for 'acc_out[9]$obuf$'
Info: Generating output buffer for 'acc_out[10]$obuf$'
Info: Generating output buffer for 'acc_out[11]$obuf$'
Info: Generating output buffer for 'acc_out[12]$obuf$'
Info: Generating output buffer for 'acc_out[13]$obuf$'
Info: Generating output buffer for 'acc_out[14]$obuf$'
Info: Generating output buffer for 'acc_out[15]$obuf$'
Info: Generating output buffer for 'acc_out[16]$obuf$'
Info: Generating output buffer for 'acc_out[17]$obuf$'
Info: Generating output buffer for 'acc_out[18]$obuf$'
Info: Generating output buffer for 'acc_out[19]$obuf$'
Info: Generating output buffer for 'acc_out[20]$obuf$'
Info: Generating output buffer for 'acc_out[21]$obuf$'
Info: Generating output buffer for 'acc_out[22]$obuf$'
Info: Generating output buffer for 'acc_out[23]$obuf$'
Info: Generating output buffer for 'acc_out[24]$obuf$'
Info: Generating output buffer for 'acc_out[25]$obuf$'
Info: Generating output buffer for 'acc_out[26]$obuf$'
Info: Generating output buffer for 'acc_out[27]$obuf$'
Info: Generating output buffer for 'acc_out[28]$obuf$'
Info: Generating output buffer for 'acc_out[29]$obuf$'
Info: Generating output buffer for 'acc_out[30]$obuf$'
Info: Generating output buffer for 'acc_out[31]$obuf$'
Info:     Created 46 PAD cells from:
Info:             46x PAD
Info: Preparing clocking...
Info: Packing constants..
Info: Packing cfg...
Info: Packing PLLs...
Info: Packing Gigabit Transceivers..
Info: Packing global buffers...
Info:     Constrained BUFGCTRL '$auto$clkbufmap.cc:261:execute$3095' to bel 'BUFGCTRL_X0Y16/BUFGCTRL' based on dedicated routing
Info: Packing MUX[789]s..
Info: Packing carries (atomic CARRY4)..
Info:    Packed 15 CARRY4 cells into 3 chains (atomic).
Info: router2 PRECYINIT fix: 15 CARRY4 cells, 18 constant carry pins disconnected
Info: Packing LUTs..
Info:     Created 331 SLICE_LUTX cells from:
Info:            203x LUT1
Info:             64x LUT2
Info:              1x LUT3
Info:             14x LUT4
Info:             49x LUT5
Info: Packing DRAM..
Info:    Transformed 0 tied-low DRAM address inputs to be tied-high
Info: Packing BRAM..
Info: Packing DSPs..
Info: Packing flipflops..
Info:     Created 114 SLICE_FFX cells from:
Info:            113x FDCE
Info:              1x FDPE
Info:     local-const FF control: disconnected 0 SR(=GND) + 33 CE(=VCC) pins from global nets
Info: Constrained 81 LUTFF pairs.

Info: Annotating ports with timing budgets for target frequency 100.00 MHz
Info: Checksum: 0xc6cd78cf

Info: Device utilisation:
Info: 	          SLICE_LUTX:   331/269200     0%
Info: 	           SLICE_FFX:   114/269200     0%
Info: 	              CARRY4:    15/33650     0%
Info: 	          PSEUDO_GND:     1/69165     0%
Info: 	          PSEUDO_VCC:     1/69165     0%
Info: 	               HARD0:     0/ 3960     0%
Info: 	            RAMB18E1:     0/  730     0%
Info: 	            FIFO18E1:     0/  365     0%
Info: 	        RAMBFIFO36E1:     0/  365     0%
Info: 	            RAMB36E1:     0/  365     0%
Info: 	             DSP48E1:     0/  740     0%
Info: 	                 PAD:    46/ 1062     4%
Info: 	       IOB33M_OUTBUF:     0/  240     0%
Info: 	       IOB33S_OUTBUF:     0/  240     0%
Info: 	        IOB33_OUTBUF:    33/  500     6%
Info: 	     IOB33M_INBUF_EN:     0/  240     0%
Info: 	     IOB33S_INBUF_EN:     0/  240     0%
Info: 	      IOB33_INBUF_EN:    13/  500     2%
Info: 	IOB33M_TERM_OVERRIDE:     0/  240     0%
Info: 	IOB33S_TERM_OVERRIDE:     0/  240     0%
Info: 	 IOB33_TERM_OVERRIDE:     0/  500     0%
Info: 	       PULL_OR_KEEP1:     0/  980     0%
Info: 	            IDELAYE2:     0/  500     0%
Info: 	        OLOGICE3_TFF:     0/  500     0%
Info: 	      OLOGICE3_OUTFF:     0/  500     0%
Info: 	       OLOGICE3_MISR:     0/  500     0%
Info: 	           OSERDESE2:     0/  500     0%
Info: 	        ILOGICE3_IFF:     0/  500     0%
Info: 	ILOGICE3_ZHOLD_DELAY:     0/  500     0%
Info: 	           ISERDESE2:     0/  500     0%
Info: 	                BUFR:     0/   40     0%
Info: 	               BUFIO:     0/   40     0%
Info: 	          IDELAYCTRL:     0/   10     0%
Info: 	            BUFGCTRL:     1/   32     3%
Info: 	            PCIE_2_1:     0/    1     0%
Info: 	               BSCAN:     0/    4     0%
Info: 	                BUFG:     0/   32     0%
Info: 	              BUFHCE:     0/  120     0%
Info: 	            DCIRESET:     0/    1     0%
Info: 	            DNA_PORT:     0/    1     0%
Info: 	           EFUSE_USR:     0/    1     0%
Info: 	           FRAME_ECC:     0/    1     0%
Info: 	       GTPE2_CHANNEL:     0/   16     0%
Info: 	        GTPE2_COMMON:     0/    4     0%
Info: 	         IBUFDS_GTE2:     0/    8     0%
Info: 	                ICAP:     0/    2     0%
Info: 	            INVERTER:     0/  240     0%
Info: 	          MMCME2_ADV:     0/   10     0%
Info: 	        OLOGICE2_TFF:     0/  500     0%
Info: 	      OLOGICE2_OUTFF:     0/  500     0%
Info: 	           PLLE2_ADV:     0/   10     0%
Info: 	           SELMUX2_1:     0/102950     0%
Info: 	             STARTUP:     0/    1     0%
Info: 	          USR_ACCESS:     0/    1     0%
Info: 	              BUFFER:     0/   82     0%
Info: 	        ILOGICE2_IFF:     0/  500     0%
Info: 	       OLOGICE2_MISR:     0/  500     0%

Info: HeAP congestion knobs: beta=0.400 spread_scale=2,1 alpha=0.080
Info: Placed 93 cells based on constraints.
Info: Creating initial analytic placement for 246 cells, random placement wirelen = 90866.
Info:     at initial placer iter 0, wirelen = 2149
Info:     at initial placer iter 1, wirelen = 1955
Info:     at initial placer iter 2, wirelen = 2111
Info:     at initial placer iter 3, wirelen = 2061
Info: Running main analytical placer.
Info:     at iteration #1, type ALL: wirelen solved = 2091, spread = 7868, legal = 5983; time = 3.32s
Info:     at iteration #2, type ALL: wirelen solved = 2251, spread = 6229, legal = 5827; time = 4.06s
Info:     at iteration #3, type ALL: wirelen solved = 2561, spread = 5992, legal = 5386; time = 5.62s
Info:     at iteration #4, type ALL: wirelen solved = 2822, spread = 5406, legal = 4811; time = 4.54s
Info:     at iteration #5, type ALL: wirelen solved = 3054, spread = 5010, legal = 4984; time = 4.04s
Info:     at iteration #6, type ALL: wirelen solved = 3017, spread = 4709, legal = 4739; time = 4.89s
Info:     at iteration #7, type ALL: wirelen solved = 3108, spread = 4948, legal = 4814; time = 2.72s
Info:     at iteration #8, type ALL: wirelen solved = 3141, spread = 4865, legal = 4721; time = 2.75s
Info:     at iteration #9, type ALL: wirelen solved = 3249, spread = 4763, legal = 4723; time = 3.47s
Info:     at iteration #10, type ALL: wirelen solved = 3252, spread = 3702, legal = 4074; time = 4.41s
Info:     at iteration #11, type ALL: wirelen solved = 3299, spread = 4677, legal = 4583; time = 2.42s
Info:     at iteration #12, type ALL: wirelen solved = 3356, spread = 3852, legal = 4118; time = 4.35s
Info: HeAP Placer Time: 71.30s
Info:   of which solving equations: 13.30s
Info:   of which spreading cells: 14.71s
Info:   of which strict legalisation: 12.38s

Info: Running simulated annealing placer for refinement.
Info:   at iteration #1: temp = 0.000000, timing cost = 21, wirelen = 4074
Info:   at iteration #5: temp = 0.000000, timing cost = 21, wirelen = 3611
Info:   at iteration #9: temp = 0.000000, timing cost = 21, wirelen = 3591 
Info: SA placement time 11.63s

Info: Max frequency for clock 'u.clk': 130.43 MHz (PASS at 100.00 MHz)

Info: Slack histogram:
Info:  legend: * represents 1 endpoint(s)
Info:          + represents [1,1) endpoint(s)
Info: [  2333,   2680) |** 
Info: [  2680,   3027) |******** 
Info: [  3027,   3374) |**** 
Info: [  3374,   3721) |**** 
Info: [  3721,   4068) | 
Info: [  4068,   4415) |************ 
Info: [  4415,   4762) | 
Info: [  4762,   5109) |*** 
Info: [  5109,   5456) |***** 
Info: [  5456,   5803) |********** 
Info: [  5803,   6150) |************ 
Info: [  6150,   6497) |******************** 
Info: [  6497,   6844) |***************** 
Info: [  6844,   7191) |******* 
Info: [  7191,   7538) |** 
Info: [  7538,   7885) |************ 
Info: [  7885,   8232) |*************************************** 
Info: [  8232,   8579) |*************************** 
Info: [  8579,   8926) |********* 
Info: [  8926,   9273) |** 
Info: Checksum: 0xbc8c3b3c
Info: Running post-placement legalisation...
Info: post-place repair: relocated 136 stranded cluster(s)/cell(s) to valid bels
Info: Routing global clocks...
Info:     routing clock 'u.clk'
Info:     routing clock 'clk$auto$IOBUF_O$'
Info: Running router2...
Info: Setting up routing resources...
Info: Running main router loop...
Info:     iter=1 wires=6360 overused=93 overuse=94 archfail=NA
Info:     iter=2 wires=6446 overused=0 overuse=0 archfail=0
Info: 1000 slowest nets by runtime:
                        $techmap2973$abc$2447$auto$blifparse.cc:557:parse_blif$2574.A[2]     50 44880.6ms
                        $techmap2973$abc$2447$auto$blifparse.cc:557:parse_blif$2574.A[1]     50 36688.8ms
                        $techmap2973$abc$2447$auto$blifparse.cc:557:parse_blif$2574.A[3]     50 25814.2ms
                                                                     rst_n$auto$IOBUF_O$    114 23048.5ms
                        $techmap2977$abc$2447$auto$blifparse.cc:557:parse_blif$2571.A[4]     50 20407.0ms
                        $techmap2973$abc$2447$auto$blifparse.cc:557:parse_blif$2574.A[0]     50 16999.8ms
                                                               acc_out[17]$auto$IOBUF_I$      1 13554.9ms
                                                               acc_out[23]$auto$IOBUF_I$      1 10739.7ms
                                                               acc_out[11]$auto$IOBUF_I$      1 10503.5ms
                                                                 valid_out$auto$IOBUF_I$     35 8883.0ms
                                                               acc_out[18]$auto$IOBUF_I$      1 8538.9ms
                                  $abc$2447$auto$opt_dff.cc:336:make_patterns_logic$1236     32 7956.5ms
                                                               acc_out[25]$auto$IOBUF_I$      1 5377.1ms
                                                               acc_out[26]$auto$IOBUF_I$      1 5347.2ms
                                                                acc_out[5]$auto$IOBUF_I$      1 4785.1ms
                                                                      u.weighted_ext[10]     48 4260.4ms
                                                               acc_out[10]$auto$IOBUF_I$      1 3907.1ms
                                                                acc_out[0]$auto$IOBUF_I$      1 3863.2ms
                                                                acc_out[4]$auto$IOBUF_I$      1 3694.7ms
                                                               acc_out[15]$auto$IOBUF_I$      1 3676.3ms
                                                                acc_out[2]$auto$IOBUF_I$      1 3424.9ms
                                                                acc_out[1]$auto$IOBUF_I$      1 3334.2ms
                                                               acc_out[31]$auto$IOBUF_I$      1 3174.9ms
                                                               acc_out[24]$auto$IOBUF_I$      1 3140.3ms
                                                               acc_out[16]$auto$IOBUF_I$      1 3101.8ms
                                                                acc_out[9]$auto$IOBUF_I$      1 2795.2ms
                                                               acc_out[12]$auto$IOBUF_I$      1 2738.4ms
                                                                acc_out[3]$auto$IOBUF_I$      1 2655.9ms
                                                               acc_out[21]$auto$IOBUF_I$      1 2634.2ms
                                                                acc_out[6]$auto$IOBUF_I$      1 2581.8ms
                                                                                u.acc[2]      1 2270.2ms
                                                               acc_out[27]$auto$IOBUF_I$      1 1960.2ms
                                                               acc_out[19]$auto$IOBUF_I$      1 1959.7ms
                                                                acc_out[8]$auto$IOBUF_I$      1 1908.0ms
                                                               acc_out[22]$auto$IOBUF_I$      1 1904.1ms
                                                               acc_out[13]$auto$IOBUF_I$      1 1862.5ms
                                               $abc$2447$auto$rtlil.cc:3501:NotGate$2434      1 1746.5ms
                                                               acc_out[14]$auto$IOBUF_I$      1 1746.4ms
                                                               acc_out[20]$auto$IOBUF_I$      1 1702.9ms
                                                               acc_out[30]$auto$IOBUF_I$      1 1670.7ms
                                              $auto$alumacc.cc:512:replace_alu$1243.Y[6]      2 1634.3ms
                                             $auto$alumacc.cc:512:replace_alu$1243.Y[18]      2 1573.3ms
                                              $auto$alumacc.cc:512:replace_alu$1243.Y[2]      2 1568.1ms
                                                                acc_out[7]$auto$IOBUF_I$      1 1556.4ms
                                                             weight_enc[1]$auto$IOBUF_O$      9 1481.6ms
                                                               acc_out[28]$auto$IOBUF_I$      1 1441.1ms
                                             $auto$alumacc.cc:512:replace_alu$1243.Y[26]      2 1405.1ms
                                               $abc$2447$auto$rtlil.cc:3501:NotGate$2332      1 1236.0ms
                                               $abc$2447$auto$rtlil.cc:3501:NotGate$2436      1 1028.0ms
                                             $auto$alumacc.cc:512:replace_alu$1243.Y[23]      2 1022.2ms
                                               $abc$2447$auto$rtlil.cc:3501:NotGate$2246      1 1021.9ms
                                               $abc$2447$auto$rtlil.cc:3501:NotGate$2320      1 977.9ms
                                                             weight_enc[0]$auto$IOBUF_O$      9 955.9ms
                                               $abc$2447$auto$rtlil.cc:3501:NotGate$2262      1 942.2ms
                                               $abc$2447$auto$rtlil.cc:3501:NotGate$2316      1 923.9ms
                                               $abc$2447$auto$rtlil.cc:3501:NotGate$2306      1 912.6ms
                                                                              u.count[8]      3 858.0ms
                                              $auto$alumacc.cc:512:replace_alu$1243.Y[1]      2 844.1ms
                                               $abc$2447$auto$rtlil.cc:3501:NotGate$2328      1 841.6ms
                                              $auto$alumacc.cc:512:replace_alu$1243.Y[9]      2 789.7ms
                                                 $abc$2447$flatten\u.$procmux$1136_Y[10]      1 771.6ms
                                               $abc$2447$auto$rtlil.cc:3501:NotGate$2338      1 745.9ms
                                                                                u.acc[4]      1 740.1ms
                                               $abc$2447$auto$rtlil.cc:3501:NotGate$2414      1 736.8ms
                                              $auto$alumacc.cc:512:replace_alu$1251.Y[4]      1 725.1ms
                                               $abc$2447$auto$rtlil.cc:3501:NotGate$2260      1 704.9ms
                                               $abc$2447$auto$rtlil.cc:3501:NotGate$2312      1 701.9ms
                                             $auto$alumacc.cc:512:replace_alu$1243.Y[15]      2 690.5ms
                                               $abc$2447$auto$rtlil.cc:3501:NotGate$2358      1 688.2ms
                                                                             u.count[13]      3 686.2ms
                                               $abc$2447$auto$rtlil.cc:3501:NotGate$2360      1 673.2ms
                                               $abc$2447$auto$rtlil.cc:3501:NotGate$2444      1 653.4ms
                                               $abc$2447$auto$rtlil.cc:3501:NotGate$2270      1 649.9ms
                                               $abc$2447$auto$rtlil.cc:3501:NotGate$2352      1 637.7ms
                                               $abc$2447$auto$rtlil.cc:3501:NotGate$2282      1 633.0ms
                                                                              u.count[5]      3 625.9ms
                                              $auto$alumacc.cc:512:replace_alu$1243.Y[5]      2 625.8ms
                                               $abc$2447$auto$rtlil.cc:3501:NotGate$2348      1 623.9ms
                                               $abc$2447$auto$rtlil.cc:3501:NotGate$2298      1 609.6ms
                                               $abc$2447$auto$rtlil.cc:3501:NotGate$2292      1 604.3ms
                                               $abc$2447$auto$rtlil.cc:3501:NotGate$2330      1 592.0ms
                                               $abc$2447$auto$rtlil.cc:3501:NotGate$2390      1 591.1ms
                                                                             u.count[12]      3 590.7ms
                                               $abc$2447$auto$rtlil.cc:3501:NotGate$2404      1 584.9ms
                                               $abc$2447$auto$rtlil.cc:3501:NotGate$2412      1 579.6ms
                                               $abc$2447$auto$rtlil.cc:3501:NotGate$2234      1 578.5ms
                                               $abc$2447$auto$rtlil.cc:3501:NotGate$2294      1 574.2ms
                                                             activation[7]$auto$IOBUF_O$      3 559.4ms
                                               $abc$2447$auto$rtlil.cc:3501:NotGate$2356      1 558.6ms
                                               $abc$2447$auto$rtlil.cc:3501:NotGate$2408      1 545.3ms
                                                             activation[3]$auto$IOBUF_O$      2 526.2ms
                                              $auto$alumacc.cc:512:replace_alu$1243.Y[4]      2 523.8ms
                                               $abc$2447$auto$rtlil.cc:3501:NotGate$2374      1 515.2ms
                                               $abc$2447$auto$rtlil.cc:3501:NotGate$2266      1 504.2ms
                                               $abc$2447$auto$rtlil.cc:3501:NotGate$2424      1 500.5ms
                                               $abc$2447$auto$rtlil.cc:3501:NotGate$2350      1 499.7ms
                                                  $abc$2447$flatten\u.$procmux$1136_Y[9]      1 499.7ms
                                                                               u.acc[16]      1 492.3ms
                                               $abc$2447$auto$rtlil.cc:3501:NotGate$2308      1 492.0ms
                                               $abc$2447$auto$rtlil.cc:3501:NotGate$2370      1 491.1ms
                                               $abc$2447$auto$rtlil.cc:3501:NotGate$2346      1 479.5ms
                                               $abc$2447$auto$rtlil.cc:3501:NotGate$2394      1 473.5ms
                                               $abc$2447$auto$rtlil.cc:3501:NotGate$2410      1 468.7ms
                                               $abc$2447$auto$rtlil.cc:3501:NotGate$2442      1 456.6ms
                                             $auto$alumacc.cc:512:replace_alu$1243.Y[13]      2 454.7ms
                                               $abc$2447$auto$rtlil.cc:3501:NotGate$2344      1 454.4ms
                                               $abc$2447$auto$rtlil.cc:3501:NotGate$2264      1 450.9ms
                                               $abc$2447$auto$rtlil.cc:3501:NotGate$2400      1 450.3ms
                                               $abc$2447$auto$rtlil.cc:3501:NotGate$2388      1 449.6ms
                                             $auto$alumacc.cc:512:replace_alu$1243.Y[22]      2 441.1ms
                                               $abc$2447$auto$rtlil.cc:3501:NotGate$2252      1 433.3ms
                                               $abc$2447$auto$rtlil.cc:3501:NotGate$2368      1 429.3ms
                                               $abc$2447$auto$rtlil.cc:3501:NotGate$2422      1 428.1ms
                                               $abc$2447$auto$rtlil.cc:3501:NotGate$2276      1 422.5ms
                                                             activation[2]$auto$IOBUF_O$      2 417.2ms
                                              $auto$alumacc.cc:512:replace_alu$1246.Y[1]      1 413.7ms
                                             $auto$alumacc.cc:512:replace_alu$1243.Y[24]      2 413.5ms
                                               $abc$2447$auto$rtlil.cc:3501:NotGate$2272      1 413.5ms
                                                                               u.acc[31]      1 413.2ms
                                               $abc$2447$auto$rtlil.cc:3501:NotGate$2396      1 405.3ms
                                              $auto$alumacc.cc:512:replace_alu$1243.Y[0]      2 393.5ms
                                                                              u.count[2]      3 390.1ms
                                             $auto$alumacc.cc:512:replace_alu$1243.Y[10]      2 380.2ms
                                               $abc$2447$auto$rtlil.cc:3501:NotGate$2354      1 379.8ms
                                             $auto$alumacc.cc:512:replace_alu$1243.Y[16]      2 377.6ms
                                               $abc$2447$auto$rtlil.cc:3501:NotGate$2392      1 360.0ms
                                               $abc$2447$auto$rtlil.cc:3501:NotGate$2382      1 356.0ms
                                               $abc$2447$auto$rtlil.cc:3501:NotGate$2268      1 352.7ms
                                             $auto$alumacc.cc:512:replace_alu$1243.Y[11]      2 349.6ms
                                               $abc$2447$auto$rtlil.cc:3501:NotGate$2258      1 348.3ms
                                               $abc$2447$auto$rtlil.cc:3501:NotGate$2446      1 340.9ms
                                               $abc$2447$auto$rtlil.cc:3501:NotGate$2384      1 338.4ms
                                                                              u.count[9]      3 335.7ms
                                                                              u.count[1]      3 335.6ms
                                               $abc$2447$auto$rtlil.cc:3501:NotGate$2398      1 335.3ms
                                               $abc$2447$auto$rtlil.cc:3501:NotGate$2238      1 333.4ms
                                               $abc$2447$auto$rtlil.cc:3501:NotGate$2244      1 332.2ms
                                               $abc$2447$auto$rtlil.cc:3501:NotGate$2336      1 328.1ms
                                             $auto$alumacc.cc:512:replace_alu$1243.Y[20]      2 324.2ms
                                                               $PACKER_GND_NET$legal$111      1 321.3ms
                                                             activation[5]$auto$IOBUF_O$      2 320.9ms
                                                               acc_out[29]$auto$IOBUF_I$      1 306.0ms
                                             $auto$alumacc.cc:512:replace_alu$1243.Y[29]      2 304.1ms
                                                                      u.result_latch[23]      1 297.1ms
                                               $abc$2447$auto$rtlil.cc:3501:NotGate$2284      1 293.3ms
                                                                              u.count[0]      3 290.4ms
                                             $auto$alumacc.cc:512:replace_alu$1251.BB[7]      2 288.9ms
                                               $abc$2447$auto$rtlil.cc:3501:NotGate$2280      1 287.6ms
                                                             activation[0]$auto$IOBUF_O$      2 287.0ms
                                                                    u.count[10]$legal$87      1 286.5ms
                                               $abc$2447$auto$rtlil.cc:3501:NotGate$2254      1 284.4ms
                                               $abc$2447$auto$rtlil.cc:3501:NotGate$2300      1 283.3ms
                                               $abc$2447$auto$rtlil.cc:3501:NotGate$2324      1 281.2ms
                                                                               u.acc[15]      1 279.5ms
                                                                     u.count[8]$legal$83      1 271.3ms
                                               $abc$2447$auto$rtlil.cc:3501:NotGate$2376      1 271.1ms
                                                 $abc$2447$flatten\u.$procmux$1142_Y[17]      1 268.2ms
                                                                       u.result_latch[3]      1 267.5ms
                                             $auto$alumacc.cc:512:replace_alu$1243.Y[30]      2 265.0ms
                                                                               u.acc[27]      1 257.9ms
                                               $abc$2447$auto$rtlil.cc:3501:NotGate$2380      1 252.7ms
                                              $auto$alumacc.cc:512:replace_alu$1246.Y[5]      1 251.9ms
                                                                      u.result_latch[25]      1 251.7ms
                                               $abc$2447$auto$rtlil.cc:3501:NotGate$2242      1 248.3ms
                                             $auto$alumacc.cc:512:replace_alu$1243.Y[17]      2 246.6ms
                                                                      u.result_latch[18]      1 242.9ms
                                               $abc$2447$auto$rtlil.cc:3501:NotGate$2222      1 240.9ms
                                               $abc$2447$auto$rtlil.cc:3501:NotGate$2378      1 234.2ms
                                             $auto$alumacc.cc:512:replace_alu$1243.Y[25]      2 229.1ms
                                                                               u.acc[26]      1 227.3ms
                                                              u.weighted_ext[7]$legal$15      1 222.9ms
                                             $auto$alumacc.cc:512:replace_alu$1246.Y[11]      1 220.7ms
                                                                               u.acc[11]      1 216.1ms
                                             $auto$alumacc.cc:512:replace_alu$1243.Y[28]      2 212.7ms
                                              $auto$alumacc.cc:512:replace_alu$1251.Y[1]      1 212.7ms
                                             $auto$alumacc.cc:512:replace_alu$1243.Y[19]      2 212.5ms
                                             $auto$alumacc.cc:512:replace_alu$1243.Y[12]      2 206.4ms
                                               $abc$2447$auto$rtlil.cc:3501:NotGate$2406      1 204.6ms
                                                                      u.result_latch[31]      1 204.3ms
                                                                               u.acc[22]      1 197.4ms
                                               $abc$2447$auto$rtlil.cc:3501:NotGate$2232      1 197.3ms
                                                 $abc$2447$flatten\u.$procmux$1142_Y[25]      1 197.1ms
                                                  $abc$2447$flatten\u.$procmux$1136_Y[1]      1 196.5ms
                                                               u.weighted_ext[1]$legal$3      1 192.5ms
                                                                    u.count[15]$legal$97      1 192.3ms
                                                                               u.acc[28]      1 191.4ms
                                               $abc$2447$auto$rtlil.cc:3501:NotGate$2438      1 190.0ms
                                                $abc$2447$flatten\u.$0\acc_out[31:0][13]      1 183.4ms
                                                                               u.acc[19]      1 182.5ms
                                                             u.weighted_ext[10]$legal$35      1 180.2ms
                                                                      u.result_latch[21]      1 177.6ms
                                               $abc$2447$auto$rtlil.cc:3501:NotGate$2432      1 177.0ms
                                                                      u.result_latch[19]      1 176.8ms
                                               $abc$2447$auto$rtlil.cc:3501:NotGate$2322      1 175.3ms
                                                 $abc$2447$flatten\u.$procmux$1142_Y[22]      1 174.3ms
                                              $auto$alumacc.cc:512:replace_alu$1251.Y[3]      1 171.4ms
                                                                      u.result_latch[20]      1 170.9ms
                                                                       u.weighted_ext[7]      2 170.3ms
                                                                      u.result_latch[15]      1 169.7ms
                                                $abc$2447$flatten\u.$0\acc_out[31:0][31]      1 168.6ms
                                                                     u.count[7]$legal$81      1 166.9ms
                                                $abc$2447$flatten\u.$0\acc_out[31:0][11]      1 166.2ms
                                                                     u.count[6]$legal$79      1 165.4ms
                                                                              u.count[6]      3 163.6ms
                                                 $abc$2447$flatten\u.$procmux$1136_Y[15]      1 162.6ms
                                                 $abc$2447$flatten\u.$procmux$1142_Y[11]      1 161.6ms
                                                             activation[1]$auto$IOBUF_O$      2 159.9ms
                                             $auto$alumacc.cc:512:replace_alu$1246.Y[14]      1 159.7ms
                                                  $abc$2447$flatten\u.$procmux$1136_Y[5]      1 157.2ms
                                                                      u.result_latch[30]      1 154.7ms
                                               $abc$2447$auto$rtlil.cc:3501:NotGate$2318      1 150.2ms
                                               $abc$2447$auto$rtlil.cc:3501:NotGate$2226      1 147.4ms
                                                 $abc$2447$flatten\u.$procmux$1142_Y[15]      1 147.0ms
                                                                                u.acc[1]      1 146.9ms
                                               $abc$2447$auto$rtlil.cc:3501:NotGate$2426      1 145.0ms
                                               $abc$2447$auto$rtlil.cc:3501:NotGate$2416      1 144.2ms
                                                                       u.result_latch[8]      1 143.8ms
                                             $auto$alumacc.cc:512:replace_alu$1243.Y[21]      2 143.8ms
                                               $abc$2447$auto$rtlil.cc:3501:NotGate$2302      1 141.8ms
                                                                               u.acc[25]      1 141.3ms
                                                  $abc$2447$flatten\u.$procmux$1142_Y[5]      1 139.5ms
                                               $abc$2447$auto$rtlil.cc:3501:NotGate$2340      1 137.1ms
                                                $abc$2447$flatten\u.$0\acc_out[31:0][23]      1 136.9ms
                                               $abc$2447$auto$rtlil.cc:3501:NotGate$2220      1 136.2ms
                                               $abc$2447$auto$rtlil.cc:3501:NotGate$2342      1 136.2ms
                                             $auto$alumacc.cc:512:replace_alu$1243.Y[14]      2 135.8ms
                                                                     u.count[2]$legal$71      1 127.4ms
                                               $abc$2447$auto$rtlil.cc:3501:NotGate$2304      1 126.7ms
                                                                                u.acc[6]      1 126.1ms
                                                             u.weighted_ext[10]$legal$41      1 124.6ms
                                              $auto$alumacc.cc:512:replace_alu$1251.Y[7]      1 123.0ms
                                                                               u.acc[29]      1 117.3ms
                                                             u.weighted_ext[10]$legal$57      1 114.9ms
                                                                     u.count[3]$legal$73      1 114.7ms
                                                                      u.result_latch[17]      1 113.1ms
                                                                               u.acc[12]      1 112.6ms
                                                                               u.acc[18]      1 111.1ms
                                                                      u.result_latch[16]      1 109.5ms
                                                                               u.acc[30]      1 109.1ms
                                                             activation[4]$auto$IOBUF_O$      2 104.5ms
                                               $abc$2447$auto$rtlil.cc:3501:NotGate$2430      1 104.3ms
                                                                               u.acc[17]      1 103.3ms
                                                                       u.weighted_ext[4]      2 103.0ms
                                               $abc$2447$auto$rtlil.cc:3501:NotGate$2250      1 102.1ms
                                              $auto$alumacc.cc:512:replace_alu$1246.Y[6]      1 100.9ms
                                                                       u.weighted_ext[3]      2 100.4ms
                                                                                   u.clk    114 100.0ms
                                                              u.weighted_ext[5]$legal$11      1 99.8ms
                                             $auto$alumacc.cc:512:replace_alu$1243.Y[27]      2 99.4ms
                                                                  valid_in$auto$IOBUF_O$      1 99.1ms
                                             $auto$alumacc.cc:512:replace_alu$1246.Y[13]      1 97.8ms
                                                $abc$2447$flatten\u.$0\acc_out[31:0][22]      1 97.0ms
                                              $auto$alumacc.cc:512:replace_alu$1246.Y[4]      1 95.9ms
                                               $abc$2447$auto$rtlil.cc:3501:NotGate$2240      1 94.3ms
                                                             u.weighted_ext[10]$legal$33      1 94.1ms
                                                             u.weighted_ext[10]$legal$47      1 92.3ms
                                               $abc$2447$auto$rtlil.cc:3501:NotGate$2274      1 87.7ms
                                                             u.weighted_ext[10]$legal$51      1 87.4ms
                                                             u.weighted_ext[10]$legal$17      1 86.6ms
                                                 $abc$2447$flatten\u.$0\acc_out[31:0][0]      1 82.2ms
                                                                             u.count[10]      3 81.5ms
                                                 $abc$2447$flatten\u.$procmux$1142_Y[16]      1 81.2ms
                                                 $abc$2447$flatten\u.$procmux$1142_Y[31]      1 81.0ms
                                             $auto$alumacc.cc:512:replace_alu$1243.Y[31]      2 80.4ms
                                               $abc$2447$auto$rtlil.cc:3501:NotGate$2334      1 79.9ms
                                               $abc$2447$auto$rtlil.cc:3501:NotGate$2228      1 79.0ms
                                                 $abc$2447$flatten\u.$procmux$1142_Y[20]      1 78.1ms
                                                 $abc$2447$flatten\u.$procmux$1142_Y[26]      1 77.6ms
                                                                             u.count[15]      3 77.4ms
                                               $abc$2447$auto$rtlil.cc:3501:NotGate$2372      1 77.4ms
                                                                              u.count[7]      3 75.4ms
                                                $abc$2447$flatten\u.$0\acc_out[31:0][27]      1 71.6ms
                                                 $abc$2447$flatten\u.$procmux$1142_Y[18]      1 70.3ms
                                               $abc$2447$auto$rtlil.cc:3501:NotGate$2290      1 68.7ms
                                                  $abc$2447$flatten\u.$procmux$1142_Y[2]      1 68.2ms
                                                 $abc$2447$flatten\u.$procmux$1136_Y[11]      1 66.8ms
                                                $abc$2447$flatten\u.$0\acc_out[31:0][12]      1 65.8ms
                                                                       u.weighted_ext[6]      2 65.5ms
                                                                      u.result_latch[12]      1 64.9ms
                                               $abc$2447$auto$rtlil.cc:3501:NotGate$2286      1 63.3ms
                                               $abc$2447$auto$rtlil.cc:3501:NotGate$2278      1 63.2ms
                                                                       u.result_latch[6]      1 61.5ms
                                                 $abc$2447$flatten\u.$procmux$1136_Y[13]      1 60.2ms
                                               $abc$2447$auto$rtlil.cc:3501:NotGate$2366      1 59.0ms
                                                             u.weighted_ext[10]$legal$63      1 58.2ms
                                                               u.weighted_ext[2]$legal$5      1 58.0ms
                                                             u.weighted_ext[10]$legal$19      1 55.2ms
                                              $auto$alumacc.cc:512:replace_alu$1243.Y[7]      2 55.1ms
                                                 $abc$2447$flatten\u.$procmux$1142_Y[19]      1 54.2ms
                                               $abc$2447$auto$rtlil.cc:3501:NotGate$2230      1 53.5ms
                                               $abc$2447$auto$rtlil.cc:3501:NotGate$2314      1 53.2ms
                                             $auto$alumacc.cc:512:replace_alu$1246.Y[15]      1 52.4ms
                                                                             u.count[14]      3 51.3ms
                                                                     u.count[5]$legal$77      1 51.1ms
                                               $abc$2447$auto$rtlil.cc:3501:NotGate$2296      1 51.0ms
                                               $abc$2447$auto$rtlil.cc:3501:NotGate$2224      1 50.8ms
                                                                       clk$auto$IOBUF_O$      1 49.1ms
                                                 $abc$2447$flatten\u.$0\acc_out[31:0][1]      1 48.8ms
                                                  $abc$2447$flatten\u.$procmux$1142_Y[6]      1 48.8ms
                                              $auto$alumacc.cc:512:replace_alu$1243.Y[3]      2 48.5ms
                                               $abc$2447$auto$rtlil.cc:3501:NotGate$2248      1 48.3ms
                                                             u.weighted_ext[10]$legal$29      1 47.5ms
                                                                     u.count[1]$legal$69      1 46.8ms
                                                                                u.acc[5]      1 46.7ms
                                               $abc$2447$auto$rtlil.cc:3501:NotGate$2362      1 46.4ms
                                                             u.weighted_ext[10]$legal$37      1 46.3ms
                                                                             u.count[11]      3 46.2ms
                                                 $abc$2447$flatten\u.$0\acc_out[31:0][9]      1 44.8ms
                                                $abc$2447$flatten\u.$0\acc_out[31:0][28]      1 44.7ms
                                                                      u.result_latch[14]      1 44.6ms
                                                             u.weighted_ext[10]$legal$61      1 44.0ms
                                                $abc$2447$flatten\u.$0\acc_out[31:0][29]      1 44.0ms
                                                  $abc$2447$flatten\u.$procmux$1142_Y[1]      1 43.9ms
                                                $abc$2447$flatten\u.$0\acc_out[31:0][18]      1 43.9ms
                                                 $abc$2447$flatten\u.$procmux$1142_Y[29]      1 43.7ms
                                                                      u.result_latch[24]      1 42.7ms
                                                 $abc$2447$flatten\u.$procmux$1142_Y[23]      1 42.0ms
                                             $auto$alumacc.cc:512:replace_alu$1246.Y[12]      1 41.3ms
                                                               $PACKER_GND_NET$legal$103      1 40.6ms
                                                               u.weighted_ext[0]$legal$1      1 39.9ms
                                              $auto$alumacc.cc:512:replace_alu$1251.Y[5]      1 39.5ms
                                               $abc$2447$auto$rtlil.cc:3501:NotGate$2364      1 39.3ms
                                                                                u.acc[0]      1 39.1ms
                                                  $abc$2447$flatten\u.$procmux$1136_Y[4]      1 39.0ms
                                                                               u.acc[24]      1 39.0ms
                                                                    u.count[13]$legal$93      1 38.9ms
                                               $abc$2447$auto$rtlil.cc:3501:NotGate$2420      1 37.3ms
                                                                    u.count[12]$legal$91      1 35.7ms
                                               $abc$2447$auto$rtlil.cc:3501:NotGate$2402      1 35.2ms
                                                 $abc$2447$flatten\u.$0\acc_out[31:0][8]      1 35.2ms
                                             $abc$2447$auto$rtlil.cc:3267:ReduceAnd$1250      1 34.1ms
                                               $abc$2447$auto$rtlil.cc:3501:NotGate$2386      1 33.7ms
                                                                              u.count[4]      3 33.5ms
                                               $abc$2447$auto$rtlil.cc:3501:NotGate$2310      1 33.4ms
                                                                     u.count[9]$legal$85      1 33.0ms
                                                  $abc$2447$flatten\u.$procmux$1142_Y[7]      1 30.2ms
                                               $abc$2447$auto$rtlil.cc:3501:NotGate$2256      1 29.0ms
                                                                      u.result_latch[13]      1 27.8ms
                                                 $abc$2447$flatten\u.$procmux$1142_Y[12]      1 27.6ms
                                               $abc$2447$auto$rtlil.cc:3501:NotGate$2288      1 27.3ms
                                                                       u.result_latch[0]      1 27.1ms
                                                                               u.acc[10]      1 26.4ms
                                             $auto$alumacc.cc:512:replace_alu$1243.CO[7]      1 26.1ms
                                               $abc$2447$auto$rtlil.cc:3501:NotGate$2236      1 25.9ms
                                                  $abc$2447$flatten\u.$procmux$1142_Y[0]      1 25.8ms
                                                                      u.result_latch[27]      1 25.1ms
                                                 $abc$2447$flatten\u.$0\acc_out[31:0][6]      1 25.0ms
                                              $auto$alumacc.cc:512:replace_alu$1246.Y[8]      1 25.0ms
                                                                               u.acc[21]      1 24.1ms
                                                             u.weighted_ext[10]$legal$45      1 23.9ms
                                                                    u.count[14]$legal$95      1 23.8ms
                                                                       u.result_latch[5]      1 23.3ms
                                              $auto$alumacc.cc:512:replace_alu$1251.Y[2]      1 22.4ms
                                              $auto$alumacc.cc:512:replace_alu$1246.Y[9]      1 22.4ms
                                                $abc$2447$flatten\u.$0\acc_out[31:0][30]      1 20.4ms
                                                  $abc$2447$flatten\u.$procmux$1136_Y[7]      1 20.1ms
                                                                       u.weighted_ext[1]      2 19.1ms
                                                                      u.result_latch[11]      1 19.1ms
                                                 $abc$2447$flatten\u.$procmux$1142_Y[30]      1 17.4ms
                                                                                u.acc[3]      1 17.0ms
                                                $abc$2447$flatten\u.$0\acc_out[31:0][14]      1 16.2ms
                                                 $abc$2447$flatten\u.$procmux$1142_Y[21]      1 16.1ms
                                                 $abc$2447$flatten\u.$procmux$1142_Y[10]      1 16.1ms
                                                             u.weighted_ext[10]$legal$21      1 16.1ms
                                                  $abc$2447$flatten\u.$procmux$1142_Y[4]      1 16.0ms
                                             $auto$alumacc.cc:512:replace_alu$1251.BB[5]      1 15.0ms
                                                                      u.result_latch[29]      1 14.6ms
                                                                                u.acc[8]      1 14.4ms
                                                                       u.result_latch[2]      1 13.5ms
                                                $abc$2447$flatten\u.$0\acc_out[31:0][20]      1 13.2ms
                                                                      u.result_latch[28]      1 13.0ms
                                                                                u.acc[9]      1 13.0ms
                                                               $PACKER_GND_NET$legal$127      1 12.7ms
                                             $auto$alumacc.cc:512:replace_alu$1246.Y[10]      1 12.7ms
                                                               u.weighted_ext[4]$legal$9      1 12.6ms
                                                                $PACKER_GND_NET$legal$99      1 12.6ms
                                                 $abc$2447$flatten\u.$procmux$1142_Y[27]      1 12.5ms
                                                 $abc$2447$flatten\u.$0\acc_out[31:0][5]      1 11.7ms
                                                $abc$2447$flatten\u.$0\acc_out[31:0][24]      1 11.7ms
                                               $abc$2447$auto$rtlil.cc:3501:NotGate$2326      1 11.1ms
                                                                     u.count[0]$legal$67      1 10.7ms
                                                                               u.acc[20]      1 10.4ms
                                             $auto$alumacc.cc:512:replace_alu$1243.CO[3]      1 10.2ms
                                                  $abc$2447$flatten\u.$procmux$1136_Y[8]      1 10.1ms
                                                  $abc$2447$flatten\u.$procmux$1142_Y[9]      1 9.8ms
                                               $abc$2447$auto$rtlil.cc:3501:NotGate$2418      1 9.7ms
                                             $auto$alumacc.cc:512:replace_alu$1251.BB[2]      1 9.6ms
                                                $abc$2447$flatten\u.$0\acc_out[31:0][26]      1 9.6ms
                                                  $abc$2447$flatten\u.$procmux$1136_Y[2]      1 9.5ms
                                                                      u.result_latch[26]      1 9.3ms
                                                                              u.count[3]      3 9.0ms
                                                                   u.vector_done_delayed      1 8.6ms
                                                                               u.acc[13]      1 8.5ms
                                                                    u.count[11]$legal$89      1 8.5ms
                                                  $abc$2447$flatten\u.$procmux$1136_Y[0]      1 8.3ms
                                                                                u.acc[7]      1 8.3ms
                                               $abc$2447$auto$rtlil.cc:3501:NotGate$2440      1 7.9ms
                                                             activation[6]$auto$IOBUF_O$      2 7.9ms
                                                 $abc$2447$flatten\u.$0\acc_out[31:0][3]      1 7.6ms
                                               $abc$2447$auto$rtlil.cc:3501:NotGate$2428      1 7.6ms
                                                  $abc$2447$flatten\u.$procmux$1142_Y[3]      1 6.8ms
                                                               $PACKER_GND_NET$legal$131      1 5.1ms
                                                 $abc$2447$flatten\u.$0\acc_out[31:0][7]      1 4.9ms
                                                 $abc$2447$flatten\u.$procmux$1142_Y[13]      1 4.9ms
                                                               $PACKER_GND_NET$legal$105      1 4.8ms
                                                                             acc_out[21]      1 4.8ms
                                                 $abc$2447$flatten\u.$0\acc_out[31:0][2]      1 4.6ms
                                                             u.weighted_ext[10]$legal$53      1 4.6ms
                                                $abc$2447$flatten\u.$0\acc_out[31:0][21]      1 4.5ms
                                                 $abc$2447$flatten\u.$procmux$1142_Y[14]      1 4.5ms
                                                                               u.acc[23]      1 4.3ms
                                                             u.weighted_ext[10]$legal$31      1 3.5ms
                                                                      u.result_latch[10]      1 3.5ms
                                                 $abc$2447$flatten\u.$procmux$1136_Y[14]      1 3.5ms
                                                                       u.weighted_ext[2]      2 3.4ms
                                                                       u.result_latch[7]      1 3.2ms
                                            $auto$alumacc.cc:512:replace_alu$1243.CO[23]      1 3.1ms
                                              $auto$alumacc.cc:512:replace_alu$1246.Y[3]      1 2.8ms
                                                $abc$2447$flatten\u.$0\acc_out[31:0][19]      1 2.7ms
                                              $auto$alumacc.cc:512:replace_alu$1251.Y[8]      1 2.7ms
                                              $auto$alumacc.cc:512:replace_alu$1251.Y[6]      1 2.6ms
                                             $auto$alumacc.cc:512:replace_alu$1243.CO[0]      0 2.6ms
                                     $auto$alumacc.cc:512:replace_alu$1251.genblk1.O[11]      0 2.3ms
                                                                      u.result_latch[22]      1 2.0ms
                                                $abc$2447$flatten\u.$0\acc_out[31:0][16]      1 1.7ms
                                              $auto$alumacc.cc:512:replace_alu$1243.Y[8]      2 1.5ms
                                                                             acc_out[12]      1 1.5ms
                                                  $abc$2447$flatten\u.$procmux$1136_Y[6]      1 1.3ms
                                              $auto$alumacc.cc:512:replace_alu$1246.Y[7]      1 1.3ms
                                                                       u.result_latch[1]      1 1.3ms
                                                               $PACKER_GND_NET$legal$107      1 1.2ms
                                                 $abc$2447$flatten\u.$procmux$1142_Y[24]      1 1.1ms
                                                $abc$2447$flatten\u.$0\acc_out[31:0][25]      1 1.1ms
                                              $auto$alumacc.cc:512:replace_alu$1246.Y[2]      1 1.0ms
                                                               u.weighted_ext[3]$legal$7      1 1.0ms
                                                               $PACKER_GND_NET$legal$119      1 0.9ms
                                              $auto$alumacc.cc:512:replace_alu$1246.Y[0]      1 0.9ms
                                            $auto$alumacc.cc:512:replace_alu$1243.CO[12]      0 0.9ms
                                                                               u.acc[14]      1 0.9ms
                                                                       u.result_latch[4]      1 0.9ms
                                                                       u.weighted_ext[0]      2 0.8ms
                                              $auto$alumacc.cc:512:replace_alu$1251.Y[0]      1 0.8ms
                                                                       u.weighted_ext[5]      2 0.8ms
                                                $abc$2447$flatten\u.$0\acc_out[31:0][15]      1 0.8ms
                                                             u.weighted_ext[10]$legal$55      1 0.8ms
                                                                       u.result_latch[9]      1 0.8ms
                                                $abc$2447$flatten\u.$0\acc_out[31:0][10]      1 0.7ms
                                                  $abc$2447$flatten\u.$procmux$1142_Y[8]      1 0.7ms
                                                 $abc$2447$flatten\u.$procmux$1136_Y[12]      1 0.7ms
                                                  $abc$2447$flatten\u.$procmux$1136_Y[3]      1 0.6ms
                                                               $PACKER_GND_NET$legal$115      1 0.6ms
                                                 $abc$2447$flatten\u.$0\acc_out[31:0][4]      1 0.6ms
                                                 $abc$2447$flatten\u.$procmux$1142_Y[28]      1 0.6ms
                                                $abc$2447$flatten\u.$0\acc_out[31:0][17]      1 0.6ms
                                            $auto$alumacc.cc:512:replace_alu$1243.CO[19]      1 0.5ms
                                                             u.weighted_ext[10]$legal$39      1 0.5ms
                                            $auto$alumacc.cc:512:replace_alu$1243.CO[11]      1 0.3ms
                                                                              acc_out[8]      1 0.2ms
                                   $auto$alumacc.cc:512:replace_alu$1251.BB[7]$legal$117      1 0.1ms
                                             $auto$alumacc.cc:512:replace_alu$1243.X[11]      1 0.1ms
                                                             u.weighted_ext[10]$legal$49      1 0.1ms
                                             $auto$alumacc.cc:512:replace_alu$1251.CO[3]      1 0.0ms
                                             $auto$alumacc.cc:512:replace_alu$1246.CO[3]      1 0.0ms
                                                               $PACKER_GND_NET$legal$109      1 0.0ms
                                                               $PACKER_GND_NET$legal$123      1 0.0ms
                                            $auto$alumacc.cc:512:replace_alu$1243.CO[26]      0 0.0ms
                                                                     u.count[0]$legal$65      1 0.0ms
                                                                              acc_out[5]      1 0.0ms
                                            $auto$alumacc.cc:512:replace_alu$1246.CO[11]      1 0.0ms
                                             $auto$alumacc.cc:512:replace_alu$1246.CO[7]      1 0.0ms
                                                             u.weighted_ext[10]$legal$27      1 0.0ms
                                                             u.weighted_ext[10]$legal$25      1 0.0ms
                                                             u.weighted_ext[10]$legal$23      1 0.0ms
                                                                             acc_out[13]      1 0.0ms
                                            $auto$alumacc.cc:512:replace_alu$1243.CO[15]      1 0.0ms
                                            $auto$alumacc.cc:512:replace_alu$1243.CO[10]      0 0.0ms
                                            $auto$alumacc.cc:512:replace_alu$1246.CO[13]      0 0.0ms
                                              $auto$alumacc.cc:512:replace_alu$1243.X[7]      1 0.0ms
                                                                     u.count[4]$legal$75      1 0.0ms
                                                             u.weighted_ext[10]$legal$43      1 0.0ms
                                            $auto$alumacc.cc:512:replace_alu$1243.CO[22]      0 0.0ms
                                             $auto$alumacc.cc:512:replace_alu$1251.BB[0]      1 0.0ms
                                            $auto$alumacc.cc:512:replace_alu$1243.CO[27]      1 0.0ms
                                                             u.weighted_ext[10]$legal$59      1 0.0ms
                                             $auto$alumacc.cc:512:replace_alu$1251.BB[6]      1 0.0ms
                                                              u.weighted_ext[6]$legal$13      1 0.0ms
                                                               $PACKER_GND_NET$legal$101      1 0.0ms
                                             $auto$alumacc.cc:512:replace_alu$1251.CO[8]      0 0.0ms
                                                                              acc_out[9]      1 0.0ms
                                     $auto$alumacc.cc:512:replace_alu$1251.genblk1.C[10]      0 0.0ms
                                             $auto$alumacc.cc:512:replace_alu$1251.CO[7]      1 0.0ms
                                             $auto$alumacc.cc:512:replace_alu$1243.CO[4]      0 0.0ms
                                              $auto$alumacc.cc:512:replace_alu$1246.X[1]      1 0.0ms
                                             $auto$alumacc.cc:512:replace_alu$1251.BB[1]      1 0.0ms
                                                                              acc_out[0]      1 0.0ms
                                                                             acc_out[20]      1 0.0ms
                                             $auto$alumacc.cc:512:replace_alu$1243.CO[6]      0 0.0ms
                                              $auto$alumacc.cc:512:replace_alu$1243.X[4]      1 0.0ms
                                                                             acc_out[27]      1 0.0ms
                                      $auto$alumacc.cc:512:replace_alu$1251.genblk1.C[9]      0 0.0ms
                                             $auto$alumacc.cc:512:replace_alu$1243.X[24]      1 0.0ms
                                             $auto$alumacc.cc:512:replace_alu$1243.X[26]      1 0.0ms
                                             $auto$alumacc.cc:512:replace_alu$1243.X[12]      1 0.0ms
                                                               $PACKER_GND_NET$legal$129      1 0.0ms
                                                               $PACKER_GND_NET$legal$125      1 0.0ms
                                                               $PACKER_GND_NET$legal$121      1 0.0ms
                                   $auto$alumacc.cc:512:replace_alu$1251.BB[7]$legal$113      1 0.0ms
                                                                             acc_out[29]      1 0.0ms
                                                                             acc_out[23]      1 0.0ms
                                                                             acc_out[19]      1 0.0ms
                                                                             acc_out[18]      1 0.0ms
                                                                             acc_out[14]      1 0.0ms
                                                                              acc_out[7]      1 0.0ms
                                                                              acc_out[3]      1 0.0ms
                                              $auto$alumacc.cc:512:replace_alu$1246.X[3]      1 0.0ms
                                              $auto$alumacc.cc:512:replace_alu$1246.X[6]      1 0.0ms
                                              $auto$alumacc.cc:512:replace_alu$1246.X[9]      1 0.0ms
                                             $auto$alumacc.cc:512:replace_alu$1246.X[10]      1 0.0ms
                                             $auto$alumacc.cc:512:replace_alu$1246.X[14]      1 0.0ms
                                             $auto$alumacc.cc:512:replace_alu$1251.BB[3]      1 0.0ms
                                             $auto$alumacc.cc:512:replace_alu$1243.X[25]      1 0.0ms
                                             $auto$alumacc.cc:512:replace_alu$1243.X[23]      1 0.0ms
                                              $auto$alumacc.cc:512:replace_alu$1243.X[1]      1 0.0ms
                                              $auto$alumacc.cc:512:replace_alu$1243.X[2]      1 0.0ms
                                              $auto$alumacc.cc:512:replace_alu$1243.X[3]      1 0.0ms
                                              $auto$alumacc.cc:512:replace_alu$1243.X[5]      1 0.0ms
                                             $auto$alumacc.cc:512:replace_alu$1243.X[31]      1 0.0ms
                                             $auto$alumacc.cc:512:replace_alu$1243.X[18]      1 0.0ms
                                             $auto$alumacc.cc:512:replace_alu$1243.X[15]      1 0.0ms
                                                                               valid_out      1 0.0ms
                                                                         $PACKER_VCC_NET     66 0.0ms
                                                                         $PACKER_GND_NET     15 0.0ms
                                                                             acc_out[31]      1 0.0ms
                                                                             acc_out[30]      1 0.0ms
                                                                             acc_out[28]      1 0.0ms
                                                                             acc_out[26]      1 0.0ms
                                                                             acc_out[25]      1 0.0ms
                                                                             acc_out[24]      1 0.0ms
                                                                             acc_out[22]      1 0.0ms
                                                                             acc_out[17]      1 0.0ms
                                                                             acc_out[16]      1 0.0ms
                                                                             acc_out[15]      1 0.0ms
                                                                             acc_out[11]      1 0.0ms
                                                                             acc_out[10]      1 0.0ms
                                                                              acc_out[6]      1 0.0ms
                                                                              acc_out[4]      1 0.0ms
                                                                              acc_out[2]      1 0.0ms
                                                                              acc_out[1]      1 0.0ms
                                     $auto$alumacc.cc:512:replace_alu$1251.genblk1.O[10]      0 0.0ms
                                      $auto$alumacc.cc:512:replace_alu$1251.genblk1.O[9]      0 0.0ms
                                     $auto$alumacc.cc:512:replace_alu$1251.genblk1.C[11]      0 0.0ms
                                             $auto$alumacc.cc:512:replace_alu$1251.CO[6]      0 0.0ms
                                             $auto$alumacc.cc:512:replace_alu$1251.CO[5]      0 0.0ms
                                             $auto$alumacc.cc:512:replace_alu$1251.CO[4]      0 0.0ms
                                             $auto$alumacc.cc:512:replace_alu$1251.CO[2]      0 0.0ms
                                             $auto$alumacc.cc:512:replace_alu$1251.CO[1]      0 0.0ms
                                             $auto$alumacc.cc:512:replace_alu$1251.CO[0]      0 0.0ms
                                            $auto$alumacc.cc:512:replace_alu$1246.CO[15]      0 0.0ms
                                            $auto$alumacc.cc:512:replace_alu$1246.CO[14]      0 0.0ms
                                            $auto$alumacc.cc:512:replace_alu$1246.CO[12]      0 0.0ms
                                            $auto$alumacc.cc:512:replace_alu$1246.CO[10]      0 0.0ms
                                             $auto$alumacc.cc:512:replace_alu$1246.CO[9]      0 0.0ms
                                             $auto$alumacc.cc:512:replace_alu$1246.CO[8]      0 0.0ms
                                             $auto$alumacc.cc:512:replace_alu$1246.CO[6]      0 0.0ms
                                             $auto$alumacc.cc:512:replace_alu$1246.CO[5]      0 0.0ms
                                             $auto$alumacc.cc:512:replace_alu$1246.CO[4]      0 0.0ms
                                             $auto$alumacc.cc:512:replace_alu$1246.CO[2]      0 0.0ms
                                             $auto$alumacc.cc:512:replace_alu$1246.CO[1]      0 0.0ms
                                             $auto$alumacc.cc:512:replace_alu$1246.CO[0]      0 0.0ms
                                            $auto$alumacc.cc:512:replace_alu$1243.CO[31]      0 0.0ms
                                            $auto$alumacc.cc:512:replace_alu$1243.CO[30]      0 0.0ms
                                            $auto$alumacc.cc:512:replace_alu$1243.CO[29]      0 0.0ms
                                            $auto$alumacc.cc:512:replace_alu$1243.CO[28]      0 0.0ms
                                            $auto$alumacc.cc:512:replace_alu$1243.CO[25]      0 0.0ms
                                            $auto$alumacc.cc:512:replace_alu$1243.CO[24]      0 0.0ms
                                            $auto$alumacc.cc:512:replace_alu$1243.CO[21]      0 0.0ms
                                            $auto$alumacc.cc:512:replace_alu$1243.CO[20]      0 0.0ms
                                            $auto$alumacc.cc:512:replace_alu$1243.CO[18]      0 0.0ms
                                            $auto$alumacc.cc:512:replace_alu$1243.CO[17]      0 0.0ms
                                            $auto$alumacc.cc:512:replace_alu$1243.CO[16]      0 0.0ms
                                            $auto$alumacc.cc:512:replace_alu$1243.CO[14]      0 0.0ms
                                            $auto$alumacc.cc:512:replace_alu$1243.CO[13]      0 0.0ms
                                             $auto$alumacc.cc:512:replace_alu$1243.CO[9]      0 0.0ms
                                             $auto$alumacc.cc:512:replace_alu$1243.CO[8]      0 0.0ms
                                             $auto$alumacc.cc:512:replace_alu$1243.CO[5]      0 0.0ms
                                             $auto$alumacc.cc:512:replace_alu$1243.CO[2]      0 0.0ms
                                             $auto$alumacc.cc:512:replace_alu$1243.CO[1]      0 0.0ms
                                              $auto$alumacc.cc:512:replace_alu$1246.X[2]      1 0.0ms
                                              $auto$alumacc.cc:512:replace_alu$1246.X[4]      1 0.0ms
                                              $auto$alumacc.cc:512:replace_alu$1246.X[7]      1 0.0ms
                                              $auto$alumacc.cc:512:replace_alu$1246.X[8]      1 0.0ms
                                             $auto$alumacc.cc:512:replace_alu$1246.X[11]      1 0.0ms
                                             $auto$alumacc.cc:512:replace_alu$1246.X[13]      1 0.0ms
                                             $auto$alumacc.cc:512:replace_alu$1246.X[12]      1 0.0ms
                                             $auto$alumacc.cc:512:replace_alu$1246.X[15]      1 0.0ms
                                              $auto$alumacc.cc:512:replace_alu$1246.X[5]      1 0.0ms
                                             $auto$alumacc.cc:512:replace_alu$1251.BB[4]      1 0.0ms
                                              $auto$alumacc.cc:512:replace_alu$1243.X[0]      1 0.0ms
                                              $auto$alumacc.cc:512:replace_alu$1243.X[6]      1 0.0ms
                                             $auto$alumacc.cc:512:replace_alu$1243.X[28]      1 0.0ms
                                             $auto$alumacc.cc:512:replace_alu$1243.X[29]      1 0.0ms
                                             $auto$alumacc.cc:512:replace_alu$1243.X[30]      1 0.0ms
                                             $auto$alumacc.cc:512:replace_alu$1243.X[27]      1 0.0ms
                                                                           activation[0]      2 0.0ms
                                                                           activation[1]      2 0.0ms
                                                                           activation[2]      2 0.0ms
                                                                           activation[3]      2 0.0ms
                                                                           activation[4]      2 0.0ms
                                                                           activation[5]      2 0.0ms
                                                                           activation[6]      2 0.0ms
                                              $auto$alumacc.cc:512:replace_alu$1243.X[8]      1 0.0ms
                                             $auto$alumacc.cc:512:replace_alu$1243.X[10]      1 0.0ms
                                             $auto$alumacc.cc:512:replace_alu$1243.X[14]      1 0.0ms
                                             $auto$alumacc.cc:512:replace_alu$1243.X[16]      1 0.0ms
                                             $auto$alumacc.cc:512:replace_alu$1243.X[20]      1 0.0ms
                                             $auto$alumacc.cc:512:replace_alu$1243.X[22]      1 0.0ms
                                              $auto$alumacc.cc:512:replace_alu$1243.X[9]      1 0.0ms
                                             $auto$alumacc.cc:512:replace_alu$1243.X[13]      1 0.0ms
                                             $auto$alumacc.cc:512:replace_alu$1243.X[17]      1 0.0ms
                                             $auto$alumacc.cc:512:replace_alu$1243.X[19]      1 0.0ms
                                             $auto$alumacc.cc:512:replace_alu$1243.X[21]      1 0.0ms
                                                                           weight_enc[1]      2 0.0ms
                                                                           activation[7]      2 0.0ms
                                                                           weight_enc[0]      2 0.0ms
                                                                                valid_in      2 0.0ms
                                                                                   rst_n      2 0.0ms
                                                                                     clk      2 0.0ms
Info: Router2 time 989.19s
Info: Routing $PACKER_VCC_NET connections...
Info:     $PACKER_VCC_NET: 66/66 sinks bridged (0 left to main router; max BFS 26)
Info: Routing $PACKER_GND_NET connections...
Info:     $PACKER_GND_NET: 15/15 sinks bridged (0 left to main router; max BFS 144)
Info: Running post-routing legalisation...

Info: Critical path report for clock 'u.clk' (posedge -> posedge):
Info: curr total
Info:  0.1  0.1  Source $auto$ff.cc:337:slice$1698.Q
Info:  0.9  1.0    Net u.acc[5] budget 0.000000 ns (13,13) -> (10,10)
Info:                Sink $abc$2447$auto$blifparse.cc:557:parse_blif$2561.A5
Info:  0.1  1.1  Source $abc$2447$auto$blifparse.cc:557:parse_blif$2561.O6
Info:  0.0  1.1    Net $auto$alumacc.cc:512:replace_alu$1243.X[5] budget 0.468000 ns (10,10) -> (10,10)
Info:                Sink $auto$alumacc.cc:512:replace_alu$1243.genblk1.slice[1].genblk1.carry4.S1
Info:  0.5  1.6  Source $auto$alumacc.cc:512:replace_alu$1243.genblk1.slice[1].genblk1.carry4.CO3
Info:  0.1  1.7    Net $auto$alumacc.cc:512:replace_alu$1243.CO[7] budget 0.728000 ns (10,10) -> (10,9)
Info:                Sink $auto$alumacc.cc:512:replace_alu$1243.genblk1.slice[2].genblk1.carry4.CIN
Info:  0.1  1.8  Source $auto$alumacc.cc:512:replace_alu$1243.genblk1.slice[2].genblk1.carry4.CO3
Info:  0.1  1.9    Net $auto$alumacc.cc:512:replace_alu$1243.CO[11] budget 0.728000 ns (10,9) -> (10,8)
Info:                Sink $auto$alumacc.cc:512:replace_alu$1243.genblk1.slice[3].genblk1.carry4.CIN
Info:  0.1  2.1  Source $auto$alumacc.cc:512:replace_alu$1243.genblk1.slice[3].genblk1.carry4.CO3
Info:  0.1  2.2    Net $auto$alumacc.cc:512:replace_alu$1243.CO[15] budget 0.728000 ns (10,8) -> (10,7)
Info:                Sink $auto$alumacc.cc:512:replace_alu$1243.genblk1.slice[4].genblk1.carry4.CIN
Info:  0.1  2.3  Source $auto$alumacc.cc:512:replace_alu$1243.genblk1.slice[4].genblk1.carry4.CO3
Info:  0.1  2.4    Net $auto$alumacc.cc:512:replace_alu$1243.CO[19] budget 0.728000 ns (10,7) -> (10,6)
Info:                Sink $auto$alumacc.cc:512:replace_alu$1243.genblk1.slice[5].genblk1.carry4.CIN
Info:  0.1  2.5  Source $auto$alumacc.cc:512:replace_alu$1243.genblk1.slice[5].genblk1.carry4.CO3
Info:  0.1  2.6    Net $auto$alumacc.cc:512:replace_alu$1243.CO[23] budget 0.728000 ns (10,6) -> (10,5)
Info:                Sink $auto$alumacc.cc:512:replace_alu$1243.genblk1.slice[6].genblk1.carry4.CIN
Info:  0.1  2.7  Source $auto$alumacc.cc:512:replace_alu$1243.genblk1.slice[6].genblk1.carry4.CO3
Info:  0.1  2.8    Net $auto$alumacc.cc:512:replace_alu$1243.CO[27] budget 0.728000 ns (10,5) -> (10,4)
Info:                Sink $auto$alumacc.cc:512:replace_alu$1243.genblk1.slice[7].genblk1.carry4.CIN
Info:  0.3  3.2  Source $auto$alumacc.cc:512:replace_alu$1243.genblk1.slice[7].genblk1.carry4.O3
Info:  1.1  4.3    Net $auto$alumacc.cc:512:replace_alu$1243.Y[31] budget 0.000000 ns (10,4) -> (10,15)
Info:                Sink $abc$2447$auto$blifparse.cc:557:parse_blif$2574.A4
Info:  0.1  4.4  Source $abc$2447$auto$blifparse.cc:557:parse_blif$2574.O6
Info:  0.0  4.4    Net $abc$2447$flatten\u.$procmux$1142_Y[31] budget 0.211000 ns (10,15) -> (10,15)
Info:                Sink $auto$ff.cc:337:slice$1724.D
Info:  0.1  4.5  Setup $auto$ff.cc:337:slice$1724.D
Info: 1.9 ns logic, 2.7 ns routing

Info: Max frequency for clock 'u.clk': 220.31 MHz (PASS at 100.00 MHz)

Info: Slack histogram:
Info:  legend: * represents 1 endpoint(s)
Info:          + represents [1,1) endpoint(s)
Info: [  5461,   5644) |*** 
Info: [  5644,   5827) |**** 
Info: [  5827,   6010) |***** 
Info: [  6010,   6193) |*************** 
Info: [  6193,   6376) |*************** 
Info: [  6376,   6559) |*************** 
Info: [  6559,   6742) |************ 
Info: [  6742,   6925) |********** 
Info: [  6925,   7108) |*********** 
Info: [  7108,   7291) |************ 
Info: [  7291,   7474) |********** 
Info: [  7474,   7657) |******** 
Info: [  7657,   7840) |******** 
Info: [  7840,   8023) |************ 
Info: [  8023,   8206) |**************** 
Info: [  8206,   8389) |********** 
Info: [  8389,   8572) |************** 
Info: [  8572,   8755) |****** 
Info: [  8755,   8938) |****** 
Info: [  8938,   9121) |*** 
Info: Report written to runs/tag_s1.report.json.
