Info: Packing constants..
Info: Inserting IO buffers..
Info:     Constraining 'clk' to site 'IOB_X0Y224'
Info:     Tile 'LIOB33_X0Y223'
Info:     Constraining 'rst_n' to site 'IOB_X0Y226'
Info:     Tile 'LIOB33_X0Y225'
Info:     Constraining 'valid_in' to site 'IOB_X0Y230'
Info:     Tile 'LIOB33_X0Y229'
Info:     Constraining 'valid_out' to site 'IOB_X0Y214'
Info:     Tile 'LIOB33_X0Y213'
Info:     Constraining 'weight_enc[0]' to site 'IOB_X0Y229'
Info:     Tile 'LIOB33_X0Y229'
Info:     Constraining 'activation[7]' to site 'IOB_X0Y235'
Info:     Tile 'LIOB33_X0Y235'
Info:     Constraining 'weight_enc[1]' to site 'IOB_X0Y232'
Info:     Tile 'LIOB33_X0Y231'
Info:     Constraining 'activation[6]' to site 'IOB_X0Y236'
Info:     Tile 'LIOB33_X0Y235'
Info:     Constraining 'activation[5]' to site 'IOB_X0Y233'
Info:     Tile 'LIOB33_X0Y233'
Info:     Constraining 'activation[4]' to site 'IOB_X0Y207'
Info:     Tile 'LIOB33_X0Y207'
Info:     Constraining 'activation[3]' to site 'IOB_X0Y217'
Info:     Tile 'LIOB33_X0Y217'
Info:     Constraining 'activation[2]' to site 'IOB_X0Y215'
Info:     Tile 'LIOB33_X0Y215'
Info:     Constraining 'activation[1]' to site 'IOB_X0Y216'
Info:     Tile 'LIOB33_X0Y215'
Info:     Constraining 'activation[0]' to site 'IOB_X0Y231'
Info:     Tile 'LIOB33_X0Y231'
Info:     Constraining 'acc_out[0]' to site 'IOB_X0Y228'
Info:     Tile 'LIOB33_X0Y227'
Info:     Constraining 'acc_out[1]' to site 'IOB_X0Y227'
Info:     Tile 'LIOB33_X0Y227'
Info:     Constraining 'acc_out[2]' to site 'IOB_X0Y218'
Info:     Tile 'LIOB33_X0Y217'
Info:     Constraining 'acc_out[3]' to site 'IOB_X0Y208'
Info:     Tile 'LIOB33_X0Y207'
Info:     Constraining 'acc_out[4]' to site 'IOB_X0Y209'
Info:     Tile 'LIOB33_X0Y209'
Info:     Constraining 'acc_out[5]' to site 'IOB_X0Y234'
Info:     Tile 'LIOB33_X0Y233'
Info:     Constraining 'acc_out[6]' to site 'IOB_X0Y244'
Info:     Tile 'LIOB33_X0Y243'
Info:     Constraining 'acc_out[7]' to site 'IOB_X0Y243'
Info:     Tile 'LIOB33_X0Y243'
Info:     Constraining 'acc_out[8]' to site 'IOB_X0Y225'
Info:     Tile 'LIOB33_X0Y225'
Info:     Constraining 'acc_out[9]' to site 'IOB_X0Y223'
Info:     Tile 'LIOB33_X0Y223'
Info:     Constraining 'acc_out[10]' to site 'IOB_X0Y211'
Info:     Tile 'LIOB33_X0Y211'
Info:     Constraining 'acc_out[11]' to site 'IOB_X0Y210'
Info:     Tile 'LIOB33_X0Y209'
Info:     Constraining 'acc_out[12]' to site 'IOB_X0Y238'
Info:     Tile 'LIOB33_X0Y237'
Info:     Constraining 'acc_out[13]' to site 'IOB_X0Y237'
Info:     Tile 'LIOB33_X0Y237'
Info:     Constraining 'acc_out[14]' to site 'IOB_X0Y239'
Info:     Tile 'LIOB33_X0Y239'
Info:     Constraining 'acc_out[15]' to site 'IOB_X0Y221'
Info:     Tile 'LIOB33_X0Y221'
Info:     Constraining 'acc_out[16]' to site 'IOB_X0Y212'
Info:     Tile 'LIOB33_X0Y211'
Info:     Constraining 'acc_out[17]' to site 'IOB_X0Y203'
Info:     Tile 'LIOB33_X0Y203'
Info:     Constraining 'acc_out[18]' to site 'IOB_X0Y205'
Info:     Tile 'LIOB33_X0Y205'
Info:     Constraining 'acc_out[19]' to site 'IOB_X0Y242'
Info:     Tile 'LIOB33_X0Y241'
Info:     Constraining 'acc_out[20]' to site 'IOB_X0Y241'
Info:     Tile 'LIOB33_X0Y241'
Info:     Constraining 'acc_out[21]' to site 'IOB_X0Y240'
Info:     Tile 'LIOB33_X0Y239'
Info:     Constraining 'acc_out[22]' to site 'IOB_X0Y245'
Info:     Tile 'LIOB33_X0Y245'
Info:     Constraining 'acc_out[23]' to site 'IOB_X0Y219'
Info:     Tile 'LIOB33_X0Y219'
Info:     Constraining 'acc_out[24]' to site 'IOB_X0Y222'
Info:     Tile 'LIOB33_X0Y221'
Info:     Constraining 'acc_out[25]' to site 'IOB_X0Y204'
Info:     Tile 'LIOB33_X0Y203'
Info:     Constraining 'acc_out[26]' to site 'IOB_X0Y206'
Info:     Tile 'LIOB33_X0Y205'
Info:     Constraining 'acc_out[27]' to site 'IOB_X0Y248'
Info:     Tile 'LIOB33_X0Y247'
Info:     Constraining 'acc_out[28]' to site 'IOB_X0Y247'
Info:     Tile 'LIOB33_X0Y247'
Info:     Constraining 'acc_out[29]' to site 'IOB_X0Y249'
Info:     Tile 'LIOB33_SING_X0Y249'
Info:     Constraining 'acc_out[30]' to site 'IOB_X0Y246'
Info:     Tile 'LIOB33_X0Y245'
Info:     Constraining 'acc_out[31]' to site 'IOB_X0Y220'
Info:     Tile 'LIOB33_X0Y219'
Info: Generating input buffer for 'clk$ibuf$'
Info: Generating input buffer for 'rst_n$ibuf$'
Info: Generating input buffer for 'valid_in$ibuf$'
Info: Generating output buffer for 'valid_out$obuf$'
Info: Generating input buffer for 'weight_enc[0]$ibuf$'
Info: Generating input buffer for 'activation[7]$ibuf$'
Info: Generating input buffer for 'weight_enc[1]$ibuf$'
Info: Generating input buffer for 'activation[6]$ibuf$'
Info: Generating input buffer for 'activation[5]$ibuf$'
Info: Generating input buffer for 'activation[4]$ibuf$'
Info: Generating input buffer for 'activation[3]$ibuf$'
Info: Generating input buffer for 'activation[2]$ibuf$'
Info: Generating input buffer for 'activation[1]$ibuf$'
Info: Generating input buffer for 'activation[0]$ibuf$'
Info: Generating output buffer for 'acc_out[0]$obuf$'
Info: Generating output buffer for 'acc_out[1]$obuf$'
Info: Generating output buffer for 'acc_out[2]$obuf$'
Info: Generating output buffer for 'acc_out[3]$obuf$'
Info: Generating output buffer for 'acc_out[4]$obuf$'
Info: Generating output buffer for 'acc_out[5]$obuf$'
Info: Generating output buffer for 'acc_out[6]$obuf$'
Info: Generating output buffer for 'acc_out[7]$obuf$'
Info: Generating output buffer for 'acc_out[8]$obuf$'
Info: Generating output buffer for 'acc_out[9]$obuf$'
Info: Generating output buffer for 'acc_out[10]$obuf$'
Info: Generating output buffer for 'acc_out[11]$obuf$'
Info: Generating output buffer for 'acc_out[12]$obuf$'
Info: Generating output buffer for 'acc_out[13]$obuf$'
Info: Generating output buffer for 'acc_out[14]$obuf$'
Info: Generating output buffer for 'acc_out[15]$obuf$'
Info: Generating output buffer for 'acc_out[16]$obuf$'
Info: Generating output buffer for 'acc_out[17]$obuf$'
Info: Generating output buffer for 'acc_out[18]$obuf$'
Info: Generating output buffer for 'acc_out[19]$obuf$'
Info: Generating output buffer for 'acc_out[20]$obuf$'
Info: Generating output buffer for 'acc_out[21]$obuf$'
Info: Generating output buffer for 'acc_out[22]$obuf$'
Info: Generating output buffer for 'acc_out[23]$obuf$'
Info: Generating output buffer for 'acc_out[24]$obuf$'
Info: Generating output buffer for 'acc_out[25]$obuf$'
Info: Generating output buffer for 'acc_out[26]$obuf$'
Info: Generating output buffer for 'acc_out[27]$obuf$'
Info: Generating output buffer for 'acc_out[28]$obuf$'
Info: Generating output buffer for 'acc_out[29]$obuf$'
Info: Generating output buffer for 'acc_out[30]$obuf$'
Info: Generating output buffer for 'acc_out[31]$obuf$'
Info:     Created 46 PAD cells from:
Info:             46x PAD
Info: Preparing clocking...
Info: Packing constants..
Info: Packing cfg...
Info: Packing PLLs...
Info: Packing Gigabit Transceivers..
Info: Packing global buffers...
Info:     Constrained BUFGCTRL '$auto$clkbufmap.cc:261:execute$3095' to bel 'BUFGCTRL_X0Y16/BUFGCTRL' based on dedicated routing
Info: Packing MUX[789]s..
Info: Packing carries (atomic CARRY4)..
Info:    Packed 15 CARRY4 cells into 3 chains (atomic).
Info: router2 PRECYINIT fix: 15 CARRY4 cells, 18 constant carry pins disconnected
Info: Packing LUTs..
Info:     Created 331 SLICE_LUTX cells from:
Info:            203x LUT1
Info:             64x LUT2
Info:              1x LUT3
Info:             14x LUT4
Info:             49x LUT5
Info: Packing DRAM..
Info:    Transformed 0 tied-low DRAM address inputs to be tied-high
Info: Packing BRAM..
Info: Packing DSPs..
Info: Packing flipflops..
Info:     Created 114 SLICE_FFX cells from:
Info:            113x FDCE
Info:              1x FDPE
Info:     local-const FF control: disconnected 0 SR(=GND) + 33 CE(=VCC) pins from global nets
Info: Constrained 81 LUTFF pairs.

Info: Annotating ports with timing budgets for target frequency 100.00 MHz
Info: Checksum: 0xc6cd78cf

Info: Device utilisation:
Info: 	          SLICE_LUTX:   331/269200     0%
Info: 	           SLICE_FFX:   114/269200     0%
Info: 	              CARRY4:    15/33650     0%
Info: 	          PSEUDO_GND:     1/69165     0%
Info: 	          PSEUDO_VCC:     1/69165     0%
Info: 	               HARD0:     0/ 3960     0%
Info: 	            RAMB18E1:     0/  730     0%
Info: 	            FIFO18E1:     0/  365     0%
Info: 	        RAMBFIFO36E1:     0/  365     0%
Info: 	            RAMB36E1:     0/  365     0%
Info: 	             DSP48E1:     0/  740     0%
Info: 	                 PAD:    46/ 1062     4%
Info: 	       IOB33M_OUTBUF:     0/  240     0%
Info: 	       IOB33S_OUTBUF:     0/  240     0%
Info: 	        IOB33_OUTBUF:    33/  500     6%
Info: 	     IOB33M_INBUF_EN:     0/  240     0%
Info: 	     IOB33S_INBUF_EN:     0/  240     0%
Info: 	      IOB33_INBUF_EN:    13/  500     2%
Info: 	IOB33M_TERM_OVERRIDE:     0/  240     0%
Info: 	IOB33S_TERM_OVERRIDE:     0/  240     0%
Info: 	 IOB33_TERM_OVERRIDE:     0/  500     0%
Info: 	       PULL_OR_KEEP1:     0/  980     0%
Info: 	            IDELAYE2:     0/  500     0%
Info: 	        OLOGICE3_TFF:     0/  500     0%
Info: 	      OLOGICE3_OUTFF:     0/  500     0%
Info: 	       OLOGICE3_MISR:     0/  500     0%
Info: 	           OSERDESE2:     0/  500     0%
Info: 	        ILOGICE3_IFF:     0/  500     0%
Info: 	ILOGICE3_ZHOLD_DELAY:     0/  500     0%
Info: 	           ISERDESE2:     0/  500     0%
Info: 	                BUFR:     0/   40     0%
Info: 	               BUFIO:     0/   40     0%
Info: 	          IDELAYCTRL:     0/   10     0%
Info: 	            BUFGCTRL:     1/   32     3%
Info: 	            PCIE_2_1:     0/    1     0%
Info: 	               BSCAN:     0/    4     0%
Info: 	                BUFG:     0/   32     0%
Info: 	              BUFHCE:     0/  120     0%
Info: 	            DCIRESET:     0/    1     0%
Info: 	            DNA_PORT:     0/    1     0%
Info: 	           EFUSE_USR:     0/    1     0%
Info: 	           FRAME_ECC:     0/    1     0%
Info: 	       GTPE2_CHANNEL:     0/   16     0%
Info: 	        GTPE2_COMMON:     0/    4     0%
Info: 	         IBUFDS_GTE2:     0/    8     0%
Info: 	                ICAP:     0/    2     0%
Info: 	            INVERTER:     0/  240     0%
Info: 	          MMCME2_ADV:     0/   10     0%
Info: 	        OLOGICE2_TFF:     0/  500     0%
Info: 	      OLOGICE2_OUTFF:     0/  500     0%
Info: 	           PLLE2_ADV:     0/   10     0%
Info: 	           SELMUX2_1:     0/102950     0%
Info: 	             STARTUP:     0/    1     0%
Info: 	          USR_ACCESS:     0/    1     0%
Info: 	              BUFFER:     0/   82     0%
Info: 	        ILOGICE2_IFF:     0/  500     0%
Info: 	       OLOGICE2_MISR:     0/  500     0%

Info: HeAP congestion knobs: beta=0.400 spread_scale=2,1 alpha=0.080
Info: Placed 93 cells based on constraints.
Info: Creating initial analytic placement for 246 cells, random placement wirelen = 98957.
Info:     at initial placer iter 0, wirelen = 2129
Info:     at initial placer iter 1, wirelen = 2049
Info:     at initial placer iter 2, wirelen = 2035
Info:     at initial placer iter 3, wirelen = 2079
Info: Running main analytical placer.
Info:     at iteration #1, type ALL: wirelen solved = 2123, spread = 8735, legal = 7786; time = 3.93s
Info:     at iteration #2, type ALL: wirelen solved = 2314, spread = 6910, legal = 5898; time = 5.29s
Info:     at iteration #3, type ALL: wirelen solved = 2482, spread = 5896, legal = 6143; time = 3.61s
Info:     at iteration #4, type ALL: wirelen solved = 2764, spread = 5614, legal = 5380; time = 2.99s
Info:     at iteration #5, type ALL: wirelen solved = 2766, spread = 5357, legal = 5531; time = 5.22s
Info:     at iteration #6, type ALL: wirelen solved = 2932, spread = 5110, legal = 5026; time = 3.52s
Info:     at iteration #7, type ALL: wirelen solved = 3030, spread = 5578, legal = 5614; time = 3.62s
Info:     at iteration #8, type ALL: wirelen solved = 3081, spread = 5554, legal = 5481; time = 3.28s
Info:     at iteration #9, type ALL: wirelen solved = 3191, spread = 5250, legal = 5523; time = 3.67s
Info:     at iteration #10, type ALL: wirelen solved = 3197, spread = 4984, legal = 5288; time = 3.54s
Info:     at iteration #11, type ALL: wirelen solved = 3182, spread = 5211, legal = 5348; time = 2.83s
Info: HeAP Placer Time: 67.79s
Info:   of which solving equations: 12.94s
Info:   of which spreading cells: 14.53s
Info:   of which strict legalisation: 11.89s

Info: Running simulated annealing placer for refinement.
Info:   at iteration #1: temp = 0.000000, timing cost = 30, wirelen = 5026
Info:   at iteration #5: temp = 0.000000, timing cost = 29, wirelen = 4354
Info:   at iteration #10: temp = 0.000000, timing cost = 28, wirelen = 4303
Info:   at iteration #13: temp = 0.000000, timing cost = 28, wirelen = 4295 
Info: SA placement time 19.46s

Info: Max frequency for clock 'u.clk': 119.85 MHz (PASS at 100.00 MHz)

Info: Slack histogram:
Info:  legend: * represents 1 endpoint(s)
Info:          + represents [1,1) endpoint(s)
Info: [  1656,   2022) |***** 
Info: [  2022,   2388) |**** 
Info: [  2388,   2754) |**** 
Info: [  2754,   3120) |**** 
Info: [  3120,   3486) |**** 
Info: [  3486,   3852) |******** 
Info: [  3852,   4218) |*** 
Info: [  4218,   4584) |**** 
Info: [  4584,   4950) |**** 
Info: [  4950,   5316) |********* 
Info: [  5316,   5682) |*** 
Info: [  5682,   6048) |*************** 
Info: [  6048,   6414) |****************** 
Info: [  6414,   6780) |***************** 
Info: [  6780,   7146) |**** 
Info: [  7146,   7512) |****************************** 
Info: [  7512,   7878) |******************* 
Info: [  7878,   8244) |********************** 
Info: [  8244,   8610) |********* 
Info: [  8610,   8976) |********* 
Info: Checksum: 0xb5a0a092
Info: Running post-placement legalisation...
Info: post-place repair: relocated 147 stranded cluster(s)/cell(s) to valid bels
Info: Routing global clocks...
Info:     routing clock 'u.clk'
Info:     routing clock 'clk$auto$IOBUF_O$'
Info: Running router2...
Info: Setting up routing resources...
Info: Running main router loop...
Info:     iter=1 wires=6387 overused=69 overuse=69 archfail=NA
Info:     iter=2 wires=6439 overused=0 overuse=0 archfail=0
Info: 1000 slowest nets by runtime:
                                  $abc$2447$auto$opt_dff.cc:336:make_patterns_logic$1236     32 24814.2ms
                        $techmap2973$abc$2447$auto$blifparse.cc:557:parse_blif$2574.A[3]     50 23365.6ms
                        $techmap2973$abc$2447$auto$blifparse.cc:557:parse_blif$2574.A[1]     50 20365.8ms
                                                                     rst_n$auto$IOBUF_O$    114 19182.7ms
                                                                acc_out[4]$auto$IOBUF_I$      1 17019.7ms
                                                               acc_out[18]$auto$IOBUF_I$      1 14211.2ms
                        $techmap2973$abc$2447$auto$blifparse.cc:557:parse_blif$2574.A[0]     50 14200.4ms
                        $techmap2973$abc$2447$auto$blifparse.cc:557:parse_blif$2574.A[2]     50 13270.0ms
                                                               acc_out[17]$auto$IOBUF_I$      1 12239.4ms
                                                                 valid_out$auto$IOBUF_I$     35 11383.0ms
                        $techmap2977$abc$2447$auto$blifparse.cc:557:parse_blif$2571.A[4]     50 11080.5ms
                                                               acc_out[11]$auto$IOBUF_I$      1 7798.5ms
                                                               acc_out[13]$auto$IOBUF_I$      1 5417.1ms
                                                               acc_out[31]$auto$IOBUF_I$      1 4897.6ms
                                                               acc_out[25]$auto$IOBUF_I$      1 4664.7ms
                                                               acc_out[16]$auto$IOBUF_I$      1 4340.5ms
                                             $auto$alumacc.cc:512:replace_alu$1243.Y[31]      2 3908.0ms
                                                                acc_out[5]$auto$IOBUF_I$      1 3684.8ms
                                                                      u.weighted_ext[10]     48 3514.8ms
                                                               acc_out[10]$auto$IOBUF_I$      1 3113.3ms
                                                               acc_out[26]$auto$IOBUF_I$      1 3093.9ms
                                                               acc_out[15]$auto$IOBUF_I$      1 3014.3ms
                                                                acc_out[2]$auto$IOBUF_I$      1 2953.6ms
                                                               acc_out[24]$auto$IOBUF_I$      1 2925.2ms
                                                                acc_out[9]$auto$IOBUF_I$      1 2874.6ms
                                                               acc_out[23]$auto$IOBUF_I$      1 2794.0ms
                                                                acc_out[1]$auto$IOBUF_I$      1 2793.8ms
                                                                acc_out[0]$auto$IOBUF_I$      1 2523.8ms
                                                               acc_out[14]$auto$IOBUF_I$      1 2508.9ms
                                                               acc_out[19]$auto$IOBUF_I$      1 2442.4ms
                                                                acc_out[3]$auto$IOBUF_I$      1 2435.3ms
                                                               acc_out[12]$auto$IOBUF_I$      1 2328.8ms
                                                                acc_out[7]$auto$IOBUF_I$      1 2225.1ms
                                                               acc_out[20]$auto$IOBUF_I$      1 1990.4ms
                                                                acc_out[8]$auto$IOBUF_I$      1 1709.9ms
                                                               acc_out[21]$auto$IOBUF_I$      1 1621.1ms
                                               $abc$2447$auto$rtlil.cc:3501:NotGate$2234      1 1578.1ms
                                                               acc_out[22]$auto$IOBUF_I$      1 1576.7ms
                                                                acc_out[6]$auto$IOBUF_I$      1 1569.4ms
                                                               acc_out[28]$auto$IOBUF_I$      1 1558.8ms
                                               $abc$2447$auto$rtlil.cc:3501:NotGate$2444      1 1525.7ms
                                             $auto$alumacc.cc:512:replace_alu$1243.Y[13]      2 1430.2ms
                                                               acc_out[27]$auto$IOBUF_I$      1 1283.8ms
                                                               acc_out[30]$auto$IOBUF_I$      1 1248.1ms
                                                             weight_enc[0]$auto$IOBUF_O$      9 1243.3ms
                                                                               u.acc[23]      1 1186.0ms
                                                             weight_enc[1]$auto$IOBUF_O$      9 1153.2ms
                                             $auto$alumacc.cc:512:replace_alu$1243.Y[30]      2 1124.9ms
                                               $abc$2447$auto$rtlil.cc:3501:NotGate$2308      1 1039.6ms
                                             $auto$alumacc.cc:512:replace_alu$1243.Y[27]      2 1031.8ms
                                                               acc_out[29]$auto$IOBUF_I$      1 975.1ms
                                                                $PACKER_GND_NET$legal$99      1 970.4ms
                                              $auto$alumacc.cc:512:replace_alu$1243.Y[7]      2 959.2ms
                                             $auto$alumacc.cc:512:replace_alu$1243.Y[26]      2 959.0ms
                                                             activation[7]$auto$IOBUF_O$      3 941.9ms
                                             $auto$alumacc.cc:512:replace_alu$1243.Y[15]      2 880.0ms
                                               $abc$2447$auto$rtlil.cc:3501:NotGate$2276      1 859.3ms
                                               $abc$2447$auto$rtlil.cc:3501:NotGate$2322      1 852.1ms
                                             $auto$alumacc.cc:512:replace_alu$1243.Y[25]      2 826.1ms
                                               $abc$2447$auto$rtlil.cc:3501:NotGate$2390      1 820.4ms
                                               $abc$2447$auto$rtlil.cc:3501:NotGate$2354      1 806.6ms
                                               $abc$2447$auto$rtlil.cc:3501:NotGate$2320      1 757.1ms
                                              $auto$alumacc.cc:512:replace_alu$1243.Y[9]      2 740.8ms
                                               $abc$2447$auto$rtlil.cc:3501:NotGate$2296      1 734.3ms
                                             $auto$alumacc.cc:512:replace_alu$1243.Y[22]      2 726.0ms
                                               $abc$2447$auto$rtlil.cc:3501:NotGate$2378      1 695.8ms
                                               $abc$2447$auto$rtlil.cc:3501:NotGate$2346      1 694.5ms
                                             $auto$alumacc.cc:512:replace_alu$1243.Y[24]      2 684.3ms
                                               $abc$2447$auto$rtlil.cc:3501:NotGate$2324      1 668.6ms
                                               $abc$2447$auto$rtlil.cc:3501:NotGate$2338      1 667.2ms
                                                                              u.count[8]      3 658.6ms
                                               $abc$2447$auto$rtlil.cc:3501:NotGate$2412      1 658.6ms
                                             $auto$alumacc.cc:512:replace_alu$1243.Y[21]      2 633.9ms
                                               $abc$2447$auto$rtlil.cc:3501:NotGate$2420      1 631.3ms
                                               $abc$2447$auto$rtlil.cc:3501:NotGate$2246      1 606.4ms
                                               $abc$2447$auto$rtlil.cc:3501:NotGate$2438      1 602.0ms
                                              $auto$alumacc.cc:512:replace_alu$1243.Y[1]      2 595.6ms
                                               $abc$2447$auto$rtlil.cc:3501:NotGate$2284      1 590.0ms
                                                                               u.acc[28]      1 577.5ms
                                             $auto$alumacc.cc:512:replace_alu$1243.Y[10]      2 577.0ms
                                              $auto$alumacc.cc:512:replace_alu$1243.Y[5]      2 550.1ms
                                             $auto$alumacc.cc:512:replace_alu$1246.Y[12]      1 549.2ms
                                                                      u.result_latch[31]      1 548.9ms
                                              $auto$alumacc.cc:512:replace_alu$1243.Y[0]      2 548.3ms
                                                                                u.acc[5]      1 540.8ms
                                             $auto$alumacc.cc:512:replace_alu$1243.Y[11]      2 517.6ms
                                                                                u.acc[7]      1 508.6ms
                                               $abc$2447$auto$rtlil.cc:3501:NotGate$2334      1 503.3ms
                                               $abc$2447$auto$rtlil.cc:3501:NotGate$2248      1 499.9ms
                                               $abc$2447$auto$rtlil.cc:3501:NotGate$2272      1 499.7ms
                                               $abc$2447$auto$rtlil.cc:3501:NotGate$2436      1 495.7ms
                                                             activation[1]$auto$IOBUF_O$      2 494.6ms
                                               $abc$2447$auto$rtlil.cc:3501:NotGate$2414      1 492.5ms
                                               $abc$2447$auto$rtlil.cc:3501:NotGate$2344      1 488.5ms
                                               $abc$2447$auto$rtlil.cc:3501:NotGate$2366      1 486.8ms
                                               $abc$2447$auto$rtlil.cc:3501:NotGate$2294      1 486.1ms
                                               $abc$2447$auto$rtlil.cc:3501:NotGate$2432      1 481.2ms
                                               $abc$2447$auto$rtlil.cc:3501:NotGate$2352      1 478.8ms
                                               $abc$2447$auto$rtlil.cc:3501:NotGate$2264      1 476.7ms
                                                                               u.acc[17]      1 470.5ms
                                               $abc$2447$auto$rtlil.cc:3501:NotGate$2250      1 469.2ms
                                               $abc$2447$auto$rtlil.cc:3501:NotGate$2374      1 465.4ms
                                               $abc$2447$auto$rtlil.cc:3501:NotGate$2306      1 460.8ms
                                               $abc$2447$auto$rtlil.cc:3501:NotGate$2256      1 460.7ms
                                             $auto$alumacc.cc:512:replace_alu$1243.Y[29]      2 460.6ms
                                              $auto$alumacc.cc:512:replace_alu$1243.Y[6]      2 458.8ms
                                                                             u.count[13]      3 453.2ms
                                              $auto$alumacc.cc:512:replace_alu$1251.Y[1]      1 447.0ms
                                               $abc$2447$auto$rtlil.cc:3501:NotGate$2350      1 446.7ms
                                              $auto$alumacc.cc:512:replace_alu$1243.Y[8]      2 437.4ms
                                             $auto$alumacc.cc:512:replace_alu$1243.Y[16]      2 437.2ms
                                                                             u.count[11]      3 433.4ms
                                               $abc$2447$auto$rtlil.cc:3501:NotGate$2332      1 430.8ms
                                             $auto$alumacc.cc:512:replace_alu$1243.Y[20]      2 425.8ms
                                             $auto$alumacc.cc:512:replace_alu$1243.Y[12]      2 416.0ms
                                               $abc$2447$auto$rtlil.cc:3501:NotGate$2314      1 409.3ms
                                               $abc$2447$auto$rtlil.cc:3501:NotGate$2384      1 404.4ms
                                              $auto$alumacc.cc:512:replace_alu$1246.Y[3]      1 399.6ms
                                               $abc$2447$auto$rtlil.cc:3501:NotGate$2292      1 396.2ms
                                                                                u.acc[1]      1 392.8ms
                                               $abc$2447$auto$rtlil.cc:3501:NotGate$2358      1 389.8ms
                                                                              u.count[4]      3 385.3ms
                                               $abc$2447$auto$rtlil.cc:3501:NotGate$2428      1 383.4ms
                                                                               u.acc[18]      1 382.3ms
                                               $abc$2447$auto$rtlil.cc:3501:NotGate$2298      1 378.2ms
                                               $abc$2447$auto$rtlil.cc:3501:NotGate$2406      1 377.1ms
                                                               $PACKER_GND_NET$legal$105      1 373.7ms
                                                                              u.count[3]      3 368.4ms
                                               $abc$2447$auto$rtlil.cc:3501:NotGate$2222      1 367.3ms
                                               $abc$2447$auto$rtlil.cc:3501:NotGate$2288      1 366.7ms
                                               $abc$2447$auto$rtlil.cc:3501:NotGate$2252      1 352.7ms
                                               $abc$2447$auto$rtlil.cc:3501:NotGate$2260      1 352.6ms
                                               $abc$2447$auto$rtlil.cc:3501:NotGate$2280      1 352.3ms
                                               $abc$2447$auto$rtlil.cc:3501:NotGate$2402      1 349.3ms
                                                                      u.result_latch[13]      1 348.4ms
                                               $abc$2447$auto$rtlil.cc:3501:NotGate$2258      1 345.9ms
                                               $abc$2447$auto$rtlil.cc:3501:NotGate$2326      1 343.1ms
                                                                                u.acc[6]      1 342.0ms
                                             $auto$alumacc.cc:512:replace_alu$1243.Y[19]      2 341.8ms
                                               $abc$2447$auto$rtlil.cc:3501:NotGate$2362      1 334.2ms
                                                             activation[2]$auto$IOBUF_O$      2 329.5ms
                                               $abc$2447$auto$rtlil.cc:3501:NotGate$2328      1 329.4ms
                                               $abc$2447$auto$rtlil.cc:3501:NotGate$2404      1 329.3ms
                                                                             u.count[15]      3 324.9ms
                                               $abc$2447$auto$rtlil.cc:3501:NotGate$2376      1 322.7ms
                                                             activation[6]$auto$IOBUF_O$      2 322.4ms
                                              $auto$alumacc.cc:512:replace_alu$1243.Y[4]      2 321.3ms
                                                               $PACKER_GND_NET$legal$123      1 320.7ms
                                              $auto$alumacc.cc:512:replace_alu$1251.Y[0]      1 320.1ms
                                                                      u.result_latch[25]      1 319.7ms
                                               $abc$2447$auto$rtlil.cc:3501:NotGate$2426      1 316.3ms
                                                  $abc$2447$flatten\u.$procmux$1142_Y[9]      1 316.2ms
                                                 $abc$2447$flatten\u.$procmux$1136_Y[13]      1 311.8ms
                                               $abc$2447$auto$rtlil.cc:3501:NotGate$2226      1 309.5ms
                                               $abc$2447$auto$rtlil.cc:3501:NotGate$2434      1 307.4ms
                                                             activation[3]$auto$IOBUF_O$      2 300.6ms
                                                                               u.acc[21]      1 294.3ms
                                                                             u.count[14]      3 288.7ms
                                                  $abc$2447$flatten\u.$procmux$1136_Y[2]      1 287.3ms
                                                                              u.count[0]      3 286.6ms
                                               $abc$2447$auto$rtlil.cc:3501:NotGate$2424      1 281.5ms
                                                                      u.result_latch[16]      1 281.4ms
                                                                               u.acc[10]      1 276.9ms
                                                                               u.acc[31]      1 275.9ms
                                               $abc$2447$auto$rtlil.cc:3501:NotGate$2348      1 273.4ms
                                               $abc$2447$auto$rtlil.cc:3501:NotGate$2442      1 262.2ms
                                               $abc$2447$auto$rtlil.cc:3501:NotGate$2238      1 262.0ms
                                                 $abc$2447$flatten\u.$procmux$1142_Y[28]      1 260.8ms
                                               $abc$2447$auto$rtlil.cc:3501:NotGate$2254      1 259.6ms
                                               $abc$2447$auto$rtlil.cc:3501:NotGate$2380      1 259.1ms
                                                                               u.acc[26]      1 258.6ms
                                                                       u.result_latch[9]      1 253.6ms
                                                 $abc$2447$flatten\u.$0\acc_out[31:0][8]      1 251.1ms
                                                  $abc$2447$flatten\u.$procmux$1142_Y[0]      1 245.7ms
                                               $abc$2447$auto$rtlil.cc:3501:NotGate$2398      1 244.6ms
                                                                       u.weighted_ext[5]      2 242.9ms
                                                                               u.acc[16]      1 241.4ms
                                               $abc$2447$auto$rtlil.cc:3501:NotGate$2356      1 241.2ms
                                              $auto$alumacc.cc:512:replace_alu$1246.Y[0]      1 240.8ms
                                               $abc$2447$auto$rtlil.cc:3501:NotGate$2394      1 240.3ms
                                              $auto$alumacc.cc:512:replace_alu$1246.Y[2]      1 240.2ms
                                              $auto$alumacc.cc:512:replace_alu$1243.Y[2]      2 239.8ms
                                               $abc$2447$auto$rtlil.cc:3501:NotGate$2418      1 238.2ms
                                                 $abc$2447$flatten\u.$procmux$1142_Y[17]      1 237.6ms
                                                 $abc$2447$flatten\u.$procmux$1142_Y[31]      1 234.0ms
                                               $abc$2447$auto$rtlil.cc:3501:NotGate$2232      1 233.0ms
                                                             u.weighted_ext[10]$legal$23      1 231.1ms
                                               $abc$2447$auto$rtlil.cc:3501:NotGate$2340      1 227.7ms
                                                                               u.acc[25]      1 226.7ms
                                               $abc$2447$auto$rtlil.cc:3501:NotGate$2396      1 225.3ms
                                                 $abc$2447$flatten\u.$0\acc_out[31:0][4]      1 224.8ms
                                               $abc$2447$auto$rtlil.cc:3501:NotGate$2386      1 217.5ms
                                               $abc$2447$auto$rtlil.cc:3501:NotGate$2400      1 217.5ms
                                             $auto$alumacc.cc:512:replace_alu$1246.Y[15]      1 217.3ms
                                                $abc$2447$flatten\u.$0\acc_out[31:0][26]      1 217.0ms
                                               $abc$2447$auto$rtlil.cc:3501:NotGate$2244      1 216.0ms
                                                 $abc$2447$flatten\u.$procmux$1142_Y[25]      1 215.3ms
                                                                               u.acc[27]      1 215.0ms
                                               $abc$2447$auto$rtlil.cc:3501:NotGate$2430      1 213.6ms
                                               $abc$2447$auto$rtlil.cc:3501:NotGate$2360      1 212.2ms
                                               $abc$2447$auto$rtlil.cc:3501:NotGate$2318      1 210.0ms
                                             $auto$alumacc.cc:512:replace_alu$1243.Y[18]      2 202.9ms
                                                                    u.count[15]$legal$97      1 202.3ms
                                               $abc$2447$auto$rtlil.cc:3501:NotGate$2224      1 202.1ms
                                             $auto$alumacc.cc:512:replace_alu$1246.Y[11]      1 195.2ms
                                                 $abc$2447$flatten\u.$procmux$1142_Y[16]      1 185.5ms
                                             $auto$alumacc.cc:512:replace_alu$1246.Y[10]      1 185.4ms
                                             $auto$alumacc.cc:512:replace_alu$1243.Y[23]      2 185.2ms
                                                               $PACKER_GND_NET$legal$111      1 184.9ms
                                               $abc$2447$auto$rtlil.cc:3501:NotGate$2382      1 183.3ms
                                                             u.weighted_ext[10]$legal$19      1 181.1ms
                                               $abc$2447$auto$rtlil.cc:3501:NotGate$2364      1 180.3ms
                                              $auto$alumacc.cc:512:replace_alu$1243.Y[3]      2 179.4ms
                                             $auto$alumacc.cc:512:replace_alu$1243.Y[14]      2 175.5ms
                                                                      u.result_latch[28]      1 174.5ms
                                                 $abc$2447$flatten\u.$procmux$1136_Y[14]      1 169.1ms
                                                                               u.acc[30]      1 167.3ms
                                               $abc$2447$auto$rtlil.cc:3501:NotGate$2300      1 166.3ms
                                                                      u.result_latch[19]      1 166.1ms
                                                                                u.acc[2]      1 165.7ms
                                                                                u.acc[8]      1 163.9ms
                                               $abc$2447$auto$rtlil.cc:3501:NotGate$2236      1 161.3ms
                                                                      u.result_latch[26]      1 161.1ms
                                              $auto$alumacc.cc:512:replace_alu$1251.Y[7]      1 159.5ms
                                                             activation[0]$auto$IOBUF_O$      2 158.9ms
                                                 $abc$2447$flatten\u.$procmux$1142_Y[13]      1 157.5ms
                                               $abc$2447$auto$rtlil.cc:3501:NotGate$2282      1 155.0ms
                                                  $abc$2447$flatten\u.$procmux$1136_Y[3]      1 153.7ms
                                                                              u.count[6]      3 153.4ms
                                               $abc$2447$auto$rtlil.cc:3501:NotGate$2408      1 153.1ms
                                                                              u.count[5]      3 152.7ms
                                                $abc$2447$flatten\u.$0\acc_out[31:0][30]      1 152.3ms
                                               $abc$2447$auto$rtlil.cc:3501:NotGate$2286      1 151.2ms
                                                                                u.acc[4]      1 150.7ms
                                               $abc$2447$auto$rtlil.cc:3501:NotGate$2290      1 149.3ms
                                                                              u.count[7]      3 149.0ms
                                               $abc$2447$auto$rtlil.cc:3501:NotGate$2228      1 147.5ms
                                                  $abc$2447$flatten\u.$procmux$1136_Y[9]      1 146.6ms
                                               $abc$2447$auto$rtlil.cc:3501:NotGate$2278      1 143.9ms
                                                                              u.count[2]      3 142.4ms
                                               $abc$2447$auto$rtlil.cc:3501:NotGate$2422      1 138.5ms
                                              $auto$alumacc.cc:512:replace_alu$1246.Y[6]      1 137.7ms
                                                $abc$2447$flatten\u.$0\acc_out[31:0][12]      1 137.7ms
                                                             u.weighted_ext[10]$legal$53      1 137.6ms
                                                                       u.weighted_ext[6]      2 134.0ms
                                                  $abc$2447$flatten\u.$procmux$1142_Y[5]      1 133.2ms
                                                $abc$2447$flatten\u.$0\acc_out[31:0][23]      1 132.3ms
                                               $abc$2447$auto$rtlil.cc:3501:NotGate$2302      1 132.2ms
                                                                               u.acc[15]      1 130.6ms
                                                                     u.count[1]$legal$69      1 129.6ms
                                                                                u.acc[9]      1 125.6ms
                                                  $abc$2447$flatten\u.$procmux$1136_Y[5]      1 124.9ms
                                                               $PACKER_GND_NET$legal$119      1 123.5ms
                                                                                u.acc[3]      1 120.3ms
                                                                               u.acc[24]      1 119.7ms
                                               $abc$2447$auto$rtlil.cc:3501:NotGate$2274      1 116.9ms
                                                $abc$2447$flatten\u.$0\acc_out[31:0][20]      1 114.9ms
                                                $abc$2447$flatten\u.$0\acc_out[31:0][17]      1 113.5ms
                                                                      u.result_latch[18]      1 113.3ms
                                              $auto$alumacc.cc:512:replace_alu$1246.Y[1]      1 111.4ms
                                             $auto$alumacc.cc:512:replace_alu$1251.BB[7]      2 108.8ms
                                               $abc$2447$auto$rtlil.cc:3501:NotGate$2230      1 108.1ms
                                               $abc$2447$auto$rtlil.cc:3501:NotGate$2310      1 105.9ms
                                             $auto$alumacc.cc:512:replace_alu$1243.Y[17]      2 104.5ms
                                                  $abc$2447$flatten\u.$procmux$1142_Y[8]      1 103.4ms
                                             $abc$2447$auto$rtlil.cc:3267:ReduceAnd$1250      1 102.2ms
                                                                     u.count[4]$legal$75      1 100.1ms
                                                                              u.count[1]      3 99.8ms
                                                               $PACKER_GND_NET$legal$131      1 99.6ms
                                                                               u.acc[11]      1 99.5ms
                                                             u.weighted_ext[10]$legal$29      1 99.0ms
                                                $abc$2447$flatten\u.$0\acc_out[31:0][25]      1 98.2ms
                                               $abc$2447$auto$rtlil.cc:3501:NotGate$2240      1 97.0ms
                                                  $abc$2447$flatten\u.$procmux$1142_Y[6]      1 96.8ms
                                                               $PACKER_GND_NET$legal$115      1 92.4ms
                                                                               u.acc[19]      1 92.3ms
                                              $auto$alumacc.cc:512:replace_alu$1246.Y[9]      1 90.4ms
                                                                      u.result_latch[24]      1 88.2ms
                                                 $abc$2447$flatten\u.$0\acc_out[31:0][5]      1 85.8ms
                                                                               u.acc[22]      1 84.9ms
                                                  $abc$2447$flatten\u.$procmux$1142_Y[1]      1 83.2ms
                                                  $abc$2447$flatten\u.$procmux$1142_Y[4]      1 82.4ms
                                             $auto$alumacc.cc:512:replace_alu$1243.Y[28]      2 81.8ms
                                                                                   u.clk    114 79.9ms
                                               $abc$2447$auto$rtlil.cc:3501:NotGate$2268      1 79.1ms
                                                                              u.count[9]      3 76.2ms
                                               $abc$2447$auto$rtlil.cc:3501:NotGate$2270      1 75.9ms
                                               $abc$2447$auto$rtlil.cc:3501:NotGate$2368      1 74.6ms
                                               $abc$2447$auto$rtlil.cc:3501:NotGate$2220      1 72.4ms
                                                $abc$2447$flatten\u.$0\acc_out[31:0][24]      1 71.2ms
                                                 $abc$2447$flatten\u.$procmux$1142_Y[19]      1 70.0ms
                                                                                u.acc[0]      1 68.7ms
                                                $abc$2447$flatten\u.$0\acc_out[31:0][14]      1 68.5ms
                                               $abc$2447$auto$rtlil.cc:3501:NotGate$2370      1 68.2ms
                                                  $abc$2447$flatten\u.$procmux$1136_Y[0]      1 68.1ms
                                                             u.weighted_ext[10]$legal$25      1 67.0ms
                                             $auto$alumacc.cc:512:replace_alu$1246.CO[5]      0 65.8ms
                                                  $abc$2447$flatten\u.$procmux$1142_Y[3]      1 65.5ms
                                                 $abc$2447$flatten\u.$procmux$1142_Y[10]      1 64.6ms
                                                                      u.result_latch[10]      1 63.9ms
                                             $auto$alumacc.cc:512:replace_alu$1251.CO[7]      1 63.6ms
                                               $abc$2447$auto$rtlil.cc:3501:NotGate$2330      1 62.9ms
                                                             activation[4]$auto$IOBUF_O$      2 61.8ms
                                                               $PACKER_GND_NET$legal$101      1 60.6ms
                                                 $abc$2447$flatten\u.$procmux$1142_Y[15]      1 59.2ms
                                                $abc$2447$flatten\u.$0\acc_out[31:0][19]      1 58.9ms
                                                                             u.count[10]      3 58.0ms
                                                                       u.result_latch[0]      1 57.8ms
                                                                     u.count[0]$legal$67      1 54.3ms
                                                               u.weighted_ext[0]$legal$1      1 53.4ms
                                               $abc$2447$auto$rtlil.cc:3501:NotGate$2242      1 52.0ms
                                               $abc$2447$auto$rtlil.cc:3501:NotGate$2312      1 49.0ms
                                                 $abc$2447$flatten\u.$procmux$1136_Y[15]      1 48.3ms
                                             $auto$alumacc.cc:512:replace_alu$1246.Y[13]      1 48.0ms
                                                                      u.result_latch[15]      1 47.6ms
                                                $abc$2447$flatten\u.$0\acc_out[31:0][28]      1 47.5ms
                                             $auto$alumacc.cc:512:replace_alu$1251.CO[0]      0 46.3ms
                                                 $abc$2447$flatten\u.$procmux$1142_Y[26]      1 46.1ms
                                                 $abc$2447$flatten\u.$procmux$1142_Y[22]      1 45.8ms
                                                 $abc$2447$flatten\u.$0\acc_out[31:0][7]      1 45.5ms
                                              $auto$alumacc.cc:512:replace_alu$1251.Y[4]      1 45.3ms
                                                                       u.result_latch[2]      1 44.7ms
                                                 $abc$2447$flatten\u.$procmux$1136_Y[11]      1 44.6ms
                                                                      u.result_latch[11]      1 43.9ms
                                                                      u.result_latch[30]      1 43.6ms
                                               $abc$2447$auto$rtlil.cc:3501:NotGate$2304      1 43.5ms
                                                 $abc$2447$flatten\u.$0\acc_out[31:0][1]      1 41.2ms
                                                                      u.result_latch[12]      1 40.9ms
                                                 $abc$2447$flatten\u.$0\acc_out[31:0][6]      1 40.4ms
                                               $abc$2447$auto$rtlil.cc:3501:NotGate$2416      1 40.4ms
                                                 $abc$2447$flatten\u.$procmux$1142_Y[21]      1 40.1ms
                                               $abc$2447$auto$rtlil.cc:3501:NotGate$2336      1 39.6ms
                                              $auto$alumacc.cc:512:replace_alu$1251.Y[5]      1 39.0ms
                                                  $abc$2447$flatten\u.$procmux$1136_Y[1]      1 39.0ms
                                                                      u.result_latch[23]      1 38.4ms
                                                 $abc$2447$flatten\u.$procmux$1142_Y[11]      1 38.3ms
                                                 $abc$2447$flatten\u.$procmux$1142_Y[29]      1 38.1ms
                                                                               u.acc[13]      1 37.9ms
                                             $auto$alumacc.cc:512:replace_alu$1243.CO[2]      0 37.4ms
                                               $abc$2447$auto$rtlil.cc:3501:NotGate$2410      1 37.1ms
                                                $abc$2447$flatten\u.$0\acc_out[31:0][31]      1 37.0ms
                                                             u.weighted_ext[10]$legal$39      1 36.7ms
                                               $abc$2447$auto$rtlil.cc:3501:NotGate$2440      1 36.3ms
                                               $abc$2447$auto$rtlil.cc:3501:NotGate$2392      1 35.8ms
                                                $abc$2447$flatten\u.$0\acc_out[31:0][21]      1 35.5ms
                                               $abc$2447$auto$rtlil.cc:3501:NotGate$2372      1 35.3ms
                                              $auto$alumacc.cc:512:replace_alu$1251.Y[8]      1 35.3ms
                                               $abc$2447$auto$rtlil.cc:3501:NotGate$2266      1 34.6ms
                                                             activation[5]$auto$IOBUF_O$      2 34.2ms
                                                 $abc$2447$flatten\u.$0\acc_out[31:0][2]      1 33.0ms
                                              $auto$alumacc.cc:512:replace_alu$1246.Y[5]      1 32.8ms
                                               $abc$2447$auto$rtlil.cc:3501:NotGate$2316      1 32.0ms
                                                                       u.weighted_ext[3]      2 31.1ms
                                                $abc$2447$flatten\u.$0\acc_out[31:0][16]      1 30.9ms
                                                                    u.count[13]$legal$93      1 30.7ms
                                              $auto$alumacc.cc:512:replace_alu$1243.X[7]      1 30.6ms
                                                 $abc$2447$flatten\u.$procmux$1136_Y[10]      1 29.7ms
                                                $abc$2447$flatten\u.$0\acc_out[31:0][11]      1 29.5ms
                                                                               u.acc[20]      1 28.6ms
                                                 $abc$2447$flatten\u.$procmux$1142_Y[12]      1 28.2ms
                                               $abc$2447$auto$rtlil.cc:3501:NotGate$2342      1 26.4ms
                                                 $abc$2447$flatten\u.$procmux$1142_Y[27]      1 25.9ms
                                      $auto$alumacc.cc:512:replace_alu$1251.genblk1.O[9]      0 25.6ms
                                                                             u.count[12]      3 25.5ms
                                                                   u.vector_done_delayed      1 25.3ms
                                                                       u.result_latch[8]      1 24.9ms
                                               $abc$2447$auto$rtlil.cc:3501:NotGate$2446      1 24.7ms
                                                 $abc$2447$flatten\u.$procmux$1142_Y[14]      1 24.2ms
                                                $abc$2447$flatten\u.$0\acc_out[31:0][22]      1 24.1ms
                                                               u.weighted_ext[3]$legal$7      1 24.1ms
                                                 $abc$2447$flatten\u.$0\acc_out[31:0][9]      1 23.8ms
                                                 $abc$2447$flatten\u.$procmux$1136_Y[12]      1 23.8ms
                                                $abc$2447$flatten\u.$0\acc_out[31:0][27]      1 22.9ms
                                              $auto$alumacc.cc:512:replace_alu$1251.Y[6]      1 22.1ms
                                                                      u.result_latch[27]      1 21.1ms
                                                             u.weighted_ext[10]$legal$57      1 20.3ms
                                                 $abc$2447$flatten\u.$procmux$1142_Y[24]      1 20.2ms
                                                                       u.result_latch[1]      1 19.7ms
                                                 $abc$2447$flatten\u.$0\acc_out[31:0][0]      1 19.7ms
                                                                       u.weighted_ext[1]      2 19.5ms
                                                $abc$2447$flatten\u.$0\acc_out[31:0][10]      1 18.2ms
                                                $abc$2447$flatten\u.$0\acc_out[31:0][18]      1 17.5ms
                                                 $abc$2447$flatten\u.$procmux$1142_Y[23]      1 17.0ms
                                              $auto$alumacc.cc:512:replace_alu$1246.Y[8]      1 16.9ms
                                                                               u.acc[14]      1 16.6ms
                                                  $abc$2447$flatten\u.$procmux$1136_Y[4]      1 16.3ms
                                                             u.weighted_ext[10]$legal$45      1 15.2ms
                                                $abc$2447$flatten\u.$0\acc_out[31:0][13]      1 15.1ms
                                                                     u.count[7]$legal$81      1 14.8ms
                                                  $abc$2447$flatten\u.$procmux$1136_Y[6]      1 14.8ms
                                                              u.weighted_ext[5]$legal$11      1 13.5ms
                                                 $abc$2447$flatten\u.$procmux$1142_Y[18]      1 13.2ms
                                                                       u.weighted_ext[0]      2 13.0ms
                                                                     u.count[6]$legal$79      1 12.7ms
                                              $auto$alumacc.cc:512:replace_alu$1246.Y[7]      1 12.1ms
                                                                      u.result_latch[21]      1 11.9ms
                                                                       u.result_latch[6]      1 11.2ms
                                                  $abc$2447$flatten\u.$procmux$1142_Y[7]      1 11.1ms
                                                                       u.result_latch[7]      1 10.9ms
                                                                    u.count[10]$legal$87      1 10.2ms
                                                             u.weighted_ext[10]$legal$63      1 9.8ms
                                                                             acc_out[23]      1 9.1ms
                                            $auto$alumacc.cc:512:replace_alu$1243.CO[19]      1 8.9ms
                                                  $abc$2447$flatten\u.$procmux$1136_Y[7]      1 8.6ms
                                                                       u.result_latch[4]      1 8.4ms
                                                             u.weighted_ext[10]$legal$61      1 8.3ms
                                             $auto$alumacc.cc:512:replace_alu$1246.Y[14]      1 8.3ms
                                              $auto$alumacc.cc:512:replace_alu$1251.Y[3]      1 7.5ms
                                             $auto$alumacc.cc:512:replace_alu$1243.CO[7]      1 7.0ms
                                                                       u.result_latch[3]      1 6.7ms
                                                                               u.acc[29]      1 6.5ms
                                                                  valid_in$auto$IOBUF_O$      1 6.3ms
                                                                       u.weighted_ext[4]      2 6.0ms
                                                                      u.result_latch[17]      1 5.4ms
                                              $auto$alumacc.cc:512:replace_alu$1246.Y[4]      1 5.4ms
                                            $auto$alumacc.cc:512:replace_alu$1243.CO[27]      1 4.7ms
                                               $abc$2447$auto$rtlil.cc:3501:NotGate$2388      1 4.6ms
                                                              u.weighted_ext[7]$legal$15      1 4.6ms
                                                              u.weighted_ext[6]$legal$13      1 4.3ms
                                                  $abc$2447$flatten\u.$procmux$1136_Y[8]      1 4.3ms
                                                             u.weighted_ext[10]$legal$41      1 4.2ms
                                                                       u.result_latch[5]      1 4.1ms
                                                 $abc$2447$flatten\u.$0\acc_out[31:0][3]      1 3.9ms
                                                                      u.result_latch[14]      1 3.6ms
                                                                     u.count[5]$legal$77      1 2.9ms
                                                                    u.count[11]$legal$89      1 2.6ms
                                                                       clk$auto$IOBUF_O$      1 2.5ms
                                                                      u.result_latch[29]      1 2.2ms
                                                                       u.weighted_ext[2]      2 2.1ms
                                                  $abc$2447$flatten\u.$procmux$1142_Y[2]      1 2.1ms
                                                                      u.result_latch[20]      1 1.7ms
                                               $abc$2447$auto$rtlil.cc:3501:NotGate$2262      1 1.7ms
                                                 $abc$2447$flatten\u.$procmux$1142_Y[30]      1 1.6ms
                                                             u.weighted_ext[10]$legal$47      1 1.3ms
                                                 $abc$2447$flatten\u.$procmux$1142_Y[20]      1 1.2ms
                                                               u.weighted_ext[2]$legal$5      1 1.2ms
                                                             u.weighted_ext[10]$legal$21      1 1.1ms
                                                             u.weighted_ext[10]$legal$37      1 1.1ms
                                              $auto$alumacc.cc:512:replace_alu$1251.Y[2]      1 1.0ms
                                                               $PACKER_GND_NET$legal$107      1 1.0ms
                                                                       u.weighted_ext[7]      2 0.9ms
                                                               u.weighted_ext[4]$legal$9      1 0.9ms
                                                                     u.count[8]$legal$83      1 0.8ms
                                                                      u.result_latch[22]      1 0.7ms
                                                             u.weighted_ext[10]$legal$51      1 0.7ms
                                                $abc$2447$flatten\u.$0\acc_out[31:0][29]      1 0.6ms
                                                                               u.acc[12]      1 0.6ms
                                                                              acc_out[6]      1 0.6ms
                                                                    u.count[14]$legal$95      1 0.6ms
                                                $abc$2447$flatten\u.$0\acc_out[31:0][15]      1 0.6ms
                                                             u.weighted_ext[10]$legal$49      1 0.5ms
                                             $auto$alumacc.cc:512:replace_alu$1243.CO[3]      1 0.4ms
                                                                             acc_out[13]      1 0.2ms
                                             $auto$alumacc.cc:512:replace_alu$1251.BB[1]      1 0.2ms
                                             $auto$alumacc.cc:512:replace_alu$1246.CO[0]      0 0.1ms
                                                             u.weighted_ext[10]$legal$33      1 0.1ms
                                                             u.weighted_ext[10]$legal$31      1 0.0ms
                                                             u.weighted_ext[10]$legal$17      1 0.0ms
                                             $auto$alumacc.cc:512:replace_alu$1246.CO[3]      1 0.0ms
                                                             u.weighted_ext[10]$legal$35      1 0.0ms
                                                             u.weighted_ext[10]$legal$43      1 0.0ms
                                                               $PACKER_GND_NET$legal$127      1 0.0ms
                                                             u.weighted_ext[10]$legal$55      1 0.0ms
                                                                             acc_out[14]      1 0.0ms
                                             $auto$alumacc.cc:512:replace_alu$1251.BB[2]      1 0.0ms
                                                                     u.count[0]$legal$65      1 0.0ms
                                              $auto$alumacc.cc:512:replace_alu$1246.X[3]      1 0.0ms
                                                                             acc_out[19]      1 0.0ms
                                                               $PACKER_GND_NET$legal$103      1 0.0ms
                                                                     u.count[3]$legal$73      1 0.0ms
                                            $auto$alumacc.cc:512:replace_alu$1243.CO[15]      1 0.0ms
                                                               u.weighted_ext[1]$legal$3      1 0.0ms
                                              $auto$alumacc.cc:512:replace_alu$1243.X[5]      1 0.0ms
                                                                     u.count[9]$legal$85      1 0.0ms
                                                                     u.count[2]$legal$71      1 0.0ms
                                                             u.weighted_ext[10]$legal$59      1 0.0ms
                                             $auto$alumacc.cc:512:replace_alu$1251.CO[1]      0 0.0ms
                                            $auto$alumacc.cc:512:replace_alu$1246.CO[11]      1 0.0ms
                                                               $PACKER_GND_NET$legal$109      1 0.0ms
                                             $auto$alumacc.cc:512:replace_alu$1251.CO[3]      1 0.0ms
                                            $auto$alumacc.cc:512:replace_alu$1246.CO[12]      0 0.0ms
                                            $auto$alumacc.cc:512:replace_alu$1243.CO[11]      1 0.0ms
                                             $auto$alumacc.cc:512:replace_alu$1251.CO[2]      0 0.0ms
                                            $auto$alumacc.cc:512:replace_alu$1243.CO[23]      1 0.0ms
                                                                    u.count[12]$legal$91      1 0.0ms
                                             $auto$alumacc.cc:512:replace_alu$1251.BB[0]      1 0.0ms
                                                             u.weighted_ext[10]$legal$27      1 0.0ms
                                            $auto$alumacc.cc:512:replace_alu$1246.CO[15]      0 0.0ms
                                             $auto$alumacc.cc:512:replace_alu$1251.BB[5]      1 0.0ms
                                             $auto$alumacc.cc:512:replace_alu$1243.X[22]      1 0.0ms
                                             $auto$alumacc.cc:512:replace_alu$1246.CO[7]      1 0.0ms
                                                               $PACKER_GND_NET$legal$121      1 0.0ms
                                             $auto$alumacc.cc:512:replace_alu$1246.CO[8]      0 0.0ms
                                             $auto$alumacc.cc:512:replace_alu$1246.X[11]      1 0.0ms
                                             $auto$alumacc.cc:512:replace_alu$1246.X[12]      1 0.0ms
                                             $auto$alumacc.cc:512:replace_alu$1251.BB[6]      1 0.0ms
                                                                             acc_out[29]      1 0.0ms
                                   $auto$alumacc.cc:512:replace_alu$1251.BB[7]$legal$117      1 0.0ms
                                                                             acc_out[18]      1 0.0ms
                                                                             acc_out[16]      1 0.0ms
                                                                              acc_out[9]      1 0.0ms
                                                                              acc_out[8]      1 0.0ms
                                            $auto$alumacc.cc:512:replace_alu$1243.CO[10]      0 0.0ms
                                              $auto$alumacc.cc:512:replace_alu$1243.X[0]      1 0.0ms
                                             $auto$alumacc.cc:512:replace_alu$1243.X[26]      1 0.0ms
                                              $auto$alumacc.cc:512:replace_alu$1243.X[9]      1 0.0ms
                                                               $PACKER_GND_NET$legal$129      1 0.0ms
                                                               $PACKER_GND_NET$legal$125      1 0.0ms
                                   $auto$alumacc.cc:512:replace_alu$1251.BB[7]$legal$113      1 0.0ms
                                                                             acc_out[31]      1 0.0ms
                                                                             acc_out[28]      1 0.0ms
                                                                             acc_out[27]      1 0.0ms
                                                                             acc_out[25]      1 0.0ms
                                                                             acc_out[22]      1 0.0ms
                                                                             acc_out[17]      1 0.0ms
                                                                             acc_out[15]      1 0.0ms
                                                                             acc_out[12]      1 0.0ms
                                                                             acc_out[11]      1 0.0ms
                                                                             acc_out[10]      1 0.0ms
                                                                              acc_out[5]      1 0.0ms
                                                                              acc_out[2]      1 0.0ms
                                                                              acc_out[1]      1 0.0ms
                                             $auto$alumacc.cc:512:replace_alu$1243.CO[9]      0 0.0ms
                                              $auto$alumacc.cc:512:replace_alu$1246.X[1]      1 0.0ms
                                              $auto$alumacc.cc:512:replace_alu$1246.X[2]      1 0.0ms
                                              $auto$alumacc.cc:512:replace_alu$1246.X[4]      1 0.0ms
                                              $auto$alumacc.cc:512:replace_alu$1246.X[7]      1 0.0ms
                                              $auto$alumacc.cc:512:replace_alu$1246.X[6]      1 0.0ms
                                             $auto$alumacc.cc:512:replace_alu$1246.X[13]      1 0.0ms
                                             $auto$alumacc.cc:512:replace_alu$1246.X[15]      1 0.0ms
                                             $auto$alumacc.cc:512:replace_alu$1246.X[14]      1 0.0ms
                                              $auto$alumacc.cc:512:replace_alu$1246.X[5]      1 0.0ms
                                              $auto$alumacc.cc:512:replace_alu$1243.X[1]      1 0.0ms
                                              $auto$alumacc.cc:512:replace_alu$1243.X[3]      1 0.0ms
                                              $auto$alumacc.cc:512:replace_alu$1243.X[4]      1 0.0ms
                                             $auto$alumacc.cc:512:replace_alu$1243.X[28]      1 0.0ms
                                             $auto$alumacc.cc:512:replace_alu$1243.X[29]      1 0.0ms
                                             $auto$alumacc.cc:512:replace_alu$1243.X[30]      1 0.0ms
                                             $auto$alumacc.cc:512:replace_alu$1243.X[27]      1 0.0ms
                                             $auto$alumacc.cc:512:replace_alu$1243.X[31]      1 0.0ms
                                             $auto$alumacc.cc:512:replace_alu$1243.X[10]      1 0.0ms
                                             $auto$alumacc.cc:512:replace_alu$1243.X[11]      1 0.0ms
                                             $auto$alumacc.cc:512:replace_alu$1243.X[15]      1 0.0ms
                                                                         $PACKER_VCC_NET     66 0.0ms
                                                                         $PACKER_GND_NET     15 0.0ms
                                                                             acc_out[30]      1 0.0ms
                                                                             acc_out[26]      1 0.0ms
                                                                             acc_out[24]      1 0.0ms
                                                                             acc_out[21]      1 0.0ms
                                                                             acc_out[20]      1 0.0ms
                                                                              acc_out[7]      1 0.0ms
                                                                              acc_out[4]      1 0.0ms
                                                                              acc_out[3]      1 0.0ms
                                                                              acc_out[0]      1 0.0ms
                                     $auto$alumacc.cc:512:replace_alu$1251.genblk1.O[11]      0 0.0ms
                                     $auto$alumacc.cc:512:replace_alu$1251.genblk1.O[10]      0 0.0ms
                                     $auto$alumacc.cc:512:replace_alu$1251.genblk1.C[11]      0 0.0ms
                                     $auto$alumacc.cc:512:replace_alu$1251.genblk1.C[10]      0 0.0ms
                                      $auto$alumacc.cc:512:replace_alu$1251.genblk1.C[9]      0 0.0ms
                                             $auto$alumacc.cc:512:replace_alu$1251.CO[8]      0 0.0ms
                                             $auto$alumacc.cc:512:replace_alu$1251.CO[6]      0 0.0ms
                                             $auto$alumacc.cc:512:replace_alu$1251.CO[5]      0 0.0ms
                                             $auto$alumacc.cc:512:replace_alu$1251.CO[4]      0 0.0ms
                                            $auto$alumacc.cc:512:replace_alu$1246.CO[14]      0 0.0ms
                                            $auto$alumacc.cc:512:replace_alu$1246.CO[13]      0 0.0ms
                                            $auto$alumacc.cc:512:replace_alu$1246.CO[10]      0 0.0ms
                                             $auto$alumacc.cc:512:replace_alu$1246.CO[9]      0 0.0ms
                                             $auto$alumacc.cc:512:replace_alu$1246.CO[6]      0 0.0ms
                                             $auto$alumacc.cc:512:replace_alu$1246.CO[4]      0 0.0ms
                                             $auto$alumacc.cc:512:replace_alu$1246.CO[2]      0 0.0ms
                                             $auto$alumacc.cc:512:replace_alu$1246.CO[1]      0 0.0ms
                                            $auto$alumacc.cc:512:replace_alu$1243.CO[31]      0 0.0ms
                                            $auto$alumacc.cc:512:replace_alu$1243.CO[30]      0 0.0ms
                                            $auto$alumacc.cc:512:replace_alu$1243.CO[29]      0 0.0ms
                                            $auto$alumacc.cc:512:replace_alu$1243.CO[28]      0 0.0ms
                                            $auto$alumacc.cc:512:replace_alu$1243.CO[26]      0 0.0ms
                                            $auto$alumacc.cc:512:replace_alu$1243.CO[25]      0 0.0ms
                                            $auto$alumacc.cc:512:replace_alu$1243.CO[24]      0 0.0ms
                                            $auto$alumacc.cc:512:replace_alu$1243.CO[22]      0 0.0ms
                                            $auto$alumacc.cc:512:replace_alu$1243.CO[21]      0 0.0ms
                                            $auto$alumacc.cc:512:replace_alu$1243.CO[20]      0 0.0ms
                                            $auto$alumacc.cc:512:replace_alu$1243.CO[18]      0 0.0ms
                                            $auto$alumacc.cc:512:replace_alu$1243.CO[17]      0 0.0ms
                                            $auto$alumacc.cc:512:replace_alu$1243.CO[16]      0 0.0ms
                                            $auto$alumacc.cc:512:replace_alu$1243.CO[14]      0 0.0ms
                                            $auto$alumacc.cc:512:replace_alu$1243.CO[13]      0 0.0ms
                                            $auto$alumacc.cc:512:replace_alu$1243.CO[12]      0 0.0ms
                                             $auto$alumacc.cc:512:replace_alu$1243.CO[8]      0 0.0ms
                                             $auto$alumacc.cc:512:replace_alu$1243.CO[6]      0 0.0ms
                                             $auto$alumacc.cc:512:replace_alu$1243.CO[5]      0 0.0ms
                                             $auto$alumacc.cc:512:replace_alu$1243.CO[4]      0 0.0ms
                                             $auto$alumacc.cc:512:replace_alu$1243.CO[1]      0 0.0ms
                                             $auto$alumacc.cc:512:replace_alu$1243.CO[0]      0 0.0ms
                                              $auto$alumacc.cc:512:replace_alu$1246.X[9]      1 0.0ms
                                              $auto$alumacc.cc:512:replace_alu$1246.X[8]      1 0.0ms
                                             $auto$alumacc.cc:512:replace_alu$1246.X[10]      1 0.0ms
                                             $auto$alumacc.cc:512:replace_alu$1251.BB[3]      1 0.0ms
                                             $auto$alumacc.cc:512:replace_alu$1251.BB[4]      1 0.0ms
                                             $auto$alumacc.cc:512:replace_alu$1243.X[25]      1 0.0ms
                                             $auto$alumacc.cc:512:replace_alu$1243.X[23]      1 0.0ms
                                             $auto$alumacc.cc:512:replace_alu$1243.X[24]      1 0.0ms
                                              $auto$alumacc.cc:512:replace_alu$1243.X[2]      1 0.0ms
                                              $auto$alumacc.cc:512:replace_alu$1243.X[6]      1 0.0ms
                                                                           activation[0]      2 0.0ms
                                                                           activation[1]      2 0.0ms
                                                                           activation[2]      2 0.0ms
                                                                           activation[3]      2 0.0ms
                                                                           activation[4]      2 0.0ms
                                                                           activation[5]      2 0.0ms
                                                                           activation[6]      2 0.0ms
                                              $auto$alumacc.cc:512:replace_alu$1243.X[8]      1 0.0ms
                                             $auto$alumacc.cc:512:replace_alu$1243.X[12]      1 0.0ms
                                             $auto$alumacc.cc:512:replace_alu$1243.X[14]      1 0.0ms
                                             $auto$alumacc.cc:512:replace_alu$1243.X[16]      1 0.0ms
                                             $auto$alumacc.cc:512:replace_alu$1243.X[18]      1 0.0ms
                                             $auto$alumacc.cc:512:replace_alu$1243.X[20]      1 0.0ms
                                             $auto$alumacc.cc:512:replace_alu$1243.X[13]      1 0.0ms
                                             $auto$alumacc.cc:512:replace_alu$1243.X[17]      1 0.0ms
                                             $auto$alumacc.cc:512:replace_alu$1243.X[19]      1 0.0ms
                                             $auto$alumacc.cc:512:replace_alu$1243.X[21]      1 0.0ms
                                                                           weight_enc[1]      2 0.0ms
                                                                           activation[7]      2 0.0ms
                                                                           weight_enc[0]      2 0.0ms
                                                                               valid_out      1 0.0ms
                                                                                valid_in      2 0.0ms
                                                                                   rst_n      2 0.0ms
                                                                                     clk      2 0.0ms
Info: Router2 time 984.66s
Info: Routing $PACKER_VCC_NET connections...
Info:     $PACKER_VCC_NET: 66/66 sinks bridged (0 left to main router; max BFS 26)
Info: Routing $PACKER_GND_NET connections...
Info:     $PACKER_GND_NET: 15/15 sinks bridged (0 left to main router; max BFS 135)
Info: Running post-routing legalisation...

Info: Critical path report for clock 'u.clk' (posedge -> posedge):
Info: curr total
Info:  0.1  0.1  Source $auto$ff.cc:337:slice$1693.Q
Info:  1.2  1.3    Net u.acc[0] budget 0.000000 ns (13,19) -> (10,10)
Info:                Sink $abc$2447$auto$blifparse.cc:557:parse_blif$2566.A3
Info:  0.1  1.4  Source $abc$2447$auto$blifparse.cc:557:parse_blif$2566.O6
Info:  0.0  1.4    Net $auto$alumacc.cc:512:replace_alu$1243.X[0] budget 0.150000 ns (10,10) -> (10,10)
Info:                Sink $auto$alumacc.cc:512:replace_alu$1243.genblk1.slice[0].genblk1.carry4.S0
Info:  0.5  1.9  Source $auto$alumacc.cc:512:replace_alu$1243.genblk1.slice[0].genblk1.carry4.CO3
Info:  0.1  2.1    Net $auto$alumacc.cc:512:replace_alu$1243.CO[3] budget 0.690000 ns (10,10) -> (10,9)
Info:                Sink $auto$alumacc.cc:512:replace_alu$1243.genblk1.slice[1].genblk1.carry4.CIN
Info:  0.1  2.2  Source $auto$alumacc.cc:512:replace_alu$1243.genblk1.slice[1].genblk1.carry4.CO3
Info:  0.1  2.3    Net $auto$alumacc.cc:512:replace_alu$1243.CO[7] budget 0.690000 ns (10,9) -> (10,8)
Info:                Sink $auto$alumacc.cc:512:replace_alu$1243.genblk1.slice[2].genblk1.carry4.CIN
Info:  0.1  2.4  Source $auto$alumacc.cc:512:replace_alu$1243.genblk1.slice[2].genblk1.carry4.CO3
Info:  0.1  2.5    Net $auto$alumacc.cc:512:replace_alu$1243.CO[11] budget 0.690000 ns (10,8) -> (10,7)
Info:                Sink $auto$alumacc.cc:512:replace_alu$1243.genblk1.slice[3].genblk1.carry4.CIN
Info:  0.1  2.6  Source $auto$alumacc.cc:512:replace_alu$1243.genblk1.slice[3].genblk1.carry4.CO3
Info:  0.1  2.7    Net $auto$alumacc.cc:512:replace_alu$1243.CO[15] budget 0.690000 ns (10,7) -> (10,6)
Info:                Sink $auto$alumacc.cc:512:replace_alu$1243.genblk1.slice[4].genblk1.carry4.CIN
Info:  0.1  2.8  Source $auto$alumacc.cc:512:replace_alu$1243.genblk1.slice[4].genblk1.carry4.CO3
Info:  0.1  3.0    Net $auto$alumacc.cc:512:replace_alu$1243.CO[19] budget 0.690000 ns (10,6) -> (10,5)
Info:                Sink $auto$alumacc.cc:512:replace_alu$1243.genblk1.slice[5].genblk1.carry4.CIN
Info:  0.1  3.1  Source $auto$alumacc.cc:512:replace_alu$1243.genblk1.slice[5].genblk1.carry4.CO3
Info:  0.1  3.2    Net $auto$alumacc.cc:512:replace_alu$1243.CO[23] budget 0.690000 ns (10,5) -> (10,4)
Info:                Sink $auto$alumacc.cc:512:replace_alu$1243.genblk1.slice[6].genblk1.carry4.CIN
Info:  0.1  3.3  Source $auto$alumacc.cc:512:replace_alu$1243.genblk1.slice[6].genblk1.carry4.CO3
Info:  0.1  3.4    Net $auto$alumacc.cc:512:replace_alu$1243.CO[27] budget 0.690000 ns (10,4) -> (10,3)
Info:                Sink $auto$alumacc.cc:512:replace_alu$1243.genblk1.slice[7].genblk1.carry4.CIN
Info:  0.3  3.7  Source $auto$alumacc.cc:512:replace_alu$1243.genblk1.slice[7].genblk1.carry4.O3
Info:  1.4  5.1    Net $auto$alumacc.cc:512:replace_alu$1243.Y[31] budget 0.000000 ns (10,3) -> (10,21)
Info:                Sink $abc$2447$auto$blifparse.cc:557:parse_blif$2574.A1
Info:  0.1  5.2  Source $abc$2447$auto$blifparse.cc:557:parse_blif$2574.O6
Info:  0.0  5.2    Net $abc$2447$flatten\u.$procmux$1142_Y[31] budget 0.150000 ns (10,21) -> (10,21)
Info:                Sink $auto$ff.cc:337:slice$1724.D
Info:  0.1  5.3  Setup $auto$ff.cc:337:slice$1724.D
Info: 2.0 ns logic, 3.4 ns routing

Info: Max frequency for clock 'u.clk': 188.22 MHz (PASS at 100.00 MHz)

Info: Slack histogram:
Info:  legend: * represents 1 endpoint(s)
Info:          + represents [1,1) endpoint(s)
Info: [  4687,   4904) |****** 
Info: [  4904,   5121) |**** 
Info: [  5121,   5338) |**** 
Info: [  5338,   5555) |******** 
Info: [  5555,   5772) |******** 
Info: [  5772,   5989) |**************** 
Info: [  5989,   6206) |******** 
Info: [  6206,   6423) |*********************** 
Info: [  6423,   6640) |************ 
Info: [  6640,   6857) |****************** 
Info: [  6857,   7074) |************** 
Info: [  7074,   7291) |********** 
Info: [  7291,   7508) |*********** 
Info: [  7508,   7725) |********* 
Info: [  7725,   7942) |*********** 
Info: [  7942,   8159) |*********** 
Info: [  8159,   8376) |****** 
Info: [  8376,   8593) |****** 
Info: [  8593,   8810) |****** 
Info: [  8810,   9027) |**** 
Info: Report written to runs/tag_s2.report.json.
