Info: Packing constants..
Info: Inserting IO buffers..
Info:     Constraining 'clk' to site 'IOB_X0Y224'
Info:     Tile 'LIOB33_X0Y223'
Info:     Constraining 'rst_n' to site 'IOB_X0Y226'
Info:     Tile 'LIOB33_X0Y225'
Info:     Constraining 'valid_in' to site 'IOB_X0Y230'
Info:     Tile 'LIOB33_X0Y229'
Info:     Constraining 'valid_out' to site 'IOB_X0Y214'
Info:     Tile 'LIOB33_X0Y213'
Info:     Constraining 'weight_enc[0]' to site 'IOB_X0Y229'
Info:     Tile 'LIOB33_X0Y229'
Info:     Constraining 'activation[7]' to site 'IOB_X0Y235'
Info:     Tile 'LIOB33_X0Y235'
Info:     Constraining 'weight_enc[1]' to site 'IOB_X0Y232'
Info:     Tile 'LIOB33_X0Y231'
Info:     Constraining 'activation[6]' to site 'IOB_X0Y236'
Info:     Tile 'LIOB33_X0Y235'
Info:     Constraining 'activation[5]' to site 'IOB_X0Y233'
Info:     Tile 'LIOB33_X0Y233'
Info:     Constraining 'activation[4]' to site 'IOB_X0Y207'
Info:     Tile 'LIOB33_X0Y207'
Info:     Constraining 'activation[3]' to site 'IOB_X0Y217'
Info:     Tile 'LIOB33_X0Y217'
Info:     Constraining 'activation[2]' to site 'IOB_X0Y215'
Info:     Tile 'LIOB33_X0Y215'
Info:     Constraining 'activation[1]' to site 'IOB_X0Y216'
Info:     Tile 'LIOB33_X0Y215'
Info:     Constraining 'activation[0]' to site 'IOB_X0Y231'
Info:     Tile 'LIOB33_X0Y231'
Info:     Constraining 'acc_out[0]' to site 'IOB_X0Y228'
Info:     Tile 'LIOB33_X0Y227'
Info:     Constraining 'acc_out[1]' to site 'IOB_X0Y227'
Info:     Tile 'LIOB33_X0Y227'
Info:     Constraining 'acc_out[2]' to site 'IOB_X0Y218'
Info:     Tile 'LIOB33_X0Y217'
Info:     Constraining 'acc_out[3]' to site 'IOB_X0Y208'
Info:     Tile 'LIOB33_X0Y207'
Info:     Constraining 'acc_out[4]' to site 'IOB_X0Y209'
Info:     Tile 'LIOB33_X0Y209'
Info:     Constraining 'acc_out[5]' to site 'IOB_X0Y234'
Info:     Tile 'LIOB33_X0Y233'
Info:     Constraining 'acc_out[6]' to site 'IOB_X0Y244'
Info:     Tile 'LIOB33_X0Y243'
Info:     Constraining 'acc_out[7]' to site 'IOB_X0Y243'
Info:     Tile 'LIOB33_X0Y243'
Info:     Constraining 'acc_out[8]' to site 'IOB_X0Y225'
Info:     Tile 'LIOB33_X0Y225'
Info:     Constraining 'acc_out[9]' to site 'IOB_X0Y223'
Info:     Tile 'LIOB33_X0Y223'
Info:     Constraining 'acc_out[10]' to site 'IOB_X0Y211'
Info:     Tile 'LIOB33_X0Y211'
Info:     Constraining 'acc_out[11]' to site 'IOB_X0Y210'
Info:     Tile 'LIOB33_X0Y209'
Info:     Constraining 'acc_out[12]' to site 'IOB_X0Y238'
Info:     Tile 'LIOB33_X0Y237'
Info:     Constraining 'acc_out[13]' to site 'IOB_X0Y237'
Info:     Tile 'LIOB33_X0Y237'
Info:     Constraining 'acc_out[14]' to site 'IOB_X0Y239'
Info:     Tile 'LIOB33_X0Y239'
Info:     Constraining 'acc_out[15]' to site 'IOB_X0Y221'
Info:     Tile 'LIOB33_X0Y221'
Info:     Constraining 'acc_out[16]' to site 'IOB_X0Y212'
Info:     Tile 'LIOB33_X0Y211'
Info:     Constraining 'acc_out[17]' to site 'IOB_X0Y203'
Info:     Tile 'LIOB33_X0Y203'
Info:     Constraining 'acc_out[18]' to site 'IOB_X0Y205'
Info:     Tile 'LIOB33_X0Y205'
Info:     Constraining 'acc_out[19]' to site 'IOB_X0Y242'
Info:     Tile 'LIOB33_X0Y241'
Info:     Constraining 'acc_out[20]' to site 'IOB_X0Y241'
Info:     Tile 'LIOB33_X0Y241'
Info:     Constraining 'acc_out[21]' to site 'IOB_X0Y240'
Info:     Tile 'LIOB33_X0Y239'
Info:     Constraining 'acc_out[22]' to site 'IOB_X0Y245'
Info:     Tile 'LIOB33_X0Y245'
Info:     Constraining 'acc_out[23]' to site 'IOB_X0Y219'
Info:     Tile 'LIOB33_X0Y219'
Info:     Constraining 'acc_out[24]' to site 'IOB_X0Y222'
Info:     Tile 'LIOB33_X0Y221'
Info:     Constraining 'acc_out[25]' to site 'IOB_X0Y204'
Info:     Tile 'LIOB33_X0Y203'
Info:     Constraining 'acc_out[26]' to site 'IOB_X0Y206'
Info:     Tile 'LIOB33_X0Y205'
Info:     Constraining 'acc_out[27]' to site 'IOB_X0Y248'
Info:     Tile 'LIOB33_X0Y247'
Info:     Constraining 'acc_out[28]' to site 'IOB_X0Y247'
Info:     Tile 'LIOB33_X0Y247'
Info:     Constraining 'acc_out[29]' to site 'IOB_X0Y249'
Info:     Tile 'LIOB33_SING_X0Y249'
Info:     Constraining 'acc_out[30]' to site 'IOB_X0Y246'
Info:     Tile 'LIOB33_X0Y245'
Info:     Constraining 'acc_out[31]' to site 'IOB_X0Y220'
Info:     Tile 'LIOB33_X0Y219'
Info: Generating input buffer for 'clk$ibuf$'
Info: Generating input buffer for 'rst_n$ibuf$'
Info: Generating input buffer for 'valid_in$ibuf$'
Info: Generating output buffer for 'valid_out$obuf$'
Info: Generating input buffer for 'weight_enc[0]$ibuf$'
Info: Generating input buffer for 'activation[7]$ibuf$'
Info: Generating input buffer for 'weight_enc[1]$ibuf$'
Info: Generating input buffer for 'activation[6]$ibuf$'
Info: Generating input buffer for 'activation[5]$ibuf$'
Info: Generating input buffer for 'activation[4]$ibuf$'
Info: Generating input buffer for 'activation[3]$ibuf$'
Info: Generating input buffer for 'activation[2]$ibuf$'
Info: Generating input buffer for 'activation[1]$ibuf$'
Info: Generating input buffer for 'activation[0]$ibuf$'
Info: Generating output buffer for 'acc_out[0]$obuf$'
Info: Generating output buffer for 'acc_out[1]$obuf$'
Info: Generating output buffer for 'acc_out[2]$obuf$'
Info: Generating output buffer for 'acc_out[3]$obuf$'
Info: Generating output buffer for 'acc_out[4]$obuf$'
Info: Generating output buffer for 'acc_out[5]$obuf$'
Info: Generating output buffer for 'acc_out[6]$obuf$'
Info: Generating output buffer for 'acc_out[7]$obuf$'
Info: Generating output buffer for 'acc_out[8]$obuf$'
Info: Generating output buffer for 'acc_out[9]$obuf$'
Info: Generating output buffer for 'acc_out[10]$obuf$'
Info: Generating output buffer for 'acc_out[11]$obuf$'
Info: Generating output buffer for 'acc_out[12]$obuf$'
Info: Generating output buffer for 'acc_out[13]$obuf$'
Info: Generating output buffer for 'acc_out[14]$obuf$'
Info: Generating output buffer for 'acc_out[15]$obuf$'
Info: Generating output buffer for 'acc_out[16]$obuf$'
Info: Generating output buffer for 'acc_out[17]$obuf$'
Info: Generating output buffer for 'acc_out[18]$obuf$'
Info: Generating output buffer for 'acc_out[19]$obuf$'
Info: Generating output buffer for 'acc_out[20]$obuf$'
Info: Generating output buffer for 'acc_out[21]$obuf$'
Info: Generating output buffer for 'acc_out[22]$obuf$'
Info: Generating output buffer for 'acc_out[23]$obuf$'
Info: Generating output buffer for 'acc_out[24]$obuf$'
Info: Generating output buffer for 'acc_out[25]$obuf$'
Info: Generating output buffer for 'acc_out[26]$obuf$'
Info: Generating output buffer for 'acc_out[27]$obuf$'
Info: Generating output buffer for 'acc_out[28]$obuf$'
Info: Generating output buffer for 'acc_out[29]$obuf$'
Info: Generating output buffer for 'acc_out[30]$obuf$'
Info: Generating output buffer for 'acc_out[31]$obuf$'
Info:     Created 46 PAD cells from:
Info:             46x PAD
Info: Preparing clocking...
Info: Packing constants..
Info: Packing cfg...
Info: Packing PLLs...
Info: Packing Gigabit Transceivers..
Info: Packing global buffers...
Info:     Constrained BUFGCTRL '$auto$clkbufmap.cc:261:execute$3095' to bel 'BUFGCTRL_X0Y16/BUFGCTRL' based on dedicated routing
Info: Packing MUX[789]s..
Info: Packing carries (atomic CARRY4)..
Info:    Packed 15 CARRY4 cells into 3 chains (atomic).
Info: router2 PRECYINIT fix: 15 CARRY4 cells, 18 constant carry pins disconnected
Info: Packing LUTs..
Info:     Created 331 SLICE_LUTX cells from:
Info:            203x LUT1
Info:             64x LUT2
Info:              1x LUT3
Info:             14x LUT4
Info:             49x LUT5
Info: Packing DRAM..
Info:    Transformed 0 tied-low DRAM address inputs to be tied-high
Info: Packing BRAM..
Info: Packing DSPs..
Info: Packing flipflops..
Info:     Created 114 SLICE_FFX cells from:
Info:            113x FDCE
Info:              1x FDPE
Info:     local-const FF control: disconnected 0 SR(=GND) + 33 CE(=VCC) pins from global nets
Info: Constrained 81 LUTFF pairs.

Info: Annotating ports with timing budgets for target frequency 100.00 MHz
Info: Checksum: 0xc6cd78cf

Info: Device utilisation:
Info: 	          SLICE_LUTX:   331/269200     0%
Info: 	           SLICE_FFX:   114/269200     0%
Info: 	              CARRY4:    15/33650     0%
Info: 	          PSEUDO_GND:     1/69165     0%
Info: 	          PSEUDO_VCC:     1/69165     0%
Info: 	               HARD0:     0/ 3960     0%
Info: 	            RAMB18E1:     0/  730     0%
Info: 	            FIFO18E1:     0/  365     0%
Info: 	        RAMBFIFO36E1:     0/  365     0%
Info: 	            RAMB36E1:     0/  365     0%
Info: 	             DSP48E1:     0/  740     0%
Info: 	                 PAD:    46/ 1062     4%
Info: 	       IOB33M_OUTBUF:     0/  240     0%
Info: 	       IOB33S_OUTBUF:     0/  240     0%
Info: 	        IOB33_OUTBUF:    33/  500     6%
Info: 	     IOB33M_INBUF_EN:     0/  240     0%
Info: 	     IOB33S_INBUF_EN:     0/  240     0%
Info: 	      IOB33_INBUF_EN:    13/  500     2%
Info: 	IOB33M_TERM_OVERRIDE:     0/  240     0%
Info: 	IOB33S_TERM_OVERRIDE:     0/  240     0%
Info: 	 IOB33_TERM_OVERRIDE:     0/  500     0%
Info: 	       PULL_OR_KEEP1:     0/  980     0%
Info: 	            IDELAYE2:     0/  500     0%
Info: 	        OLOGICE3_TFF:     0/  500     0%
Info: 	      OLOGICE3_OUTFF:     0/  500     0%
Info: 	       OLOGICE3_MISR:     0/  500     0%
Info: 	           OSERDESE2:     0/  500     0%
Info: 	        ILOGICE3_IFF:     0/  500     0%
Info: 	ILOGICE3_ZHOLD_DELAY:     0/  500     0%
Info: 	           ISERDESE2:     0/  500     0%
Info: 	                BUFR:     0/   40     0%
Info: 	               BUFIO:     0/   40     0%
Info: 	          IDELAYCTRL:     0/   10     0%
Info: 	            BUFGCTRL:     1/   32     3%
Info: 	            PCIE_2_1:     0/    1     0%
Info: 	               BSCAN:     0/    4     0%
Info: 	                BUFG:     0/   32     0%
Info: 	              BUFHCE:     0/  120     0%
Info: 	            DCIRESET:     0/    1     0%
Info: 	            DNA_PORT:     0/    1     0%
Info: 	           EFUSE_USR:     0/    1     0%
Info: 	           FRAME_ECC:     0/    1     0%
Info: 	       GTPE2_CHANNEL:     0/   16     0%
Info: 	        GTPE2_COMMON:     0/    4     0%
Info: 	         IBUFDS_GTE2:     0/    8     0%
Info: 	                ICAP:     0/    2     0%
Info: 	            INVERTER:     0/  240     0%
Info: 	          MMCME2_ADV:     0/   10     0%
Info: 	        OLOGICE2_TFF:     0/  500     0%
Info: 	      OLOGICE2_OUTFF:     0/  500     0%
Info: 	           PLLE2_ADV:     0/   10     0%
Info: 	           SELMUX2_1:     0/102950     0%
Info: 	             STARTUP:     0/    1     0%
Info: 	          USR_ACCESS:     0/    1     0%
Info: 	              BUFFER:     0/   82     0%
Info: 	        ILOGICE2_IFF:     0/  500     0%
Info: 	       OLOGICE2_MISR:     0/  500     0%

Info: HeAP congestion knobs: beta=0.400 spread_scale=2,1 alpha=0.080
Info: Placed 93 cells based on constraints.
Info: Creating initial analytic placement for 246 cells, random placement wirelen = 105082.
Info:     at initial placer iter 0, wirelen = 2247
Info:     at initial placer iter 1, wirelen = 2141
Info:     at initial placer iter 2, wirelen = 2015
Info:     at initial placer iter 3, wirelen = 2091
Info: Running main analytical placer.
Info:     at iteration #1, type ALL: wirelen solved = 2055, spread = 9542, legal = 8824; time = 1.36s
Info:     at iteration #2, type ALL: wirelen solved = 2232, spread = 5640, legal = 5808; time = 1.22s
Info:     at iteration #3, type ALL: wirelen solved = 2546, spread = 6645, legal = 6074; time = 0.68s
Info:     at iteration #4, type ALL: wirelen solved = 2701, spread = 5691, legal = 6034; time = 1.67s
Info:     at iteration #5, type ALL: wirelen solved = 2924, spread = 5451, legal = 5524; time = 0.60s
Info:     at iteration #6, type ALL: wirelen solved = 2970, spread = 5280, legal = 5312; time = 3.56s
Info:     at iteration #7, type ALL: wirelen solved = 3004, spread = 5173, legal = 5346; time = 0.67s
Info:     at iteration #8, type ALL: wirelen solved = 3164, spread = 5260, legal = 5515; time = 3.46s
Info:     at iteration #9, type ALL: wirelen solved = 3212, spread = 5249, legal = 5494; time = 1.08s
Info:     at iteration #10, type ALL: wirelen solved = 3292, spread = 5341, legal = 5675; time = 3.39s
Info:     at iteration #11, type ALL: wirelen solved = 3264, spread = 4721, legal = 5043; time = 2.44s
Info:     at iteration #12, type ALL: wirelen solved = 3263, spread = 5187, legal = 5387; time = 2.07s
Info:     at iteration #13, type ALL: wirelen solved = 3299, spread = 5179, legal = 5389; time = 1.17s
Info:     at iteration #14, type ALL: wirelen solved = 3326, spread = 5045, legal = 5323; time = 0.67s
Info:     at iteration #15, type ALL: wirelen solved = 3330, spread = 5006, legal = 5359; time = 1.85s
Info:     at iteration #16, type ALL: wirelen solved = 3306, spread = 5185, legal = 5469; time = 1.44s
Info: HeAP Placer Time: 34.58s
Info:   of which solving equations: 6.62s
Info:   of which spreading cells: 10.38s
Info:   of which strict legalisation: 8.30s

Info: Running simulated annealing placer for refinement.
Info:   at iteration #1: temp = 0.000000, timing cost = 31, wirelen = 5043
Info:   at iteration #5: temp = 0.000000, timing cost = 30, wirelen = 4398
Info:   at iteration #10: temp = 0.000000, timing cost = 29, wirelen = 4333
Info:   at iteration #11: temp = 0.000000, timing cost = 29, wirelen = 4330 
Info: SA placement time 5.30s

Info: Max frequency for clock 'u.clk': 119.66 MHz (PASS at 100.00 MHz)

Info: Slack histogram:
Info:  legend: * represents 1 endpoint(s)
Info:          + represents [1,1) endpoint(s)
Info: [  1643,   2009) |**** 
Info: [  2009,   2375) |******* 
Info: [  2375,   2741) |**** 
Info: [  2741,   3107) |**** 
Info: [  3107,   3473) |*** 
Info: [  3473,   3839) |****** 
Info: [  3839,   4205) |**** 
Info: [  4205,   4571) |*** 
Info: [  4571,   4937) |*** 
Info: [  4937,   5303) |*********** 
Info: [  5303,   5669) |**** 
Info: [  5669,   6035) |******** 
Info: [  6035,   6401) |************************ 
Info: [  6401,   6767) |************* 
Info: [  6767,   7133) |******** 
Info: [  7133,   7499) |********************************* 
Info: [  7499,   7865) |******************* 
Info: [  7865,   8231) |***************** 
Info: [  8231,   8597) |******** 
Info: [  8597,   8963) |************ 
Info: Checksum: 0x834af9c3
Info: Running post-placement legalisation...
Info: post-place repair: relocated 137 stranded cluster(s)/cell(s) to valid bels
Info: Routing global clocks...
Info:     routing clock 'u.clk'
Info:     routing clock 'clk$auto$IOBUF_O$'
Info: Running router2...
Info: Setting up routing resources...
Info: Running main router loop...
Info:     iter=1 wires=6430 overused=95 overuse=96 archfail=NA
Info:     iter=2 wires=6501 overused=0 overuse=0 archfail=0
Info: 1000 slowest nets by runtime:
                        $techmap2973$abc$2447$auto$blifparse.cc:557:parse_blif$2574.A[2]     50 11164.2ms
                        $techmap2973$abc$2447$auto$blifparse.cc:557:parse_blif$2574.A[0]     50 10324.3ms
                        $techmap2973$abc$2447$auto$blifparse.cc:557:parse_blif$2574.A[3]     50 6615.0ms
                                                               acc_out[26]$auto$IOBUF_I$      1 5223.6ms
                                                                     rst_n$auto$IOBUF_O$    114 3954.7ms
                        $techmap2973$abc$2447$auto$blifparse.cc:557:parse_blif$2574.A[1]     50 3478.3ms
                                                               acc_out[10]$auto$IOBUF_I$      1 2916.6ms
                                                                 valid_out$auto$IOBUF_I$     35 2842.9ms
                                                               acc_out[16]$auto$IOBUF_I$      1 2841.2ms
                        $techmap2977$abc$2447$auto$blifparse.cc:557:parse_blif$2571.A[4]     50 2767.6ms
                                  $abc$2447$auto$opt_dff.cc:336:make_patterns_logic$1236     32 2623.8ms
                                                               acc_out[30]$auto$IOBUF_I$      1 2598.8ms
                                                               acc_out[18]$auto$IOBUF_I$      1 2423.5ms
                                                                acc_out[2]$auto$IOBUF_I$      1 2040.4ms
                                                               acc_out[28]$auto$IOBUF_I$      1 2014.9ms
                                                                acc_out[3]$auto$IOBUF_I$      1 1950.7ms
                                                               acc_out[20]$auto$IOBUF_I$      1 1909.8ms
                                                                acc_out[4]$auto$IOBUF_I$      1 1767.7ms
                                                               acc_out[22]$auto$IOBUF_I$      1 1652.8ms
                                                               acc_out[23]$auto$IOBUF_I$      1 1624.8ms
                                                               acc_out[25]$auto$IOBUF_I$      1 1588.1ms
                                                               acc_out[17]$auto$IOBUF_I$      1 1504.8ms
                                                                acc_out[0]$auto$IOBUF_I$      1 1489.5ms
                                                               acc_out[13]$auto$IOBUF_I$      1 1476.6ms
                                                               acc_out[24]$auto$IOBUF_I$      1 1442.2ms
                                                                acc_out[6]$auto$IOBUF_I$      1 1348.2ms
                                                               acc_out[11]$auto$IOBUF_I$      1 1195.7ms
                                               $abc$2447$auto$rtlil.cc:3501:NotGate$2436      1 1022.8ms
                                                               acc_out[12]$auto$IOBUF_I$      1 1008.8ms
                                               $abc$2447$auto$rtlil.cc:3501:NotGate$2336      1 1006.5ms
                                                               acc_out[14]$auto$IOBUF_I$      1 929.4ms
                                                               acc_out[31]$auto$IOBUF_I$      1 900.0ms
                                                                acc_out[7]$auto$IOBUF_I$      1 877.7ms
                                               $abc$2447$auto$rtlil.cc:3501:NotGate$2312      1 746.1ms
                                                               acc_out[19]$auto$IOBUF_I$      1 711.5ms
                                               $abc$2447$auto$rtlil.cc:3501:NotGate$2444      1 692.2ms
                                                               acc_out[15]$auto$IOBUF_I$      1 671.7ms
                                               $abc$2447$auto$rtlil.cc:3501:NotGate$2346      1 665.5ms
                                               $abc$2447$auto$rtlil.cc:3501:NotGate$2282      1 638.3ms
                                                                acc_out[8]$auto$IOBUF_I$      1 599.3ms
                                               $abc$2447$auto$rtlil.cc:3501:NotGate$2440      1 598.4ms
                                                             weight_enc[1]$auto$IOBUF_O$      9 586.9ms
                                               $abc$2447$auto$rtlil.cc:3501:NotGate$2228      1 584.7ms
                                             $auto$alumacc.cc:512:replace_alu$1243.Y[23]      2 558.9ms
                                                                              u.count[1]      3 551.2ms
                                                               acc_out[21]$auto$IOBUF_I$      1 490.3ms
                                                                acc_out[9]$auto$IOBUF_I$      1 480.4ms
                                                               acc_out[27]$auto$IOBUF_I$      1 464.2ms
                                               $abc$2447$auto$rtlil.cc:3501:NotGate$2240      1 451.9ms
                                                $abc$2447$flatten\u.$0\acc_out[31:0][11]      1 438.3ms
                                                                      u.weighted_ext[10]     48 437.0ms
                                               $abc$2447$auto$rtlil.cc:3501:NotGate$2350      1 410.2ms
                                             $auto$alumacc.cc:512:replace_alu$1243.Y[24]      2 405.6ms
                                               $abc$2447$auto$rtlil.cc:3501:NotGate$2298      1 397.5ms
                                               $abc$2447$auto$rtlil.cc:3501:NotGate$2250      1 390.6ms
                                             $auto$alumacc.cc:512:replace_alu$1243.Y[13]      2 369.3ms
                                               $abc$2447$auto$rtlil.cc:3501:NotGate$2382      1 363.2ms
                                             $auto$alumacc.cc:512:replace_alu$1243.Y[25]      2 356.2ms
                                                                       u.weighted_ext[6]      2 350.2ms
                                             $auto$alumacc.cc:512:replace_alu$1246.Y[15]      1 340.2ms
                                                                      u.result_latch[10]      1 335.1ms
                                                 $abc$2447$flatten\u.$procmux$1136_Y[13]      1 331.9ms
                                               $abc$2447$auto$rtlil.cc:3501:NotGate$2256      1 324.2ms
                                                $abc$2447$flatten\u.$0\acc_out[31:0][30]      1 317.2ms
                                               $abc$2447$auto$rtlil.cc:3501:NotGate$2332      1 315.4ms
                                                                acc_out[1]$auto$IOBUF_I$      1 308.7ms
                                                 $abc$2447$flatten\u.$0\acc_out[31:0][2]      1 307.6ms
                                               $abc$2447$auto$rtlil.cc:3501:NotGate$2326      1 305.2ms
                                                             weight_enc[0]$auto$IOBUF_O$      9 290.8ms
                                               $abc$2447$auto$rtlil.cc:3501:NotGate$2410      1 290.7ms
                                               $abc$2447$auto$rtlil.cc:3501:NotGate$2438      1 288.3ms
                                              $auto$alumacc.cc:512:replace_alu$1243.Y[1]      2 285.3ms
                                               $abc$2447$auto$rtlil.cc:3501:NotGate$2414      1 284.3ms
                                                                              u.count[9]      3 281.2ms
                                                $abc$2447$flatten\u.$0\acc_out[31:0][16]      1 266.3ms
                                                 $abc$2447$flatten\u.$0\acc_out[31:0][9]      1 262.9ms
                                                 $abc$2447$flatten\u.$procmux$1136_Y[15]      1 260.4ms
                                               $abc$2447$auto$rtlil.cc:3501:NotGate$2310      1 254.9ms
                                              $auto$alumacc.cc:512:replace_alu$1246.Y[5]      1 247.8ms
                                               $abc$2447$auto$rtlil.cc:3501:NotGate$2284      1 247.4ms
                                                             u.weighted_ext[10]$legal$59      1 247.1ms
                                               $abc$2447$auto$rtlil.cc:3501:NotGate$2320      1 240.3ms
                                               $abc$2447$auto$rtlil.cc:3501:NotGate$2430      1 239.7ms
                                               $abc$2447$auto$rtlil.cc:3501:NotGate$2380      1 239.1ms
                                             $auto$alumacc.cc:512:replace_alu$1243.Y[31]      2 238.8ms
                                             $auto$alumacc.cc:512:replace_alu$1243.Y[21]      2 238.2ms
                                               $abc$2447$auto$rtlil.cc:3501:NotGate$2384      1 235.8ms
                                               $abc$2447$auto$rtlil.cc:3501:NotGate$2288      1 233.9ms
                                             $auto$alumacc.cc:512:replace_alu$1243.Y[12]      2 229.2ms
                                                                       u.result_latch[6]      1 223.9ms
                                                                              u.count[7]      3 218.4ms
                                             $auto$alumacc.cc:512:replace_alu$1243.Y[26]      2 214.3ms
                                              $auto$alumacc.cc:512:replace_alu$1246.Y[4]      1 213.9ms
                                             $abc$2447$auto$rtlil.cc:3267:ReduceAnd$1250      1 213.3ms
                                                             activation[2]$auto$IOBUF_O$      2 207.1ms
                                                                       u.result_latch[2]      1 205.8ms
                                                             u.weighted_ext[10]$legal$53      1 198.8ms
                                               $abc$2447$auto$rtlil.cc:3501:NotGate$2254      1 197.9ms
                                                 $abc$2447$flatten\u.$procmux$1142_Y[26]      1 197.9ms
                                                                             u.count[12]      3 196.1ms
                                                 $abc$2447$flatten\u.$0\acc_out[31:0][8]      1 190.4ms
                                                               $PACKER_GND_NET$legal$111      1 190.4ms
                                              $auto$alumacc.cc:512:replace_alu$1246.Y[9]      1 189.4ms
                                               $abc$2447$auto$rtlil.cc:3501:NotGate$2224      1 185.2ms
                                                                      u.result_latch[14]      1 183.4ms
                                                                                u.acc[5]      1 183.2ms
                                                  $abc$2447$flatten\u.$procmux$1142_Y[6]      1 178.7ms
                                               $abc$2447$auto$rtlil.cc:3501:NotGate$2234      1 177.6ms
                                                             activation[6]$auto$IOBUF_O$      2 173.9ms
                                               $abc$2447$auto$rtlil.cc:3501:NotGate$2360      1 172.8ms
                                                               $PACKER_GND_NET$legal$131      1 162.6ms
                                                $abc$2447$flatten\u.$0\acc_out[31:0][18]      1 161.7ms
                                               $abc$2447$auto$rtlil.cc:3501:NotGate$2340      1 161.6ms
                                               $abc$2447$auto$rtlil.cc:3501:NotGate$2238      1 160.9ms
                                               $abc$2447$auto$rtlil.cc:3501:NotGate$2322      1 157.6ms
                                                             activation[1]$auto$IOBUF_O$      2 157.0ms
                                                                              u.count[6]      3 156.6ms
                                                $abc$2447$flatten\u.$0\acc_out[31:0][10]      1 153.6ms
                                                                      u.result_latch[26]      1 152.4ms
                                               $abc$2447$auto$rtlil.cc:3501:NotGate$2244      1 149.1ms
                                               $abc$2447$auto$rtlil.cc:3501:NotGate$2268      1 147.8ms
                                                                       u.result_latch[9]      1 146.9ms
                                              $auto$alumacc.cc:512:replace_alu$1246.Y[8]      1 146.7ms
                                                 $abc$2447$flatten\u.$procmux$1136_Y[14]      1 144.4ms
                                               $abc$2447$auto$rtlil.cc:3501:NotGate$2290      1 143.5ms
                                                                               u.acc[14]      1 140.9ms
                                                $abc$2447$flatten\u.$0\acc_out[31:0][14]      1 138.5ms
                                               $abc$2447$auto$rtlil.cc:3501:NotGate$2392      1 137.6ms
                                              $auto$alumacc.cc:512:replace_alu$1246.Y[6]      1 136.6ms
                                                $abc$2447$flatten\u.$0\acc_out[31:0][24]      1 136.2ms
                                                  $abc$2447$flatten\u.$procmux$1142_Y[7]      1 135.4ms
                                               $abc$2447$auto$rtlil.cc:3501:NotGate$2366      1 126.8ms
                                                 $abc$2447$flatten\u.$0\acc_out[31:0][6]      1 125.4ms
                                                 $abc$2447$flatten\u.$0\acc_out[31:0][7]      1 124.4ms
                                               $abc$2447$auto$rtlil.cc:3501:NotGate$2314      1 122.7ms
                                                                             u.count[14]      3 120.2ms
                                               $abc$2447$auto$rtlil.cc:3501:NotGate$2404      1 112.6ms
                                               $abc$2447$auto$rtlil.cc:3501:NotGate$2264      1 111.5ms
                                               $abc$2447$auto$rtlil.cc:3501:NotGate$2258      1 111.5ms
                                                                             u.count[11]      3 108.4ms
                                             $auto$alumacc.cc:512:replace_alu$1243.Y[16]      2 108.1ms
                                               $abc$2447$auto$rtlil.cc:3501:NotGate$2396      1 105.3ms
                                                $abc$2447$flatten\u.$0\acc_out[31:0][31]      1 101.5ms
                                               $abc$2447$auto$rtlil.cc:3501:NotGate$2334      1 98.3ms
                                                $abc$2447$flatten\u.$0\acc_out[31:0][19]      1 97.2ms
                                                                       u.weighted_ext[7]      2 94.3ms
                                               $abc$2447$auto$rtlil.cc:3501:NotGate$2304      1 94.1ms
                                               $abc$2447$auto$rtlil.cc:3501:NotGate$2344      1 94.0ms
                                                                       u.result_latch[7]      1 92.7ms
                                                 $abc$2447$flatten\u.$procmux$1136_Y[12]      1 91.7ms
                                                                               u.acc[23]      1 91.0ms
                                                  $abc$2447$flatten\u.$procmux$1136_Y[4]      1 89.3ms
                                                 $abc$2447$flatten\u.$0\acc_out[31:0][0]      1 89.1ms
                                                  $abc$2447$flatten\u.$procmux$1136_Y[2]      1 87.9ms
                                                                acc_out[5]$auto$IOBUF_I$      1 87.6ms
                                               $abc$2447$auto$rtlil.cc:3501:NotGate$2236      1 85.4ms
                                               $abc$2447$auto$rtlil.cc:3501:NotGate$2364      1 83.1ms
                                                 $abc$2447$flatten\u.$procmux$1142_Y[31]      1 82.0ms
                                                                               u.acc[24]      1 78.9ms
                                               $abc$2447$auto$rtlil.cc:3501:NotGate$2246      1 72.3ms
                                               $abc$2447$auto$rtlil.cc:3501:NotGate$2424      1 71.4ms
                                                                             u.count[13]      3 71.0ms
                                                                               u.acc[27]      1 70.9ms
                                                 $abc$2447$flatten\u.$procmux$1142_Y[18]      1 70.8ms
                                                $abc$2447$flatten\u.$0\acc_out[31:0][15]      1 68.7ms
                                             $auto$alumacc.cc:512:replace_alu$1243.Y[17]      2 68.6ms
                                              $auto$alumacc.cc:512:replace_alu$1243.Y[7]      2 68.4ms
                                               $abc$2447$auto$rtlil.cc:3501:NotGate$2230      1 67.2ms
                                               $abc$2447$auto$rtlil.cc:3501:NotGate$2408      1 66.7ms
                                              $auto$alumacc.cc:512:replace_alu$1243.Y[2]      2 65.9ms
                                                                       u.result_latch[1]      1 65.7ms
                                              $auto$alumacc.cc:512:replace_alu$1243.Y[4]      2 63.6ms
                                                                      u.result_latch[21]      1 61.6ms
                                             $auto$alumacc.cc:512:replace_alu$1243.Y[19]      2 60.9ms
                                              $auto$alumacc.cc:512:replace_alu$1243.Y[9]      2 60.6ms
                                               $abc$2447$auto$rtlil.cc:3501:NotGate$2420      1 60.2ms
                                              $auto$alumacc.cc:512:replace_alu$1251.Y[2]      1 58.1ms
                                               $abc$2447$auto$rtlil.cc:3501:NotGate$2302      1 57.7ms
                                                 $abc$2447$flatten\u.$procmux$1142_Y[25]      1 56.7ms
                                              $auto$alumacc.cc:512:replace_alu$1243.Y[3]      2 55.9ms
                                               $abc$2447$auto$rtlil.cc:3501:NotGate$2278      1 55.4ms
                                                                      u.result_latch[11]      1 55.2ms
                                                 $abc$2447$flatten\u.$procmux$1142_Y[16]      1 55.2ms
                                               $abc$2447$auto$rtlil.cc:3501:NotGate$2318      1 54.9ms
                                                                              u.count[5]      3 53.3ms
                                             $auto$alumacc.cc:512:replace_alu$1243.Y[22]      2 53.1ms
                                               $abc$2447$auto$rtlil.cc:3501:NotGate$2294      1 52.3ms
                                               $abc$2447$auto$rtlil.cc:3501:NotGate$2368      1 52.3ms
                                                 $abc$2447$flatten\u.$procmux$1142_Y[17]      1 51.8ms
                                                                               u.acc[30]      1 51.7ms
                                             $auto$alumacc.cc:512:replace_alu$1243.Y[10]      2 51.3ms
                                                               $PACKER_GND_NET$legal$105      1 50.0ms
                                               $abc$2447$auto$rtlil.cc:3501:NotGate$2352      1 49.5ms
                                               $abc$2447$auto$rtlil.cc:3501:NotGate$2394      1 49.5ms
                                               $abc$2447$auto$rtlil.cc:3501:NotGate$2418      1 48.9ms
                                                                      u.result_latch[25]      1 48.6ms
                                               $abc$2447$auto$rtlil.cc:3501:NotGate$2388      1 48.1ms
                                               $abc$2447$auto$rtlil.cc:3501:NotGate$2348      1 47.8ms
                                                $abc$2447$flatten\u.$0\acc_out[31:0][26]      1 47.8ms
                                               $abc$2447$auto$rtlil.cc:3501:NotGate$2428      1 46.7ms
                                                             u.weighted_ext[10]$legal$61      1 45.8ms
                                                $abc$2447$flatten\u.$0\acc_out[31:0][13]      1 42.9ms
                                               $abc$2447$auto$rtlil.cc:3501:NotGate$2316      1 42.3ms
                                                  $abc$2447$flatten\u.$procmux$1136_Y[8]      1 42.1ms
                                                  $abc$2447$flatten\u.$procmux$1142_Y[3]      1 41.9ms
                                               $abc$2447$auto$rtlil.cc:3501:NotGate$2354      1 41.4ms
                                                                     u.count[3]$legal$73      1 41.4ms
                                                             u.weighted_ext[10]$legal$41      1 39.0ms
                                               $abc$2447$auto$rtlil.cc:3501:NotGate$2292      1 38.9ms
                                                                       u.result_latch[4]      1 38.9ms
                                                                      u.result_latch[31]      1 38.7ms
                                               $abc$2447$auto$rtlil.cc:3501:NotGate$2416      1 37.9ms
                                                                             u.count[15]      3 37.8ms
                                              $auto$alumacc.cc:512:replace_alu$1243.Y[5]      2 37.7ms
                                                $abc$2447$flatten\u.$0\acc_out[31:0][25]      1 37.1ms
                                                 $abc$2447$flatten\u.$procmux$1142_Y[24]      1 36.2ms
                                               $abc$2447$auto$rtlil.cc:3501:NotGate$2372      1 36.0ms
                                                 $abc$2447$flatten\u.$procmux$1136_Y[10]      1 36.0ms
                                               $abc$2447$auto$rtlil.cc:3501:NotGate$2328      1 35.3ms
                                                             activation[4]$auto$IOBUF_O$      2 35.2ms
                                               $abc$2447$auto$rtlil.cc:3501:NotGate$2356      1 34.9ms
                                                  $abc$2447$flatten\u.$procmux$1142_Y[0]      1 34.5ms
                                             $auto$alumacc.cc:512:replace_alu$1246.Y[14]      1 33.9ms
                                                                      u.result_latch[23]      1 33.5ms
                                               $abc$2447$auto$rtlil.cc:3501:NotGate$2300      1 33.2ms
                                                 $abc$2447$flatten\u.$procmux$1142_Y[21]      1 33.2ms
                                                  $abc$2447$flatten\u.$procmux$1142_Y[9]      1 32.7ms
                                             $auto$alumacc.cc:512:replace_alu$1243.Y[18]      2 32.4ms
                                                $abc$2447$flatten\u.$0\acc_out[31:0][17]      1 32.3ms
                                              $auto$alumacc.cc:512:replace_alu$1243.Y[6]      2 32.1ms
                                                                   u.vector_done_delayed      1 31.9ms
                                                                      u.result_latch[24]      1 31.8ms
                                                 $abc$2447$flatten\u.$procmux$1142_Y[23]      1 31.7ms
                                               $abc$2447$auto$rtlil.cc:3501:NotGate$2390      1 31.3ms
                                               $abc$2447$auto$rtlil.cc:3501:NotGate$2362      1 31.2ms
                                              $auto$alumacc.cc:512:replace_alu$1251.Y[5]      1 30.9ms
                                             $auto$alumacc.cc:512:replace_alu$1243.Y[29]      2 30.7ms
                                               $abc$2447$auto$rtlil.cc:3501:NotGate$2260      1 30.7ms
                                                               acc_out[29]$auto$IOBUF_I$      1 30.5ms
                                                                                u.acc[2]      1 30.3ms
                                                                                u.acc[1]      1 30.1ms
                                               $abc$2447$auto$rtlil.cc:3501:NotGate$2402      1 29.7ms
                                                                      u.result_latch[18]      1 29.6ms
                                                                    u.count[10]$legal$87      1 29.3ms
                                              $auto$alumacc.cc:512:replace_alu$1246.Y[7]      1 29.3ms
                                              $auto$alumacc.cc:512:replace_alu$1246.Y[2]      1 28.8ms
                                             $auto$alumacc.cc:512:replace_alu$1243.Y[27]      2 28.7ms
                                             $auto$alumacc.cc:512:replace_alu$1243.Y[30]      2 28.7ms
                                              $auto$alumacc.cc:512:replace_alu$1246.Y[1]      1 28.1ms
                                             $auto$alumacc.cc:512:replace_alu$1246.Y[12]      1 27.8ms
                                                                                   u.clk    114 27.8ms
                                              $auto$alumacc.cc:512:replace_alu$1251.Y[4]      1 27.4ms
                                             $auto$alumacc.cc:512:replace_alu$1243.Y[20]      2 27.2ms
                                                                              u.count[3]      3 26.7ms
                                                                               u.acc[28]      1 26.4ms
                                                  $abc$2447$flatten\u.$procmux$1136_Y[6]      1 25.9ms
                                               $abc$2447$auto$rtlil.cc:3501:NotGate$2270      1 25.7ms
                                               $abc$2447$auto$rtlil.cc:3501:NotGate$2412      1 25.6ms
                                               $abc$2447$auto$rtlil.cc:3501:NotGate$2220      1 25.6ms
                                               $abc$2447$auto$rtlil.cc:3501:NotGate$2272      1 25.5ms
                                                                       u.result_latch[3]      1 25.4ms
                                                                             u.count[10]      3 25.3ms
                                               $abc$2447$auto$rtlil.cc:3501:NotGate$2286      1 24.1ms
                                               $abc$2447$auto$rtlil.cc:3501:NotGate$2446      1 23.6ms
                                               $abc$2447$auto$rtlil.cc:3501:NotGate$2422      1 22.8ms
                                                                               u.acc[13]      1 22.3ms
                                                  $abc$2447$flatten\u.$procmux$1142_Y[5]      1 22.1ms
                                                 $abc$2447$flatten\u.$procmux$1142_Y[10]      1 21.9ms
                                                                    u.count[11]$legal$89      1 21.7ms
                                               $abc$2447$auto$rtlil.cc:3501:NotGate$2242      1 21.7ms
                                               $abc$2447$auto$rtlil.cc:3501:NotGate$2248      1 21.2ms
                                                                       u.result_latch[8]      1 21.0ms
                                                                              u.count[4]      3 21.0ms
                                               $abc$2447$auto$rtlil.cc:3501:NotGate$2324      1 20.7ms
                                                                       u.result_latch[0]      1 20.6ms
                                               $abc$2447$auto$rtlil.cc:3501:NotGate$2426      1 20.5ms
                                                 $abc$2447$flatten\u.$procmux$1142_Y[19]      1 20.4ms
                                                                      u.result_latch[29]      1 20.1ms
                                                $abc$2447$flatten\u.$0\acc_out[31:0][28]      1 20.0ms
                                                                       u.weighted_ext[2]      2 19.7ms
                                                                               u.acc[16]      1 19.6ms
                                             $auto$alumacc.cc:512:replace_alu$1243.Y[15]      2 19.5ms
                                               $abc$2447$auto$rtlil.cc:3501:NotGate$2262      1 19.5ms
                                               $abc$2447$auto$rtlil.cc:3501:NotGate$2434      1 19.4ms
                                             $auto$alumacc.cc:512:replace_alu$1246.Y[13]      1 19.3ms
                                                                  valid_in$auto$IOBUF_O$      1 19.2ms
                                                                       u.weighted_ext[0]      2 18.5ms
                                                                     u.count[6]$legal$79      1 18.3ms
                                                $abc$2447$flatten\u.$0\acc_out[31:0][12]      1 18.3ms
                                                                               u.acc[21]      1 18.2ms
                                                                               u.acc[25]      1 17.4ms
                                               $abc$2447$auto$rtlil.cc:3501:NotGate$2338      1 17.3ms
                                                                                u.acc[0]      1 17.1ms
                                               $abc$2447$auto$rtlil.cc:3501:NotGate$2398      1 16.2ms
                                             $auto$alumacc.cc:512:replace_alu$1251.BB[7]      2 16.1ms
                                                                              u.count[8]      3 16.1ms
                                                 $abc$2447$flatten\u.$procmux$1142_Y[15]      1 14.1ms
                                               $abc$2447$auto$rtlil.cc:3501:NotGate$2400      1 14.0ms
                                                  $abc$2447$flatten\u.$procmux$1142_Y[8]      1 14.0ms
                                               $abc$2447$auto$rtlil.cc:3501:NotGate$2406      1 13.8ms
                                               $abc$2447$auto$rtlil.cc:3501:NotGate$2232      1 13.6ms
                                             $auto$alumacc.cc:512:replace_alu$1243.Y[28]      2 13.5ms
                                               $abc$2447$auto$rtlil.cc:3501:NotGate$2252      1 13.2ms
                                                $abc$2447$flatten\u.$0\acc_out[31:0][21]      1 12.9ms
                                             $auto$alumacc.cc:512:replace_alu$1243.Y[11]      2 12.3ms
                                                             activation[7]$auto$IOBUF_O$      3 12.1ms
                                                $abc$2447$flatten\u.$0\acc_out[31:0][22]      1 12.0ms
                                               $abc$2447$auto$rtlil.cc:3501:NotGate$2276      1 11.9ms
                                               $abc$2447$auto$rtlil.cc:3501:NotGate$2306      1 11.7ms
                                                 $abc$2447$flatten\u.$procmux$1142_Y[22]      1 11.7ms
                                                                               u.acc[17]      1 11.4ms
                                               $abc$2447$auto$rtlil.cc:3501:NotGate$2308      1 11.3ms
                                                                      u.result_latch[12]      1 11.2ms
                                                                       u.weighted_ext[3]      2 10.8ms
                                                                     u.count[9]$legal$85      1 10.4ms
                                                 $abc$2447$flatten\u.$procmux$1142_Y[29]      1 10.4ms
                                              $auto$alumacc.cc:512:replace_alu$1243.Y[8]      2 10.3ms
                                                  $abc$2447$flatten\u.$procmux$1142_Y[4]      1 10.3ms
                                             $auto$alumacc.cc:512:replace_alu$1243.Y[14]      2 10.2ms
                                             $auto$alumacc.cc:512:replace_alu$1246.Y[10]      1 10.2ms
                                                $abc$2447$flatten\u.$0\acc_out[31:0][27]      1 9.8ms
                                               $abc$2447$auto$rtlil.cc:3501:NotGate$2374      1 9.7ms
                                                             u.weighted_ext[10]$legal$55      1 9.4ms
                                                                      u.result_latch[27]      1 9.4ms
                                               $abc$2447$auto$rtlil.cc:3501:NotGate$2266      1 9.4ms
                                              $auto$alumacc.cc:512:replace_alu$1251.Y[7]      1 9.3ms
                                               $abc$2447$auto$rtlil.cc:3501:NotGate$2432      1 8.8ms
                                                               $PACKER_GND_NET$legal$109      1 8.7ms
                                               $abc$2447$auto$rtlil.cc:3501:NotGate$2358      1 8.7ms
                                              $auto$alumacc.cc:512:replace_alu$1246.Y[3]      1 8.6ms
                                                  $abc$2447$flatten\u.$procmux$1136_Y[0]      1 8.4ms
                                                 $abc$2447$flatten\u.$procmux$1142_Y[30]      1 8.0ms
                                               $abc$2447$auto$rtlil.cc:3501:NotGate$2376      1 7.9ms
                                                                               u.acc[26]      1 7.8ms
                                                                               u.acc[20]      1 7.8ms
                                                                                u.acc[7]      1 7.7ms
                                                               u.weighted_ext[4]$legal$9      1 7.5ms
                                                                               u.acc[12]      1 7.0ms
                                                                      u.result_latch[19]      1 6.9ms
                                               $abc$2447$auto$rtlil.cc:3501:NotGate$2296      1 6.7ms
                                                                       clk$auto$IOBUF_O$      1 6.7ms
                                                                      u.result_latch[20]      1 6.6ms
                                                                $PACKER_GND_NET$legal$99      1 6.5ms
                                              $auto$alumacc.cc:512:replace_alu$1246.Y[0]      1 6.5ms
                                                               $PACKER_GND_NET$legal$115      1 6.4ms
                                                               u.weighted_ext[0]$legal$1      1 6.4ms
                                                 $abc$2447$flatten\u.$procmux$1142_Y[13]      1 6.3ms
                                                                               u.acc[29]      1 6.3ms
                                                                               u.acc[18]      1 6.3ms
                                                  $abc$2447$flatten\u.$procmux$1136_Y[1]      1 6.2ms
                                               $abc$2447$auto$rtlil.cc:3501:NotGate$2280      1 6.2ms
                                                                       u.result_latch[5]      1 6.0ms
                                               $abc$2447$auto$rtlil.cc:3501:NotGate$2226      1 5.9ms
                                              $auto$alumacc.cc:512:replace_alu$1251.Y[1]      1 5.7ms
                                               $abc$2447$auto$rtlil.cc:3501:NotGate$2378      1 5.6ms
                                                                             acc_out[19]      1 5.6ms
                                                             activation[0]$auto$IOBUF_O$      2 5.5ms
                                                                     u.count[0]$legal$65      1 5.5ms
                                              $auto$alumacc.cc:512:replace_alu$1243.Y[0]      2 5.5ms
                                                 $abc$2447$flatten\u.$procmux$1142_Y[11]      1 5.4ms
                                                 $abc$2447$flatten\u.$0\acc_out[31:0][4]      1 5.2ms
                                                                                u.acc[6]      1 5.1ms
                                                  $abc$2447$flatten\u.$procmux$1136_Y[3]      1 5.0ms
                                               $abc$2447$auto$rtlil.cc:3501:NotGate$2442      1 4.8ms
                                                             activation[3]$auto$IOBUF_O$      2 4.8ms
                                                  $abc$2447$flatten\u.$procmux$1142_Y[2]      1 4.7ms
                                                                              u.count[2]      3 4.6ms
                                                                       u.weighted_ext[4]      2 4.4ms
                                                                               u.acc[31]      1 4.3ms
                                                               u.weighted_ext[2]$legal$5      1 4.3ms
                                                 $abc$2447$flatten\u.$procmux$1142_Y[20]      1 4.2ms
                                              $auto$alumacc.cc:512:replace_alu$1251.Y[8]      1 4.2ms
                                                                              u.count[0]      3 4.1ms
                                                             u.weighted_ext[10]$legal$39      1 4.0ms
                                              $auto$alumacc.cc:512:replace_alu$1251.Y[0]      1 3.8ms
                                                                     u.count[4]$legal$75      1 3.8ms
                                               $abc$2447$auto$rtlil.cc:3501:NotGate$2330      1 3.8ms
                                                                               u.acc[19]      1 3.6ms
                                               $abc$2447$auto$rtlil.cc:3501:NotGate$2222      1 3.6ms
                                                              u.weighted_ext[5]$legal$11      1 3.6ms
                                               $abc$2447$auto$rtlil.cc:3501:NotGate$2342      1 3.4ms
                                               $abc$2447$auto$rtlil.cc:3501:NotGate$2370      1 3.4ms
                                              $auto$alumacc.cc:512:replace_alu$1251.Y[3]      1 3.2ms
                                               $abc$2447$auto$rtlil.cc:3501:NotGate$2386      1 3.1ms
                                                $abc$2447$flatten\u.$0\acc_out[31:0][20]      1 3.1ms
                                                             u.weighted_ext[10]$legal$57      1 2.5ms
                                                 $abc$2447$flatten\u.$procmux$1136_Y[11]      1 2.5ms
                                                 $abc$2447$flatten\u.$procmux$1142_Y[14]      1 2.5ms
                                               $abc$2447$auto$rtlil.cc:3501:NotGate$2274      1 2.4ms
                                                             activation[5]$auto$IOBUF_O$      2 2.4ms
                                                                                u.acc[3]      1 2.3ms
                                                             u.weighted_ext[10]$legal$63      1 2.2ms
                                                                                u.acc[8]      1 2.1ms
                                                               u.weighted_ext[3]$legal$7      1 2.1ms
                                                 $abc$2447$flatten\u.$procmux$1142_Y[28]      1 2.0ms
                                                             u.weighted_ext[10]$legal$45      1 2.0ms
                                                                               u.acc[22]      1 1.8ms
                                                                      u.result_latch[30]      1 1.6ms
                                                                     u.count[7]$legal$81      1 1.6ms
                                                                    u.count[12]$legal$91      1 1.5ms
                                                                       u.weighted_ext[1]      2 1.4ms
                                                             u.weighted_ext[10]$legal$21      1 1.4ms
                                                                     u.count[2]$legal$71      1 1.4ms
                                                                                u.acc[4]      1 1.4ms
                                                                      u.result_latch[28]      1 1.4ms
                                                  $abc$2447$flatten\u.$procmux$1142_Y[1]      1 1.3ms
                                                                      u.result_latch[15]      1 1.3ms
                                                               $PACKER_GND_NET$legal$119      1 1.2ms
                                                                      u.result_latch[13]      1 1.2ms
                                                                               u.acc[10]      1 1.1ms
                                                                    u.count[13]$legal$93      1 1.1ms
                                                                      u.result_latch[16]      1 1.1ms
                                                                     u.count[0]$legal$67      1 1.1ms
                                              $auto$alumacc.cc:512:replace_alu$1251.Y[6]      1 1.1ms
                                                $abc$2447$flatten\u.$0\acc_out[31:0][29]      1 1.1ms
                                                               $PACKER_GND_NET$legal$101      1 1.1ms
                                                             u.weighted_ext[10]$legal$33      1 1.1ms
                                                                       u.weighted_ext[5]      2 1.0ms
                                                               $PACKER_GND_NET$legal$103      1 1.0ms
                                                 $abc$2447$flatten\u.$procmux$1142_Y[27]      1 0.9ms
                                                                                u.acc[9]      1 0.9ms
                                                             u.weighted_ext[10]$legal$31      1 0.9ms
                                                                      u.result_latch[22]      1 0.9ms
                                                 $abc$2447$flatten\u.$procmux$1142_Y[12]      1 0.8ms
                                             $auto$alumacc.cc:512:replace_alu$1246.Y[11]      1 0.8ms
                                                               $PACKER_GND_NET$legal$107      1 0.8ms
                                                               u.weighted_ext[1]$legal$3      1 0.8ms
                                                                      u.result_latch[17]      1 0.7ms
                                                                               u.acc[15]      1 0.7ms
                                                                              acc_out[7]      1 0.7ms
                                                             u.weighted_ext[10]$legal$17      1 0.7ms
                                                 $abc$2447$flatten\u.$0\acc_out[31:0][5]      1 0.7ms
                                                 $abc$2447$flatten\u.$0\acc_out[31:0][1]      1 0.6ms
                                                  $abc$2447$flatten\u.$procmux$1136_Y[9]      1 0.6ms
                                                             u.weighted_ext[10]$legal$29      1 0.6ms
                                                                               u.acc[11]      1 0.6ms
                                             $auto$alumacc.cc:512:replace_alu$1243.X[26]      1 0.6ms
                                                             u.weighted_ext[10]$legal$49      1 0.6ms
                                                 $abc$2447$flatten\u.$0\acc_out[31:0][3]      1 0.5ms
                                                $abc$2447$flatten\u.$0\acc_out[31:0][23]      1 0.5ms
                                                  $abc$2447$flatten\u.$procmux$1136_Y[7]      1 0.5ms
                                                                    u.count[14]$legal$95      1 0.5ms
                                                             u.weighted_ext[10]$legal$23      1 0.5ms
                                                              u.weighted_ext[7]$legal$15      1 0.5ms
                                                  $abc$2447$flatten\u.$procmux$1136_Y[5]      1 0.5ms
                                                                             acc_out[14]      1 0.4ms
                                                                    u.count[15]$legal$97      1 0.4ms
                                                                             acc_out[13]      1 0.2ms
                                            $auto$alumacc.cc:512:replace_alu$1243.CO[19]      1 0.2ms
                                            $auto$alumacc.cc:512:replace_alu$1243.CO[27]      1 0.1ms
                                             $auto$alumacc.cc:512:replace_alu$1246.CO[7]      1 0.1ms
                                            $auto$alumacc.cc:512:replace_alu$1243.CO[23]      1 0.1ms
                                             $auto$alumacc.cc:512:replace_alu$1243.CO[3]      1 0.1ms
                                             $auto$alumacc.cc:512:replace_alu$1243.X[25]      1 0.1ms
                                            $auto$alumacc.cc:512:replace_alu$1243.CO[11]      1 0.0ms
                                                             u.weighted_ext[10]$legal$27      1 0.0ms
                                                             u.weighted_ext[10]$legal$25      1 0.0ms
                                             $auto$alumacc.cc:512:replace_alu$1243.X[17]      1 0.0ms
                                                               $PACKER_GND_NET$legal$123      1 0.0ms
                                            $auto$alumacc.cc:512:replace_alu$1243.CO[15]      1 0.0ms
                                                             u.weighted_ext[10]$legal$47      1 0.0ms
                                              $auto$alumacc.cc:512:replace_alu$1243.X[7]      1 0.0ms
                                                             u.weighted_ext[10]$legal$51      1 0.0ms
                                            $auto$alumacc.cc:512:replace_alu$1246.CO[11]      1 0.0ms
                                                                     u.count[1]$legal$69      1 0.0ms
                                             $auto$alumacc.cc:512:replace_alu$1251.CO[3]      1 0.0ms
                                             $auto$alumacc.cc:512:replace_alu$1243.X[15]      1 0.0ms
                                   $auto$alumacc.cc:512:replace_alu$1251.BB[7]$legal$113      1 0.0ms
                                                             u.weighted_ext[10]$legal$43      1 0.0ms
                                            $auto$alumacc.cc:512:replace_alu$1246.CO[10]      0 0.0ms
                                                             u.weighted_ext[10]$legal$37      1 0.0ms
                                                               $PACKER_GND_NET$legal$121      1 0.0ms
                                             $auto$alumacc.cc:512:replace_alu$1246.CO[3]      1 0.0ms
                                            $auto$alumacc.cc:512:replace_alu$1243.CO[13]      0 0.0ms
                                                                     u.count[8]$legal$83      1 0.0ms
                                             $auto$alumacc.cc:512:replace_alu$1251.BB[4]      1 0.0ms
                                             $auto$alumacc.cc:512:replace_alu$1243.X[18]      1 0.0ms
                                             $auto$alumacc.cc:512:replace_alu$1251.CO[7]      1 0.0ms
                                             $auto$alumacc.cc:512:replace_alu$1246.CO[8]      0 0.0ms
                                             $auto$alumacc.cc:512:replace_alu$1251.CO[5]      0 0.0ms
                                              $auto$alumacc.cc:512:replace_alu$1243.X[1]      1 0.0ms
                                                                     u.count[5]$legal$77      1 0.0ms
                                            $auto$alumacc.cc:512:replace_alu$1243.CO[30]      0 0.0ms
                                                              u.weighted_ext[6]$legal$13      1 0.0ms
                                            $auto$alumacc.cc:512:replace_alu$1243.CO[29]      0 0.0ms
                                             $auto$alumacc.cc:512:replace_alu$1243.CO[7]      1 0.0ms
                                                             u.weighted_ext[10]$legal$35      1 0.0ms
                                                             u.weighted_ext[10]$legal$19      1 0.0ms
                                              $auto$alumacc.cc:512:replace_alu$1246.X[9]      1 0.0ms
                                             $auto$alumacc.cc:512:replace_alu$1251.BB[1]      1 0.0ms
                                             $auto$alumacc.cc:512:replace_alu$1243.X[12]      1 0.0ms
                                                               $PACKER_GND_NET$legal$127      1 0.0ms
                                                                             acc_out[30]      1 0.0ms
                                     $auto$alumacc.cc:512:replace_alu$1251.genblk1.O[10]      0 0.0ms
                                              $auto$alumacc.cc:512:replace_alu$1246.X[4]      1 0.0ms
                                             $auto$alumacc.cc:512:replace_alu$1243.X[30]      1 0.0ms
                                                                               valid_out      1 0.0ms
                                                                             acc_out[29]      1 0.0ms
                                                                             acc_out[28]      1 0.0ms
                                                                             acc_out[27]      1 0.0ms
                                                                             acc_out[24]      1 0.0ms
                                                                             acc_out[21]      1 0.0ms
                                                                             acc_out[20]      1 0.0ms
                                                                             acc_out[18]      1 0.0ms
                                                                             acc_out[12]      1 0.0ms
                                                                             acc_out[11]      1 0.0ms
                                                                              acc_out[1]      1 0.0ms
                                              $auto$alumacc.cc:512:replace_alu$1246.X[1]      1 0.0ms
                                              $auto$alumacc.cc:512:replace_alu$1246.X[3]      1 0.0ms
                                              $auto$alumacc.cc:512:replace_alu$1246.X[2]      1 0.0ms
                                             $auto$alumacc.cc:512:replace_alu$1246.X[11]      1 0.0ms
                                             $auto$alumacc.cc:512:replace_alu$1246.X[12]      1 0.0ms
                                             $auto$alumacc.cc:512:replace_alu$1251.BB[0]      1 0.0ms
                                             $auto$alumacc.cc:512:replace_alu$1251.BB[2]      1 0.0ms
                                             $auto$alumacc.cc:512:replace_alu$1251.BB[3]      1 0.0ms
                                             $auto$alumacc.cc:512:replace_alu$1251.BB[6]      1 0.0ms
                                             $auto$alumacc.cc:512:replace_alu$1243.X[23]      1 0.0ms
                                             $auto$alumacc.cc:512:replace_alu$1243.X[24]      1 0.0ms
                                              $auto$alumacc.cc:512:replace_alu$1243.X[6]      1 0.0ms
                                             $auto$alumacc.cc:512:replace_alu$1243.X[29]      1 0.0ms
                                             $auto$alumacc.cc:512:replace_alu$1243.X[27]      1 0.0ms
                                             $auto$alumacc.cc:512:replace_alu$1243.X[31]      1 0.0ms
                                             $auto$alumacc.cc:512:replace_alu$1243.X[20]      1 0.0ms
                                              $auto$alumacc.cc:512:replace_alu$1243.X[9]      1 0.0ms
                                                               $PACKER_GND_NET$legal$129      1 0.0ms
                                                               $PACKER_GND_NET$legal$125      1 0.0ms
                                   $auto$alumacc.cc:512:replace_alu$1251.BB[7]$legal$117      1 0.0ms
                                                                         $PACKER_VCC_NET     66 0.0ms
                                                                         $PACKER_GND_NET     15 0.0ms
                                                                             acc_out[31]      1 0.0ms
                                                                             acc_out[26]      1 0.0ms
                                                                             acc_out[25]      1 0.0ms
                                                                             acc_out[23]      1 0.0ms
                                                                             acc_out[22]      1 0.0ms
                                                                             acc_out[17]      1 0.0ms
                                                                             acc_out[16]      1 0.0ms
                                                                             acc_out[15]      1 0.0ms
                                                                             acc_out[10]      1 0.0ms
                                                                              acc_out[9]      1 0.0ms
                                                                              acc_out[8]      1 0.0ms
                                                                              acc_out[6]      1 0.0ms
                                                                              acc_out[5]      1 0.0ms
                                                                              acc_out[4]      1 0.0ms
                                                                              acc_out[3]      1 0.0ms
                                                                              acc_out[2]      1 0.0ms
                                                                              acc_out[0]      1 0.0ms
                                     $auto$alumacc.cc:512:replace_alu$1251.genblk1.O[11]      0 0.0ms
                                      $auto$alumacc.cc:512:replace_alu$1251.genblk1.O[9]      0 0.0ms
                                     $auto$alumacc.cc:512:replace_alu$1251.genblk1.C[11]      0 0.0ms
                                     $auto$alumacc.cc:512:replace_alu$1251.genblk1.C[10]      0 0.0ms
                                      $auto$alumacc.cc:512:replace_alu$1251.genblk1.C[9]      0 0.0ms
                                             $auto$alumacc.cc:512:replace_alu$1251.CO[8]      0 0.0ms
                                             $auto$alumacc.cc:512:replace_alu$1251.CO[6]      0 0.0ms
                                             $auto$alumacc.cc:512:replace_alu$1251.CO[4]      0 0.0ms
                                             $auto$alumacc.cc:512:replace_alu$1251.CO[2]      0 0.0ms
                                             $auto$alumacc.cc:512:replace_alu$1251.CO[1]      0 0.0ms
                                             $auto$alumacc.cc:512:replace_alu$1251.CO[0]      0 0.0ms
                                            $auto$alumacc.cc:512:replace_alu$1246.CO[15]      0 0.0ms
                                            $auto$alumacc.cc:512:replace_alu$1246.CO[14]      0 0.0ms
                                            $auto$alumacc.cc:512:replace_alu$1246.CO[13]      0 0.0ms
                                            $auto$alumacc.cc:512:replace_alu$1246.CO[12]      0 0.0ms
                                             $auto$alumacc.cc:512:replace_alu$1246.CO[9]      0 0.0ms
                                             $auto$alumacc.cc:512:replace_alu$1246.CO[6]      0 0.0ms
                                             $auto$alumacc.cc:512:replace_alu$1246.CO[5]      0 0.0ms
                                             $auto$alumacc.cc:512:replace_alu$1246.CO[4]      0 0.0ms
                                             $auto$alumacc.cc:512:replace_alu$1246.CO[2]      0 0.0ms
                                             $auto$alumacc.cc:512:replace_alu$1246.CO[1]      0 0.0ms
                                             $auto$alumacc.cc:512:replace_alu$1246.CO[0]      0 0.0ms
                                            $auto$alumacc.cc:512:replace_alu$1243.CO[31]      0 0.0ms
                                            $auto$alumacc.cc:512:replace_alu$1243.CO[28]      0 0.0ms
                                            $auto$alumacc.cc:512:replace_alu$1243.CO[26]      0 0.0ms
                                            $auto$alumacc.cc:512:replace_alu$1243.CO[25]      0 0.0ms
                                            $auto$alumacc.cc:512:replace_alu$1243.CO[24]      0 0.0ms
                                            $auto$alumacc.cc:512:replace_alu$1243.CO[22]      0 0.0ms
                                            $auto$alumacc.cc:512:replace_alu$1243.CO[21]      0 0.0ms
                                            $auto$alumacc.cc:512:replace_alu$1243.CO[20]      0 0.0ms
                                            $auto$alumacc.cc:512:replace_alu$1243.CO[18]      0 0.0ms
                                            $auto$alumacc.cc:512:replace_alu$1243.CO[17]      0 0.0ms
                                            $auto$alumacc.cc:512:replace_alu$1243.CO[16]      0 0.0ms
                                            $auto$alumacc.cc:512:replace_alu$1243.CO[14]      0 0.0ms
                                            $auto$alumacc.cc:512:replace_alu$1243.CO[12]      0 0.0ms
                                            $auto$alumacc.cc:512:replace_alu$1243.CO[10]      0 0.0ms
                                             $auto$alumacc.cc:512:replace_alu$1243.CO[9]      0 0.0ms
                                             $auto$alumacc.cc:512:replace_alu$1243.CO[8]      0 0.0ms
                                             $auto$alumacc.cc:512:replace_alu$1243.CO[6]      0 0.0ms
                                             $auto$alumacc.cc:512:replace_alu$1243.CO[5]      0 0.0ms
                                             $auto$alumacc.cc:512:replace_alu$1243.CO[4]      0 0.0ms
                                             $auto$alumacc.cc:512:replace_alu$1243.CO[2]      0 0.0ms
                                             $auto$alumacc.cc:512:replace_alu$1243.CO[1]      0 0.0ms
                                             $auto$alumacc.cc:512:replace_alu$1243.CO[0]      0 0.0ms
                                              $auto$alumacc.cc:512:replace_alu$1246.X[7]      1 0.0ms
                                              $auto$alumacc.cc:512:replace_alu$1246.X[6]      1 0.0ms
                                              $auto$alumacc.cc:512:replace_alu$1246.X[8]      1 0.0ms
                                             $auto$alumacc.cc:512:replace_alu$1246.X[10]      1 0.0ms
                                             $auto$alumacc.cc:512:replace_alu$1246.X[13]      1 0.0ms
                                             $auto$alumacc.cc:512:replace_alu$1246.X[15]      1 0.0ms
                                             $auto$alumacc.cc:512:replace_alu$1246.X[14]      1 0.0ms
                                              $auto$alumacc.cc:512:replace_alu$1246.X[5]      1 0.0ms
                                             $auto$alumacc.cc:512:replace_alu$1251.BB[5]      1 0.0ms
                                              $auto$alumacc.cc:512:replace_alu$1243.X[0]      1 0.0ms
                                              $auto$alumacc.cc:512:replace_alu$1243.X[2]      1 0.0ms
                                              $auto$alumacc.cc:512:replace_alu$1243.X[3]      1 0.0ms
                                              $auto$alumacc.cc:512:replace_alu$1243.X[4]      1 0.0ms
                                              $auto$alumacc.cc:512:replace_alu$1243.X[5]      1 0.0ms
                                             $auto$alumacc.cc:512:replace_alu$1243.X[28]      1 0.0ms
                                                                           activation[0]      2 0.0ms
                                                                           activation[1]      2 0.0ms
                                                                           activation[2]      2 0.0ms
                                                                           activation[3]      2 0.0ms
                                                                           activation[4]      2 0.0ms
                                                                           activation[5]      2 0.0ms
                                                                           activation[6]      2 0.0ms
                                              $auto$alumacc.cc:512:replace_alu$1243.X[8]      1 0.0ms
                                             $auto$alumacc.cc:512:replace_alu$1243.X[10]      1 0.0ms
                                             $auto$alumacc.cc:512:replace_alu$1243.X[14]      1 0.0ms
                                             $auto$alumacc.cc:512:replace_alu$1243.X[16]      1 0.0ms
                                             $auto$alumacc.cc:512:replace_alu$1243.X[22]      1 0.0ms
                                             $auto$alumacc.cc:512:replace_alu$1243.X[11]      1 0.0ms
                                             $auto$alumacc.cc:512:replace_alu$1243.X[13]      1 0.0ms
                                             $auto$alumacc.cc:512:replace_alu$1243.X[19]      1 0.0ms
                                             $auto$alumacc.cc:512:replace_alu$1243.X[21]      1 0.0ms
                                                                           weight_enc[1]      2 0.0ms
                                                                           activation[7]      2 0.0ms
                                                                           weight_enc[0]      2 0.0ms
                                                                                valid_in      2 0.0ms
                                                                                   rst_n      2 0.0ms
                                                                                     clk      2 0.0ms
Info: Router2 time 324.53s
Info: Routing $PACKER_VCC_NET connections...
Info:     $PACKER_VCC_NET: 66/66 sinks bridged (0 left to main router; max BFS 26)
Info: Routing $PACKER_GND_NET connections...
Info:     $PACKER_GND_NET: 15/15 sinks bridged (0 left to main router; max BFS 622)
Info: Running post-routing legalisation...

Info: Critical path report for clock 'u.clk' (posedge -> posedge):
Info: curr total
Info:  0.1  0.1  Source $auto$ff.cc:337:slice$1693.Q
Info:  1.1  1.2    Net u.acc[0] budget 0.000000 ns (10,19) -> (10,10)
Info:                Sink $abc$2447$auto$blifparse.cc:557:parse_blif$2566.A4
Info:  0.1  1.3  Source $abc$2447$auto$blifparse.cc:557:parse_blif$2566.O6
Info:  0.0  1.3    Net $auto$alumacc.cc:512:replace_alu$1243.X[0] budget 0.149000 ns (10,10) -> (10,10)
Info:                Sink $auto$alumacc.cc:512:replace_alu$1243.genblk1.slice[0].genblk1.carry4.S0
Info:  0.5  1.8  Source $auto$alumacc.cc:512:replace_alu$1243.genblk1.slice[0].genblk1.carry4.CO3
Info:  0.1  1.9    Net $auto$alumacc.cc:512:replace_alu$1243.CO[3] budget 0.689000 ns (10,10) -> (10,9)
Info:                Sink $auto$alumacc.cc:512:replace_alu$1243.genblk1.slice[1].genblk1.carry4.CIN
Info:  0.1  2.0  Source $auto$alumacc.cc:512:replace_alu$1243.genblk1.slice[1].genblk1.carry4.CO3
Info:  0.1  2.1    Net $auto$alumacc.cc:512:replace_alu$1243.CO[7] budget 0.689000 ns (10,9) -> (10,8)
Info:                Sink $auto$alumacc.cc:512:replace_alu$1243.genblk1.slice[2].genblk1.carry4.CIN
Info:  0.1  2.3  Source $auto$alumacc.cc:512:replace_alu$1243.genblk1.slice[2].genblk1.carry4.CO3
Info:  0.1  2.4    Net $auto$alumacc.cc:512:replace_alu$1243.CO[11] budget 0.689000 ns (10,8) -> (10,7)
Info:                Sink $auto$alumacc.cc:512:replace_alu$1243.genblk1.slice[3].genblk1.carry4.CIN
Info:  0.1  2.5  Source $auto$alumacc.cc:512:replace_alu$1243.genblk1.slice[3].genblk1.carry4.CO3
Info:  0.1  2.6    Net $auto$alumacc.cc:512:replace_alu$1243.CO[15] budget 0.689000 ns (10,7) -> (10,6)
Info:                Sink $auto$alumacc.cc:512:replace_alu$1243.genblk1.slice[4].genblk1.carry4.CIN
Info:  0.1  2.7  Source $auto$alumacc.cc:512:replace_alu$1243.genblk1.slice[4].genblk1.carry4.CO3
Info:  0.1  2.8    Net $auto$alumacc.cc:512:replace_alu$1243.CO[19] budget 0.689000 ns (10,6) -> (10,5)
Info:                Sink $auto$alumacc.cc:512:replace_alu$1243.genblk1.slice[5].genblk1.carry4.CIN
Info:  0.1  2.9  Source $auto$alumacc.cc:512:replace_alu$1243.genblk1.slice[5].genblk1.carry4.CO3
Info:  0.1  3.0    Net $auto$alumacc.cc:512:replace_alu$1243.CO[23] budget 0.689000 ns (10,5) -> (10,4)
Info:                Sink $auto$alumacc.cc:512:replace_alu$1243.genblk1.slice[6].genblk1.carry4.CIN
Info:  0.1  3.2  Source $auto$alumacc.cc:512:replace_alu$1243.genblk1.slice[6].genblk1.carry4.CO3
Info:  0.1  3.3    Net $auto$alumacc.cc:512:replace_alu$1243.CO[27] budget 0.689000 ns (10,4) -> (10,3)
Info:                Sink $auto$alumacc.cc:512:replace_alu$1243.genblk1.slice[7].genblk1.carry4.CIN
Info:  0.3  3.6  Source $auto$alumacc.cc:512:replace_alu$1243.genblk1.slice[7].genblk1.carry4.O3
Info:  1.4  5.0    Net $auto$alumacc.cc:512:replace_alu$1243.Y[31] budget 0.000000 ns (10,3) -> (10,23)
Info:                Sink $abc$2447$auto$blifparse.cc:557:parse_blif$2574.A2
Info:  0.1  5.1  Source $abc$2447$auto$blifparse.cc:557:parse_blif$2574.O6
Info:  0.0  5.1    Net $abc$2447$flatten\u.$procmux$1142_Y[31] budget 0.148000 ns (10,23) -> (10,23)
Info:                Sink $auto$ff.cc:337:slice$1724.D
Info:  0.1  5.2  Setup $auto$ff.cc:337:slice$1724.D
Info: 2.0 ns logic, 3.3 ns routing

Info: Max frequency for clock 'u.clk': 190.91 MHz (PASS at 100.00 MHz)

Info: Slack histogram:
Info:  legend: * represents 1 endpoint(s)
Info:          + represents [1,1) endpoint(s)
Info: [  4762,   4980) |******* 
Info: [  4980,   5198) |***** 
Info: [  5198,   5416) |*********** 
Info: [  5416,   5634) |*************** 
Info: [  5634,   5852) |************ 
Info: [  5852,   6070) |*************** 
Info: [  6070,   6288) |******** 
Info: [  6288,   6506) |*********** 
Info: [  6506,   6724) |********* 
Info: [  6724,   6942) |************** 
Info: [  6942,   7160) |**************** 
Info: [  7160,   7378) |************* 
Info: [  7378,   7596) |*********** 
Info: [  7596,   7814) |*** 
Info: [  7814,   8032) |******************* 
Info: [  8032,   8250) |***** 
Info: [  8250,   8468) |******* 
Info: [  8468,   8686) |**** 
Info: [  8686,   8904) |******* 
Info: [  8904,   9122) |*** 
Info: Report written to runs/tag_s18.report.json.
