Info: Packing constants..
Info: Inserting IO buffers..
Info:     Constraining 'clk' to site 'IOB_X0Y224'
Info:     Tile 'LIOB33_X0Y223'
Info:     Constraining 'rst_n' to site 'IOB_X0Y226'
Info:     Tile 'LIOB33_X0Y225'
Info:     Constraining 'valid_in' to site 'IOB_X0Y230'
Info:     Tile 'LIOB33_X0Y229'
Info:     Constraining 'valid_out' to site 'IOB_X0Y214'
Info:     Tile 'LIOB33_X0Y213'
Info:     Constraining 'weight_enc[0]' to site 'IOB_X0Y229'
Info:     Tile 'LIOB33_X0Y229'
Info:     Constraining 'activation[7]' to site 'IOB_X0Y235'
Info:     Tile 'LIOB33_X0Y235'
Info:     Constraining 'weight_enc[1]' to site 'IOB_X0Y232'
Info:     Tile 'LIOB33_X0Y231'
Info:     Constraining 'activation[6]' to site 'IOB_X0Y236'
Info:     Tile 'LIOB33_X0Y235'
Info:     Constraining 'activation[5]' to site 'IOB_X0Y233'
Info:     Tile 'LIOB33_X0Y233'
Info:     Constraining 'activation[4]' to site 'IOB_X0Y207'
Info:     Tile 'LIOB33_X0Y207'
Info:     Constraining 'activation[3]' to site 'IOB_X0Y217'
Info:     Tile 'LIOB33_X0Y217'
Info:     Constraining 'activation[2]' to site 'IOB_X0Y215'
Info:     Tile 'LIOB33_X0Y215'
Info:     Constraining 'activation[1]' to site 'IOB_X0Y216'
Info:     Tile 'LIOB33_X0Y215'
Info:     Constraining 'activation[0]' to site 'IOB_X0Y231'
Info:     Tile 'LIOB33_X0Y231'
Info:     Constraining 'acc_out[0]' to site 'IOB_X0Y228'
Info:     Tile 'LIOB33_X0Y227'
Info:     Constraining 'acc_out[1]' to site 'IOB_X0Y227'
Info:     Tile 'LIOB33_X0Y227'
Info:     Constraining 'acc_out[2]' to site 'IOB_X0Y218'
Info:     Tile 'LIOB33_X0Y217'
Info:     Constraining 'acc_out[3]' to site 'IOB_X0Y208'
Info:     Tile 'LIOB33_X0Y207'
Info:     Constraining 'acc_out[4]' to site 'IOB_X0Y209'
Info:     Tile 'LIOB33_X0Y209'
Info:     Constraining 'acc_out[5]' to site 'IOB_X0Y234'
Info:     Tile 'LIOB33_X0Y233'
Info:     Constraining 'acc_out[6]' to site 'IOB_X0Y244'
Info:     Tile 'LIOB33_X0Y243'
Info:     Constraining 'acc_out[7]' to site 'IOB_X0Y243'
Info:     Tile 'LIOB33_X0Y243'
Info:     Constraining 'acc_out[8]' to site 'IOB_X0Y225'
Info:     Tile 'LIOB33_X0Y225'
Info:     Constraining 'acc_out[9]' to site 'IOB_X0Y223'
Info:     Tile 'LIOB33_X0Y223'
Info:     Constraining 'acc_out[10]' to site 'IOB_X0Y211'
Info:     Tile 'LIOB33_X0Y211'
Info:     Constraining 'acc_out[11]' to site 'IOB_X0Y210'
Info:     Tile 'LIOB33_X0Y209'
Info:     Constraining 'acc_out[12]' to site 'IOB_X0Y238'
Info:     Tile 'LIOB33_X0Y237'
Info:     Constraining 'acc_out[13]' to site 'IOB_X0Y237'
Info:     Tile 'LIOB33_X0Y237'
Info:     Constraining 'acc_out[14]' to site 'IOB_X0Y239'
Info:     Tile 'LIOB33_X0Y239'
Info:     Constraining 'acc_out[15]' to site 'IOB_X0Y221'
Info:     Tile 'LIOB33_X0Y221'
Info:     Constraining 'acc_out[16]' to site 'IOB_X0Y212'
Info:     Tile 'LIOB33_X0Y211'
Info:     Constraining 'acc_out[17]' to site 'IOB_X0Y203'
Info:     Tile 'LIOB33_X0Y203'
Info:     Constraining 'acc_out[18]' to site 'IOB_X0Y205'
Info:     Tile 'LIOB33_X0Y205'
Info:     Constraining 'acc_out[19]' to site 'IOB_X0Y242'
Info:     Tile 'LIOB33_X0Y241'
Info:     Constraining 'acc_out[20]' to site 'IOB_X0Y241'
Info:     Tile 'LIOB33_X0Y241'
Info:     Constraining 'acc_out[21]' to site 'IOB_X0Y240'
Info:     Tile 'LIOB33_X0Y239'
Info:     Constraining 'acc_out[22]' to site 'IOB_X0Y245'
Info:     Tile 'LIOB33_X0Y245'
Info:     Constraining 'acc_out[23]' to site 'IOB_X0Y219'
Info:     Tile 'LIOB33_X0Y219'
Info:     Constraining 'acc_out[24]' to site 'IOB_X0Y222'
Info:     Tile 'LIOB33_X0Y221'
Info:     Constraining 'acc_out[25]' to site 'IOB_X0Y204'
Info:     Tile 'LIOB33_X0Y203'
Info:     Constraining 'acc_out[26]' to site 'IOB_X0Y206'
Info:     Tile 'LIOB33_X0Y205'
Info:     Constraining 'acc_out[27]' to site 'IOB_X0Y248'
Info:     Tile 'LIOB33_X0Y247'
Info:     Constraining 'acc_out[28]' to site 'IOB_X0Y247'
Info:     Tile 'LIOB33_X0Y247'
Info:     Constraining 'acc_out[29]' to site 'IOB_X0Y249'
Info:     Tile 'LIOB33_SING_X0Y249'
Info:     Constraining 'acc_out[30]' to site 'IOB_X0Y246'
Info:     Tile 'LIOB33_X0Y245'
Info:     Constraining 'acc_out[31]' to site 'IOB_X0Y220'
Info:     Tile 'LIOB33_X0Y219'
Info: Generating input buffer for 'clk$ibuf$'
Info: Generating input buffer for 'rst_n$ibuf$'
Info: Generating input buffer for 'valid_in$ibuf$'
Info: Generating output buffer for 'valid_out$obuf$'
Info: Generating input buffer for 'weight_enc[0]$ibuf$'
Info: Generating input buffer for 'activation[7]$ibuf$'
Info: Generating input buffer for 'weight_enc[1]$ibuf$'
Info: Generating input buffer for 'activation[6]$ibuf$'
Info: Generating input buffer for 'activation[5]$ibuf$'
Info: Generating input buffer for 'activation[4]$ibuf$'
Info: Generating input buffer for 'activation[3]$ibuf$'
Info: Generating input buffer for 'activation[2]$ibuf$'
Info: Generating input buffer for 'activation[1]$ibuf$'
Info: Generating input buffer for 'activation[0]$ibuf$'
Info: Generating output buffer for 'acc_out[0]$obuf$'
Info: Generating output buffer for 'acc_out[1]$obuf$'
Info: Generating output buffer for 'acc_out[2]$obuf$'
Info: Generating output buffer for 'acc_out[3]$obuf$'
Info: Generating output buffer for 'acc_out[4]$obuf$'
Info: Generating output buffer for 'acc_out[5]$obuf$'
Info: Generating output buffer for 'acc_out[6]$obuf$'
Info: Generating output buffer for 'acc_out[7]$obuf$'
Info: Generating output buffer for 'acc_out[8]$obuf$'
Info: Generating output buffer for 'acc_out[9]$obuf$'
Info: Generating output buffer for 'acc_out[10]$obuf$'
Info: Generating output buffer for 'acc_out[11]$obuf$'
Info: Generating output buffer for 'acc_out[12]$obuf$'
Info: Generating output buffer for 'acc_out[13]$obuf$'
Info: Generating output buffer for 'acc_out[14]$obuf$'
Info: Generating output buffer for 'acc_out[15]$obuf$'
Info: Generating output buffer for 'acc_out[16]$obuf$'
Info: Generating output buffer for 'acc_out[17]$obuf$'
Info: Generating output buffer for 'acc_out[18]$obuf$'
Info: Generating output buffer for 'acc_out[19]$obuf$'
Info: Generating output buffer for 'acc_out[20]$obuf$'
Info: Generating output buffer for 'acc_out[21]$obuf$'
Info: Generating output buffer for 'acc_out[22]$obuf$'
Info: Generating output buffer for 'acc_out[23]$obuf$'
Info: Generating output buffer for 'acc_out[24]$obuf$'
Info: Generating output buffer for 'acc_out[25]$obuf$'
Info: Generating output buffer for 'acc_out[26]$obuf$'
Info: Generating output buffer for 'acc_out[27]$obuf$'
Info: Generating output buffer for 'acc_out[28]$obuf$'
Info: Generating output buffer for 'acc_out[29]$obuf$'
Info: Generating output buffer for 'acc_out[30]$obuf$'
Info: Generating output buffer for 'acc_out[31]$obuf$'
Info:     Created 46 PAD cells from:
Info:             46x PAD
Info: Preparing clocking...
Info: Packing constants..
Info: Packing cfg...
Info: Packing PLLs...
Info: Packing Gigabit Transceivers..
Info: Packing global buffers...
Info:     Constrained BUFGCTRL '$auto$clkbufmap.cc:261:execute$3095' to bel 'BUFGCTRL_X0Y16/BUFGCTRL' based on dedicated routing
Info: Packing MUX[789]s..
Info: Packing carries (atomic CARRY4)..
Info:    Packed 15 CARRY4 cells into 3 chains (atomic).
Info: router2 PRECYINIT fix: 15 CARRY4 cells, 18 constant carry pins disconnected
Info: Packing LUTs..
Info:     Created 331 SLICE_LUTX cells from:
Info:            203x LUT1
Info:             64x LUT2
Info:              1x LUT3
Info:             14x LUT4
Info:             49x LUT5
Info: Packing DRAM..
Info:    Transformed 0 tied-low DRAM address inputs to be tied-high
Info: Packing BRAM..
Info: Packing DSPs..
Info: Packing flipflops..
Info:     Created 114 SLICE_FFX cells from:
Info:            113x FDCE
Info:              1x FDPE
Info:     local-const FF control: disconnected 0 SR(=GND) + 33 CE(=VCC) pins from global nets
Info: Constrained 81 LUTFF pairs.

Info: Annotating ports with timing budgets for target frequency 100.00 MHz
Info: Checksum: 0xc6cd78cf

Info: Device utilisation:
Info: 	          SLICE_LUTX:   331/269200     0%
Info: 	           SLICE_FFX:   114/269200     0%
Info: 	              CARRY4:    15/33650     0%
Info: 	          PSEUDO_GND:     1/69165     0%
Info: 	          PSEUDO_VCC:     1/69165     0%
Info: 	               HARD0:     0/ 3960     0%
Info: 	            RAMB18E1:     0/  730     0%
Info: 	            FIFO18E1:     0/  365     0%
Info: 	        RAMBFIFO36E1:     0/  365     0%
Info: 	            RAMB36E1:     0/  365     0%
Info: 	             DSP48E1:     0/  740     0%
Info: 	                 PAD:    46/ 1062     4%
Info: 	       IOB33M_OUTBUF:     0/  240     0%
Info: 	       IOB33S_OUTBUF:     0/  240     0%
Info: 	        IOB33_OUTBUF:    33/  500     6%
Info: 	     IOB33M_INBUF_EN:     0/  240     0%
Info: 	     IOB33S_INBUF_EN:     0/  240     0%
Info: 	      IOB33_INBUF_EN:    13/  500     2%
Info: 	IOB33M_TERM_OVERRIDE:     0/  240     0%
Info: 	IOB33S_TERM_OVERRIDE:     0/  240     0%
Info: 	 IOB33_TERM_OVERRIDE:     0/  500     0%
Info: 	       PULL_OR_KEEP1:     0/  980     0%
Info: 	            IDELAYE2:     0/  500     0%
Info: 	        OLOGICE3_TFF:     0/  500     0%
Info: 	      OLOGICE3_OUTFF:     0/  500     0%
Info: 	       OLOGICE3_MISR:     0/  500     0%
Info: 	           OSERDESE2:     0/  500     0%
Info: 	        ILOGICE3_IFF:     0/  500     0%
Info: 	ILOGICE3_ZHOLD_DELAY:     0/  500     0%
Info: 	           ISERDESE2:     0/  500     0%
Info: 	                BUFR:     0/   40     0%
Info: 	               BUFIO:     0/   40     0%
Info: 	          IDELAYCTRL:     0/   10     0%
Info: 	            BUFGCTRL:     1/   32     3%
Info: 	            PCIE_2_1:     0/    1     0%
Info: 	               BSCAN:     0/    4     0%
Info: 	                BUFG:     0/   32     0%
Info: 	              BUFHCE:     0/  120     0%
Info: 	            DCIRESET:     0/    1     0%
Info: 	            DNA_PORT:     0/    1     0%
Info: 	           EFUSE_USR:     0/    1     0%
Info: 	           FRAME_ECC:     0/    1     0%
Info: 	       GTPE2_CHANNEL:     0/   16     0%
Info: 	        GTPE2_COMMON:     0/    4     0%
Info: 	         IBUFDS_GTE2:     0/    8     0%
Info: 	                ICAP:     0/    2     0%
Info: 	            INVERTER:     0/  240     0%
Info: 	          MMCME2_ADV:     0/   10     0%
Info: 	        OLOGICE2_TFF:     0/  500     0%
Info: 	      OLOGICE2_OUTFF:     0/  500     0%
Info: 	           PLLE2_ADV:     0/   10     0%
Info: 	           SELMUX2_1:     0/102950     0%
Info: 	             STARTUP:     0/    1     0%
Info: 	          USR_ACCESS:     0/    1     0%
Info: 	              BUFFER:     0/   82     0%
Info: 	        ILOGICE2_IFF:     0/  500     0%
Info: 	       OLOGICE2_MISR:     0/  500     0%

Info: HeAP congestion knobs: beta=0.400 spread_scale=2,1 alpha=0.080
Info: Placed 93 cells based on constraints.
Info: Creating initial analytic placement for 246 cells, random placement wirelen = 98981.
Info:     at initial placer iter 0, wirelen = 2113
Info:     at initial placer iter 1, wirelen = 2037
Info:     at initial placer iter 2, wirelen = 2041
Info:     at initial placer iter 3, wirelen = 2081
Info: Running main analytical placer.
Info:     at iteration #1, type ALL: wirelen solved = 2133, spread = 8537, legal = 8185; time = 4.08s
Info:     at iteration #2, type ALL: wirelen solved = 2353, spread = 7074, legal = 7164; time = 5.83s
Info:     at iteration #3, type ALL: wirelen solved = 2504, spread = 6271, legal = 6331; time = 4.44s
Info:     at iteration #4, type ALL: wirelen solved = 2777, spread = 5551, legal = 5777; time = 4.37s
Info:     at iteration #5, type ALL: wirelen solved = 2954, spread = 5779, legal = 6247; time = 4.53s
Info:     at iteration #6, type ALL: wirelen solved = 2916, spread = 5096, legal = 5303; time = 3.00s
Info:     at iteration #7, type ALL: wirelen solved = 3053, spread = 5627, legal = 5723; time = 2.91s
Info:     at iteration #8, type ALL: wirelen solved = 3138, spread = 5509, legal = 5516; time = 3.06s
Info:     at iteration #9, type ALL: wirelen solved = 3312, spread = 5410, legal = 5645; time = 2.64s
Info:     at iteration #10, type ALL: wirelen solved = 3249, spread = 5266, legal = 5480; time = 4.73s
Info:     at iteration #11, type ALL: wirelen solved = 3373, spread = 5208, legal = 5579; time = 2.25s
Info: HeAP Placer Time: 67.15s
Info:   of which solving equations: 12.31s
Info:   of which spreading cells: 13.84s
Info:   of which strict legalisation: 12.31s

Info: Running simulated annealing placer for refinement.
Info:   at iteration #1: temp = 0.000000, timing cost = 30, wirelen = 5303
Info:   at iteration #5: temp = 0.000000, timing cost = 29, wirelen = 4649
Info:   at iteration #9: temp = 0.000000, timing cost = 29, wirelen = 4567 
Info: SA placement time 13.59s

Info: Max frequency for clock 'u.clk': 117.55 MHz (PASS at 100.00 MHz)

Info: Slack histogram:
Info:  legend: * represents 1 endpoint(s)
Info:          + represents [1,1) endpoint(s)
Info: [  1493,   1870) |*** 
Info: [  1870,   2247) |********* 
Info: [  2247,   2624) |** 
Info: [  2624,   3001) |** 
Info: [  3001,   3378) |**** 
Info: [  3378,   3755) |******** 
Info: [  3755,   4132) |* 
Info: [  4132,   4509) |****** 
Info: [  4509,   4886) |**** 
Info: [  4886,   5263) |********** 
Info: [  5263,   5640) |*** 
Info: [  5640,   6017) |********************** 
Info: [  6017,   6394) |*************** 
Info: [  6394,   6771) |***************** 
Info: [  6771,   7148) |******************************** 
Info: [  7148,   7525) |**************** 
Info: [  7525,   7902) |**************** 
Info: [  7902,   8279) |******** 
Info: [  8279,   8656) |************ 
Info: [  8656,   9033) |***** 
Info: Checksum: 0x46ba7439
Info: Running post-placement legalisation...
Info: post-place repair: relocated 133 stranded cluster(s)/cell(s) to valid bels
Info: Routing global clocks...
Info:     routing clock 'u.clk'
Info:     routing clock 'clk$auto$IOBUF_O$'
Info: Running router2...
Info: Setting up routing resources...
Info: Running main router loop...
Info:     iter=1 wires=6469 overused=103 overuse=106 archfail=NA
Info:     iter=2 wires=6541 overused=1 overuse=1 archfail=NA
Info:     iter=3 wires=6543 overused=0 overuse=0 archfail=0
Info: 1000 slowest nets by runtime:
                        $techmap2973$abc$2447$auto$blifparse.cc:557:parse_blif$2574.A[2]     50 30615.5ms
                        $techmap2977$abc$2447$auto$blifparse.cc:557:parse_blif$2571.A[4]     50 25786.4ms
                                                                     rst_n$auto$IOBUF_O$    114 21021.4ms
                        $techmap2973$abc$2447$auto$blifparse.cc:557:parse_blif$2574.A[1]     50 20366.8ms
                        $techmap2973$abc$2447$auto$blifparse.cc:557:parse_blif$2574.A[3]     50 19827.2ms
                        $techmap2973$abc$2447$auto$blifparse.cc:557:parse_blif$2574.A[0]     50 14590.1ms
                                                                 valid_out$auto$IOBUF_I$     35 8944.4ms
                                  $abc$2447$auto$opt_dff.cc:336:make_patterns_logic$1236     32 7903.9ms
                                                               acc_out[26]$auto$IOBUF_I$      1 5062.9ms
                                                               acc_out[18]$auto$IOBUF_I$      1 4809.6ms
                                                               acc_out[25]$auto$IOBUF_I$      1 4557.5ms
                                                                acc_out[2]$auto$IOBUF_I$      1 4368.6ms
                                                               acc_out[21]$auto$IOBUF_I$      1 4293.5ms
                                                                acc_out[3]$auto$IOBUF_I$      1 4236.6ms
                                                                acc_out[0]$auto$IOBUF_I$      1 3969.7ms
                                                               acc_out[13]$auto$IOBUF_I$      1 3782.5ms
                                                                acc_out[4]$auto$IOBUF_I$      1 3498.1ms
                                                                acc_out[9]$auto$IOBUF_I$      1 3467.3ms
                                                                      u.weighted_ext[10]     48 3367.7ms
                                             $auto$alumacc.cc:512:replace_alu$1243.Y[31]      2 3204.1ms
                                                               acc_out[24]$auto$IOBUF_I$      1 3094.2ms
                                                               acc_out[17]$auto$IOBUF_I$      1 3068.3ms
                                                               acc_out[19]$auto$IOBUF_I$      1 2602.2ms
                                                               acc_out[15]$auto$IOBUF_I$      1 2585.8ms
                                                               acc_out[11]$auto$IOBUF_I$      1 2530.3ms
                                                               acc_out[14]$auto$IOBUF_I$      1 2526.3ms
                                                               acc_out[23]$auto$IOBUF_I$      1 2488.4ms
                                             $auto$alumacc.cc:512:replace_alu$1243.Y[26]      2 2372.6ms
                                             $auto$alumacc.cc:512:replace_alu$1243.Y[11]      2 2361.9ms
                                                               acc_out[12]$auto$IOBUF_I$      1 2265.4ms
                                                                acc_out[1]$auto$IOBUF_I$      1 2184.3ms
                                                                acc_out[7]$auto$IOBUF_I$      1 2165.2ms
                                                               acc_out[31]$auto$IOBUF_I$      1 2126.2ms
                                                                acc_out[8]$auto$IOBUF_I$      1 2118.7ms
                                                                acc_out[5]$auto$IOBUF_I$      1 2088.3ms
                                                               acc_out[30]$auto$IOBUF_I$      1 1997.7ms
                                                               acc_out[16]$auto$IOBUF_I$      1 1984.3ms
                                                                acc_out[6]$auto$IOBUF_I$      1 1820.4ms
                                               $abc$2447$auto$rtlil.cc:3501:NotGate$2446      1 1818.2ms
                                               $abc$2447$auto$rtlil.cc:3501:NotGate$2398      1 1665.7ms
                                              $auto$alumacc.cc:512:replace_alu$1243.Y[9]      2 1629.0ms
                                                               acc_out[10]$auto$IOBUF_I$      1 1515.6ms
                                                               acc_out[22]$auto$IOBUF_I$      1 1496.0ms
                                                             weight_enc[0]$auto$IOBUF_O$      9 1421.4ms
                                                               acc_out[28]$auto$IOBUF_I$      1 1287.8ms
                                             $auto$alumacc.cc:512:replace_alu$1243.Y[29]      2 1247.6ms
                                              $auto$alumacc.cc:512:replace_alu$1243.Y[6]      2 1187.8ms
                                                                      u.result_latch[26]      1 1185.2ms
                                                                                u.acc[4]      1 1166.6ms
                                                               acc_out[20]$auto$IOBUF_I$      1 1153.5ms
                                             $auto$alumacc.cc:512:replace_alu$1243.Y[24]      2 1135.3ms
                                                               acc_out[27]$auto$IOBUF_I$      1 1129.4ms
                                             $auto$alumacc.cc:512:replace_alu$1243.Y[16]      2 1107.4ms
                                              $auto$alumacc.cc:512:replace_alu$1243.Y[8]      2 1085.8ms
                                               $abc$2447$auto$rtlil.cc:3501:NotGate$2404      1 1065.4ms
                                               $abc$2447$auto$rtlil.cc:3501:NotGate$2320      1 1048.0ms
                                               $abc$2447$auto$rtlil.cc:3501:NotGate$2432      1 1021.6ms
                                                             weight_enc[1]$auto$IOBUF_O$      9 980.4ms
                                             $auto$alumacc.cc:512:replace_alu$1243.Y[25]      2 971.5ms
                                               $abc$2447$auto$rtlil.cc:3501:NotGate$2294      1 885.9ms
                                               $abc$2447$auto$rtlil.cc:3501:NotGate$2406      1 870.1ms
                                                             activation[3]$auto$IOBUF_O$      2 869.5ms
                                                               acc_out[29]$auto$IOBUF_I$      1 833.5ms
                                                                              u.count[8]      3 809.2ms
                                               $abc$2447$auto$rtlil.cc:3501:NotGate$2334      1 783.5ms
                                               $abc$2447$auto$rtlil.cc:3501:NotGate$2386      1 726.8ms
                                               $abc$2447$auto$rtlil.cc:3501:NotGate$2428      1 723.2ms
                                                                              u.count[3]      3 722.5ms
                                               $abc$2447$auto$rtlil.cc:3501:NotGate$2340      1 701.9ms
                                                                       u.result_latch[6]      1 701.7ms
                                               $abc$2447$auto$rtlil.cc:3501:NotGate$2282      1 678.8ms
                                             $auto$alumacc.cc:512:replace_alu$1243.Y[18]      2 665.9ms
                                               $abc$2447$auto$rtlil.cc:3501:NotGate$2388      1 664.5ms
                                                                              u.count[9]      3 651.7ms
                                                                              u.count[6]      3 646.4ms
                                             $auto$alumacc.cc:512:replace_alu$1243.Y[20]      2 638.2ms
                                               $abc$2447$auto$rtlil.cc:3501:NotGate$2262      1 611.7ms
                                               $abc$2447$auto$rtlil.cc:3501:NotGate$2276      1 604.6ms
                                                                             u.count[11]      3 602.1ms
                                               $abc$2447$auto$rtlil.cc:3501:NotGate$2310      1 595.8ms
                                               $abc$2447$auto$rtlil.cc:3501:NotGate$2322      1 584.4ms
                                             $auto$alumacc.cc:512:replace_alu$1243.Y[17]      2 583.1ms
                                               $abc$2447$auto$rtlil.cc:3501:NotGate$2230      1 580.0ms
                                               $abc$2447$auto$rtlil.cc:3501:NotGate$2362      1 572.2ms
                                               $abc$2447$auto$rtlil.cc:3501:NotGate$2312      1 566.2ms
                                               $abc$2447$auto$rtlil.cc:3501:NotGate$2306      1 563.6ms
                                              $auto$alumacc.cc:512:replace_alu$1243.Y[4]      2 551.0ms
                                              $auto$alumacc.cc:512:replace_alu$1243.Y[5]      2 542.4ms
                                               $abc$2447$auto$rtlil.cc:3501:NotGate$2254      1 534.5ms
                                              $auto$alumacc.cc:512:replace_alu$1246.Y[3]      1 534.5ms
                                             $auto$alumacc.cc:512:replace_alu$1246.Y[14]      1 531.9ms
                                                                              u.count[4]      3 529.3ms
                                                                       u.weighted_ext[1]      2 525.8ms
                                               $abc$2447$auto$rtlil.cc:3501:NotGate$2384      1 525.6ms
                                               $abc$2447$auto$rtlil.cc:3501:NotGate$2382      1 522.9ms
                                               $abc$2447$auto$rtlil.cc:3501:NotGate$2392      1 512.0ms
                                               $abc$2447$auto$rtlil.cc:3501:NotGate$2250      1 502.4ms
                                               $abc$2447$auto$rtlil.cc:3501:NotGate$2444      1 492.9ms
                                               $abc$2447$auto$rtlil.cc:3501:NotGate$2286      1 485.6ms
                                               $abc$2447$auto$rtlil.cc:3501:NotGate$2330      1 481.7ms
                                                $abc$2447$flatten\u.$0\acc_out[31:0][13]      1 480.1ms
                                               $abc$2447$auto$rtlil.cc:3501:NotGate$2284      1 477.4ms
                                               $abc$2447$auto$rtlil.cc:3501:NotGate$2298      1 473.0ms
                                             $auto$alumacc.cc:512:replace_alu$1243.Y[27]      2 472.9ms
                                               $abc$2447$auto$rtlil.cc:3501:NotGate$2272      1 468.9ms
                                               $abc$2447$auto$rtlil.cc:3501:NotGate$2376      1 467.8ms
                                               $abc$2447$auto$rtlil.cc:3501:NotGate$2256      1 466.9ms
                                               $abc$2447$auto$rtlil.cc:3501:NotGate$2396      1 465.9ms
                                               $abc$2447$auto$rtlil.cc:3501:NotGate$2326      1 463.3ms
                                               $abc$2447$auto$rtlil.cc:3501:NotGate$2360      1 462.8ms
                                               $abc$2447$auto$rtlil.cc:3501:NotGate$2290      1 460.4ms
                                               $abc$2447$auto$rtlil.cc:3501:NotGate$2274      1 459.3ms
                                             $auto$alumacc.cc:512:replace_alu$1243.Y[23]      2 448.3ms
                                             $auto$alumacc.cc:512:replace_alu$1243.Y[10]      2 440.4ms
                                                                               u.acc[14]      1 434.0ms
                                              $auto$alumacc.cc:512:replace_alu$1243.Y[7]      2 433.8ms
                                              $auto$alumacc.cc:512:replace_alu$1243.Y[3]      2 432.2ms
                                               $abc$2447$auto$rtlil.cc:3501:NotGate$2342      1 426.6ms
                                                             activation[5]$auto$IOBUF_O$      2 426.1ms
                                                                               u.acc[12]      1 422.3ms
                                               $abc$2447$auto$rtlil.cc:3501:NotGate$2246      1 416.9ms
                                                                               u.acc[29]      1 412.7ms
                                               $abc$2447$auto$rtlil.cc:3501:NotGate$2308      1 410.5ms
                                               $abc$2447$auto$rtlil.cc:3501:NotGate$2394      1 403.0ms
                                                             activation[6]$auto$IOBUF_O$      2 402.7ms
                                                  $abc$2447$flatten\u.$procmux$1142_Y[2]      1 402.0ms
                                             $auto$alumacc.cc:512:replace_alu$1243.Y[14]      2 398.5ms
                                               $abc$2447$auto$rtlil.cc:3501:NotGate$2344      1 395.6ms
                                               $abc$2447$auto$rtlil.cc:3501:NotGate$2338      1 394.2ms
                                               $abc$2447$auto$rtlil.cc:3501:NotGate$2372      1 389.2ms
                                                                      u.result_latch[14]      1 377.2ms
                                               $abc$2447$auto$rtlil.cc:3501:NotGate$2222      1 374.8ms
                                               $abc$2447$auto$rtlil.cc:3501:NotGate$2422      1 372.3ms
                                               $abc$2447$auto$rtlil.cc:3501:NotGate$2426      1 368.4ms
                                             $auto$alumacc.cc:512:replace_alu$1243.Y[13]      2 366.8ms
                                                                               u.acc[11]      1 361.9ms
                                                                                u.acc[2]      1 361.9ms
                                                                               u.acc[18]      1 358.0ms
                                               $abc$2447$auto$rtlil.cc:3501:NotGate$2410      1 353.6ms
                                              $auto$alumacc.cc:512:replace_alu$1246.Y[9]      1 350.0ms
                                               $abc$2447$auto$rtlil.cc:3501:NotGate$2228      1 348.2ms
                                                                               u.acc[15]      1 348.0ms
                                                                               u.acc[24]      1 346.1ms
                                                                                u.acc[6]      1 344.0ms
                                               $abc$2447$auto$rtlil.cc:3501:NotGate$2436      1 341.7ms
                                                                               u.acc[26]      1 341.4ms
                                                                       u.result_latch[0]      1 340.7ms
                                                                               u.acc[19]      1 340.4ms
                                               $abc$2447$auto$rtlil.cc:3501:NotGate$2416      1 339.1ms
                                               $abc$2447$auto$rtlil.cc:3501:NotGate$2258      1 337.6ms
                                               $abc$2447$auto$rtlil.cc:3501:NotGate$2442      1 336.9ms
                                               $abc$2447$auto$rtlil.cc:3501:NotGate$2370      1 336.1ms
                                               $abc$2447$auto$rtlil.cc:3501:NotGate$2332      1 332.3ms
                                               $abc$2447$auto$rtlil.cc:3501:NotGate$2390      1 331.8ms
                                               $abc$2447$auto$rtlil.cc:3501:NotGate$2402      1 328.8ms
                                               $abc$2447$auto$rtlil.cc:3501:NotGate$2354      1 328.5ms
                                               $abc$2447$auto$rtlil.cc:3501:NotGate$2434      1 326.5ms
                                               $abc$2447$auto$rtlil.cc:3501:NotGate$2240      1 319.0ms
                                                                              u.count[2]      3 318.6ms
                                               $abc$2447$auto$rtlil.cc:3501:NotGate$2348      1 318.4ms
                                               $abc$2447$auto$rtlil.cc:3501:NotGate$2324      1 317.7ms
                                              $auto$alumacc.cc:512:replace_alu$1243.Y[2]      2 317.5ms
                                                             activation[2]$auto$IOBUF_O$      2 306.7ms
                                               $abc$2447$auto$rtlil.cc:3501:NotGate$2288      1 304.5ms
                                                                      u.result_latch[20]      1 303.8ms
                                                                     u.count[0]$legal$67      1 300.6ms
                                               $abc$2447$auto$rtlil.cc:3501:NotGate$2364      1 299.3ms
                                                                               u.acc[20]      1 298.8ms
                                              $auto$alumacc.cc:512:replace_alu$1251.Y[7]      1 294.3ms
                                                               $PACKER_GND_NET$legal$103      1 293.3ms
                                              $auto$alumacc.cc:512:replace_alu$1251.Y[2]      1 292.5ms
                                              $auto$alumacc.cc:512:replace_alu$1246.Y[5]      1 291.1ms
                                               $abc$2447$auto$rtlil.cc:3501:NotGate$2314      1 288.9ms
                                               $abc$2447$auto$rtlil.cc:3501:NotGate$2300      1 287.8ms
                                               $abc$2447$auto$rtlil.cc:3501:NotGate$2302      1 287.7ms
                                                             activation[7]$auto$IOBUF_O$      3 287.3ms
                                                 $abc$2447$flatten\u.$procmux$1136_Y[12]      1 286.4ms
                                               $abc$2447$auto$rtlil.cc:3501:NotGate$2238      1 285.9ms
                                               $abc$2447$auto$rtlil.cc:3501:NotGate$2278      1 285.8ms
                                                                             u.count[14]      3 283.9ms
                                               $abc$2447$auto$rtlil.cc:3501:NotGate$2400      1 282.8ms
                                               $abc$2447$auto$rtlil.cc:3501:NotGate$2408      1 281.7ms
                                                $abc$2447$flatten\u.$0\acc_out[31:0][16]      1 279.1ms
                                                 $abc$2447$flatten\u.$0\acc_out[31:0][5]      1 272.7ms
                                               $abc$2447$auto$rtlil.cc:3501:NotGate$2236      1 269.9ms
                                               $abc$2447$auto$rtlil.cc:3501:NotGate$2350      1 261.9ms
                                               $abc$2447$auto$rtlil.cc:3501:NotGate$2296      1 260.1ms
                                                             activation[0]$auto$IOBUF_O$      2 258.1ms
                                               $abc$2447$auto$rtlil.cc:3501:NotGate$2244      1 254.8ms
                                                                               u.acc[30]      1 248.4ms
                                                                       u.result_latch[2]      1 245.8ms
                                             $auto$alumacc.cc:512:replace_alu$1243.Y[15]      2 243.0ms
                                              $auto$alumacc.cc:512:replace_alu$1246.Y[2]      1 236.8ms
                                               $abc$2447$auto$rtlil.cc:3501:NotGate$2420      1 236.7ms
                                              $auto$alumacc.cc:512:replace_alu$1246.Y[6]      1 235.9ms
                                                                               u.acc[10]      1 234.6ms
                                               $abc$2447$auto$rtlil.cc:3501:NotGate$2368      1 234.0ms
                                              $auto$alumacc.cc:512:replace_alu$1246.Y[7]      1 232.2ms
                                               $abc$2447$auto$rtlil.cc:3501:NotGate$2378      1 230.5ms
                                               $abc$2447$auto$rtlil.cc:3501:NotGate$2430      1 230.1ms
                                                 $abc$2447$flatten\u.$procmux$1136_Y[14]      1 229.6ms
                                                                             u.count[13]      3 228.0ms
                                              $auto$alumacc.cc:512:replace_alu$1251.Y[1]      1 227.5ms
                                                                              u.count[5]      3 223.5ms
                                                                   u.vector_done_delayed      1 221.9ms
                                             $auto$alumacc.cc:512:replace_alu$1243.Y[30]      2 219.8ms
                                               $abc$2447$auto$rtlil.cc:3501:NotGate$2260      1 219.0ms
                                                                      u.result_latch[29]      1 216.2ms
                                                               $PACKER_GND_NET$legal$109      1 215.4ms
                                               $abc$2447$auto$rtlil.cc:3501:NotGate$2380      1 214.9ms
                                                  $abc$2447$flatten\u.$procmux$1136_Y[2]      1 213.4ms
                                                             activation[1]$auto$IOBUF_O$      2 210.8ms
                                                                      u.result_latch[31]      1 208.3ms
                                                                       u.weighted_ext[7]      2 203.5ms
                                             $auto$alumacc.cc:512:replace_alu$1243.Y[28]      2 200.0ms
                                                                    u.count[10]$legal$87      1 199.4ms
                                                                       u.weighted_ext[5]      2 198.7ms
                                                                               u.acc[31]      1 196.2ms
                                                  $abc$2447$flatten\u.$procmux$1136_Y[5]      1 196.0ms
                                                                      u.result_latch[15]      1 195.0ms
                                                                               u.acc[25]      1 192.2ms
                                               $abc$2447$auto$rtlil.cc:3501:NotGate$2220      1 191.3ms
                                              $auto$alumacc.cc:512:replace_alu$1246.Y[4]      1 184.7ms
                                                                             u.count[12]      3 182.5ms
                                              $auto$alumacc.cc:512:replace_alu$1251.Y[0]      1 182.2ms
                                             $auto$alumacc.cc:512:replace_alu$1243.Y[22]      2 182.2ms
                                                 $abc$2447$flatten\u.$procmux$1142_Y[14]      1 171.5ms
                                               $abc$2447$auto$rtlil.cc:3501:NotGate$2268      1 170.2ms
                                               $abc$2447$auto$rtlil.cc:3501:NotGate$2316      1 168.1ms
                                                                                u.acc[9]      1 166.2ms
                                                                      u.result_latch[22]      1 163.0ms
                                                                                u.acc[0]      1 161.4ms
                                               $abc$2447$auto$rtlil.cc:3501:NotGate$2358      1 159.9ms
                                                $abc$2447$flatten\u.$0\acc_out[31:0][11]      1 157.9ms
                                                                               u.acc[17]      1 157.0ms
                                             $auto$alumacc.cc:512:replace_alu$1246.Y[11]      1 153.5ms
                                               $abc$2447$auto$rtlil.cc:3501:NotGate$2418      1 151.0ms
                                             $auto$alumacc.cc:512:replace_alu$1246.Y[12]      1 150.8ms
                                                                                   u.clk    114 147.6ms
                                                 $abc$2447$flatten\u.$procmux$1142_Y[26]      1 145.5ms
                                                 $abc$2447$flatten\u.$0\acc_out[31:0][2]      1 144.3ms
                                               $abc$2447$auto$rtlil.cc:3501:NotGate$2346      1 143.6ms
                                               $abc$2447$auto$rtlil.cc:3501:NotGate$2328      1 140.9ms
                                             $abc$2447$auto$rtlil.cc:3267:ReduceAnd$1250      1 140.8ms
                                                              u.weighted_ext[7]$legal$15      1 139.9ms
                                                                               u.acc[13]      1 138.2ms
                                                 $abc$2447$flatten\u.$0\acc_out[31:0][0]      1 137.3ms
                                                                      u.result_latch[11]      1 134.7ms
                                                                      u.result_latch[23]      1 133.7ms
                                                                    u.count[12]$legal$91      1 131.0ms
                                                 $abc$2447$flatten\u.$procmux$1142_Y[28]      1 130.8ms
                                                             u.weighted_ext[10]$legal$41      1 129.2ms
                                                                       u.result_latch[7]      1 128.8ms
                                             $auto$alumacc.cc:512:replace_alu$1246.Y[10]      1 124.7ms
                                               $abc$2447$auto$rtlil.cc:3501:NotGate$2336      1 124.6ms
                                               $abc$2447$auto$rtlil.cc:3501:NotGate$2440      1 124.4ms
                                                             u.weighted_ext[10]$legal$31      1 124.1ms
                                                                                u.acc[7]      1 124.0ms
                                                             u.weighted_ext[10]$legal$19      1 123.7ms
                                                               $PACKER_GND_NET$legal$123      1 122.0ms
                                                                    u.count[13]$legal$93      1 119.7ms
                                                                       u.result_latch[8]      1 115.3ms
                                                 $abc$2447$flatten\u.$procmux$1142_Y[27]      1 114.3ms
                                                                     u.count[1]$legal$69      1 114.0ms
                                              $auto$alumacc.cc:512:replace_alu$1251.Y[8]      1 113.9ms
                                                  $abc$2447$flatten\u.$procmux$1136_Y[7]      1 111.9ms
                                               $abc$2447$auto$rtlil.cc:3501:NotGate$2266      1 111.5ms
                                                             u.weighted_ext[10]$legal$63      1 110.3ms
                                               $abc$2447$auto$rtlil.cc:3501:NotGate$2374      1 109.9ms
                                             $auto$alumacc.cc:512:replace_alu$1251.BB[7]      2 106.7ms
                                                 $abc$2447$flatten\u.$procmux$1142_Y[22]      1 106.6ms
                                                  $abc$2447$flatten\u.$procmux$1136_Y[6]      1 104.3ms
                                                                               u.acc[27]      1 104.3ms
                                             $auto$alumacc.cc:512:replace_alu$1243.Y[19]      2 103.8ms
                                                               u.weighted_ext[3]$legal$7      1 103.8ms
                                                 $abc$2447$flatten\u.$0\acc_out[31:0][7]      1 103.3ms
                                                 $abc$2447$flatten\u.$procmux$1142_Y[13]      1 103.0ms
                                                               $PACKER_GND_NET$legal$115      1 102.7ms
                                                               $PACKER_GND_NET$legal$101      1 102.5ms
                                               $abc$2447$auto$rtlil.cc:3501:NotGate$2424      1 99.7ms
                                                $abc$2447$flatten\u.$0\acc_out[31:0][17]      1 99.0ms
                                                 $abc$2447$flatten\u.$procmux$1142_Y[30]      1 97.4ms
                                                 $abc$2447$flatten\u.$procmux$1142_Y[20]      1 95.3ms
                                                 $abc$2447$flatten\u.$procmux$1142_Y[25]      1 94.7ms
                                                                       u.result_latch[4]      1 92.8ms
                                                 $abc$2447$flatten\u.$procmux$1142_Y[15]      1 91.1ms
                                                $abc$2447$flatten\u.$0\acc_out[31:0][22]      1 90.2ms
                                                 $abc$2447$flatten\u.$procmux$1142_Y[16]      1 85.5ms
                                                 $abc$2447$flatten\u.$procmux$1142_Y[24]      1 84.2ms
                                                                              u.count[1]      3 83.5ms
                                                 $abc$2447$flatten\u.$0\acc_out[31:0][1]      1 82.8ms
                                     $auto$alumacc.cc:512:replace_alu$1251.genblk1.C[11]      0 78.0ms
                                               $abc$2447$auto$rtlil.cc:3501:NotGate$2280      1 77.9ms
                                               $abc$2447$auto$rtlil.cc:3501:NotGate$2270      1 77.8ms
                                                                               u.acc[22]      1 76.3ms
                                                 $abc$2447$flatten\u.$procmux$1136_Y[13]      1 76.1ms
                                                $abc$2447$flatten\u.$0\acc_out[31:0][24]      1 75.5ms
                                                 $abc$2447$flatten\u.$procmux$1142_Y[29]      1 75.2ms
                                                                               u.acc[28]      1 74.7ms
                                                 $abc$2447$flatten\u.$procmux$1136_Y[10]      1 74.2ms
                                                  $abc$2447$flatten\u.$procmux$1142_Y[8]      1 67.5ms
                                               $abc$2447$auto$rtlil.cc:3501:NotGate$2356      1 67.4ms
                                              $auto$alumacc.cc:512:replace_alu$1251.Y[4]      1 64.3ms
                                                             u.weighted_ext[10]$legal$61      1 63.0ms
                                                $abc$2447$flatten\u.$0\acc_out[31:0][15]      1 62.6ms
                                                                      u.result_latch[28]      1 62.5ms
                                              $auto$alumacc.cc:512:replace_alu$1243.Y[1]      2 57.8ms
                                                                      u.result_latch[19]      1 57.4ms
                                               $abc$2447$auto$rtlil.cc:3501:NotGate$2264      1 55.4ms
                                                 $abc$2447$flatten\u.$0\acc_out[31:0][9]      1 54.3ms
                                                 $abc$2447$flatten\u.$procmux$1142_Y[31]      1 52.9ms
                                                $abc$2447$flatten\u.$0\acc_out[31:0][23]      1 52.5ms
                                               $abc$2447$auto$rtlil.cc:3501:NotGate$2412      1 51.7ms
                                                $abc$2447$flatten\u.$0\acc_out[31:0][25]      1 51.2ms
                                             $auto$alumacc.cc:512:replace_alu$1246.Y[15]      1 50.9ms
                                             $auto$alumacc.cc:512:replace_alu$1243.Y[12]      2 49.4ms
                                                               $PACKER_GND_NET$legal$131      1 48.5ms
                                                             u.weighted_ext[10]$legal$53      1 48.3ms
                                                             u.weighted_ext[10]$legal$57      1 47.8ms
                                                 $abc$2447$flatten\u.$procmux$1142_Y[11]      1 47.8ms
                                                 $abc$2447$flatten\u.$procmux$1142_Y[23]      1 47.7ms
                                                                       clk$auto$IOBUF_O$      1 47.6ms
                                                                       u.weighted_ext[0]      2 47.1ms
                                              $auto$alumacc.cc:512:replace_alu$1246.Y[8]      1 46.7ms
                                                                      u.result_latch[13]      1 45.1ms
                                               $abc$2447$auto$rtlil.cc:3501:NotGate$2352      1 44.1ms
                                                             activation[4]$auto$IOBUF_O$      2 43.2ms
                                             $auto$alumacc.cc:512:replace_alu$1246.Y[13]      1 43.2ms
                                                             u.weighted_ext[10]$legal$49      1 42.6ms
                                                $abc$2447$flatten\u.$0\acc_out[31:0][30]      1 41.7ms
                                                  $abc$2447$flatten\u.$procmux$1142_Y[1]      1 40.7ms
                                                 $abc$2447$flatten\u.$procmux$1142_Y[12]      1 40.6ms
                                               $abc$2447$auto$rtlil.cc:3501:NotGate$2248      1 39.4ms
                                                                       u.result_latch[9]      1 38.9ms
                                                  $abc$2447$flatten\u.$procmux$1142_Y[3]      1 38.6ms
                                               $abc$2447$auto$rtlil.cc:3501:NotGate$2224      1 37.4ms
                                               $abc$2447$auto$rtlil.cc:3501:NotGate$2318      1 37.4ms
                                                  $abc$2447$flatten\u.$procmux$1142_Y[5]      1 37.4ms
                                                $abc$2447$flatten\u.$0\acc_out[31:0][18]      1 37.0ms
                                               $abc$2447$auto$rtlil.cc:3501:NotGate$2292      1 36.9ms
                                               $abc$2447$auto$rtlil.cc:3501:NotGate$2414      1 36.2ms
                                                                             u.count[15]      3 36.0ms
                                                                                u.acc[1]      1 35.7ms
                                               $abc$2447$auto$rtlil.cc:3501:NotGate$2242      1 35.3ms
                                                                      u.result_latch[16]      1 35.2ms
                                               $abc$2447$auto$rtlil.cc:3501:NotGate$2226      1 34.7ms
                                                $abc$2447$flatten\u.$0\acc_out[31:0][27]      1 34.4ms
                                                             u.weighted_ext[10]$legal$47      1 34.1ms
                                                                     u.count[8]$legal$83      1 34.1ms
                                                                      u.result_latch[18]      1 32.8ms
                                                                       u.weighted_ext[6]      2 31.8ms
                                                 $abc$2447$flatten\u.$0\acc_out[31:0][4]      1 31.7ms
                                              $auto$alumacc.cc:512:replace_alu$1246.Y[0]      1 31.6ms
                                                             u.weighted_ext[10]$legal$21      1 31.5ms
                                                                                u.acc[5]      1 31.0ms
                                                                                u.acc[3]      1 30.8ms
                                                                                u.acc[8]      1 29.5ms
                                                $abc$2447$flatten\u.$0\acc_out[31:0][12]      1 29.3ms
                                                                     u.count[4]$legal$75      1 29.2ms
                                                 $abc$2447$flatten\u.$0\acc_out[31:0][3]      1 28.7ms
                                                             u.weighted_ext[10]$legal$35      1 28.4ms
                                                  $abc$2447$flatten\u.$procmux$1136_Y[8]      1 27.8ms
                                             $auto$alumacc.cc:512:replace_alu$1243.CO[3]      1 27.3ms
                                                                               u.acc[23]      1 27.1ms
                                                                       u.weighted_ext[4]      2 27.0ms
                                                  $abc$2447$flatten\u.$procmux$1136_Y[9]      1 26.9ms
                                                               $PACKER_GND_NET$legal$105      1 26.4ms
                                                                      u.result_latch[30]      1 24.0ms
                                                 $abc$2447$flatten\u.$procmux$1142_Y[18]      1 24.0ms
                                                 $abc$2447$flatten\u.$procmux$1136_Y[15]      1 23.6ms
                                               $abc$2447$auto$rtlil.cc:3501:NotGate$2232      1 23.3ms
                                               $abc$2447$auto$rtlil.cc:3501:NotGate$2252      1 23.3ms
                                                                              u.count[0]      3 22.7ms
                                                             u.weighted_ext[10]$legal$25      1 22.6ms
                                                $abc$2447$flatten\u.$0\acc_out[31:0][28]      1 22.4ms
                                                  $abc$2447$flatten\u.$procmux$1136_Y[1]      1 22.2ms
                                                             u.weighted_ext[10]$legal$17      1 22.1ms
                                                                    u.count[14]$legal$95      1 22.0ms
                                                                $PACKER_GND_NET$legal$99      1 21.7ms
                                                                              u.count[7]      3 21.6ms
                                                 $abc$2447$flatten\u.$procmux$1142_Y[17]      1 21.0ms
                                              $auto$alumacc.cc:512:replace_alu$1246.Y[1]      1 21.0ms
                                              $auto$alumacc.cc:512:replace_alu$1243.Y[0]      2 20.8ms
                                                $abc$2447$flatten\u.$0\acc_out[31:0][29]      1 20.5ms
                                                               u.weighted_ext[2]$legal$5      1 19.8ms
                                                  $abc$2447$flatten\u.$procmux$1142_Y[6]      1 19.4ms
                                                $abc$2447$flatten\u.$0\acc_out[31:0][19]      1 19.4ms
                                                                             acc_out[14]      1 19.2ms
                                                                       u.weighted_ext[2]      2 18.6ms
                                                                  valid_in$auto$IOBUF_O$      1 17.7ms
                                                                    u.count[15]$legal$97      1 16.8ms
                                                                    u.count[11]$legal$89      1 16.4ms
                                                                               u.acc[21]      1 16.3ms
                                                               $PACKER_GND_NET$legal$119      1 16.2ms
                                               $abc$2447$auto$rtlil.cc:3501:NotGate$2366      1 16.1ms
                                                                               u.acc[16]      1 16.1ms
                                                 $abc$2447$flatten\u.$0\acc_out[31:0][8]      1 16.0ms
                                                 $abc$2447$flatten\u.$procmux$1136_Y[11]      1 15.0ms
                                                                             u.count[10]      3 13.2ms
                                                              u.weighted_ext[6]$legal$13      1 13.1ms
                                            $auto$alumacc.cc:512:replace_alu$1243.CO[23]      1 11.8ms
                                                                     u.count[3]$legal$73      1 11.7ms
                                                             u.weighted_ext[10]$legal$45      1 11.4ms
                                               $abc$2447$auto$rtlil.cc:3501:NotGate$2234      1 11.1ms
                                                               $PACKER_GND_NET$legal$107      1 11.1ms
                                                                       u.result_latch[5]      1 10.4ms
                                                $abc$2447$flatten\u.$0\acc_out[31:0][10]      1 10.0ms
                                                               $PACKER_GND_NET$legal$111      1 9.4ms
                                                             u.weighted_ext[10]$legal$29      1 9.2ms
                                                                     u.count[6]$legal$79      1 8.5ms
                                                $abc$2447$flatten\u.$0\acc_out[31:0][20]      1 7.9ms
                                                              u.weighted_ext[5]$legal$11      1 7.4ms
                                                  $abc$2447$flatten\u.$procmux$1136_Y[4]      1 7.4ms
                                                                             acc_out[19]      1 7.2ms
                                              $auto$alumacc.cc:512:replace_alu$1243.X[3]      1 6.6ms
                                                $abc$2447$flatten\u.$0\acc_out[31:0][31]      1 6.5ms
                                                 $abc$2447$flatten\u.$procmux$1142_Y[10]      1 6.2ms
                                                                      u.result_latch[10]      1 5.8ms
                                                               u.weighted_ext[4]$legal$9      1 5.3ms
                                               $abc$2447$auto$rtlil.cc:3501:NotGate$2438      1 5.0ms
                                                $abc$2447$flatten\u.$0\acc_out[31:0][26]      1 4.7ms
                                                  $abc$2447$flatten\u.$procmux$1142_Y[0]      1 3.8ms
                                                             u.weighted_ext[10]$legal$59      1 3.7ms
                                                             u.weighted_ext[10]$legal$39      1 3.6ms
                                                               $PACKER_GND_NET$legal$127      1 3.4ms
                                                                      u.result_latch[25]      1 3.1ms
                                                  $abc$2447$flatten\u.$procmux$1136_Y[3]      1 2.9ms
                                                                               valid_out      1 2.1ms
                                                             u.weighted_ext[10]$legal$37      1 2.1ms
                                                                      u.result_latch[27]      1 2.1ms
                                               $abc$2447$auto$rtlil.cc:3501:NotGate$2304      1 2.1ms
                                                  $abc$2447$flatten\u.$procmux$1142_Y[7]      1 2.0ms
                                                                             acc_out[13]      1 1.6ms
                                                  $abc$2447$flatten\u.$procmux$1136_Y[0]      1 1.3ms
                                                $abc$2447$flatten\u.$0\acc_out[31:0][14]      1 1.1ms
                                                                       u.result_latch[3]      1 1.1ms
                                              $auto$alumacc.cc:512:replace_alu$1251.Y[3]      1 1.1ms
                                              $auto$alumacc.cc:512:replace_alu$1251.Y[5]      1 1.1ms
                                                                       u.result_latch[1]      1 1.1ms
                                                                      u.result_latch[24]      1 1.1ms
                                                                      u.result_latch[21]      1 1.0ms
                                                                      u.result_latch[12]      1 0.9ms
                                            $auto$alumacc.cc:512:replace_alu$1243.CO[15]      1 0.8ms
                                              $auto$alumacc.cc:512:replace_alu$1251.Y[6]      1 0.8ms
                                                               u.weighted_ext[0]$legal$1      1 0.7ms
                                                                      u.result_latch[17]      1 0.7ms
                                             $auto$alumacc.cc:512:replace_alu$1243.Y[21]      2 0.7ms
                                                                       u.weighted_ext[3]      2 0.7ms
                                                 $abc$2447$flatten\u.$procmux$1142_Y[19]      1 0.7ms
                                                  $abc$2447$flatten\u.$procmux$1142_Y[4]      1 0.7ms
                                                                     u.count[9]$legal$85      1 0.7ms
                                                             u.weighted_ext[10]$legal$55      1 0.7ms
                                                                     u.count[5]$legal$77      1 0.6ms
                                                  $abc$2447$flatten\u.$procmux$1142_Y[9]      1 0.6ms
                                                $abc$2447$flatten\u.$0\acc_out[31:0][21]      1 0.6ms
                                                 $abc$2447$flatten\u.$0\acc_out[31:0][6]      1 0.6ms
                                                                     u.count[7]$legal$81      1 0.6ms
                                                 $abc$2447$flatten\u.$procmux$1142_Y[21]      1 0.4ms
                                                                             acc_out[26]      1 0.3ms
                                                             u.weighted_ext[10]$legal$43      1 0.1ms
                                                                             acc_out[18]      1 0.1ms
                                             $auto$alumacc.cc:512:replace_alu$1251.CO[3]      1 0.0ms
                                             $auto$alumacc.cc:512:replace_alu$1243.CO[7]      1 0.0ms
                                                             u.weighted_ext[10]$legal$33      1 0.0ms
                                             $auto$alumacc.cc:512:replace_alu$1251.BB[6]      1 0.0ms
                                             $auto$alumacc.cc:512:replace_alu$1246.CO[3]      1 0.0ms
                                                               u.weighted_ext[1]$legal$3      1 0.0ms
                                             $auto$alumacc.cc:512:replace_alu$1243.X[23]      1 0.0ms
                                             $auto$alumacc.cc:512:replace_alu$1251.BB[5]      1 0.0ms
                                              $auto$alumacc.cc:512:replace_alu$1243.X[7]      1 0.0ms
                                             $auto$alumacc.cc:512:replace_alu$1251.CO[8]      0 0.0ms
                                            $auto$alumacc.cc:512:replace_alu$1246.CO[11]      1 0.0ms
                                             $auto$alumacc.cc:512:replace_alu$1246.CO[7]      1 0.0ms
                                                             u.weighted_ext[10]$legal$27      1 0.0ms
                                     $auto$alumacc.cc:512:replace_alu$1251.genblk1.O[11]      0 0.0ms
                                             $auto$alumacc.cc:512:replace_alu$1246.CO[1]      0 0.0ms
                                            $auto$alumacc.cc:512:replace_alu$1243.CO[27]      1 0.0ms
                                                             u.weighted_ext[10]$legal$23      1 0.0ms
                                                             u.weighted_ext[10]$legal$51      1 0.0ms
                                                                             acc_out[28]      1 0.0ms
                                                                              acc_out[8]      1 0.0ms
                                              $auto$alumacc.cc:512:replace_alu$1243.X[4]      1 0.0ms
                                                                     u.count[2]$legal$71      1 0.0ms
                                             $auto$alumacc.cc:512:replace_alu$1251.CO[7]      1 0.0ms
                                            $auto$alumacc.cc:512:replace_alu$1246.CO[14]      0 0.0ms
                                            $auto$alumacc.cc:512:replace_alu$1243.CO[19]      1 0.0ms
                                            $auto$alumacc.cc:512:replace_alu$1243.CO[11]      1 0.0ms
                                                                     u.count[0]$legal$65      1 0.0ms
                                             $auto$alumacc.cc:512:replace_alu$1243.CO[5]      0 0.0ms
                                             $auto$alumacc.cc:512:replace_alu$1251.BB[4]      1 0.0ms
                                              $auto$alumacc.cc:512:replace_alu$1243.X[1]      1 0.0ms
                                                                             acc_out[15]      1 0.0ms
                                             $auto$alumacc.cc:512:replace_alu$1251.CO[6]      0 0.0ms
                                             $auto$alumacc.cc:512:replace_alu$1246.CO[4]      0 0.0ms
                                             $auto$alumacc.cc:512:replace_alu$1246.X[15]      1 0.0ms
                                             $auto$alumacc.cc:512:replace_alu$1251.BB[2]      1 0.0ms
                                            $auto$alumacc.cc:512:replace_alu$1243.CO[18]      0 0.0ms
                                             $auto$alumacc.cc:512:replace_alu$1243.X[30]      1 0.0ms
                                                                             acc_out[10]      1 0.0ms
                                                                              acc_out[7]      1 0.0ms
                                             $auto$alumacc.cc:512:replace_alu$1246.X[10]      1 0.0ms
                                                                             acc_out[30]      1 0.0ms
                                                                             acc_out[23]      1 0.0ms
                                                                             acc_out[16]      1 0.0ms
                                                                              acc_out[2]      1 0.0ms
                                            $auto$alumacc.cc:512:replace_alu$1243.CO[10]      0 0.0ms
                                                                             acc_out[29]      1 0.0ms
                                                                              acc_out[9]      1 0.0ms
                                                                              acc_out[5]      1 0.0ms
                                                                              acc_out[0]      1 0.0ms
                                            $auto$alumacc.cc:512:replace_alu$1243.CO[14]      0 0.0ms
                                              $auto$alumacc.cc:512:replace_alu$1246.X[6]      1 0.0ms
                                             $auto$alumacc.cc:512:replace_alu$1251.BB[0]      1 0.0ms
                                             $auto$alumacc.cc:512:replace_alu$1251.BB[1]      1 0.0ms
                                              $auto$alumacc.cc:512:replace_alu$1243.X[5]      1 0.0ms
                                             $auto$alumacc.cc:512:replace_alu$1243.X[12]      1 0.0ms
                                             $auto$alumacc.cc:512:replace_alu$1243.X[14]      1 0.0ms
                                             $auto$alumacc.cc:512:replace_alu$1243.X[16]      1 0.0ms
                                             $auto$alumacc.cc:512:replace_alu$1243.X[17]      1 0.0ms
                                                               $PACKER_GND_NET$legal$129      1 0.0ms
                                                               $PACKER_GND_NET$legal$125      1 0.0ms
                                                               $PACKER_GND_NET$legal$121      1 0.0ms
                                   $auto$alumacc.cc:512:replace_alu$1251.BB[7]$legal$117      1 0.0ms
                                   $auto$alumacc.cc:512:replace_alu$1251.BB[7]$legal$113      1 0.0ms
                                                                             acc_out[21]      1 0.0ms
                                                                             acc_out[11]      1 0.0ms
                                                                              acc_out[3]      1 0.0ms
                                              $auto$alumacc.cc:512:replace_alu$1246.X[1]      1 0.0ms
                                              $auto$alumacc.cc:512:replace_alu$1246.X[2]      1 0.0ms
                                              $auto$alumacc.cc:512:replace_alu$1246.X[7]      1 0.0ms
                                              $auto$alumacc.cc:512:replace_alu$1246.X[9]      1 0.0ms
                                             $auto$alumacc.cc:512:replace_alu$1246.X[11]      1 0.0ms
                                             $auto$alumacc.cc:512:replace_alu$1246.X[14]      1 0.0ms
                                              $auto$alumacc.cc:512:replace_alu$1246.X[5]      1 0.0ms
                                              $auto$alumacc.cc:512:replace_alu$1243.X[0]      1 0.0ms
                                             $auto$alumacc.cc:512:replace_alu$1243.X[28]      1 0.0ms
                                             $auto$alumacc.cc:512:replace_alu$1243.X[29]      1 0.0ms
                                             $auto$alumacc.cc:512:replace_alu$1243.X[26]      1 0.0ms
                                             $auto$alumacc.cc:512:replace_alu$1243.X[20]      1 0.0ms
                                             $auto$alumacc.cc:512:replace_alu$1243.X[11]      1 0.0ms
                                                                         $PACKER_VCC_NET     66 0.0ms
                                                                         $PACKER_GND_NET     15 0.0ms
                                                                             acc_out[31]      1 0.0ms
                                                                             acc_out[27]      1 0.0ms
                                                                             acc_out[25]      1 0.0ms
                                                                             acc_out[24]      1 0.0ms
                                                                             acc_out[22]      1 0.0ms
                                                                             acc_out[20]      1 0.0ms
                                                                             acc_out[17]      1 0.0ms
                                                                             acc_out[12]      1 0.0ms
                                                                              acc_out[6]      1 0.0ms
                                                                              acc_out[4]      1 0.0ms
                                                                              acc_out[1]      1 0.0ms
                                     $auto$alumacc.cc:512:replace_alu$1251.genblk1.O[10]      0 0.0ms
                                      $auto$alumacc.cc:512:replace_alu$1251.genblk1.O[9]      0 0.0ms
                                     $auto$alumacc.cc:512:replace_alu$1251.genblk1.C[10]      0 0.0ms
                                      $auto$alumacc.cc:512:replace_alu$1251.genblk1.C[9]      0 0.0ms
                                             $auto$alumacc.cc:512:replace_alu$1251.CO[5]      0 0.0ms
                                             $auto$alumacc.cc:512:replace_alu$1251.CO[4]      0 0.0ms
                                             $auto$alumacc.cc:512:replace_alu$1251.CO[2]      0 0.0ms
                                             $auto$alumacc.cc:512:replace_alu$1251.CO[1]      0 0.0ms
                                             $auto$alumacc.cc:512:replace_alu$1251.CO[0]      0 0.0ms
                                            $auto$alumacc.cc:512:replace_alu$1246.CO[15]      0 0.0ms
                                            $auto$alumacc.cc:512:replace_alu$1246.CO[13]      0 0.0ms
                                            $auto$alumacc.cc:512:replace_alu$1246.CO[12]      0 0.0ms
                                            $auto$alumacc.cc:512:replace_alu$1246.CO[10]      0 0.0ms
                                             $auto$alumacc.cc:512:replace_alu$1246.CO[9]      0 0.0ms
                                             $auto$alumacc.cc:512:replace_alu$1246.CO[8]      0 0.0ms
                                             $auto$alumacc.cc:512:replace_alu$1246.CO[6]      0 0.0ms
                                             $auto$alumacc.cc:512:replace_alu$1246.CO[5]      0 0.0ms
                                             $auto$alumacc.cc:512:replace_alu$1246.CO[2]      0 0.0ms
                                             $auto$alumacc.cc:512:replace_alu$1246.CO[0]      0 0.0ms
                                            $auto$alumacc.cc:512:replace_alu$1243.CO[31]      0 0.0ms
                                            $auto$alumacc.cc:512:replace_alu$1243.CO[30]      0 0.0ms
                                            $auto$alumacc.cc:512:replace_alu$1243.CO[29]      0 0.0ms
                                            $auto$alumacc.cc:512:replace_alu$1243.CO[28]      0 0.0ms
                                            $auto$alumacc.cc:512:replace_alu$1243.CO[26]      0 0.0ms
                                            $auto$alumacc.cc:512:replace_alu$1243.CO[25]      0 0.0ms
                                            $auto$alumacc.cc:512:replace_alu$1243.CO[24]      0 0.0ms
                                            $auto$alumacc.cc:512:replace_alu$1243.CO[22]      0 0.0ms
                                            $auto$alumacc.cc:512:replace_alu$1243.CO[21]      0 0.0ms
                                            $auto$alumacc.cc:512:replace_alu$1243.CO[20]      0 0.0ms
                                            $auto$alumacc.cc:512:replace_alu$1243.CO[17]      0 0.0ms
                                            $auto$alumacc.cc:512:replace_alu$1243.CO[16]      0 0.0ms
                                            $auto$alumacc.cc:512:replace_alu$1243.CO[13]      0 0.0ms
                                            $auto$alumacc.cc:512:replace_alu$1243.CO[12]      0 0.0ms
                                             $auto$alumacc.cc:512:replace_alu$1243.CO[9]      0 0.0ms
                                             $auto$alumacc.cc:512:replace_alu$1243.CO[8]      0 0.0ms
                                             $auto$alumacc.cc:512:replace_alu$1243.CO[6]      0 0.0ms
                                             $auto$alumacc.cc:512:replace_alu$1243.CO[4]      0 0.0ms
                                             $auto$alumacc.cc:512:replace_alu$1243.CO[2]      0 0.0ms
                                             $auto$alumacc.cc:512:replace_alu$1243.CO[1]      0 0.0ms
                                             $auto$alumacc.cc:512:replace_alu$1243.CO[0]      0 0.0ms
                                              $auto$alumacc.cc:512:replace_alu$1246.X[3]      1 0.0ms
                                              $auto$alumacc.cc:512:replace_alu$1246.X[4]      1 0.0ms
                                              $auto$alumacc.cc:512:replace_alu$1246.X[8]      1 0.0ms
                                             $auto$alumacc.cc:512:replace_alu$1246.X[13]      1 0.0ms
                                             $auto$alumacc.cc:512:replace_alu$1246.X[12]      1 0.0ms
                                             $auto$alumacc.cc:512:replace_alu$1251.BB[3]      1 0.0ms
                                             $auto$alumacc.cc:512:replace_alu$1243.X[25]      1 0.0ms
                                             $auto$alumacc.cc:512:replace_alu$1243.X[24]      1 0.0ms
                                              $auto$alumacc.cc:512:replace_alu$1243.X[2]      1 0.0ms
                                              $auto$alumacc.cc:512:replace_alu$1243.X[6]      1 0.0ms
                                             $auto$alumacc.cc:512:replace_alu$1243.X[27]      1 0.0ms
                                             $auto$alumacc.cc:512:replace_alu$1243.X[31]      1 0.0ms
                                                                           activation[0]      2 0.0ms
                                                                           activation[1]      2 0.0ms
                                                                           activation[2]      2 0.0ms
                                                                           activation[3]      2 0.0ms
                                                                           activation[4]      2 0.0ms
                                                                           activation[5]      2 0.0ms
                                                                           activation[6]      2 0.0ms
                                              $auto$alumacc.cc:512:replace_alu$1243.X[8]      1 0.0ms
                                             $auto$alumacc.cc:512:replace_alu$1243.X[10]      1 0.0ms
                                             $auto$alumacc.cc:512:replace_alu$1243.X[18]      1 0.0ms
                                             $auto$alumacc.cc:512:replace_alu$1243.X[22]      1 0.0ms
                                              $auto$alumacc.cc:512:replace_alu$1243.X[9]      1 0.0ms
                                             $auto$alumacc.cc:512:replace_alu$1243.X[13]      1 0.0ms
                                             $auto$alumacc.cc:512:replace_alu$1243.X[15]      1 0.0ms
                                             $auto$alumacc.cc:512:replace_alu$1243.X[19]      1 0.0ms
                                             $auto$alumacc.cc:512:replace_alu$1243.X[21]      1 0.0ms
                                                                           weight_enc[1]      2 0.0ms
                                                                           activation[7]      2 0.0ms
                                                                           weight_enc[0]      2 0.0ms
                                                                                valid_in      2 0.0ms
                                                                                   rst_n      2 0.0ms
                                                                                     clk      2 0.0ms
Info: Router2 time 1055.46s
Info: Routing $PACKER_VCC_NET connections...
Info:     $PACKER_VCC_NET: 66/66 sinks bridged (0 left to main router; max BFS 26)
Info: Routing $PACKER_GND_NET connections...
Info:     $PACKER_GND_NET: 15/15 sinks bridged (0 left to main router; max BFS 604)
Info: Running post-routing legalisation...

Info: Critical path report for clock 'u.clk' (posedge -> posedge):
Info: curr total
Info:  0.1  0.1  Source $auto$ff.cc:337:slice$1694.Q
Info:  1.1  1.2    Net u.acc[1] budget 0.000000 ns (10,24) -> (10,14)
Info:                Sink $abc$2447$auto$blifparse.cc:557:parse_blif$2565.A3
Info:  0.1  1.3  Source $abc$2447$auto$blifparse.cc:557:parse_blif$2565.O6
Info:  0.0  1.3    Net $auto$alumacc.cc:512:replace_alu$1243.X[1] budget 0.286000 ns (10,14) -> (10,14)
Info:                Sink $auto$alumacc.cc:512:replace_alu$1243.genblk1.slice[0].genblk1.carry4.S1
Info:  0.5  1.9  Source $auto$alumacc.cc:512:replace_alu$1243.genblk1.slice[0].genblk1.carry4.CO3
Info:  0.1  2.0    Net $auto$alumacc.cc:512:replace_alu$1243.CO[3] budget 0.675000 ns (10,14) -> (10,13)
Info:                Sink $auto$alumacc.cc:512:replace_alu$1243.genblk1.slice[1].genblk1.carry4.CIN
Info:  0.1  2.1  Source $auto$alumacc.cc:512:replace_alu$1243.genblk1.slice[1].genblk1.carry4.CO3
Info:  0.1  2.2    Net $auto$alumacc.cc:512:replace_alu$1243.CO[7] budget 0.675000 ns (10,13) -> (10,12)
Info:                Sink $auto$alumacc.cc:512:replace_alu$1243.genblk1.slice[2].genblk1.carry4.CIN
Info:  0.1  2.3  Source $auto$alumacc.cc:512:replace_alu$1243.genblk1.slice[2].genblk1.carry4.CO3
Info:  0.1  2.4    Net $auto$alumacc.cc:512:replace_alu$1243.CO[11] budget 0.675000 ns (10,12) -> (10,11)
Info:                Sink $auto$alumacc.cc:512:replace_alu$1243.genblk1.slice[3].genblk1.carry4.CIN
Info:  0.1  2.5  Source $auto$alumacc.cc:512:replace_alu$1243.genblk1.slice[3].genblk1.carry4.CO3
Info:  0.1  2.6    Net $auto$alumacc.cc:512:replace_alu$1243.CO[15] budget 0.675000 ns (10,11) -> (10,10)
Info:                Sink $auto$alumacc.cc:512:replace_alu$1243.genblk1.slice[4].genblk1.carry4.CIN
Info:  0.1  2.8  Source $auto$alumacc.cc:512:replace_alu$1243.genblk1.slice[4].genblk1.carry4.CO3
Info:  0.1  2.9    Net $auto$alumacc.cc:512:replace_alu$1243.CO[19] budget 0.675000 ns (10,10) -> (10,9)
Info:                Sink $auto$alumacc.cc:512:replace_alu$1243.genblk1.slice[5].genblk1.carry4.CIN
Info:  0.1  3.0  Source $auto$alumacc.cc:512:replace_alu$1243.genblk1.slice[5].genblk1.carry4.CO3
Info:  0.1  3.1    Net $auto$alumacc.cc:512:replace_alu$1243.CO[23] budget 0.675000 ns (10,9) -> (10,8)
Info:                Sink $auto$alumacc.cc:512:replace_alu$1243.genblk1.slice[6].genblk1.carry4.CIN
Info:  0.3  3.4  Source $auto$alumacc.cc:512:replace_alu$1243.genblk1.slice[6].genblk1.carry4.O1
Info:  2.1  5.5    Net $auto$alumacc.cc:512:replace_alu$1243.Y[25] budget 0.916000 ns (10,8) -> (10,32)
Info:                Sink $auto$ff.cc:337:slice$1788.D
Info:  0.1  5.6  Setup $auto$ff.cc:337:slice$1788.D
Info: 1.8 ns logic, 3.9 ns routing

Info: Max frequency for clock 'u.clk': 178.00 MHz (PASS at 100.00 MHz)

Info: Slack histogram:
Info:  legend: * represents 1 endpoint(s)
Info:          + represents [1,1) endpoint(s)
Info: [  4382,   4614) |* 
Info: [  4614,   4846) |**** 
Info: [  4846,   5078) |******** 
Info: [  5078,   5310) |** 
Info: [  5310,   5542) |***** 
Info: [  5542,   5774) |****** 
Info: [  5774,   6006) |********* 
Info: [  6006,   6238) |************* 
Info: [  6238,   6470) |******************* 
Info: [  6470,   6702) |********************** 
Info: [  6702,   6934) |*********************** 
Info: [  6934,   7166) |*************** 
Info: [  7166,   7398) |********** 
Info: [  7398,   7630) |************ 
Info: [  7630,   7862) |***************** 
Info: [  7862,   8094) |******* 
Info: [  8094,   8326) |***** 
Info: [  8326,   8558) |*********** 
Info: [  8558,   8790) |*** 
Info: [  8790,   9022) |*** 
Info: Report written to runs/tag_s3.report.json.
