Copyright 1986-2022 Xilinx, Inc. All Rights Reserved. Copyright 2022-2025 Advanced Micro Devices, Inc. All Rights Reserved.
---------------------------------------------------------------------------------------------------------------------------------------------
| Tool Version : Vivado v.2025.2 (lin64) Build 6299465 Fri Nov 14 12:34:56 MST 2025
| Date         : Mon Aug 17 13:41:38 2026
| Host         : fort-silicon running 64-bit Ubuntu 24.04.4 LTS
| Command      : report_timing_summary -file synth/ternary_gemm64_timing.rpt
| Design       : ternary_gemm
| Device       : 7a100t-csg324
| Speed File   : -1  PRODUCTION 1.23 2018-06-13
| Design State : Synthesized
---------------------------------------------------------------------------------------------------------------------------------------------

Timing Summary Report

------------------------------------------------------------------------------------------------
| Timer Settings
| --------------
------------------------------------------------------------------------------------------------

  Enable Multi Corner Analysis               :  Yes
  Enable Pessimism Removal                   :  Yes
  Pessimism Removal Resolution               :  Nearest Common Node
  Enable Input Delay Default Clock           :  No
  Enable Preset / Clear Arcs                 :  No
  Disable Flight Delays                      :  No
  Ignore I/O Paths                           :  No
  Timing Early Launch at Borrowing Latches   :  No
  Borrow Time for Max Delay Exceptions       :  Yes
  Merge Timing Exceptions                    :  Yes
  Inter-SLR Compensation                     :  Conservative

  Corner  Analyze    Analyze    
  Name    Max Paths  Min Paths  
  ------  ---------  ---------  
  Slow    Yes        Yes        
  Fast    Yes        Yes        


------------------------------------------------------------------------------------------------
| Report Methodology
| ------------------
------------------------------------------------------------------------------------------------

No report available as report_methodology has not been run prior. Run report_methodology on the current design for the summary of methodology violations.



check_timing report

Table of Contents
-----------------
1. checking no_clock (0)
2. checking constant_clock (0)
3. checking pulse_width_clock (0)
4. checking unconstrained_internal_endpoints (0)
5. checking no_input_delay (138)
6. checking no_output_delay (2049)
7. checking multiple_clock (0)
8. checking generated_clocks (0)
9. checking loops (0)
10. checking partial_input_delay (0)
11. checking partial_output_delay (0)
12. checking latch_loops (0)

1. checking no_clock (0)
------------------------
 There are 0 register/latch pins with no clock.


2. checking constant_clock (0)
------------------------------
 There are 0 register/latch pins with constant_clock.


3. checking pulse_width_clock (0)
---------------------------------
 There are 0 register/latch pins which need pulse_width check


4. checking unconstrained_internal_endpoints (0)
------------------------------------------------
 There are 0 pins that are not constrained for maximum delay.

 There are 0 pins that are not constrained for maximum delay due to constant clock.


5. checking no_input_delay (138)
--------------------------------
 There are 138 input ports with no input delay specified. (HIGH)

 There are 0 input ports with no input delay but user has a false path constraint.


6. checking no_output_delay (2049)
----------------------------------
 There are 2049 ports with no output delay specified. (HIGH)

 There are 0 ports with no output delay but user has a false path constraint

 There are 0 ports with no output delay but with a timing clock defined on it or propagating through it


7. checking multiple_clock (0)
------------------------------
 There are 0 register/latch pins with multiple clocks.


8. checking generated_clocks (0)
--------------------------------
 There are 0 generated clocks that are not connected to a clock source.


9. checking loops (0)
---------------------
 There are 0 combinational loops in the design.


10. checking partial_input_delay (0)
------------------------------------
 There are 0 input ports with partial input delay specified.


11. checking partial_output_delay (0)
-------------------------------------
 There are 0 ports with partial output delay specified.


12. checking latch_loops (0)
----------------------------
 There are 0 combinational latch loops in the design through latch input



------------------------------------------------------------------------------------------------
| Design Timing Summary
| ---------------------
------------------------------------------------------------------------------------------------

    WNS(ns)      TNS(ns)  TNS Failing Endpoints  TNS Total Endpoints      WHS(ns)      THS(ns)  THS Failing Endpoints  THS Total Endpoints     WPWS(ns)     TPWS(ns)  TPWS Failing Endpoints  TPWS Total Endpoints  
    -------      -------  ---------------------  -------------------      -------      -------  ---------------------  -------------------     --------     --------  ----------------------  --------------------  
      6.040        0.000                      0                12480        0.263        0.000                      0                12480        4.500        0.000                       0                  7296  


All user specified timing constraints are met.


------------------------------------------------------------------------------------------------
| Clock Summary
| -------------
------------------------------------------------------------------------------------------------

Clock  Waveform(ns)       Period(ns)      Frequency(MHz)
-----  ------------       ----------      --------------
clk    {0.000 5.000}      10.000          100.000         


------------------------------------------------------------------------------------------------
| Intra Clock Table
| -----------------
------------------------------------------------------------------------------------------------

Clock             WNS(ns)      TNS(ns)  TNS Failing Endpoints  TNS Total Endpoints      WHS(ns)      THS(ns)  THS Failing Endpoints  THS Total Endpoints     WPWS(ns)     TPWS(ns)  TPWS Failing Endpoints  TPWS Total Endpoints  
-----             -------      -------  ---------------------  -------------------      -------      -------  ---------------------  -------------------     --------     --------  ----------------------  --------------------  
clk                 6.040        0.000                      0                12480        0.263        0.000                      0                12480        4.500        0.000                       0                  7296  


------------------------------------------------------------------------------------------------
| Inter Clock Table
| -----------------
------------------------------------------------------------------------------------------------

From Clock    To Clock          WNS(ns)      TNS(ns)  TNS Failing Endpoints  TNS Total Endpoints      WHS(ns)      THS(ns)  THS Failing Endpoints  THS Total Endpoints  
----------    --------          -------      -------  ---------------------  -------------------      -------      -------  ---------------------  -------------------  


------------------------------------------------------------------------------------------------
| Other Path Groups Table
| -----------------------
------------------------------------------------------------------------------------------------

Path Group    From Clock    To Clock          WNS(ns)      TNS(ns)  TNS Failing Endpoints  TNS Total Endpoints      WHS(ns)      THS(ns)  THS Failing Endpoints  THS Total Endpoints  
----------    ----------    --------          -------      -------  ---------------------  -------------------      -------      -------  ---------------------  -------------------  


------------------------------------------------------------------------------------------------
| Timing Details
| --------------
------------------------------------------------------------------------------------------------


---------------------------------------------------------------------------------------------------
From Clock:  clk
  To Clock:  clk

Setup :            0  Failing Endpoints,  Worst Slack        6.040ns,  Total Violation        0.000ns
Hold  :            0  Failing Endpoints,  Worst Slack        0.263ns,  Total Violation        0.000ns
PW    :            0  Failing Endpoints,  Worst Slack        4.500ns,  Total Violation        0.000ns
---------------------------------------------------------------------------------------------------


Max Delay Paths
--------------------------------------------------------------------------------------
Slack (MET) :             6.040ns  (required time - arrival time)
  Source:                 dot_gen[0].dot_i/acc_reg[2]/C
                            (rising edge-triggered cell FDCE clocked by clk  {rise@0.000ns fall@5.000ns period=10.000ns})
  Destination:            dot_gen[0].dot_i/acc_reg[31]/D
                            (rising edge-triggered cell FDCE clocked by clk  {rise@0.000ns fall@5.000ns period=10.000ns})
  Path Group:             clk
  Path Type:              Setup (Max at Slow Process Corner)
  Requirement:            10.000ns  (clk rise@10.000ns - clk rise@0.000ns)
  Data Path Delay:        3.920ns  (logic 2.485ns (63.393%)  route 1.435ns (36.607%))
  Logic Levels:           10  (CARRY4=8 LUT2=1 LUT6=1)
  Clock Path Skew:        -0.049ns (DCD - SCD + CPR)
    Destination Clock Delay (DCD):    0.924ns = ( 10.924 - 10.000 ) 
    Source Clock Delay      (SCD):    0.973ns
    Clock Pessimism Removal (CPR):    0.000ns
  Clock Uncertainty:      0.035ns  ((TSJ^2 + TIJ^2)^1/2 + DJ) / 2 + PE
    Total System Jitter     (TSJ):    0.071ns
    Total Input Jitter      (TIJ):    0.000ns
    Discrete Jitter          (DJ):    0.000ns
    Phase Error              (PE):    0.000ns

    Location             Delay type                Incr(ns)  Path(ns)    Netlist Resource(s)
  -------------------------------------------------------------------    -------------------
                         (clock clk rise edge)        0.000     0.000 r  
                                                      0.000     0.000 r  clk (IN)
                         net (fo=7295, unset)         0.973     0.973    dot_gen[0].dot_i/clk
                         FDCE                                         r  dot_gen[0].dot_i/acc_reg[2]/C
  -------------------------------------------------------------------    -------------------
                         FDCE (Prop_fdce_C_Q)         0.478     1.451 r  dot_gen[0].dot_i/acc_reg[2]/Q
                         net (fo=2, unplaced)         0.976     2.427    dot_gen[0].dot_i/acc_reg_n_0_[2]
                         LUT6 (Prop_lut6_I0_O)        0.295     2.722 r  dot_gen[0].dot_i/result_latch[3]_i_3/O
                         net (fo=1, unplaced)         0.000     2.722    dot_gen[0].dot_i/result_latch[3]_i_3_n_0
                         CARRY4 (Prop_carry4_S[2]_CO[3])
                                                      0.380     3.102 r  dot_gen[0].dot_i/result_latch_reg[3]_i_1/CO[3]
                         net (fo=1, unplaced)         0.000     3.102    dot_gen[0].dot_i/result_latch_reg[3]_i_1_n_0
                         CARRY4 (Prop_carry4_CI_CO[3])
                                                      0.117     3.219 r  dot_gen[0].dot_i/result_latch_reg[7]_i_1/CO[3]
                         net (fo=1, unplaced)         0.000     3.219    dot_gen[0].dot_i/result_latch_reg[7]_i_1_n_0
                         CARRY4 (Prop_carry4_CI_CO[3])
                                                      0.117     3.336 r  dot_gen[0].dot_i/result_latch_reg[11]_i_1/CO[3]
                         net (fo=1, unplaced)         0.000     3.336    dot_gen[0].dot_i/result_latch_reg[11]_i_1_n_0
                         CARRY4 (Prop_carry4_CI_CO[3])
                                                      0.117     3.453 r  dot_gen[0].dot_i/result_latch_reg[15]_i_1/CO[3]
                         net (fo=1, unplaced)         0.000     3.453    dot_gen[0].dot_i/result_latch_reg[15]_i_1_n_0
                         CARRY4 (Prop_carry4_CI_CO[3])
                                                      0.117     3.570 r  dot_gen[0].dot_i/result_latch_reg[19]_i_1/CO[3]
                         net (fo=1, unplaced)         0.000     3.570    dot_gen[0].dot_i/result_latch_reg[19]_i_1_n_0
                         CARRY4 (Prop_carry4_CI_CO[3])
                                                      0.117     3.687 r  dot_gen[0].dot_i/result_latch_reg[23]_i_1/CO[3]
                         net (fo=1, unplaced)         0.000     3.687    dot_gen[0].dot_i/result_latch_reg[23]_i_1_n_0
                         CARRY4 (Prop_carry4_CI_CO[3])
                                                      0.117     3.804 r  dot_gen[0].dot_i/result_latch_reg[27]_i_1/CO[3]
                         net (fo=1, unplaced)         0.000     3.804    dot_gen[0].dot_i/result_latch_reg[27]_i_1_n_0
                         CARRY4 (Prop_carry4_CI_O[3])
                                                      0.331     4.135 r  dot_gen[0].dot_i/result_latch_reg[31]_i_2/O[3]
                         net (fo=2, unplaced)         0.459     4.594    dot_gen[0].dot_i/result_latch_reg[31]_i_2_n_4
                         LUT2 (Prop_lut2_I1_O)        0.299     4.893 r  dot_gen[0].dot_i/acc[31]_i_1/O
                         net (fo=1, unplaced)         0.000     4.893    dot_gen[0].dot_i/acc[31]
                         FDCE                                         r  dot_gen[0].dot_i/acc_reg[31]/D
  -------------------------------------------------------------------    -------------------

                         (clock clk rise edge)       10.000    10.000 r  
                                                      0.000    10.000 r  clk (IN)
                         net (fo=7295, unset)         0.924    10.924    dot_gen[0].dot_i/clk
                         FDCE                                         r  dot_gen[0].dot_i/acc_reg[31]/C
                         clock pessimism              0.000    10.924    
                         clock uncertainty           -0.035    10.889    
                         FDCE (Setup_fdce_C_D)        0.044    10.933    dot_gen[0].dot_i/acc_reg[31]
  -------------------------------------------------------------------
                         required time                         10.933    
                         arrival time                          -4.893    
  -------------------------------------------------------------------
                         slack                                  6.040    





Min Delay Paths
--------------------------------------------------------------------------------------
Slack (MET) :             0.263ns  (arrival time - required time)
  Source:                 dot_gen[0].dot_i/count_reg[0]/C
                            (rising edge-triggered cell FDCE clocked by clk  {rise@0.000ns fall@5.000ns period=10.000ns})
  Destination:            dot_gen[0].dot_i/count_reg[0]/D
                            (rising edge-triggered cell FDCE clocked by clk  {rise@0.000ns fall@5.000ns period=10.000ns})
  Path Group:             clk
  Path Type:              Hold (Min at Fast Process Corner)
  Requirement:            0.000ns  (clk rise@0.000ns - clk rise@0.000ns)
  Data Path Delay:        0.384ns  (logic 0.245ns (63.855%)  route 0.139ns (36.145%))
  Logic Levels:           1  (LUT1=1)
  Clock Path Skew:        0.022ns (DCD - SCD - CPR)
    Destination Clock Delay (DCD):    0.432ns
    Source Clock Delay      (SCD):    0.410ns
    Clock Pessimism Removal (CPR):    -0.000ns

    Location             Delay type                Incr(ns)  Path(ns)    Netlist Resource(s)
  -------------------------------------------------------------------    -------------------
                         (clock clk rise edge)        0.000     0.000 r  
                                                      0.000     0.000 r  clk (IN)
                         net (fo=7295, unset)         0.410     0.410    dot_gen[0].dot_i/clk
                         FDCE                                         r  dot_gen[0].dot_i/count_reg[0]/C
  -------------------------------------------------------------------    -------------------
                         FDCE (Prop_fdce_C_Q)         0.147     0.557 f  dot_gen[0].dot_i/count_reg[0]/Q
                         net (fo=3, unplaced)         0.139     0.696    dot_gen[0].dot_i/count_reg_n_0_[0]
                         LUT1 (Prop_lut1_I0_O)        0.098     0.794 r  dot_gen[0].dot_i/count[0]_i_1/O
                         net (fo=1, unplaced)         0.000     0.794    dot_gen[0].dot_i/count[0]
                         FDCE                                         r  dot_gen[0].dot_i/count_reg[0]/D
  -------------------------------------------------------------------    -------------------

                         (clock clk rise edge)        0.000     0.000 r  
                                                      0.000     0.000 r  clk (IN)
                         net (fo=7295, unset)         0.432     0.432    dot_gen[0].dot_i/clk
                         FDCE                                         r  dot_gen[0].dot_i/count_reg[0]/C
                         clock pessimism              0.000     0.432    
                         FDCE (Hold_fdce_C_D)         0.099     0.531    dot_gen[0].dot_i/count_reg[0]
  -------------------------------------------------------------------
                         required time                         -0.531    
                         arrival time                           0.794    
  -------------------------------------------------------------------
                         slack                                  0.263    





Pulse Width Checks
--------------------------------------------------------------------------------------
Clock Name:         clk
Waveform(ns):       { 0.000 5.000 }
Period(ns):         10.000
Sources:            { clk }

Check Type        Corner  Lib Pin  Reference Pin  Required(ns)  Actual(ns)  Slack(ns)  Location  Pin
Min Period        n/a     FDCE/C   n/a            1.000         10.000      9.000                dot_gen[0].dot_i/acc_out_reg[0]/C
Low Pulse Width   Slow    FDCE/C   n/a            0.500         5.000       4.500                dot_gen[0].dot_i/acc_out_reg[0]/C
High Pulse Width  Slow    FDCE/C   n/a            0.500         5.000       4.500                dot_gen[0].dot_i/acc_out_reg[0]/C



